#0 building with "default" instance using docker driver

#1 [internal] load build definition from Dockerfile
#1 transferring dockerfile: 7.07kB 0.1s done
#1 DONE 0.1s

#2 [internal] load metadata for docker.io/nvidia/cuda:12.1.1-cudnn8-devel-ubuntu22.04
#2 DONE 1.1s

#3 [internal] load .dockerignore
#3 transferring context: 2B 0.1s done
#3 DONE 0.1s

#4 [ 1/36] FROM docker.io/nvidia/cuda:12.1.1-cudnn8-devel-ubuntu22.04@sha256:21196d81f56b48dbee70494d5f10322e1a77cc47ffe202a3bf68eab81533c20f
#4 DONE 0.0s

#5 [internal] load build context
#5 transferring context: 35B 0.1s done
#5 DONE 0.1s

#6 [ 9/36] RUN pip install --no-cache-dir --upgrade -r /code/requirements.txt
#6 CACHED

#7 [ 2/36] RUN apt-get update && apt-get install -y     git     make build-essential libssl-dev zlib1g-dev     libbz2-dev libreadline-dev libsqlite3-dev wget curl llvm     libncursesw5-dev xz-utils tk-dev libxml2-dev libxmlsec1-dev libffi-dev liblzma-dev git git-lfs      ffmpeg libsm6 libxext6 cmake libgl1-mesa-glx     && rm -rf /var/lib/apt/lists/*     && git lfs install
#7 CACHED

#8 [11/36] RUN git clone https://github.com/comfyanonymous/ComfyUI . && git checkout 39e75862b248a20e8233ccee743ba5b2e977cdcf &&     pip install xformers!=0.0.18 --no-cache-dir -r requirements.txt --extra-index-url https://download.pytorch.org/whl/cu121
#8 CACHED

#9 [10/36] WORKDIR /home/user/app
#9 CACHED

#10 [ 3/36] WORKDIR /code
#10 CACHED

#11 [ 7/36] RUN curl https://pyenv.run | bash
#11 CACHED

#12 [ 4/36] COPY ./requirements.txt /code/requirements.txt
#12 CACHED

#13 [ 5/36] RUN chown 1000:1000 -R /code
#13 CACHED

#14 [ 6/36] RUN useradd -m --groups users,sudo  -u 1000 user
#14 CACHED

#15 [ 8/36] RUN pyenv install 3.10.12 &&     pyenv global 3.10.12 &&     pyenv rehash &&     pip install --no-cache-dir --upgrade pip setuptools wheel &&     pip install --no-cache-dir     datasets     huggingface-hub "protobuf<4" "click<8.1"
#15 CACHED

#16 [12/36] RUN echo "Downloading checkpoints..."
#16 CACHED

#17 [13/36] RUN wget -c https://huggingface.co/stabilityai/stable-diffusion-xl-base-1.0/resolve/main/sd_xl_base_1.0.safetensors -P ./models/checkpoints/
#17 0.462 --2025-02-17 01:35:36--  https://huggingface.co/stabilityai/stable-diffusion-xl-base-1.0/resolve/main/sd_xl_base_1.0.safetensors
#17 0.466 Resolving huggingface.co (huggingface.co)... 54.192.171.40, 54.192.171.38, 54.192.171.56, ...
#17 0.481 Connecting to huggingface.co (huggingface.co)|54.192.171.40|:443... connected.
#17 0.572 HTTP request sent, awaiting response... 302 Found
#17 0.832 Location: https://cdn-lfs.hf.co/repos/7f/2f/7f2fe2e27137549cd28e570e5bac269b49ebcf1e0e47279c7a941ebe5c948e02/31e35c80fc4829d14f90153f4c74cd59c90b779f6afe05a74cd6120b893f7e5b?response-content-disposition=inline%3B+filename*%3DUTF-8%27%27sd_xl_base_1.0.safetensors%3B+filename%3D%22sd_xl_base_1.0.safetensors%22%3B&Expires=1739786838&Policy=eyJTdGF0ZW1lbnQiOlt7IkNvbmRpdGlvbiI6eyJEYXRlTGVzc1RoYW4iOnsiQVdTOkVwb2NoVGltZSI6MTczOTc4NjgzOH19LCJSZXNvdXJjZSI6Imh0dHBzOi8vY2RuLWxmcy5oZi5jby9yZXBvcy83Zi8yZi83ZjJmZTJlMjcxMzc1NDljZDI4ZTU3MGU1YmFjMjY5YjQ5ZWJjZjFlMGU0NzI3OWM3YTk0MWViZTVjOTQ4ZTAyLzMxZTM1YzgwZmM0ODI5ZDE0ZjkwMTUzZjRjNzRjZDU5YzkwYjc3OWY2YWZlMDVhNzRjZDYxMjBiODkzZjdlNWI%7EcmVzcG9uc2UtY29udGVudC1kaXNwb3NpdGlvbj0qIn1dfQ__&Signature=Br358vf6Fyz5PaHQPSvi3S3yfcwmkc3QeB-P8QaFCbcyKd5vCSBnNyDt2evMH5luSqDkUMuIQ5s14bxpYLV9N7ADEK4iirdrI8-54sKNGKikIyTsAp1S-v-N37qhuaj2TrlWrQSb1%7E4YJ2P3tt133SErqBFQ%7EhfxBmrvO8Z%7EmwFzA5rkllg688lwMs%7EWhgPuDcDs6LOY8G5vbYbxXN7zlvOB2E9preRO3sSN%7E%7EXuevW%7EFZlI6PDEoctwlFiA8jAuI2pk-ZsgpGUSgwekRgv2uG%7EkJfz-cKdbT59If%7EOAie90XQIRlZHoB087zCPPc5Xi7gIzbHSQRuBwAlPMGdJPHw__&Key-Pair-Id=K3RPWS32NSSJCE [following]
#17 0.832 --2025-02-17 01:35:37--  https://cdn-lfs.hf.co/repos/7f/2f/7f2fe2e27137549cd28e570e5bac269b49ebcf1e0e47279c7a941ebe5c948e02/31e35c80fc4829d14f90153f4c74cd59c90b779f6afe05a74cd6120b893f7e5b?response-content-disposition=inline%3B+filename*%3DUTF-8''sd_xl_base_1.0.safetensors%3B+filename%3D%22sd_xl_base_1.0.safetensors%22%3B&Expires=1739786838&Policy=eyJTdGF0ZW1lbnQiOlt7IkNvbmRpdGlvbiI6eyJEYXRlTGVzc1RoYW4iOnsiQVdTOkVwb2NoVGltZSI6MTczOTc4NjgzOH19LCJSZXNvdXJjZSI6Imh0dHBzOi8vY2RuLWxmcy5oZi5jby9yZXBvcy83Zi8yZi83ZjJmZTJlMjcxMzc1NDljZDI4ZTU3MGU1YmFjMjY5YjQ5ZWJjZjFlMGU0NzI3OWM3YTk0MWViZTVjOTQ4ZTAyLzMxZTM1YzgwZmM0ODI5ZDE0ZjkwMTUzZjRjNzRjZDU5YzkwYjc3OWY2YWZlMDVhNzRjZDYxMjBiODkzZjdlNWI~cmVzcG9uc2UtY29udGVudC1kaXNwb3NpdGlvbj0qIn1dfQ__&Signature=Br358vf6Fyz5PaHQPSvi3S3yfcwmkc3QeB-P8QaFCbcyKd5vCSBnNyDt2evMH5luSqDkUMuIQ5s14bxpYLV9N7ADEK4iirdrI8-54sKNGKikIyTsAp1S-v-N37qhuaj2TrlWrQSb1~4YJ2P3tt133SErqBFQ~hfxBmrvO8Z~mwFzA5rkllg688lwMs~WhgPuDcDs6LOY8G5vbYbxXN7zlvOB2E9preRO3sSN~~XuevW~FZlI6PDEoctwlFiA8jAuI2pk-ZsgpGUSgwekRgv2uG~kJfz-cKdbT59If~OAie90XQIRlZHoB087zCPPc5Xi7gIzbHSQRuBwAlPMGdJPHw__&Key-Pair-Id=K3RPWS32NSSJCE
#17 0.832 Resolving cdn-lfs.hf.co (cdn-lfs.hf.co)... 99.86.47.81, 99.86.47.129, 99.86.47.47, ...
#17 0.859 Connecting to cdn-lfs.hf.co (cdn-lfs.hf.co)|99.86.47.81|:443... connected.
#17 0.927 HTTP request sent, awaiting response... 200 OK
#17 0.989 Length: 6938078334 (6.5G) [binary/octet-stream]
#17 1.002 Saving to: './models/checkpoints/sd_xl_base_1.0.safetensors'
#17 1.002 
#17 1.002      0K .......... .......... .......... .......... ..........  0% 1.29M 85m24s
#17 1.041     50K .......... .......... .......... .......... ..........  0% 1.70M 75m5s
#17 1.069    100K .......... .......... .......... .......... ..........  0% 2.10M 67m31s
#17 1.092    150K .......... .......... .......... .......... ..........  0% 7.04M 54m33s
#17 1.099    200K .......... .......... .......... .......... ..........  0% 2.51M 52m27s
#17 1.119    250K .......... .......... .......... .......... ..........  0% 1.76M 54m10s
#17 1.146    300K .......... .......... .......... .......... ..........  0% 3.21M 51m20s
#17 1.161    350K .......... .......... .......... .......... ..........  0% 2.96M 49m34s
#17 1.177    400K .......... .......... .......... .......... ..........  0% 3.91M 47m12s
#17 1.191    450K .......... .......... .......... .......... ..........  0% 4.90M 44m44s
#17 1.208    500K .......... .......... .......... .......... ..........  0% 2.80M 44m14s
#17 1.218    550K .......... .......... .......... .......... ..........  0% 5.05M 42m22s
#17 1.227    600K .......... .......... .......... .......... ..........  0% 3.47M 41m33s
#17 1.242    650K .......... .......... .......... .......... ..........  0% 2.83M 41m22s
#17 1.259    700K .......... .......... .......... .......... ..........  0% 4.13M 40m24s
#17 1.272    750K .......... .......... .......... .......... ..........  0% 2.18M 41m2s
#17 1.293    800K .......... .......... .......... .......... ..........  0% 10.4M 39m14s
#17 1.297    850K .......... .......... .......... .......... ..........  0% 3.37M 38m52s
#17 1.312    900K .......... .......... .......... .......... ..........  0% 3.59M 38m27s
#17 1.325    950K .......... .......... .......... .......... ..........  0% 2.70M 38m34s
#17 1.343   1000K .......... .......... .......... .......... ..........  0% 5.27M 37m43s
#17 1.353   1050K .......... .......... .......... .......... ..........  0% 3.73M 37m21s
#17 1.369   1100K .......... .......... .......... .......... ..........  0% 3.55M 37m5s
#17 1.380   1150K .......... .......... .......... .......... ..........  0% 7.89M 36m7s
#17 1.386   1200K .......... .......... .......... .......... ..........  0% 2.28M 36m36s
#17 1.407   1250K .......... .......... .......... .......... ..........  0% 3.91M 36m17s
#17 1.420   1300K .......... .......... .......... .......... ..........  0% 2.98M 36m19s
#17 1.436   1350K .......... .......... .......... .......... ..........  0% 3.21M 36m14s
#17 1.451   1400K .......... .......... .......... .......... ..........  0% 5.35M 35m42s
#17 1.460   1450K .......... .......... .......... .......... ..........  0% 3.50M 35m33s
#17 1.474   1500K .......... .......... .......... .......... ..........  0% 6.33M 34m58s
#17 1.482   1550K .......... .......... .......... .......... ..........  0% 7.13M 34m22s
#17 1.489   1600K .......... .......... .......... .......... ..........  0% 3.94M 34m10s
#17 1.502   1650K .......... .......... .......... .......... ..........  0% 6.62M 33m39s
#17 1.509   1700K .......... .......... .......... .......... ..........  0% 3.77M 33m32s
#17 1.523   1750K .......... .......... .......... .......... ..........  0% 4.28M 33m19s
#17 1.533   1800K .......... .......... .......... .......... ..........  0% 5.17M 32m59s
#17 1.543   1850K .......... .......... .......... .......... ..........  0% 3.96M 32m51s
#17 1.555   1900K .......... .......... .......... .......... ..........  0% 4.41M 32m39s
#17 1.566   1950K .......... .......... .......... .......... ..........  0% 6.10M 32m17s
#17 1.574   2000K .......... .......... .......... .......... ..........  0% 5.23M 32m1s
#17 1.583   2050K .......... .......... .......... .......... ..........  0% 5.79M 31m42s
#17 1.592   2100K .......... .......... .......... .......... ..........  0% 2.08M 32m12s
#17 1.615   2150K .......... .......... .......... .......... ..........  0% 3.76M 32m8s
#17 1.632   2200K .......... .......... .......... .......... ..........  0% 5.90M 31m50s
#17 1.636   2250K .......... .......... .......... .......... ..........  0% 3.97M 31m44s
#17 1.653   2300K .......... .......... .......... .......... ..........  0% 5.36M 31m30s
#17 1.658   2350K .......... .......... .......... .......... ..........  0% 6.59M 31m12s
#17 1.665   2400K .......... .......... .......... .......... ..........  0% 4.08M 31m7s
#17 1.678   2450K .......... .......... .......... .......... ..........  0% 4.28M 31m0s
#17 1.689   2500K .......... .......... .......... .......... ..........  0% 4.31M 30m54s
#17 1.700   2550K .......... .......... .......... .......... ..........  0% 6.03M 30m39s
#17 1.708   2600K .......... .......... .......... .......... ..........  0% 3.44M 30m41s
#17 1.722   2650K .......... .......... .......... .......... ..........  0% 5.36M 30m29s
#17 1.731   2700K .......... .......... .......... .......... ..........  0% 4.81M 30m21s
#17 1.742   2750K .......... .......... .......... .......... ..........  0% 7.78M 30m4s
#17 1.748   2800K .......... .......... .......... .......... ..........  0% 5.18M 29m55s
#17 1.757   2850K .......... .......... .......... .......... ..........  0% 4.30M 29m50s
#17 1.769   2900K .......... .......... .......... .......... ..........  0% 7.51M 29m35s
#17 1.775   2950K .......... .......... .......... .......... ..........  0% 2.84M 29m44s
#17 1.792   3000K .......... .......... .......... .......... ..........  0% 4.60M 29m38s
#17 1.803   3050K .......... .......... .......... .......... ..........  0% 3.11M 29m44s
#17 1.819   3100K .......... .......... .......... .......... ..........  0% 4.98M 29m36s
#17 1.829   3150K .......... .......... .......... .......... ..........  0% 4.45M 29m32s
#17 1.840   3200K .......... .......... .......... .......... ..........  0% 8.89M 29m16s
#17 1.845   3250K .......... .......... .......... .......... ..........  0% 3.38M 29m19s
#17 1.859   3300K .......... .......... .......... .......... ..........  0% 3.69M 29m20s
#17 1.872   3350K .......... .......... .......... .......... ..........  0% 7.79M 29m6s
#17 1.879   3400K .......... .......... .......... .......... ..........  0% 4.71M 29m1s
#17 1.891   3450K .......... .......... .......... .......... ..........  0% 4.94M 28m55s
#17 1.899   3500K .......... .......... .......... .......... ..........  0% 4.17M 28m53s
#17 1.911   3550K .......... .......... .......... .......... ..........  0% 4.33M 28m50s
#17 1.922   3600K .......... .......... .......... .......... ..........  0% 6.50M 28m41s
#17 1.929   3650K .......... .......... .......... .......... ..........  0% 3.86M 28m41s
#17 1.945   3700K .......... .......... .......... .......... ..........  0% 7.66M 28m29s
#17 1.948   3750K .......... .......... .......... .......... ..........  0% 4.46M 28m26s
#17 1.961   3800K .......... .......... .......... .......... ..........  0% 6.51M 28m17s
#17 1.967   3850K .......... .......... .......... .......... ..........  0% 4.25M 28m15s
#17 1.978   3900K .......... .......... .......... .......... ..........  0% 6.57M 28m7s
#17 1.986   3950K .......... .......... .......... .......... ..........  0% 3.31M 28m10s
#17 2.001   4000K .......... .......... .......... .......... ..........  0% 5.58M 28m4s
#17 2.012   4050K .......... .......... .......... .......... ..........  0% 6.80M 27m56s
#17 2.017   4100K .......... .......... .......... .......... ..........  0% 5.05M 27m51s
#17 2.027   4150K .......... .......... .......... .......... ..........  0% 4.75M 27m48s
#17 2.036   4200K .......... .......... .......... .......... ..........  0% 4.40M 27m46s
#17 2.048   4250K .......... .......... .......... .......... ..........  0% 6.55M 27m38s
#17 2.055   4300K .......... .......... .......... .......... ..........  0% 4.15M 27m37s
#17 2.067   4350K .......... .......... .......... .......... ..........  0% 7.06M 27m29s
#17 2.073   4400K .......... .......... .......... .......... ..........  0% 4.82M 27m26s
#17 2.083   4450K .......... .......... .......... .......... ..........  0% 3.76M 27m27s
#17 2.097   4500K .......... .......... .......... .......... ..........  0% 4.92M 27m24s
#17 2.106   4550K .......... .......... .......... .......... ..........  0% 4.13M 27m23s
#17 2.120   4600K .......... .......... .......... .......... ..........  0% 7.19M 27m16s
#17 2.125   4650K .......... .......... .......... .......... ..........  0% 6.02M 27m10s
#17 2.134   4700K .......... .......... .......... .......... ..........  0% 5.30M 27m6s
#17 2.143   4750K .......... .......... .......... .......... ..........  0% 6.91M 26m59s
#17 2.150   4800K .......... .......... .......... .......... ..........  0% 4.75M 26m57s
#17 2.160   4850K .......... .......... .......... .......... ..........  0% 3.82M 26m58s
#17 2.173   4900K .......... .......... .......... .......... ..........  0% 5.39M 26m54s
#17 2.181   4950K .......... .......... .......... .......... ..........  0% 3.57M 26m56s
#17 2.196   5000K .......... .......... .......... .......... ..........  0% 5.21M 26m53s
#17 2.205   5050K .......... .......... .......... .......... ..........  0% 3.52M 26m55s
#17 2.219   5100K .......... .......... .......... .......... ..........  0% 8.34M 26m47s
#17 2.224   5150K .......... .......... .......... .......... ..........  0% 2.03M 27m3s
#17 2.249   5200K .......... .......... .......... .......... ..........  0%  146M 26m48s
#17 2.249   5250K .......... .......... .......... .......... ..........  0%  138M 26m33s
#17 2.249   5300K .......... .......... .......... .......... ..........  0% 4.10M 26m34s
#17 2.261   5350K .......... .......... .......... .......... ..........  0% 4.75M 26m32s
#17 2.272   5400K .......... .......... .......... .......... ..........  0% 6.76M 26m26s
#17 2.284   5450K .......... .......... .......... .......... ..........  0% 10.5M 26m17s
#17 2.284   5500K .......... .......... .......... .......... ..........  0% 5.26M 26m14s
#17 2.293   5550K .......... .......... .......... .......... ..........  0% 5.16M 26m12s
#17 2.302   5600K .......... .......... .......... .......... ..........  0% 9.36M 26m4s
#17 2.307   5650K .......... .......... .......... .......... ..........  0% 7.69M 25m58s
#17 2.314   5700K .......... .......... .......... .......... ..........  0% 5.76M 25m54s
#17 2.323   5750K .......... .......... .......... .......... ..........  0% 4.18M 25m55s
#17 2.334   5800K .......... .......... .......... .......... ..........  0% 4.43M 25m54s
#17 2.345   5850K .......... .......... .......... .......... ..........  0% 5.88M 25m50s
#17 2.353   5900K .......... .......... .......... .......... ..........  0% 3.48M 25m53s
#17 2.368   5950K .......... .......... .......... .......... ..........  0% 4.83M 25m52s
#17 2.377   6000K .......... .......... .......... .......... ..........  0% 3.39M 25m55s
#17 2.392   6050K .......... .......... .......... .......... ..........  0% 6.43M 25m51s
#17 2.399   6100K .......... .......... .......... .......... ..........  0% 4.62M 25m50s
#17 2.410   6150K .......... .......... .......... .......... ..........  0% 4.73M 25m49s
#17 2.420   6200K .......... .......... .......... .......... ..........  0% 2.83M 25m55s
#17 2.438   6250K .......... .......... .......... .......... ..........  0% 7.58M 25m49s
#17 2.444   6300K .......... .......... .......... .......... ..........  0% 5.00M 25m48s
#17 2.454   6350K .......... .......... .......... .......... ..........  0% 6.56M 25m43s
#17 2.462   6400K .......... .......... .......... .......... ..........  0% 6.82M 25m39s
#17 2.468   6450K .......... .......... .......... .......... ..........  0% 5.41M 25m36s
#17 2.477   6500K .......... .......... .......... .......... ..........  0% 6.83M 25m32s
#17 2.484   6550K .......... .......... .......... .......... ..........  0% 4.15M 25m33s
#17 2.497   6600K .......... .......... .......... .......... ..........  0% 3.22M 25m36s
#17 2.511   6650K .......... .......... .......... .......... ..........  0% 3.50M 25m39s
#17 2.525   6700K .......... .......... .......... .......... ..........  0% 4.95M 25m38s
#17 2.536   6750K .......... .......... .......... .......... ..........  0% 6.49M 25m34s
#17 2.543   6800K .......... .......... .......... .......... ..........  0% 8.19M 25m28s
#17 2.549   6850K .......... .......... .......... .......... ..........  0% 4.88M 25m27s
#17 2.559   6900K .......... .......... .......... .......... ..........  0% 5.11M 25m25s
#17 2.568   6950K .......... .......... .......... .......... ..........  0% 5.03M 25m24s
#17 2.578   7000K .......... .......... .......... .......... ..........  0% 5.72M 25m21s
#17 2.586   7050K .......... .......... .......... .......... ..........  0% 7.64M 25m17s
#17 2.594   7100K .......... .......... .......... .......... ..........  0% 7.33M 25m12s
#17 2.600   7150K .......... .......... .......... .......... ..........  0% 6.10M 25m9s
#17 2.607   7200K .......... .......... .......... .......... ..........  0% 11.5M 25m3s
#17 2.612   7250K .......... .......... .......... .......... ..........  0% 6.29M 25m0s
#17 2.619   7300K .......... .......... .......... .......... ..........  0% 5.31M 24m58s
#17 2.631   7350K .......... .......... .......... .......... ..........  0% 4.66M 24m58s
#17 2.642   7400K .......... .......... .......... .......... ..........  0% 4.52M 24m57s
#17 2.650   7450K .......... .......... .......... .......... ..........  0% 5.34M 24m56s
#17 2.660   7500K .......... .......... .......... .......... ..........  0% 6.67M 24m52s
#17 2.667   7550K .......... .......... .......... .......... ..........  0% 6.07M 24m50s
#17 2.674   7600K .......... .......... .......... .......... ..........  0% 8.21M 24m45s
#17 2.681   7650K .......... .......... .......... .......... ..........  0% 5.84M 24m43s
#17 2.689   7700K .......... .......... .......... .......... ..........  0% 8.55M 24m38s
#17 2.695   7750K .......... .......... .......... .......... ..........  0% 3.56M 24m41s
#17 2.708   7800K .......... .......... .......... .......... ..........  0% 7.04M 24m37s
#17 2.715   7850K .......... .......... .......... .......... ..........  0% 4.89M 24m36s
#17 2.725   7900K .......... .......... .......... .......... ..........  0% 5.64M 24m34s
#17 2.734   7950K .......... .......... .......... .......... ..........  0% 5.85M 24m32s
#17 2.742   8000K .......... .......... .......... .......... ..........  0% 3.48M 24m35s
#17 2.756   8050K .......... .......... .......... .......... ..........  0% 4.96M 24m34s
#17 2.766   8100K .......... .......... .......... .......... ..........  0% 4.41M 24m34s
#17 2.779   8150K .......... .......... .......... .......... ..........  0% 2.21M 24m43s
#17 2.800   8200K .......... .......... .......... .......... ..........  0% 5.01M 24m42s
#17 2.809   8250K .......... .......... .......... .......... ..........  0% 4.28M 24m43s
#17 2.820   8300K .......... .......... .......... .......... ..........  0% 4.21M 24m43s
#17 2.832   8350K .......... .......... .......... .......... ..........  0% 3.76M 24m45s
#17 2.845   8400K .......... .......... .......... .......... ..........  0% 4.89M 24m44s
#17 2.855   8450K .......... .......... .......... .......... ..........  0% 3.94M 24m45s
#17 2.868   8500K .......... .......... .......... .......... ..........  0% 5.93M 24m43s
#17 2.876   8550K .......... .......... .......... .......... ..........  0% 3.14M 24m47s
#17 2.891   8600K .......... .......... .......... .......... ..........  0% 4.16M 24m47s
#17 2.903   8650K .......... .......... .......... .......... ..........  0% 1.37M 25m6s
#17 2.938   8700K .......... .......... .......... .......... ..........  0% 3.58M 25m8s
#17 2.952   8750K .......... .......... .......... .......... ..........  0% 2.13M 25m17s
#17 2.975   8800K .......... .......... .......... .......... ..........  0% 3.15M 25m21s
#17 2.990   8850K .......... .......... .......... .......... ..........  0% 7.28M 25m17s
#17 2.997   8900K .......... .......... .......... .......... ..........  0% 4.69M 25m16s
#17 3.008   8950K .......... .......... .......... .......... ..........  0% 4.57M 25m16s
#17 3.018   9000K .......... .......... .......... .......... ..........  0% 4.05M 25m17s
#17 3.030   9050K .......... .......... .......... .......... ..........  0% 6.41M 25m14s
#17 3.038   9100K .......... .......... .......... .......... ..........  0% 5.30M 25m13s
#17 3.055   9150K .......... .......... .......... .......... ..........  0% 5.65M 25m11s
#17 3.057   9200K .......... .......... .......... .......... ..........  0% 9.03M 25m6s
#17 3.063   9250K .......... .......... .......... .......... ..........  0% 10.7M 25m2s
#17 3.066   9300K .......... .......... .......... .......... ..........  0% 9.56M 24m57s
#17 3.072   9350K .......... .......... .......... .......... ..........  0% 4.05M 24m58s
#17 3.083   9400K .......... .......... .......... .......... ..........  0% 11.6M 24m53s
#17 3.088   9450K .......... .......... .......... .......... ..........  0% 7.83M 24m50s
#17 3.094   9500K .......... .......... .......... .......... ..........  0% 3.66M 24m51s
#17 3.109   9550K .......... .......... .......... .......... ..........  0% 13.4M 24m46s
#17 3.113   9600K .......... .......... .......... .......... ..........  0% 4.52M 24m46s
#17 3.122   9650K .......... .......... .......... .......... ..........  0% 7.85M 24m43s
#17 3.127   9700K .......... .......... .......... .......... ..........  0% 8.17M 24m39s
#17 3.135   9750K .......... .......... .......... .......... ..........  0% 5.32M 24m38s
#17 3.143   9800K .......... .......... .......... .......... ..........  0% 6.21M 24m36s
#17 3.151   9850K .......... .......... .......... .......... ..........  0% 5.42M 24m35s
#17 3.161   9900K .......... .......... .......... .......... ..........  0% 6.64M 24m32s
#17 3.167   9950K .......... .......... .......... .......... ..........  0% 3.95M 24m33s
#17 3.180  10000K .......... .......... .......... .......... ..........  0% 59.7M 24m26s
#17 3.180  10050K .......... .......... .......... .......... ..........  0% 10.9M 24m22s
#17 3.185  10100K .......... .......... .......... .......... ..........  0% 4.02M 24m23s
#17 3.197  10150K .......... .......... .......... .......... ..........  0% 6.55M 24m21s
#17 3.206  10200K .......... .......... .......... .......... ..........  0% 4.91M 24m20s
#17 3.214  10250K .......... .......... .......... .......... ..........  0% 5.06M 24m19s
#17 3.224  10300K .......... .......... .......... .......... ..........  0% 3.52M 24m21s
#17 3.238  10350K .......... .......... .......... .......... ..........  0% 3.64M 24m23s
#17 3.253  10400K .......... .......... .......... .......... ..........  0% 27.0M 24m17s
#17 3.253  10450K .......... .......... .......... .......... ..........  0% 18.0M 24m12s
#17 3.256  10500K .......... .......... .......... .......... ..........  0% 34.4M 24m6s
#17 3.257  10550K .......... .......... .......... .......... ..........  0% 4.39M 24m6s
#17 3.268  10600K .......... .......... .......... .......... ..........  0% 6.06M 24m5s
#17 3.278  10650K .......... .......... .......... .......... ..........  0% 5.39M 24m4s
#17 3.285  10700K .......... .......... .......... .......... ..........  0% 5.50M 24m2s
#17 3.294  10750K .......... .......... .......... .......... ..........  0% 4.29M 24m3s
#17 3.306  10800K .......... .......... .......... .......... ..........  0% 5.16M 24m2s
#17 3.315  10850K .......... .......... .......... .......... ..........  0% 6.12M 24m0s
#17 3.323  10900K .......... .......... .......... .......... ..........  0% 10.9M 23m57s
#17 3.327  10950K .......... .......... .......... .......... ..........  0% 4.69M 23m57s
#17 3.338  11000K .......... .......... .......... .......... ..........  0% 11.6M 23m53s
#17 3.342  11050K .......... .......... .......... .......... ..........  0% 5.81M 23m51s
#17 3.351  11100K .......... .......... .......... .......... ..........  0% 7.56M 23m49s
#17 3.357  11150K .......... .......... .......... .......... ..........  0% 7.60M 23m46s
#17 3.364  11200K .......... .......... .......... .......... ..........  0% 7.14M 23m44s
#17 3.370  11250K .......... .......... .......... .......... ..........  0% 6.02M 23m43s
#17 3.378  11300K .......... .......... .......... .......... ..........  0% 2.24M 23m49s
#17 3.402  11350K .......... .......... .......... .......... ..........  0% 36.4M 23m44s
#17 3.402  11400K .......... .......... .......... .......... ..........  0% 6.37M 23m42s
#17 3.409  11450K .......... .......... .......... .......... ..........  0% 6.19M 23m40s
#17 3.419  11500K .......... .......... .......... .......... ..........  0% 15.5M 23m36s
#17 3.420  11550K .......... .......... .......... .......... ..........  0% 5.13M 23m36s
#17 3.430  11600K .......... .......... .......... .......... ..........  0% 9.23M 23m33s
#17 3.435  11650K .......... .......... .......... .......... ..........  0% 12.2M 23m29s
#17 3.439  11700K .......... .......... .......... .......... ..........  0% 4.53M 23m29s
#17 3.450  11750K .......... .......... .......... .......... ..........  0% 5.51M 23m28s
#17 3.459  11800K .......... .......... .......... .......... ..........  0% 4.83M 23m28s
#17 3.470  11850K .......... .......... .......... .......... ..........  0% 4.94M 23m28s
#17 3.479  11900K .......... .......... .......... .......... ..........  0% 7.22M 23m26s
#17 3.486  11950K .......... .......... .......... .......... ..........  0% 3.96M 23m27s
#17 3.498  12000K .......... .......... .......... .......... ..........  0% 8.03M 23m24s
#17 3.504  12050K .......... .......... .......... .......... ..........  0% 5.83M 23m23s
#17 3.512  12100K .......... .......... .......... .......... ..........  0% 5.39M 23m22s
#17 3.521  12150K .......... .......... .......... .......... ..........  0% 5.20M 23m22s
#17 3.532  12200K .......... .......... .......... .......... ..........  0% 22.8M 23m17s
#17 3.533  12250K .......... .......... .......... .......... ..........  0% 4.57M 23m17s
#17 3.543  12300K .......... .......... .......... .......... ..........  0% 9.02M 23m15s
#17 3.549  12350K .......... .......... .......... .......... ..........  0% 6.15M 23m13s
#17 3.557  12400K .......... .......... .......... .......... ..........  0% 4.57M 23m14s
#17 3.568  12450K .......... .......... .......... .......... ..........  0% 9.62M 23m11s
#17 3.572  12500K .......... .......... .......... .......... ..........  0% 5.50M 23m10s
#17 3.581  12550K .......... .......... .......... .......... ..........  0% 4.61M 23m10s
#17 3.592  12600K .......... .......... .......... .......... ..........  0% 5.18M 23m10s
#17 3.603  12650K .......... .......... .......... .......... ..........  0% 8.78M 23m7s
#17 3.607  12700K .......... .......... .......... .......... ..........  0% 6.37M 23m6s
#17 3.615  12750K .......... .......... .......... .......... ..........  0% 7.64M 23m4s
#17 3.621  12800K .......... .......... .......... .......... ..........  0% 4.63M 23m4s
#17 3.631  12850K .......... .......... .......... .......... ..........  0% 5.28M 23m3s
#17 3.642  12900K .......... .......... .......... .......... ..........  0% 15.1M 23m0s
#17 3.644  12950K .......... .......... .......... .......... ..........  0% 5.42M 22m59s
#17 3.655  13000K .......... .......... .......... .......... ..........  0% 5.28M 22m59s
#17 3.663  13050K .......... .......... .......... .......... ..........  0% 6.05M 22m58s
#17 3.671  13100K .......... .......... .......... .......... ..........  0% 7.25M 22m56s
#17 3.677  13150K .......... .......... .......... .......... ..........  0% 5.59M 22m55s
#17 3.686  13200K .......... .......... .......... .......... ..........  0% 5.15M 22m55s
#17 3.695  13250K .......... .......... .......... .......... ..........  0% 5.25M 22m54s
#17 3.706  13300K .......... .......... .......... .......... ..........  0% 8.23M 22m52s
#17 3.711  13350K .......... .......... .......... .......... ..........  0% 5.01M 22m52s
#17 3.721  13400K .......... .......... .......... .......... ..........  0% 4.56M 22m52s
#17 3.731  13450K .......... .......... .......... .......... ..........  0% 4.99M 22m52s
#17 3.741  13500K .......... .......... .......... .......... ..........  0% 7.41M 22m50s
#17 3.748  13550K .......... .......... .......... .......... ..........  0% 4.10M 22m51s
#17 3.759  13600K .......... .......... .......... .......... ..........  0% 6.77M 22m50s
#17 3.766  13650K .......... .......... .......... .......... ..........  0% 3.07M 22m52s
#17 3.782  13700K .......... .......... .......... .......... ..........  0% 4.62M 22m53s
#17 3.793  13750K .......... .......... .......... .......... ..........  0% 3.79M 22m54s
#17 3.806  13800K .......... .......... .......... .......... ..........  0% 8.43M 22m52s
#17 3.812  13850K .......... .......... .......... .......... ..........  0% 5.22M 22m51s
#17 3.823  13900K .......... .......... .......... .......... ..........  0% 7.56M 22m50s
#17 3.827  13950K .......... .......... .......... .......... ..........  0% 7.95M 22m48s
#17 3.834  14000K .......... .......... .......... .......... ..........  0% 4.95M 22m48s
#17 3.843  14050K .......... .......... .......... .......... ..........  0% 5.84M 22m47s
#17 3.852  14100K .......... .......... .......... .......... ..........  0% 9.36M 22m44s
#17 3.857  14150K .......... .......... .......... .......... ..........  0% 3.08M 22m47s
#17 3.873  14200K .......... .......... .......... .......... ..........  0% 4.58M 22m47s
#17 3.884  14250K .......... .......... .......... .......... ..........  0% 6.22M 22m46s
#17 3.892  14300K .......... .......... .......... .......... ..........  0% 4.07M 22m47s
#17 3.904  14350K .......... .......... .......... .......... ..........  0% 3.30M 22m49s
#17 3.919  14400K .......... .......... .......... .......... ..........  0% 25.1M 22m45s
#17 3.920  14450K .......... .......... .......... .......... ..........  0% 6.37M 22m44s
#17 3.932  14500K .......... .......... .......... .......... ..........  0% 12.5M 22m41s
#17 3.932  14550K .......... .......... .......... .......... ..........  0% 8.39M 22m39s
#17 3.938  14600K .......... .......... .......... .......... ..........  0% 3.46M 22m41s
#17 3.953  14650K .......... .......... .......... .......... ..........  0% 12.3M 22m38s
#17 3.957  14700K .......... .......... .......... .......... ..........  0% 7.06M 22m37s
#17 3.965  14750K .......... .......... .......... .......... ..........  0% 7.41M 22m35s
#17 3.969  14800K .......... .......... .......... .......... ..........  0% 4.65M 22m36s
#17 3.980  14850K .......... .......... .......... .......... ..........  0% 12.1M 22m33s
#17 3.984  14900K .......... .......... .......... .......... ..........  0% 5.44M 22m32s
#17 3.993  14950K .......... .......... .......... .......... ..........  0% 7.66M 22m31s
#17 4.000  15000K .......... .......... .......... .......... ..........  0% 4.74M 22m31s
#17 4.010  15050K .......... .......... .......... .......... ..........  0% 8.36M 22m29s
#17 4.016  15100K .......... .......... .......... .......... ..........  0% 5.53M 22m29s
#17 4.024  15150K .......... .......... .......... .......... ..........  0% 9.76M 22m26s
#17 4.031  15200K .......... .......... .......... .......... ..........  0% 4.19M 22m27s
#17 4.041  15250K .......... .......... .......... .......... ..........  0% 6.48M 22m26s
#17 4.050  15300K .......... .......... .......... .......... ..........  0% 5.42M 22m26s
#17 4.057  15350K .......... .......... .......... .......... ..........  0% 2.97M 22m28s
#17 4.074  15400K .......... .......... .......... .......... ..........  0% 5.74M 22m28s
#17 4.082  15450K .......... .......... .......... .......... ..........  0% 5.48M 22m27s
#17 4.094  15500K .......... .......... .......... .......... ..........  0% 9.24M 22m25s
#17 4.097  15550K .......... .......... .......... .......... ..........  0% 15.5M 22m22s
#17 4.099  15600K .......... .......... .......... .......... ..........  0% 7.61M 22m21s
#17 4.106  15650K .......... .......... .......... .......... ..........  0% 5.61M 22m20s
#17 4.119  15700K .......... .......... .......... .......... ..........  0% 4.51M 22m21s
#17 4.129  15750K .......... .......... .......... .......... ..........  0% 3.56M 22m22s
#17 4.141  15800K .......... .......... .......... .......... ..........  0% 5.44M 22m22s
#17 4.148  15850K .......... .......... .......... .......... ..........  0% 6.51M 22m21s
#17 4.156  15900K .......... .......... .......... .......... ..........  0% 6.84M 22m20s
#17 4.163  15950K .......... .......... .......... .......... ..........  0% 4.54M 22m20s
#17 4.174  16000K .......... .......... .......... .......... ..........  0% 12.1M 22m17s
#17 4.177  16050K .......... .......... .......... .......... ..........  0% 10.0M 22m15s
#17 4.182  16100K .......... .......... .......... .......... ..........  0% 6.37M 22m14s
#17 4.190  16150K .......... .......... .......... .......... ..........  0% 8.20M 22m13s
#17 4.196  16200K .......... .......... .......... .......... ..........  0% 7.58M 22m11s
#17 4.203  16250K .......... .......... .......... .......... ..........  0% 7.44M 22m10s
#17 4.211  16300K .......... .......... .......... .......... ..........  0% 5.63M 22m9s
#17 4.218  16350K .......... .......... .......... .......... ..........  0% 1.36M 22m20s
#17 4.253  16400K .......... .......... .......... .......... ..........  0% 4.81M 22m20s
#17 4.263  16450K .......... .......... .......... .......... ..........  0% 9.95M 22m18s
#17 4.268  16500K .......... .......... .......... .......... ..........  0% 6.70M 22m17s
#17 4.276  16550K .......... .......... .......... .......... ..........  0% 4.46M 22m17s
#17 4.288  16600K .......... .......... .......... .......... ..........  0% 13.1M 22m15s
#17 4.293  16650K .......... .......... .......... .......... ..........  0% 6.04M 22m14s
#17 4.299  16700K .......... .......... .......... .......... ..........  0% 9.38M 22m12s
#17 4.305  16750K .......... .......... .......... .......... ..........  0% 6.47M 22m11s
#17 4.312  16800K .......... .......... .......... .......... ..........  0% 3.94M 22m12s
#17 4.324  16850K .......... .......... .......... .......... ..........  0% 9.33M 22m11s
#17 4.329  16900K .......... .......... .......... .......... ..........  0% 6.19M 22m10s
#17 4.337  16950K .......... .......... .......... .......... ..........  0% 3.56M 22m11s
#17 4.351  17000K .......... .......... .......... .......... ..........  0% 10.9M 22m9s
#17 4.356  17050K .......... .......... .......... .......... ..........  0% 5.03M 22m9s
#17 4.365  17100K .......... .......... .......... .......... ..........  0% 8.43M 22m8s
#17 4.371  17150K .......... .......... .......... .......... ..........  0% 8.25M 22m6s
#17 4.377  17200K .......... .......... .......... .......... ..........  0% 9.82M 22m4s
#17 4.382  17250K .......... .......... .......... .......... ..........  0% 3.29M 22m6s
#17 4.400  17300K .......... .......... .......... .......... ..........  0% 3.65M 22m7s
#17 4.412  17350K .......... .......... .......... .......... ..........  0% 10.6M 22m5s
#17 4.414  17400K .......... .......... .......... .......... ..........  0% 8.97M 22m4s
#17 4.420  17450K .......... .......... .......... .......... ..........  0% 14.1M 22m1s
#17 4.424  17500K .......... .......... .......... .......... ..........  0% 8.57M 22m0s
#17 4.429  17550K .......... .......... .......... .......... ..........  0% 9.79M 21m58s
#17 4.434  17600K .......... .......... .......... .......... ..........  0% 4.34M 21m58s
#17 4.445  17650K .......... .......... .......... .......... ..........  0% 7.73M 21m57s
#17 4.452  17700K .......... .......... .......... .......... ..........  0% 6.69M 21m56s
#17 4.459  17750K .......... .......... .......... .......... ..........  0% 9.73M 21m54s
#17 4.464  17800K .......... .......... .......... .......... ..........  0% 8.40M 21m53s
#17 4.469  17850K .......... .......... .......... .......... ..........  0% 5.79M 21m52s
#17 4.480  17900K .......... .......... .......... .......... ..........  0% 12.4M 21m50s
#17 4.486  17950K .......... .......... .......... .......... ..........  0% 4.19M 21m51s
#17 4.494  18000K .......... .......... .......... .......... ..........  0% 4.07M 21m52s
#17 4.506  18050K .......... .......... .......... .......... ..........  0% 6.45M 21m51s
#17 4.513  18100K .......... .......... .......... .......... ..........  0% 6.71M 21m50s
#17 4.521  18150K .......... .......... .......... .......... ..........  0% 6.31M 21m49s
#17 4.528  18200K .......... .......... .......... .......... ..........  0% 5.66M 21m49s
#17 4.537  18250K .......... .......... .......... .......... ..........  0% 3.67M 21m50s
#17 4.550  18300K .......... .......... .......... .......... ..........  0% 4.27M 21m51s
#17 4.567  18350K .......... .......... .......... .......... ..........  0% 2.96M 21m53s
#17 4.578  18400K .......... .......... .......... .......... ..........  0% 6.63M 21m52s
#17 4.585  18450K .......... .......... .......... .......... ..........  0% 6.81M 21m52s
#17 4.593  18500K .......... .......... .......... .......... ..........  0% 5.93M 21m51s
#17 4.601  18550K .......... .......... .......... .......... ..........  0% 2.76M 21m54s
#17 4.619  18600K .......... .......... .......... .......... ..........  0% 16.6M 21m51s
#17 4.622  18650K .......... .......... .......... .......... ..........  0% 5.83M 21m51s
#17 4.630  18700K .......... .......... .......... .......... ..........  0% 10.5M 21m49s
#17 4.637  18750K .......... .......... .......... .......... ..........  0% 5.87M 21m49s
#17 4.643  18800K .......... .......... .......... .......... ..........  0% 8.06M 21m47s
#17 4.650  18850K .......... .......... .......... .......... ..........  0% 6.01M 21m47s
#17 4.960  18900K .......... .......... .......... .......... ..........  0% 8.79M 21m45s
#17 4.965  18950K .......... .......... .......... .......... ..........  0% 4.86M 21m45s
#17 4.975  19000K .......... .......... .......... .......... ..........  0% 7.75M 21m44s
#17 4.981  19050K .......... .......... .......... .......... ..........  0% 6.67M 21m43s
#17 4.988  19100K .......... .......... .......... .......... ..........  0% 5.34M 21m43s
#17 4.997  19150K .......... .......... .......... .......... ..........  0% 7.10M 21m42s
#17 5.005  19200K .......... .......... .......... .......... ..........  0% 7.53M 21m41s
#17 5.013  19250K .......... .......... .......... .......... ..........  0% 5.39M 21m41s
#17 5.019  19300K .......... .......... .......... .......... ..........  0% 4.67M 21m41s
#17 5.030  19350K .......... .......... .......... .......... ..........  0% 3.73M 21m42s
#17 5.046  19400K .......... .......... .......... .......... ..........  0% 14.3M 21m40s
#17 5.046  19450K .......... .......... .......... .......... ..........  0% 21.3M 21m38s
#17 5.048  19500K .......... .......... .......... .......... ..........  0% 7.09M 21m37s
#17 5.055  19550K .......... .......... .......... .......... ..........  0% 9.92M 21m35s
#17 5.061  19600K .......... .......... .......... .......... ..........  0% 6.13M 21m34s
#17 5.070  19650K .......... .......... .......... .......... ..........  0% 5.08M 21m34s
#17 5.078  19700K .......... .......... .......... .......... ..........  0% 7.23M 21m33s
#17 5.085  19750K .......... .......... .......... .......... ..........  0% 6.17M 21m33s
#17 5.093  19800K .......... .......... .......... .......... ..........  0% 5.90M 21m32s
#17 5.101  19850K .......... .......... .......... .......... ..........  0% 5.21M 21m32s
#17 5.110  19900K .......... .......... .......... .......... ..........  0% 5.90M 21m32s
#17 5.119  19950K .......... .......... .......... .......... ..........  0% 6.69M 21m31s
#17 5.126  20000K .......... .......... .......... .......... ..........  0% 3.91M 21m32s
#17 5.138  20050K .......... .......... .......... .......... ..........  0% 13.8M 21m30s
#17 5.144  20100K .......... .......... .......... .......... ..........  0% 7.86M 21m29s
#17 5.148  20150K .......... .......... .......... .......... ..........  0% 12.3M 21m27s
#17 5.154  20200K .......... .......... .......... .......... ..........  0% 4.67M 21m27s
#17 5.163  20250K .......... .......... .......... .......... ..........  0% 5.63M 21m27s
#17 5.171  20300K .......... .......... .......... .......... ..........  0% 7.46M 21m26s
#17 5.177  20350K .......... .......... .......... .......... ..........  0% 3.50M 21m28s
#17 5.192  20400K .......... .......... .......... .......... ..........  0% 11.4M 21m26s
#17 5.198  20450K .......... .......... .......... .......... ..........  0% 6.13M 21m25s
#17 5.205  20500K .......... .......... .......... .......... ..........  0% 4.57M 21m26s
#17 5.215  20550K .......... .......... .......... .......... ..........  0% 6.95M 21m25s
#17 5.222  20600K .......... .......... .......... .......... ..........  0% 10.3M 21m23s
#17 5.226  20650K .......... .......... .......... .......... ..........  0% 6.35M 21m23s
#17 5.234  20700K .......... .......... .......... .......... ..........  0% 10.9M 21m21s
#17 5.239  20750K .......... .......... .......... .......... ..........  0% 9.64M 21m20s
#17 5.245  20800K .......... .......... .......... .......... ..........  0% 5.80M 21m19s
#17 5.252  20850K .......... .......... .......... .......... ..........  0% 8.02M 21m18s
#17 5.258  20900K .......... .......... .......... .......... ..........  0% 5.33M 21m18s
#17 5.267  20950K .......... .......... .......... .......... ..........  0% 14.0M 21m16s
#17 5.271  21000K .......... .......... .......... .......... ..........  0% 4.89M 21m16s
#17 5.281  21050K .......... .......... .......... .......... ..........  0% 10.6M 21m15s
#17 5.286  21100K .......... .......... .......... .......... ..........  0% 4.90M 21m15s
#17 5.295  21150K .......... .......... .......... .......... ..........  0% 3.78M 21m16s
#17 5.309  21200K .......... .......... .......... .......... ..........  0% 5.83M 21m16s
#17 5.318  21250K .......... .......... .......... .......... ..........  0% 6.90M 21m15s
#17 5.324  21300K .......... .......... .......... .......... ..........  0% 7.40M 21m14s
#17 5.330  21350K .......... .......... .......... .......... ..........  0% 11.8M 21m12s
#17 5.334  21400K .......... .......... .......... .......... ..........  0% 5.64M 21m12s
#17 5.344  21450K .......... .......... .......... .......... ..........  0% 5.38M 21m12s
#17 5.352  21500K .......... .......... .......... .......... ..........  0% 7.83M 21m11s
#17 5.359  21550K .......... .......... .......... .......... ..........  0% 6.67M 21m10s
#17 5.366  21600K .......... .......... .......... .......... ..........  0% 6.40M 21m10s
#17 5.374  21650K .......... .......... .......... .......... ..........  0% 4.84M 21m10s
#17 7.572  21700K .......... .......... .......... .......... ..........  0% 6.75M 21m9s
#17 7.579  21750K .......... .......... .......... .......... ..........  0% 3.64M 21m10s
#17 7.591  21800K .......... .......... .......... .......... ..........  0% 8.23M 21m9s
#17 7.597  21850K .......... .......... .......... .......... ..........  0% 6.78M 21m9s
#17 7.605  21900K .......... .......... .......... .......... ..........  0% 8.84M 21m7s
#17 7.610  21950K .......... .......... .......... .......... ..........  0% 1.24M 21m17s
#17 7.649  22000K .......... .......... .......... .......... ..........  0% 4.43M 21m17s
#17 7.660  22050K .......... .......... .......... .......... ..........  0% 4.28M 21m18s
#17 7.671  22100K .......... .......... .......... .......... ..........  0% 9.93M 21m16s
#17 7.676  22150K .......... .......... .......... .......... ..........  0% 5.30M 21m16s
#17 7.687  22200K .......... .......... .......... .......... ..........  0% 5.65M 21m16s
#17 7.694  22250K .......... .......... .......... .......... ..........  0% 6.50M 21m15s
#17 7.702  22300K .......... .......... .......... .......... ..........  0% 16.7M 21m13s
#17 7.705  22350K .......... .......... .......... .......... ..........  0% 7.40M 21m13s
#17 7.711  22400K .......... .......... .......... .......... ..........  0% 5.15M 21m13s
#17 7.721  22450K .......... .......... .......... .......... ..........  0% 4.78M 21m13s
#17 7.733  22500K .......... .......... .......... .......... ..........  0% 8.70M 21m12s
#17 7.737  22550K .......... .......... .......... .......... ..........  0% 7.25M 21m11s
#17 7.744  22600K .......... .......... .......... .......... ..........  0% 4.47M 21m11s
#17 7.754  22650K .......... .......... .......... .......... ..........  0% 10.6M 21m10s
#17 7.759  22700K .......... .......... .......... .......... ..........  0% 7.01M 21m9s
#17 7.768  22750K .......... .......... .......... .......... ..........  0% 4.75M 21m9s
#17 7.776  22800K .......... .......... .......... .......... ..........  0% 4.12M 21m10s
#17 7.788  22850K .......... .......... .......... .......... ..........  0% 63.4M 21m7s
#17 7.789  22900K .......... .......... .......... .......... ..........  0% 6.13M 21m7s
#17 7.797  22950K .......... .......... .......... .......... ..........  0% 12.4M 21m5s
#17 7.804  23000K .......... .......... .......... .......... ..........  0% 3.56M 21m7s
#17 7.815  23050K .......... .......... .......... .......... ..........  0% 5.02M 21m7s
#17 7.824  23100K .......... .......... .......... .......... ..........  0% 4.22M 21m7s
#17 7.836  23150K .......... .......... .......... .......... ..........  0% 3.32M 21m9s
#17 7.850  23200K .......... .......... .......... .......... ..........  0% 4.87M 21m9s
#17 7.860  23250K .......... .......... .......... .......... ..........  0% 3.61M 21m10s
#17 7.875  23300K .......... .......... .......... .......... ..........  0% 7.44M 21m10s
#17 7.881  23350K .......... .......... .......... .......... ..........  0% 5.04M 21m10s
#17 7.893  23400K .......... .......... .......... .......... ..........  0% 6.22M 21m9s
#17 7.901  23450K .......... .......... .......... .......... ..........  0% 9.06M 21m8s
#17 7.903  23500K .......... .......... .......... .......... ..........  0% 6.16M 21m8s
#17 7.911  23550K .......... .......... .......... .......... ..........  0% 8.86M 21m6s
#17 7.917  23600K .......... .......... .......... .......... ..........  0% 6.84M 21m6s
#17 7.924  23650K .......... .......... .......... .......... ..........  0% 10.7M 21m4s
#17 7.928  23700K .......... .......... .......... .......... ..........  0% 5.39M 21m4s
#17 7.937  23750K .......... .......... .......... .......... ..........  0% 6.07M 21m4s
#17 7.946  23800K .......... .......... .......... .......... ..........  0% 4.64M 21m4s
#17 7.956  23850K .......... .......... .......... .......... ..........  0% 10.8M 21m3s
#17 7.961  23900K .......... .......... .......... .......... ..........  0% 4.90M 21m3s
#17 7.971  23950K .......... .......... .......... .......... ..........  0% 5.05M 21m3s
#17 7.980  24000K .......... .......... .......... .......... ..........  0% 4.71M 21m3s
#17 7.990  24050K .......... .......... .......... .......... ..........  0% 3.54M 21m5s
#17 8.005  24100K .......... .......... .......... .......... ..........  0% 5.55M 21m4s
#17 8.014  24150K .......... .......... .......... .......... ..........  0% 4.51M 21m5s
#17 8.024  24200K .......... .......... .......... .......... ..........  0% 7.87M 21m4s
#17 8.031  24250K .......... .......... .......... .......... ..........  0% 9.21M 21m3s
#17 8.035  24300K .......... .......... .......... .......... ..........  0% 5.33M 21m3s
#17 8.046  24350K .......... .......... .......... .......... ..........  0% 4.67M 21m3s
#17 8.055  24400K .......... .......... .......... .......... ..........  0% 9.99M 21m2s
#17 8.061  24450K .......... .......... .......... .......... ..........  0% 5.31M 21m2s
#17 8.069  24500K .......... .......... .......... .......... ..........  0% 5.46M 21m2s
#17 8.078  24550K .......... .......... .......... .......... ..........  0% 4.01M 21m2s
#17 8.092  24600K .......... .......... .......... .......... ..........  0% 17.1M 21m1s
#17 8.093  24650K .......... .......... .......... .......... ..........  0% 6.15M 21m0s
#17 8.101  24700K .......... .......... .......... .......... ..........  0% 6.16M 21m0s
#17 8.109  24750K .......... .......... .......... .......... ..........  0% 9.21M 20m59s
#17 8.114  24800K .......... .......... .......... .......... ..........  0% 5.48M 20m59s
#17 8.123  24850K .......... .......... .......... .......... ..........  0% 4.75M 20m59s
#17 8.134  24900K .......... .......... .......... .......... ..........  0% 8.78M 20m58s
#17 8.139  24950K .......... .......... .......... .......... ..........  0% 10.7M 20m57s
#17 8.145  25000K .......... .......... .......... .......... ..........  0% 4.58M 20m57s
#17 8.155  25050K .......... .......... .......... .......... ..........  0% 4.97M 20m57s
#17 8.164  25100K .......... .......... .......... .......... ..........  0% 7.05M 20m56s
#17 8.172  25150K .......... .......... .......... .......... ..........  0% 6.23M 20m56s
#17 8.179  25200K .......... .......... .......... .......... ..........  0% 6.08M 20m56s
#17 8.188  25250K .......... .......... .......... .......... ..........  0% 4.09M 20m56s
#17 8.199  25300K .......... .......... .......... .......... ..........  0% 12.0M 20m55s
#17 8.203  25350K .......... .......... .......... .......... ..........  0% 5.52M 20m55s
#17 8.212  25400K .......... .......... .......... .......... ..........  0% 6.86M 20m54s
#17 8.219  25450K .......... .......... .......... .......... ..........  0% 7.03M 20m54s
#17 8.226  25500K .......... .......... .......... .......... ..........  0% 8.44M 20m53s
#17 8.231  25550K .......... .......... .......... .......... ..........  0% 6.95M 20m52s
#17 8.239  25600K .......... .......... .......... .......... ..........  0% 6.29M 20m52s
#17 8.247  25650K .......... .......... .......... .......... ..........  0% 3.18M 20m53s
#17 8.262  25700K .......... .......... .......... .......... ..........  0% 2.49M 20m56s
#17 8.282  25750K .......... .......... .......... .......... ..........  0% 5.08M 20m56s
#17 8.292  25800K .......... .......... .......... .......... ..........  0% 5.76M 20m56s
#17 8.300  25850K .......... .......... .......... .......... ..........  0% 5.16M 20m56s
#17 8.309  25900K .......... .......... .......... .......... ..........  0% 6.03M 20m55s
#17 8.318  25950K .......... .......... .......... .......... ..........  0% 8.16M 20m55s
#17 8.323  26000K .......... .......... .......... .......... ..........  0% 5.93M 20m54s
#17 8.333  26050K .......... .......... .......... .......... ..........  0% 6.31M 20m54s
#17 8.340  26100K .......... .......... .......... .......... ..........  0% 5.05M 20m54s
#17 8.349  26150K .......... .......... .......... .......... ..........  0% 6.45M 20m54s
#17 8.356  26200K .......... .......... .......... .......... ..........  0% 7.57M 20m53s
#17 8.363  26250K .......... .......... .......... .......... ..........  0% 5.96M 20m53s
#17 8.371  26300K .......... .......... .......... .......... ..........  0% 5.01M 20m53s
#17 8.381  26350K .......... .......... .......... .......... ..........  0% 4.12M 20m53s
#17 8.393  26400K .......... .......... .......... .......... ..........  0% 3.72M 20m54s
#17 8.406  26450K .......... .......... .......... .......... ..........  0% 14.2M 20m53s
#17 8.409  26500K .......... .......... .......... .......... ..........  0% 7.48M 20m52s
#17 8.416  26550K .......... .......... .......... .......... ..........  0% 7.38M 20m51s
#17 8.423  26600K .......... .......... .......... .......... ..........  0% 6.62M 20m51s
#17 8.431  26650K .......... .......... .......... .......... ..........  0% 9.69M 20m50s
#17 8.438  26700K .......... .......... .......... .......... ..........  0% 5.24M 20m50s
#17 8.444  26750K .......... .......... .......... .......... ..........  0% 9.66M 20m49s
#17 8.451  26800K .......... .......... .......... .......... ..........  0% 4.64M 20m49s
#17 8.459  26850K .......... .......... .......... .......... ..........  0% 4.57M 20m49s
#17 8.471  26900K .......... .......... .......... .......... ..........  0% 4.55M 20m50s
#17 8.481  26950K .......... .......... .......... .......... ..........  0% 6.00M 20m49s
#17 8.490  27000K .......... .......... .......... .......... ..........  0% 5.28M 20m49s
#17 8.499  27050K .......... .......... .......... .......... ..........  0% 9.25M 20m48s
#17 8.504  27100K .......... .......... .......... .......... ..........  0% 4.42M 20m49s
#17 8.517  27150K .......... .......... .......... .......... ..........  0% 20.2M 20m47s
#17 8.517  27200K .......... .......... .......... .......... ..........  0% 6.51M 20m47s
#17 8.525  27250K .......... .......... .......... .......... ..........  0% 4.50M 20m47s
#17 8.536  27300K .......... .......... .......... .......... ..........  0% 4.29M 20m48s
#17 8.547  27350K .......... .......... .......... .......... ..........  0% 3.70M 20m49s
#17 8.561  27400K .......... .......... .......... .......... ..........  0% 6.53M 20m48s
#17 8.568  27450K .......... .......... .......... .......... ..........  0% 7.35M 20m48s
#17 8.575  27500K .......... .......... .......... .......... ..........  0% 4.28M 20m48s
#17 8.586  27550K .......... .......... .......... .......... ..........  0% 5.62M 20m48s
#17 8.594  27600K .......... .......... .......... .......... ..........  0% 7.53M 20m47s
#17 8.601  27650K .......... .......... .......... .......... ..........  0% 3.48M 20m48s
#17 8.616  27700K .......... .......... .......... .......... ..........  0% 6.64M 20m48s
#17 8.623  27750K .......... .......... .......... .......... ..........  0% 6.09M 20m48s
#17 8.631  27800K .......... .......... .......... .......... ..........  0% 6.95M 20m47s
#17 8.637  27850K .......... .......... .......... .......... ..........  0% 5.07M 20m47s
#17 8.647  27900K .......... .......... .......... .......... ..........  0% 8.58M 20m46s
#17 8.653  27950K .......... .......... .......... .......... ..........  0% 11.7M 20m45s
#17 8.656  28000K .......... .......... .......... .......... ..........  0% 3.22M 20m46s
#17 8.671  28050K .......... .......... .......... .......... ..........  0% 3.19M 20m48s
#17 8.687  28100K .......... .......... .......... .......... ..........  0% 5.39M 20m48s
#17 8.696  28150K .......... .......... .......... .......... ..........  0% 6.48M 20m47s
#17 8.704  28200K .......... .......... .......... .......... ..........  0% 3.32M 20m49s
#17 8.719  28250K .......... .......... .......... .......... ..........  0% 36.6M 20m47s
#17 8.720  28300K .......... .......... .......... .......... ..........  0% 4.66M 20m47s
#17 8.731  28350K .......... .......... .......... .......... ..........  0% 24.4M 20m45s
#17 8.732  28400K .......... .......... .......... .......... ..........  0% 7.92M 20m45s
#17 8.739  28450K .......... .......... .......... .......... ..........  0%  941K 20m55s
#17 8.792  28500K .......... .......... .......... .......... ..........  0% 5.35M 20m55s
#17 8.801  28550K .......... .......... .......... .......... ..........  0% 6.48M 20m55s
#17 8.808  28600K .......... .......... .......... .......... ..........  0% 5.44M 20m54s
#17 8.817  28650K .......... .......... .......... .......... ..........  0% 6.09M 20m54s
#17 8.825  28700K .......... .......... .......... .......... ..........  0% 8.40M 20m53s
#17 8.832  28750K .......... .......... .......... .......... ..........  0% 4.91M 20m53s
#17 8.841  28800K .......... .......... .......... .......... ..........  0% 34.6M 20m52s
#17 8.842  28850K .......... .......... .......... .......... ..........  0% 5.66M 20m51s
#17 8.852  28900K .......... .......... .......... .......... ..........  0% 9.65M 20m50s
#17 8.857  28950K .......... .......... .......... .......... ..........  0% 8.59M 20m50s
#17 8.862  29000K .......... .......... .......... .......... ..........  0% 4.31M 20m50s
#17 8.873  29050K .......... .......... .......... .......... ..........  0% 6.79M 20m50s
#17 8.880  29100K .......... .......... .......... .......... ..........  0% 6.34M 20m49s
#17 8.888  29150K .......... .......... .......... .......... ..........  0% 4.04M 20m50s
#17 8.900  29200K .......... .......... .......... .......... ..........  0% 3.27M 20m51s
#17 8.917  29250K .......... .......... .......... .......... ..........  0% 27.8M 20m49s
#17 8.917  29300K .......... .......... .......... .......... ..........  0% 2.50M 20m52s
#17 8.937  29350K .......... .......... .......... .......... ..........  0% 24.9M 20m50s
#17 8.940  29400K .......... .......... .......... .......... ..........  0% 16.5M 20m49s
#17 8.941  29450K .......... .......... .......... .......... ..........  0% 5.72M 20m48s
#17 8.950  29500K .......... .......... .......... .......... ..........  0% 4.07M 20m49s
#17 8.986  29550K .......... .......... .......... .......... ..........  0% 43.8M 20m47s
#17 8.986  29600K .......... .......... .......... .......... ..........  0% 3.64M 20m48s
#17 8.986  29650K .......... .......... .......... .......... ..........  0% 2.78M 20m50s
#17 8.996  29700K .......... .......... .......... .......... ..........  0% 8.89M 20m49s
#17 9.000  29750K .......... .......... .......... .......... ..........  0% 15.2M 20m48s
#17 9.002  29800K .......... .......... .......... .......... ..........  0% 5.24M 20m48s
#17 9.017  29850K .......... .......... .......... .......... ..........  0% 11.7M 20m47s
#17 9.017  29900K .......... .......... .......... .......... ..........  0% 8.22M 20m46s
#17 9.022  29950K .......... .......... .......... .......... ..........  0% 6.24M 20m46s
#17 9.032  30000K .......... .......... .......... .......... ..........  0% 12.7M 20m44s
#17 9.033  30050K .......... .......... .......... .......... ..........  0% 6.54M 20m44s
#17 9.042  30100K .......... .......... .......... .......... ..........  0% 10.8M 20m43s
#17 9.047  30150K .......... .......... .......... .......... ..........  0% 5.10M 20m43s
#17 9.056  30200K .......... .......... .......... .......... ..........  0% 4.43M 20m43s
#17 9.066  30250K .......... .......... .......... .......... ..........  0% 5.01M 20m43s
#17 9.077  30300K .......... .......... .......... .......... ..........  0% 16.5M 20m42s
#17 9.079  30350K .......... .......... .......... .......... ..........  0% 5.16M 20m42s
#17 9.088  30400K .......... .......... .......... .......... ..........  0% 4.63M 20m42s
#17 9.099  30450K .......... .......... .......... .......... ..........  0% 2.74M 20m44s
#17 9.119  30500K .......... .......... .......... .......... ..........  0% 24.4M 20m43s
#17 9.119  30550K .......... .......... .......... .......... ..........  0% 6.46M 20m42s
#17 9.127  30600K .......... .......... .......... .......... ..........  0% 5.66M 20m42s
#17 9.139  30650K .......... .......... .......... .......... ..........  0% 3.66M 20m43s
#17 9.150  30700K .......... .......... .......... .......... ..........  0% 45.4M 20m41s
#17 9.150  30750K .......... .......... .......... .......... ..........  0% 88.0M 20m39s
#17 9.150  30800K .......... .......... .......... .......... ..........  0% 5.32M 20m39s
#17 9.159  30850K .......... .......... .......... .......... ..........  0% 4.29M 20m40s
#17 9.172  30900K .......... .......... .......... .......... ..........  0% 3.96M 20m41s
#17 9.183  30950K .......... .......... .......... .......... ..........  0% 1.58M 20m45s
#17 9.214  31000K .......... .......... .......... .......... ..........  0% 3.93M 20m46s
#17 9.232  31050K .......... .......... .......... .......... ..........  0% 8.18M 20m45s
#17 9.232  31100K .......... .......... .......... .......... ..........  0% 19.8M 20m44s
#17 9.235  31150K .......... .......... .......... .......... ..........  0% 5.01M 20m44s
#17 9.245  31200K .......... .......... .......... .......... ..........  0% 5.46M 20m44s
#17 9.254  31250K .......... .......... .......... .......... ..........  0% 8.57M 20m43s
#17 9.263  31300K .......... .......... .......... .......... ..........  0% 6.86M 20m43s
#17 9.266  31350K .......... .......... .......... .......... ..........  0% 7.44M 20m42s
#17 9.273  31400K .......... .......... .......... .......... ..........  0% 4.86M 20m42s
#17 9.282  31450K .......... .......... .......... .......... ..........  0% 5.46M 20m42s
#17 9.292  31500K .......... .......... .......... .......... ..........  0% 6.17M 20m42s
#17 9.299  31550K .......... .......... .......... .......... ..........  0% 3.42M 20m43s
#17 9.314  31600K .......... .......... .......... .......... ..........  0% 12.9M 20m42s
#17 9.320  31650K .......... .......... .......... .......... ..........  0% 8.59M 20m41s
#17 9.323  31700K .......... .......... .......... .......... ..........  0% 6.80M 20m40s
#17 9.331  31750K .......... .......... .......... .......... ..........  0% 5.24M 20m40s
#17 9.340  31800K .......... .......... .......... .......... ..........  0% 16.2M 20m39s
#17 9.344  31850K .......... .......... .......... .......... ..........  0% 10.9M 20m38s
#17 9.351  31900K .......... .......... .......... .......... ..........  0% 5.01M 20m38s
#17 9.357  31950K .......... .......... .......... .......... ..........  0% 6.63M 20m38s
#17 9.364  32000K .......... .......... .......... .......... ..........  0% 7.84M 20m37s
#17 9.371  32050K .......... .......... .......... .......... ..........  0% 6.02M 20m37s
#17 9.379  32100K .......... .......... .......... .......... ..........  0% 7.89M 20m36s
#17 9.385  32150K .......... .......... .......... .......... ..........  0% 5.65M 20m36s
#17 9.394  32200K .......... .......... .......... .......... ..........  0% 5.94M 20m36s
#17 9.403  32250K .......... .......... .......... .......... ..........  0% 7.14M 20m36s
#17 9.413  32300K .......... .......... .......... .......... ..........  0% 3.40M 20m37s
#17 9.423  32350K .......... .......... .......... .......... ..........  0% 15.0M 20m35s
#17 9.426  32400K .......... .......... .......... .......... ..........  0% 4.85M 20m36s
#17 9.436  32450K .......... .......... .......... .......... ..........  0% 6.04M 20m35s
#17 9.444  32500K .......... .......... .......... .......... ..........  0% 7.19M 20m35s
#17 9.451  32550K .......... .......... .......... .......... ..........  0% 6.59M 20m34s
#17 9.459  32600K .......... .......... .......... .......... ..........  0% 7.09M 20m34s
#17 9.467  32650K .......... .......... .......... .......... ..........  0% 5.75M 20m34s
#17 9.475  32700K .......... .......... .......... .......... ..........  0% 7.32M 20m33s
#17 9.481  32750K .......... .......... .......... .......... ..........  0% 4.92M 20m33s
#17 9.492  32800K .......... .......... .......... .......... ..........  0% 2.52M 20m36s
#17 9.510  32850K .......... .......... .......... .......... ..........  0% 12.1M 20m35s
#17 9.515  32900K .......... .......... .......... .......... ..........  0% 6.68M 20m34s
#17 9.522  32950K .......... .......... .......... .......... ..........  0% 6.79M 20m34s
#17 9.528  33000K .......... .......... .......... .......... ..........  0% 9.70M 20m33s
#17 9.534  33050K .......... .......... .......... .......... ..........  0% 6.53M 20m33s
#17 9.542  33100K .......... .......... .......... .......... ..........  0% 10.6M 20m32s
#17 9.546  33150K .......... .......... .......... .......... ..........  0% 4.33M 20m32s
#17 9.557  33200K .......... .......... .......... .......... ..........  0% 9.77M 20m31s
#17 9.562  33250K .......... .......... .......... .......... ..........  0% 7.81M 20m31s
#17 9.569  33300K .......... .......... .......... .......... ..........  0% 4.75M 20m31s
#17 9.581  33350K .......... .......... .......... .......... ..........  0% 11.1M 20m30s
#17 9.583  33400K .......... .......... .......... .......... ..........  0% 4.11M 20m30s
#17 9.594  33450K .......... .......... .......... .......... ..........  0% 2.78M 20m32s
#17 9.615  33500K .......... .......... .......... .......... ..........  0% 4.64M 20m32s
#17 9.626  33550K .......... .......... .......... .......... ..........  0% 8.65M 20m32s
#17 9.629  33600K .......... .......... .......... .......... ..........  0% 6.01M 20m31s
#17 9.637  33650K .......... .......... .......... .......... ..........  0% 6.52M 20m31s
#17 9.644  33700K .......... .......... .......... .......... ..........  0% 7.21M 20m31s
#17 9.651  33750K .......... .......... .......... .......... ..........  0% 7.43M 20m30s
#17 9.657  33800K .......... .......... .......... .......... ..........  0% 6.75M 20m30s
#17 9.665  33850K .......... .......... .......... .......... ..........  0% 5.30M 20m30s
#17 9.678  33900K .......... .......... .......... .......... ..........  0% 3.46M 20m31s
#17 9.688  33950K .......... .......... .......... .......... ..........  0% 5.52M 20m31s
#17 9.697  34000K .......... .......... .......... .......... ..........  0% 6.09M 20m30s
#17 9.705  34050K .......... .......... .......... .......... ..........  0% 6.46M 20m30s
#17 9.715  34100K .......... .......... .......... .......... ..........  0% 5.92M 20m30s
#17 9.721  34150K .......... .......... .......... .......... ..........  0% 13.0M 20m29s
#17 9.724  34200K .......... .......... .......... .......... ..........  0% 6.05M 20m29s
#17 9.732  34250K .......... .......... .......... .......... ..........  0% 9.96M 20m28s
#17 9.740  34300K .......... .......... .......... .......... ..........  0% 4.71M 20m28s
#17 9.748  34350K .......... .......... .......... .......... ..........  0% 5.23M 20m28s
#17 9.757  34400K .......... .......... .......... .......... ..........  0% 6.99M 20m28s
#17 9.765  34450K .......... .......... .......... .......... ..........  0% 7.77M 20m27s
#17 9.771  34500K .......... .......... .......... .......... ..........  0% 4.64M 20m27s
#17 9.781  34550K .......... .......... .......... .......... ..........  0% 8.36M 20m27s
#17 9.788  34600K .......... .......... .......... .......... ..........  0% 8.85M 20m26s
#17 9.792  34650K .......... .......... .......... .......... ..........  0% 6.71M 20m26s
#17 9.800  34700K .......... .......... .......... .......... ..........  0% 7.66M 20m25s
#17 9.806  34750K .......... .......... .......... .......... ..........  0% 8.87M 20m24s
#17 9.812  34800K .......... .......... .......... .......... ..........  0% 5.87M 20m24s
#17 9.821  34850K .......... .......... .......... .......... ..........  0% 7.67M 20m24s
#17 9.828  34900K .......... .......... .......... .......... ..........  0% 8.31M 20m23s
#17 9.832  34950K .......... .......... .......... .......... ..........  0% 7.52M 20m23s
#17 9.838  35000K .......... .......... .......... .......... ..........  0% 5.64M 20m22s
#17 9.847  35050K .......... .......... .......... .......... ..........  0% 8.43M 20m22s
#17 9.854  35100K .......... .......... .......... .......... ..........  0% 3.58M 20m23s
#17 9.867  35150K .......... .......... .......... .......... ..........  0% 3.85M 20m23s
#17 9.880  35200K .......... .......... .......... .......... ..........  0% 4.77M 20m24s
#17 9.889  35250K .......... .......... .......... .......... ..........  0% 17.9M 20m22s
#17 9.892  35300K .......... .......... .......... .......... ..........  0% 8.55M 20m22s
#17 9.898  35350K .......... .......... .......... .......... ..........  0% 7.07M 20m21s
#17 9.905  35400K .......... .......... .......... .......... ..........  0% 7.52M 20m21s
#17 9.911  35450K .......... .......... .......... .......... ..........  0% 6.56M 20m20s
#17 9.919  35500K .......... .......... .......... .......... ..........  0% 5.92M 20m20s
#17 9.927  35550K .......... .......... .......... .......... ..........  0% 3.64M 20m21s
#17 9.941  35600K .......... .......... .......... .......... ..........  0% 5.90M 20m21s
#17 9.948  35650K .......... .......... .......... .......... ..........  0% 5.60M 20m21s
#17 9.958  35700K .......... .......... .......... .......... ..........  0% 6.13M 20m21s
#17 9.965  35750K .......... .......... .......... .......... ..........  0% 5.07M 20m21s
#17 9.975  35800K .......... .......... .......... .......... ..........  0% 4.22M 20m21s
#17 9.986  35850K .......... .......... .......... .......... ..........  0% 4.20M 20m22s
#17 10.00  35900K .......... .......... .......... .......... ..........  0% 51.4M 20m20s
#17 10.00  35950K .......... .......... .......... .......... ..........  0% 75.2M 20m19s
#17 10.00  36000K .......... .......... .......... .......... ..........  0% 3.93M 20m19s
#17 10.01  36050K .......... .......... .......... .......... ..........  0% 2.47M 20m21s
#17 10.03  36100K .......... .......... .......... .......... ..........  0% 3.28M 20m22s
#17 10.05  36150K .......... .......... .......... .......... ..........  0% 6.31M 20m22s
#17 10.05  36200K .......... .......... .......... .......... ..........  0% 5.50M 20m22s
#17 10.07  36250K .......... .......... .......... .......... ..........  0% 5.45M 20m22s
#17 10.07  36300K .......... .......... .......... .......... ..........  0% 9.54M 20m21s
#17 10.08  36350K .......... .......... .......... .......... ..........  0% 4.86M 20m21s
#17 10.09  36400K .......... .......... .......... .......... ..........  0% 8.38M 20m21s
#17 10.09  36450K .......... .......... .......... .......... ..........  0% 16.8M 20m20s
#17 10.10  36500K .......... .......... .......... .......... ..........  0% 6.68M 20m19s
#17 10.10  36550K .......... .......... .......... .......... ..........  0% 8.60M 20m19s
#17 10.11  36600K .......... .......... .......... .......... ..........  0% 4.88M 20m19s
#17 10.12  36650K .......... .......... .......... .......... ..........  0% 7.45M 20m18s
#17 10.13  36700K .......... .......... .......... .......... ..........  0% 2.80M 20m20s
#17 10.14  36750K .......... .......... .......... .......... ..........  0% 5.25M 20m20s
#17 10.15  36800K .......... .......... .......... .......... ..........  0% 5.72M 20m20s
#17 10.16  36850K .......... .......... .......... .......... ..........  0% 5.61M 20m20s
#17 10.17  36900K .......... .......... .......... .......... ..........  0% 6.80M 20m19s
#17 10.18  36950K .......... .......... .......... .......... ..........  0% 9.91M 20m19s
#17 10.18  37000K .......... .......... .......... .......... ..........  0% 8.60M 20m18s
#17 10.19  37050K .......... .......... .......... .......... ..........  0% 7.00M 20m18s
#17 10.20  37100K .......... .......... .......... .......... ..........  0% 3.43M 20m19s
#17 10.21  37150K .......... .......... .......... .......... ..........  0% 10.8M 20m18s
#17 10.21  37200K .......... .......... .......... .......... ..........  0% 11.9M 20m17s
#17 10.22  37250K .......... .......... .......... .......... ..........  0% 7.75M 20m16s
#17 10.22  37300K .......... .......... .......... .......... ..........  0% 8.21M 20m16s
#17 10.23  37350K .......... .......... .......... .......... ..........  0% 5.06M 20m16s
#17 10.24  37400K .......... .......... .......... .......... ..........  0% 4.47M 20m16s
#17 10.25  37450K .......... .......... .......... .......... ..........  0% 8.32M 20m16s
#17 10.26  37500K .......... .......... .......... .......... ..........  0% 7.24M 20m15s
#17 10.26  37550K .......... .......... .......... .......... ..........  0% 7.59M 20m15s
#17 10.27  37600K .......... .......... .......... .......... ..........  0% 9.16M 20m14s
#17 10.28  37650K .......... .......... .......... .......... ..........  0% 8.62M 20m14s
#17 10.28  37700K .......... .......... .......... .......... ..........  0% 4.67M 20m14s
#17 10.29  37750K .......... .......... .......... .......... ..........  0% 16.2M 20m13s
#17 10.29  37800K .......... .......... .......... .......... ..........  0% 6.25M 20m12s
#17 10.30  37850K .......... .......... .......... .......... ..........  0% 6.05M 20m12s
#17 10.31  37900K .......... .......... .......... .......... ..........  0% 5.95M 20m12s
#17 10.32  37950K .......... .......... .......... .......... ..........  0% 3.83M 20m13s
#17 10.33  38000K .......... .......... .......... .......... ..........  0% 13.1M 20m12s
#17 10.33  38050K .......... .......... .......... .......... ..........  0% 3.56M 20m13s
#17 10.35  38100K .......... .......... .......... .......... ..........  0% 10.9M 20m12s
#17 10.35  38150K .......... .......... .......... .......... ..........  0% 6.12M 20m12s
#17 10.36  38200K .......... .......... .......... .......... ..........  0% 8.90M 20m11s
#17 10.37  38250K .......... .......... .......... .......... ..........  0% 5.40M 20m11s
#17 10.38  38300K .......... .......... .......... .......... ..........  0% 13.3M 20m10s
#17 10.38  38350K .......... .......... .......... .......... ..........  0% 6.60M 20m10s
#17 10.39  38400K .......... .......... .......... .......... ..........  0% 6.11M 20m10s
#17 10.39  38450K .......... .......... .......... .......... ..........  0% 20.5M 20m9s
#17 10.40  38500K .......... .......... .......... .......... ..........  0% 4.84M 20m9s
#17 10.41  38550K .......... .......... .......... .......... ..........  0% 5.27M 20m9s
#17 10.42  38600K .......... .......... .......... .......... ..........  0% 7.32M 20m8s
#17 10.42  38650K .......... .......... .......... .......... ..........  0% 8.42M 20m8s
#17 10.43  38700K .......... .......... .......... .......... ..........  0% 3.45M 20m9s
#17 10.45  38750K .......... .......... .......... .......... ..........  0% 12.6M 20m8s
#17 10.45  38800K .......... .......... .......... .......... ..........  0% 5.05M 20m8s
#17 10.46  38850K .......... .......... .......... .......... ..........  0% 7.52M 20m7s
#17 10.46  38900K .......... .......... .......... .......... ..........  0% 7.01M 20m7s
#17 10.47  38950K .......... .......... .......... .......... ..........  0% 6.94M 20m7s
#17 10.48  39000K .......... .......... .......... .......... ..........  0% 10.5M 20m6s
#17 10.48  39050K .......... .......... .......... .......... ..........  0% 6.62M 20m6s
#17 10.49  39100K .......... .......... .......... .......... ..........  0% 3.96M 20m6s
#17 10.50  39150K .......... .......... .......... .......... ..........  0% 6.48M 20m6s
#17 10.51  39200K .......... .......... .......... .......... ..........  0% 5.37M 20m6s
#17 10.52  39250K .......... .......... .......... .......... ..........  0% 8.57M 20m5s
#17 10.52  39300K .......... .......... .......... .......... ..........  0% 5.21M 20m6s
#17 10.53  39350K .......... .......... .......... .......... ..........  0% 5.52M 20m6s
#17 10.54  39400K .......... .......... .......... .......... ..........  0% 20.3M 20m4s
#17 10.54  39450K .......... .......... .......... .......... ..........  0% 5.78M 20m4s
#17 10.55  39500K .......... .......... .......... .......... ..........  0% 7.50M 20m4s
#17 10.56  39550K .......... .......... .......... .......... ..........  0% 4.89M 20m4s
#17 10.57  39600K .......... .......... .......... .......... ..........  0% 6.38M 20m4s
#17 10.58  39650K .......... .......... .......... .......... ..........  0% 11.0M 20m3s
#17 10.58  39700K .......... .......... .......... .......... ..........  0% 6.14M 20m3s
#17 10.59  39750K .......... .......... .......... .......... ..........  0% 4.08M 20m3s
#17 10.60  39800K .......... .......... .......... .......... ..........  0% 6.41M 20m3s
#17 10.61  39850K .......... .......... .......... .......... ..........  0% 5.81M 20m3s
#17 10.62  39900K .......... .......... .......... .......... ..........  0% 4.45M 20m3s
#17 10.63  39950K .......... .......... .......... .......... ..........  0% 6.34M 20m3s
#17 10.64  40000K .......... .......... .......... .......... ..........  0% 7.91M 20m3s
#17 10.64  40050K .......... .......... .......... .......... ..........  0% 5.71M 20m3s
#17 10.65  40100K .......... .......... .......... .......... ..........  0% 12.4M 20m2s
#17 10.65  40150K .......... .......... .......... .......... ..........  0% 7.63M 20m1s
#17 10.66  40200K .......... .......... .......... .......... ..........  0% 5.69M 20m1s
#17 10.67  40250K .......... .......... .......... .......... ..........  0% 10.9M 20m1s
#17 10.68  40300K .......... .......... .......... .......... ..........  0% 5.83M 20m0s
#17 10.68  40350K .......... .......... .......... .......... ..........  0% 5.08M 20m1s
#17 10.69  40400K .......... .......... .......... .......... ..........  0% 7.03M 20m0s
#17 10.70  40450K .......... .......... .......... .......... ..........  0% 7.13M 20m0s
#17 10.71  40500K .......... .......... .......... .......... ..........  0% 5.50M 20m0s
#17 10.71  40550K .......... .......... .......... .......... ..........  0% 5.28M 20m0s
#17 10.72  40600K .......... .......... .......... .......... ..........  0% 5.01M 20m0s
#17 10.73  40650K .......... .......... .......... .......... ..........  0% 11.9M 19m59s
#17 10.74  40700K .......... .......... .......... .......... ..........  0% 5.01M 19m59s
#17 10.75  40750K .......... .......... .......... .......... ..........  0% 12.8M 19m58s
#17 10.75  40800K .......... .......... .......... .......... ..........  0% 6.95M 19m58s
#17 10.76  40850K .......... .......... .......... .......... ..........  0% 8.64M 19m58s
#17 10.76  40900K .......... .......... .......... .......... ..........  0% 5.07M 19m58s
#17 10.77  40950K .......... .......... .......... .......... ..........  0% 10.0M 19m57s
#17 10.78  41000K .......... .......... .......... .......... ..........  0% 6.88M 19m57s
#17 10.79  41050K .......... .......... .......... .......... ..........  0% 7.10M 19m56s
#17 10.79  41100K .......... .......... .......... .......... ..........  0% 4.69M 19m57s
#17 10.80  41150K .......... .......... .......... .......... ..........  0% 8.02M 19m56s
#17 10.81  41200K .......... .......... .......... .......... ..........  0% 5.47M 19m56s
#17 10.82  41250K .......... .......... .......... .......... ..........  0% 3.63M 19m57s
#17 10.83  41300K .......... .......... .......... .......... ..........  0% 3.36M 19m58s
#17 10.85  41350K .......... .......... .......... .......... ..........  0% 7.48M 19m57s
#17 10.85  41400K .......... .......... .......... .......... ..........  0% 41.6M 19m56s
#17 10.85  41450K .......... .......... .......... .......... ..........  0%  101M 19m55s
#17 10.85  41500K .......... .......... .......... .......... ..........  0% 54.8M 19m54s
#17 10.85  41550K .......... .......... .......... .......... ..........  0% 8.83M 19m53s
#17 10.86  41600K .......... .......... .......... .......... ..........  0% 3.47M 19m54s
#17 10.87  41650K .......... .......... .......... .......... ..........  0% 4.90M 19m54s
#17 10.88  41700K .......... .......... .......... .......... ..........  0% 7.89M 19m54s
#17 10.89  41750K .......... .......... .......... .......... ..........  0% 5.62M 19m53s
#17 10.90  41800K .......... .......... .......... .......... ..........  0% 5.92M 19m53s
#17 10.91  41850K .......... .......... .......... .......... ..........  0% 5.65M 19m53s
#17 10.92  41900K .......... .......... .......... .......... ..........  0% 8.92M 19m53s
#17 10.92  41950K .......... .......... .......... .......... ..........  0% 8.02M 19m52s
#17 10.93  42000K .......... .......... .......... .......... ..........  0% 5.88M 19m52s
#17 10.94  42050K .......... .......... .......... .......... ..........  0% 10.9M 19m52s
#17 10.94  42100K .......... .......... .......... .......... ..........  0% 6.47M 19m51s
#17 10.95  42150K .......... .......... .......... .......... ..........  0% 7.56M 19m51s
#17 10.95  42200K .......... .......... .......... .......... ..........  0% 6.57M 19m51s
#17 10.96  42250K .......... .......... .......... .......... ..........  0% 9.07M 19m50s
#17 10.97  42300K .......... .......... .......... .......... ..........  0% 5.13M 19m50s
#17 10.98  42350K .......... .......... .......... .......... ..........  0% 2.34M 19m52s
#17 11.00  42400K .......... .......... .......... .......... ..........  0% 13.0M 19m51s
#17 11.00  42450K .......... .......... .......... .......... ..........  0% 11.6M 19m51s
#17 11.01  42500K .......... .......... .......... .......... ..........  0% 17.9M 19m50s
#17 11.01  42550K .......... .......... .......... .......... ..........  0% 11.3M 19m49s
#17 11.01  42600K .......... .......... .......... .......... ..........  0% 5.73M 19m49s
#17 11.02  42650K .......... .......... .......... .......... ..........  0% 10.2M 19m48s
#17 11.03  42700K .......... .......... .......... .......... ..........  0% 6.95M 19m48s
#17 11.03  42750K .......... .......... .......... .......... ..........  0% 7.59M 19m47s
#17 11.04  42800K .......... .......... .......... .......... ..........  0% 6.68M 19m47s
#17 11.05  42850K .......... .......... .......... .......... ..........  0% 5.34M 19m47s
#17 11.06  42900K .......... .......... .......... .......... ..........  0% 10.1M 19m47s
#17 11.06  42950K .......... .......... .......... .......... ..........  0% 7.55M 19m46s
#17 11.07  43000K .......... .......... .......... .......... ..........  0% 7.58M 19m46s
#17 11.07  43050K .......... .......... .......... .......... ..........  0% 3.98M 19m46s
#17 11.09  43100K .......... .......... .......... .......... ..........  0% 6.03M 19m46s
#17 11.09  43150K .......... .......... .......... .......... ..........  0% 8.09M 19m46s
#17 11.10  43200K .......... .......... .......... .......... ..........  0% 5.22M 19m46s
#17 11.11  43250K .......... .......... .......... .......... ..........  0% 6.61M 19m46s
#17 11.12  43300K .......... .......... .......... .......... ..........  0% 7.55M 19m45s
#17 11.12  43350K .......... .......... .......... .......... ..........  0% 10.3M 19m45s
#17 11.13  43400K .......... .......... .......... .......... ..........  0% 6.60M 19m44s
#17 11.13  43450K .......... .......... .......... .......... ..........  0% 10.8M 19m44s
#17 11.14  43500K .......... .......... .......... .......... ..........  0% 6.96M 19m44s
#17 11.15  43550K .......... .......... .......... .......... ..........  0% 6.24M 19m43s
#17 11.15  43600K .......... .......... .......... .......... ..........  0% 9.05M 19m43s
#17 11.16  43650K .......... .......... .......... .......... ..........  0% 6.83M 19m43s
#17 11.17  43700K .......... .......... .......... .......... ..........  0% 5.10M 19m43s
#17 11.18  43750K .......... .......... .......... .......... ..........  0% 12.3M 19m42s
#17 11.18  43800K .......... .......... .......... .......... ..........  0% 4.27M 19m42s
#17 11.19  43850K .......... .......... .......... .......... ..........  0% 5.35M 19m42s
#17 11.20  43900K .......... .......... .......... .......... ..........  0% 15.1M 19m42s
#17 11.20  43950K .......... .......... .......... .......... ..........  0% 6.61M 19m41s
#17 11.21  44000K .......... .......... .......... .......... ..........  0% 5.03M 19m41s
#17 11.22  44050K .......... .......... .......... .......... ..........  0% 13.9M 19m41s
#17 11.23  44100K .......... .......... .......... .......... ..........  0% 1.95M 19m43s
#17 11.25  44150K .......... .......... .......... .......... ..........  0% 7.63M 19m43s
#17 11.26  44200K .......... .......... .......... .......... ..........  0% 6.36M 19m43s
#17 11.26  44250K .......... .......... .......... .......... ..........  0% 4.52M 19m43s
#17 11.27  44300K .......... .......... .......... .......... ..........  0% 6.55M 19m43s
#17 11.28  44350K .......... .......... .......... .......... ..........  0% 4.23M 19m43s
#17 11.30  44400K .......... .......... .......... .......... ..........  0% 9.87M 19m42s
#17 11.30  44450K .......... .......... .......... .......... ..........  0% 5.71M 19m42s
#17 11.31  44500K .......... .......... .......... .......... ..........  0% 7.45M 19m42s
#17 11.31  44550K .......... .......... .......... .......... ..........  0% 8.61M 19m42s
#17 11.32  44600K .......... .......... .......... .......... ..........  0% 11.8M 19m41s
#17 11.32  44650K .......... .......... .......... .......... ..........  0% 6.07M 19m41s
#17 11.33  44700K .......... .......... .......... .......... ..........  0% 7.50M 19m40s
#17 11.34  44750K .......... .......... .......... .......... ..........  0% 3.51M 19m41s
#17 11.35  44800K .......... .......... .......... .......... ..........  0% 4.82M 19m41s
#17 11.36  44850K .......... .......... .......... .......... ..........  0% 12.1M 19m41s
#17 11.37  44900K .......... .......... .......... .......... ..........  0% 4.45M 19m41s
#17 11.38  44950K .......... .......... .......... .......... ..........  0% 5.31M 19m41s
#17 11.39  45000K .......... .......... .......... .......... ..........  0% 11.1M 19m40s
#17 11.39  45050K .......... .......... .......... .......... ..........  0% 5.10M 19m40s
#17 11.40  45100K .......... .......... .......... .......... ..........  0% 14.8M 19m40s
#17 11.41  45150K .......... .......... .......... .......... ..........  0% 4.82M 19m40s
#17 11.42  45200K .......... .......... .......... .......... ..........  0% 13.0M 19m39s
#17 11.42  45250K .......... .......... .......... .......... ..........  0% 6.92M 19m39s
#17 11.43  45300K .......... .......... .......... .......... ..........  0% 5.68M 19m39s
#17 11.43  45350K .......... .......... .......... .......... ..........  0% 10.8M 19m38s
#17 11.44  45400K .......... .......... .......... .......... ..........  0% 5.47M 19m38s
#17 11.45  45450K .......... .......... .......... .......... ..........  0% 4.40M 19m39s
#17 11.46  45500K .......... .......... .......... .......... ..........  0% 5.12M 19m39s
#17 11.47  45550K .......... .......... .......... .......... ..........  0% 4.48M 19m39s
#17 11.48  45600K .......... .......... .......... .......... ..........  0% 5.43M 19m39s
#17 11.49  45650K .......... .......... .......... .......... ..........  0% 6.96M 19m39s
#17 11.50  45700K .......... .......... .......... .......... ..........  0% 12.6M 19m38s
#17 11.50  45750K .......... .......... .......... .......... ..........  0% 5.99M 19m38s
#17 11.51  45800K .......... .......... .......... .......... ..........  0% 9.77M 19m37s
#17 11.51  45850K .......... .......... .......... .......... ..........  0% 6.80M 19m37s
#17 11.52  45900K .......... .......... .......... .......... ..........  0% 11.0M 19m36s
#17 11.53  45950K .......... .......... .......... .......... ..........  0% 3.35M 19m37s
#17 11.54  46000K .......... .......... .......... .......... ..........  0% 4.58M 19m38s
#17 11.55  46050K .......... .......... .......... .......... ..........  0% 9.94M 19m37s
#17 11.55  46100K .......... .......... .......... .......... ..........  0% 5.45M 19m37s
#17 11.56  46150K .......... .......... .......... .......... ..........  0% 4.75M 19m37s
#17 11.57  46200K .......... .......... .......... .......... ..........  0% 4.30M 19m38s
#17 11.58  46250K .......... .......... .......... .......... ..........  0% 63.7M 19m36s
#17 11.58  46300K .......... .......... .......... .......... ..........  0% 6.92M 19m36s
#17 11.59  46350K .......... .......... .......... .......... ..........  0% 6.55M 19m36s
#17 11.60  46400K .......... .......... .......... .......... ..........  0% 15.0M 19m35s
#17 11.61  46450K .......... .......... .......... .......... ..........  0% 6.42M 19m35s
#17 11.61  46500K .......... .......... .......... .......... ..........  0% 7.29M 19m35s
#17 11.62  46550K .......... .......... .......... .......... ..........  0% 6.68M 19m34s
#17 11.62  46600K .......... .......... .......... .......... ..........  0% 4.36M 19m35s
#17 11.64  46650K .......... .......... .......... .......... ..........  0% 8.99M 19m34s
#17 11.64  46700K .......... .......... .......... .......... ..........  0% 10.5M 19m34s
#17 11.65  46750K .......... .......... .......... .......... ..........  0% 2.62M 19m35s
#17 11.66  46800K .......... .......... .......... .......... ..........  0% 9.99M 19m35s
#17 11.67  46850K .......... .......... .......... .......... ..........  0% 6.22M 19m34s
#17 11.68  46900K .......... .......... .......... .......... ..........  0% 7.28M 19m34s
#17 11.68  46950K .......... .......... .......... .......... ..........  0% 8.32M 19m34s
#17 11.69  47000K .......... .......... .......... .......... ..........  0% 7.09M 19m33s
#17 11.70  47050K .......... .......... .......... .......... ..........  0% 10.4M 19m33s
#17 11.70  47100K .......... .......... .......... .......... ..........  0% 5.93M 19m33s
#17 11.71  47150K .......... .......... .......... .......... ..........  0% 5.13M 19m33s
#17 11.72  47200K .......... .......... .......... .......... ..........  0% 5.69M 19m33s
#17 11.73  47250K .......... .......... .......... .......... ..........  0% 11.6M 19m32s
#17 11.73  47300K .......... .......... .......... .......... ..........  0% 3.97M 19m33s
#17 11.74  47350K .......... .......... .......... .......... ..........  0% 7.76M 19m32s
#17 11.75  47400K .......... .......... .......... .......... ..........  0% 6.29M 19m32s
#17 11.76  47450K .......... .......... .......... .......... ..........  0% 9.63M 19m32s
#17 11.76  47500K .......... .......... .......... .......... ..........  0% 8.46M 19m31s
#17 11.77  47550K .......... .......... .......... .......... ..........  0% 4.75M 19m32s
#17 11.78  47600K .......... .......... .......... .......... ..........  0% 14.0M 19m31s
#17 11.78  47650K .......... .......... .......... .......... ..........  0% 7.06M 19m30s
#17 11.79  47700K .......... .......... .......... .......... ..........  0% 6.44M 19m30s
#17 11.80  47750K .......... .......... .......... .......... ..........  0% 13.2M 19m30s
#17 11.80  47800K .......... .......... .......... .......... ..........  0% 6.77M 19m29s
#17 11.81  47850K .......... .......... .......... .......... ..........  0% 6.74M 19m29s
#17 11.81  47900K .......... .......... .......... .......... ..........  0% 6.94M 19m29s
#17 11.82  47950K .......... .......... .......... .......... ..........  0% 6.36M 19m29s
#17 11.83  48000K .......... .......... .......... .......... ..........  0% 5.42M 19m29s
#17 11.84  48050K .......... .......... .......... .......... ..........  0% 3.74M 19m29s
#17 11.85  48100K .......... .......... .......... .......... ..........  0% 8.74M 19m29s
#17 11.86  48150K .......... .......... .......... .......... ..........  0% 7.49M 19m29s
#17 11.86  48200K .......... .......... .......... .......... ..........  0% 5.01M 19m29s
#17 11.87  48250K .......... .......... .......... .......... ..........  0% 7.67M 19m28s
#17 11.88  48300K .......... .......... .......... .......... ..........  0% 13.0M 19m28s
#17 11.88  48350K .......... .......... .......... .......... ..........  0% 6.69M 19m28s
#17 11.89  48400K .......... .......... .......... .......... ..........  0% 6.70M 19m27s
#17 11.90  48450K .......... .......... .......... .......... ..........  0% 8.10M 19m27s
#17 11.90  48500K .......... .......... .......... .......... ..........  0% 4.68M 19m27s
#17 11.91  48550K .......... .......... .......... .......... ..........  0% 3.88M 19m28s
#17 11.93  48600K .......... .......... .......... .......... ..........  0% 4.33M 19m28s
#17 11.94  48650K .......... .......... .......... .......... ..........  0% 5.91M 19m28s
#17 11.95  48700K .......... .......... .......... .......... ..........  0% 9.27M 19m28s
#17 11.95  48750K .......... .......... .......... .......... ..........  0% 6.16M 19m27s
#17 11.96  48800K .......... .......... .......... .......... ..........  0% 5.22M 19m28s
#17 11.97  48850K .......... .......... .......... .......... ..........  0% 6.32M 19m27s
#17 11.98  48900K .......... .......... .......... .......... ..........  0% 3.99M 19m28s
#17 11.99  48950K .......... .......... .......... .......... ..........  0% 23.2M 19m27s
#17 11.99  49000K .......... .......... .......... .......... ..........  0% 13.4M 19m26s
#17 11.99  49050K .......... .......... .......... .......... ..........  0% 14.7M 19m26s
#17 12.00  49100K .......... .......... .......... .......... ..........  0% 5.56M 19m26s
#17 12.01  49150K .......... .......... .......... .......... ..........  0% 6.09M 19m25s
#17 12.01  49200K .......... .......... .......... .......... ..........  0% 5.37M 19m26s
#17 12.03  49250K .......... .......... .......... .......... ..........  0% 4.50M 19m26s
#17 12.03  49300K .......... .......... .......... .......... ..........  0% 3.90M 19m26s
#17 12.05  49350K .......... .......... .......... .......... ..........  0% 16.4M 19m26s
#17 12.05  49400K .......... .......... .......... .......... ..........  0% 9.83M 19m25s
#17 12.06  49450K .......... .......... .......... .......... ..........  0% 6.89M 19m25s
#17 12.06  49500K .......... .......... .......... .......... ..........  0% 9.75M 19m24s
#17 12.07  49550K .......... .......... .......... .......... ..........  0% 12.4M 19m24s
#17 12.07  49600K .......... .......... .......... .......... ..........  0% 7.00M 19m23s
#17 12.08  49650K .......... .......... .......... .......... ..........  0% 5.81M 19m23s
#17 12.09  49700K .......... .......... .......... .......... ..........  0% 2.83M 19m25s
#17 12.10  49750K .......... .......... .......... .......... ..........  0% 1.92M 19m27s
#17 12.13  49800K .......... .......... .......... .......... ..........  0% 7.01M 19m27s
#17 12.14  49850K .......... .......... .......... .......... ..........  0% 5.78M 19m26s
#17 12.14  49900K .......... .......... .......... .......... ..........  0% 10.0M 19m26s
#17 12.15  49950K .......... .......... .......... .......... ..........  0% 6.45M 19m26s
#17 12.16  50000K .......... .......... .......... .......... ..........  0% 10.6M 19m25s
#17 12.16  50050K .......... .......... .......... .......... ..........  0% 5.30M 19m25s
#17 12.17  50100K .......... .......... .......... .......... ..........  0% 11.6M 19m25s
#17 12.18  50150K .......... .......... .......... .......... ..........  0% 5.84M 19m25s
#17 12.18  50200K .......... .......... .......... .......... ..........  0% 4.95M 19m25s
#17 12.19  50250K .......... .......... .......... .......... ..........  0% 7.87M 19m24s
#17 12.20  50300K .......... .......... .......... .......... ..........  0% 8.33M 19m24s
#17 12.21  50350K .......... .......... .......... .......... ..........  0% 8.27M 19m24s
#17 12.21  50400K .......... .......... .......... .......... ..........  0% 4.61M 19m24s
#17 12.22  50450K .......... .......... .......... .......... ..........  0% 4.67M 19m24s
#17 12.23  50500K .......... .......... .......... .......... ..........  0% 13.3M 19m24s
#17 12.24  50550K .......... .......... .......... .......... ..........  0% 7.30M 19m23s
#17 12.24  50600K .......... .......... .......... .......... ..........  0% 7.70M 19m23s
#17 12.25  50650K .......... .......... .......... .......... ..........  0% 5.70M 19m23s
#17 12.26  50700K .......... .......... .......... .......... ..........  0% 10.6M 19m22s
#17 12.26  50750K .......... .......... .......... .......... ..........  0% 7.81M 19m22s
#17 12.27  50800K .......... .......... .......... .......... ..........  0% 10.2M 19m22s
#17 12.28  50850K .......... .......... .......... .......... ..........  0% 4.05M 19m22s
#17 12.29  50900K .......... .......... .......... .......... ..........  0% 11.6M 19m21s
#17 12.29  50950K .......... .......... .......... .......... ..........  0% 6.30M 19m21s
#17 12.30  51000K .......... .......... .......... .......... ..........  0% 4.92M 19m21s
#17 12.31  51050K .......... .......... .......... .......... ..........  0% 4.73M 19m22s
#17 12.32  51100K .......... .......... .......... .......... ..........  0% 16.9M 19m21s
#17 12.32  51150K .......... .......... .......... .......... ..........  0% 5.61M 19m21s
#17 12.33  51200K .......... .......... .......... .......... ..........  0% 8.23M 19m21s
#17 12.34  51250K .......... .......... .......... .......... ..........  0% 8.77M 19m20s
#17 12.34  51300K .......... .......... .......... .......... ..........  0% 8.51M 19m20s
#17 12.35  51350K .......... .......... .......... .......... ..........  0% 5.26M 19m20s
#17 12.36  51400K .......... .......... .......... .......... ..........  0% 8.28M 19m19s
#17 12.36  51450K .......... .......... .......... .......... ..........  0% 11.0M 19m19s
#17 12.37  51500K .......... .......... .......... .......... ..........  0% 5.16M 19m19s
#17 12.38  51550K .......... .......... .......... .......... ..........  0% 5.78M 19m19s
#17 12.38  51600K .......... .......... .......... .......... ..........  0% 10.4M 19m18s
#17 12.39  51650K .......... .......... .......... .......... ..........  0% 5.51M 19m18s
#17 12.40  51700K .......... .......... .......... .......... ..........  0% 5.23M 19m19s
#17 12.41  51750K .......... .......... .......... .......... ..........  0% 6.09M 19m18s
#17 12.42  51800K .......... .......... .......... .......... ..........  0% 6.41M 19m18s
#17 12.42  51850K .......... .......... .......... .......... ..........  0% 7.45M 19m18s
#17 12.43  51900K .......... .......... .......... .......... ..........  0% 6.75M 19m18s
#17 12.44  51950K .......... .......... .......... .......... ..........  0% 9.33M 19m17s
#17 12.44  52000K .......... .......... .......... .......... ..........  0% 6.41M 19m17s
#17 12.45  52050K .......... .......... .......... .......... ..........  0% 11.4M 19m17s
#17 12.45  52100K .......... .......... .......... .......... ..........  0% 8.25M 19m16s
#17 12.46  52150K .......... .......... .......... .......... ..........  0% 4.02M 19m17s
#17 12.47  52200K .......... .......... .......... .......... ..........  0% 10.7M 19m16s
#17 12.48  52250K .......... .......... .......... .......... ..........  0% 6.87M 19m16s
#17 12.48  52300K .......... .......... .......... .......... ..........  0% 5.65M 19m16s
#17 12.49  52350K .......... .......... .......... .......... ..........  0% 6.44M 19m16s
#17 12.50  52400K .......... .......... .......... .......... ..........  0% 9.33M 19m15s
#17 12.50  52450K .......... .......... .......... .......... ..........  0% 4.67M 19m16s
#17 12.52  52500K .......... .......... .......... .......... ..........  0% 9.21M 19m15s
#17 12.52  52550K .......... .......... .......... .......... ..........  0% 7.06M 19m15s
#17 12.53  52600K .......... .......... .......... .......... ..........  0% 5.19M 19m15s
#17 12.54  52650K .......... .......... .......... .......... ..........  0% 66.0M 19m14s
#17 12.54  52700K .......... .......... .......... .......... ..........  0% 6.58M 19m14s
#17 12.54  52750K .......... .......... .......... .......... ..........  0% 5.27M 19m14s
#17 12.55  52800K .......... .......... .......... .......... ..........  0% 8.00M 19m14s
#17 12.56  52850K .......... .......... .......... .......... ..........  0% 5.66M 19m14s
#17 12.57  52900K .......... .......... .......... .......... ..........  0% 5.24M 19m14s
#17 12.58  52950K .......... .......... .......... .......... ..........  0% 5.36M 19m14s
#17 12.59  53000K .......... .......... .......... .......... ..........  0% 2.94M 19m15s
#17 12.60  53050K .......... .......... .......... .......... ..........  0% 13.7M 19m14s
#17 12.61  53100K .......... .......... .......... .......... ..........  0% 7.97M 19m14s
#17 12.61  53150K .......... .......... .......... .......... ..........  0% 5.48M 19m14s
#17 12.62  53200K .......... .......... .......... .......... ..........  0% 7.80M 19m14s
#17 12.63  53250K .......... .......... .......... .......... ..........  0% 23.4M 19m13s
#17 12.63  53300K .......... .......... .......... .......... ..........  0% 5.59M 19m13s
#17 12.64  53350K .......... .......... .......... .......... ..........  0% 6.97M 19m13s
#17 12.65  53400K .......... .......... .......... .......... ..........  0% 7.11M 19m12s
#17 12.66  53450K .......... .......... .......... .......... ..........  0% 11.5M 19m12s
#17 12.66  53500K .......... .......... .......... .......... ..........  0% 5.03M 19m12s
#17 12.67  53550K .......... .......... .......... .......... ..........  0% 7.17M 19m12s
#17 12.67  53600K .......... .......... .......... .......... ..........  0% 6.02M 19m12s
#17 12.68  53650K .......... .......... .......... .......... ..........  0% 6.19M 19m12s
#17 12.69  53700K .......... .......... .......... .......... ..........  0% 7.12M 19m11s
#17 12.70  53750K .......... .......... .......... .......... ..........  0% 5.27M 19m11s
#17 12.71  53800K .......... .......... .......... .......... ..........  0% 7.63M 19m11s
#17 12.71  53850K .......... .......... .......... .......... ..........  0% 7.74M 19m11s
#17 12.72  53900K .......... .......... .......... .......... ..........  0% 4.83M 19m11s
#17 12.73  53950K .......... .......... .......... .......... ..........  0% 10.1M 19m11s
#17 12.73  54000K .......... .......... .......... .......... ..........  0% 4.60M 19m11s
#17 12.75  54050K .......... .......... .......... .......... ..........  0% 4.38M 19m11s
#17 12.76  54100K .......... .......... .......... .......... ..........  0% 11.0M 19m11s
#17 12.76  54150K .......... .......... .......... .......... ..........  0% 5.23M 19m11s
#17 12.77  54200K .......... .......... .......... .......... ..........  0% 1.44M 19m14s
#17 12.80  54250K .......... .......... .......... .......... ..........  0% 4.53M 19m14s
#17 12.81  54300K .......... .......... .......... .......... ..........  0% 3.41M 19m15s
#17 12.83  54350K .......... .......... .......... .......... ..........  0% 5.51M 19m15s
#17 12.84  54400K .......... .......... .......... .......... ..........  0% 35.3M 19m14s
#17 12.84  54450K .......... .......... .......... .......... ..........  0% 10.5M 19m13s
#17 12.84  54500K .......... .......... .......... .......... ..........  0%  317K 19m32s
#17 13.00  54550K .......... .......... .......... .......... ..........  0%  669K 19m40s
#17 13.08  54600K .......... .......... .......... .......... ..........  0% 4.13M 19m40s
#17 13.09  54650K .......... .......... .......... .......... ..........  0% 4.67M 19m41s
#17 13.10  54700K .......... .......... .......... .......... ..........  0% 11.1M 19m40s
#17 13.10  54750K .......... .......... .......... .......... ..........  0% 8.29M 19m40s
#17 13.11  54800K .......... .......... .......... .......... ..........  0% 11.4M 19m39s
#17 13.11  54850K .......... .......... .......... .......... ..........  0% 8.95M 19m39s
#17 13.12  54900K .......... .......... .......... .......... ..........  0% 18.7M 19m38s
#17 13.12  54950K .......... .......... .......... .......... ..........  0% 3.69M 19m38s
#17 13.13  55000K .......... .......... .......... .......... ..........  0% 8.76M 19m38s
#17 13.14  55050K .......... .......... .......... .......... ..........  0% 5.69M 19m38s
#17 13.15  55100K .......... .......... .......... .......... ..........  0% 4.86M 19m38s
#17 13.16  55150K .......... .......... .......... .......... ..........  0% 6.06M 19m38s
#17 13.17  55200K .......... .......... .......... .......... ..........  0% 8.34M 19m38s
#17 13.18  55250K .......... .......... .......... .......... ..........  0% 3.08M 19m39s
#17 13.20  55300K .......... .......... .......... .......... ..........  0% 8.31M 19m38s
#17 13.20  55350K .......... .......... .......... .......... ..........  0% 3.19M 19m39s
#17 13.21  55400K .......... .......... .......... .......... ..........  0% 20.6M 19m38s
#17 13.21  55450K .......... .......... .......... .......... ..........  0% 5.61M 19m38s
#17 13.22  55500K .......... .......... .......... .......... ..........  0% 5.83M 19m38s
#17 13.23  55550K .......... .......... .......... .......... ..........  0% 8.15M 19m38s
#17 13.24  55600K .......... .......... .......... .......... ..........  0% 6.43M 19m38s
#17 13.24  55650K .......... .......... .......... .......... ..........  0% 7.25M 19m37s
#17 13.25  55700K .......... .......... .......... .......... ..........  0% 6.56M 19m37s
#17 13.26  55750K .......... .......... .......... .......... ..........  0% 3.53M 19m38s
#17 13.27  55800K .......... .......... .......... .......... ..........  0% 12.3M 19m37s
#17 13.27  55850K .......... .......... .......... .......... ..........  0% 6.72M 19m37s
#17 13.28  55900K .......... .......... .......... .......... ..........  0% 4.53M 19m37s
#17 13.30  55950K .......... .......... .......... .......... ..........  0% 14.2M 19m37s
#17 13.30  56000K .......... .......... .......... .......... ..........  0% 23.6M 19m36s
#17 13.30  56050K .......... .......... .......... .......... ..........  0% 5.62M 19m36s
#17 13.31  56100K .......... .......... .......... .......... ..........  0% 9.48M 19m35s
#17 13.31  56150K .......... .......... .......... .......... ..........  0% 3.29M 19m36s
#17 13.33  56200K .......... .......... .......... .......... ..........  0% 6.90M 19m36s
#17 13.33  56250K .......... .......... .......... .......... ..........  0% 4.80M 19m36s
#17 13.34  56300K .......... .......... .......... .......... ..........  0% 4.56M 19m36s
#17 13.35  56350K .......... .......... .......... .......... ..........  0% 15.7M 19m36s
#17 13.36  56400K .......... .......... .......... .......... ..........  0% 10.3M 19m35s
#17 13.36  56450K .......... .......... .......... .......... ..........  0% 8.36M 19m35s
#17 13.37  56500K .......... .......... .......... .......... ..........  0% 5.87M 19m35s
#17 13.38  56550K .......... .......... .......... .......... ..........  0% 6.00M 19m35s
#17 13.38  56600K .......... .......... .......... .......... ..........  0% 10.1M 19m34s
#17 13.39  56650K .......... .......... .......... .......... ..........  0% 8.84M 19m34s
#17 13.39  56700K .......... .......... .......... .......... ..........  0% 5.15M 19m34s
#17 13.41  56750K .......... .......... .......... .......... ..........  0% 5.56M 19m34s
#17 13.41  56800K .......... .......... .......... .......... ..........  0% 11.1M 19m33s
#17 13.42  56850K .......... .......... .......... .......... ..........  0% 4.97M 19m33s
#17 13.43  56900K .......... .......... .......... .......... ..........  0% 11.4M 19m33s
#17 13.43  56950K .......... .......... .......... .......... ..........  0% 3.88M 19m33s
#17 13.44  57000K .......... .......... .......... .......... ..........  0% 8.29M 19m33s
#17 13.45  57050K .......... .......... .......... .......... ..........  0% 8.72M 19m33s
#17 13.46  57100K .......... .......... .......... .......... ..........  0% 7.07M 19m32s
#17 13.46  57150K .......... .......... .......... .......... ..........  0% 5.31M 19m32s
#17 13.47  57200K .......... .......... .......... .......... ..........  0% 24.8M 19m32s
#17 13.47  57250K .......... .......... .......... .......... ..........  0% 5.51M 19m32s
#17 13.48  57300K .......... .......... .......... .......... ..........  0% 6.18M 19m31s
#17 13.49  57350K .......... .......... .......... .......... ..........  0% 7.24M 19m31s
#17 13.50  57400K .......... .......... .......... .......... ..........  0% 9.95M 19m31s
#17 13.50  57450K .......... .......... .......... .......... ..........  0% 5.93M 19m31s
#17 13.51  57500K .......... .......... .......... .......... ..........  0% 8.59M 19m30s
#17 13.52  57550K .......... .......... .......... .......... ..........  0% 6.03M 19m30s
#17 13.52  57600K .......... .......... .......... .......... ..........  0% 6.55M 19m30s
#17 13.53  57650K .......... .......... .......... .......... ..........  0% 5.05M 19m30s
#17 13.54  57700K .......... .......... .......... .......... ..........  0% 3.40M 19m31s
#17 13.56  57750K .......... .......... .......... .......... ..........  0% 4.21M 19m31s
#17 13.57  57800K .......... .......... .......... .......... ..........  0% 1.72M 19m33s
#17 13.60  57850K .......... .......... .......... .......... ..........  0% 5.41M 19m33s
#17 13.60  57900K .......... .......... .......... .......... ..........  0% 6.42M 19m33s
#17 13.61  57950K .......... .......... .......... .......... ..........  0% 6.76M 19m33s
#17 13.62  58000K .......... .......... .......... .......... ..........  0% 5.24M 19m33s
#17 13.63  58050K .......... .......... .......... .......... ..........  0% 9.41M 19m33s
#17 13.63  58100K .......... .......... .......... .......... ..........  0% 6.14M 19m33s
#17 13.64  58150K .......... .......... .......... .......... ..........  0% 6.38M 19m33s
#17 13.65  58200K .......... .......... .......... .......... ..........  0% 8.98M 19m32s
#17 13.66  58250K .......... .......... .......... .......... ..........  0% 4.82M 19m32s
#17 13.67  58300K .......... .......... .......... .......... ..........  0% 9.52M 19m32s
#17 13.67  58350K .......... .......... .......... .......... ..........  0% 9.28M 19m32s
#17 13.68  58400K .......... .......... .......... .......... ..........  0% 8.98M 19m31s
#17 13.68  58450K .......... .......... .......... .......... ..........  0% 6.60M 19m31s
#17 13.69  58500K .......... .......... .......... .......... ..........  0% 5.74M 19m31s
#17 13.70  58550K .......... .......... .......... .......... ..........  0% 4.20M 19m31s
#17 13.71  58600K .......... .......... .......... .......... ..........  0% 8.81M 19m31s
#17 13.71  58650K .......... .......... .......... .......... ..........  0% 5.38M 19m31s
#17 13.72  58700K .......... .......... .......... .......... ..........  0% 9.64M 19m30s
#17 13.73  58750K .......... .......... .......... .......... ..........  0% 5.94M 19m30s
#17 13.74  58800K .......... .......... .......... .......... ..........  0% 5.86M 19m30s
#17 13.74  58850K .......... .......... .......... .......... ..........  0% 8.43M 19m30s
#17 13.75  58900K .......... .......... .......... .......... ..........  0% 8.95M 19m30s
#17 13.76  58950K .......... .......... .......... .......... ..........  0% 4.31M 19m30s
#17 13.77  59000K .......... .......... .......... .......... ..........  0% 10.8M 19m29s
#17 13.77  59050K .......... .......... .......... .......... ..........  0% 7.11M 19m29s
#17 13.78  59100K .......... .......... .......... .......... ..........  0% 4.74M 19m29s
#17 13.79  59150K .......... .......... .......... .......... ..........  0% 12.1M 19m29s
#17 13.79  59200K .......... .......... .......... .......... ..........  0% 4.38M 19m29s
#17 13.80  59250K .......... .......... .......... .......... ..........  0% 5.23M 19m29s
#17 13.81  59300K .......... .......... .......... .......... ..........  0% 6.13M 19m29s
#17 13.82  59350K .......... .......... .......... .......... ..........  0% 5.24M 19m29s
#17 13.83  59400K .......... .......... .......... .......... ..........  0% 6.64M 19m29s
#17 13.84  59450K .......... .......... .......... .......... ..........  0% 7.42M 19m29s
#17 13.84  59500K .......... .......... .......... .......... ..........  0% 9.22M 19m28s
#17 13.85  59550K .......... .......... .......... .......... ..........  0% 8.14M 19m28s
#17 13.86  59600K .......... .......... .......... .......... ..........  0% 6.72M 19m28s
#17 13.86  59650K .......... .......... .......... .......... ..........  0% 8.84M 19m28s
#17 13.87  59700K .......... .......... .......... .......... ..........  0% 5.43M 19m28s
#17 13.88  59750K .......... .......... .......... .......... ..........  0% 4.81M 19m28s
#17 13.89  59800K .......... .......... .......... .......... ..........  0% 5.58M 19m28s
#17 13.90  59850K .......... .......... .......... .......... ..........  0% 4.86M 19m28s
#17 13.91  59900K .......... .......... .......... .......... ..........  0% 8.07M 19m28s
#17 13.91  59950K .......... .......... .......... .......... ..........  0% 7.49M 19m27s
#17 13.92  60000K .......... .......... .......... .......... ..........  0% 7.35M 19m27s
#17 13.93  60050K .......... .......... .......... .......... ..........  0% 8.84M 19m27s
#17 13.93  60100K .......... .......... .......... .......... ..........  0% 8.31M 19m26s
#17 13.94  60150K .......... .......... .......... .......... ..........  0% 5.78M 19m26s
#17 13.95  60200K .......... .......... .......... .......... ..........  0% 6.58M 19m26s
#17 13.95  60250K .......... .......... .......... .......... ..........  0% 5.84M 19m26s
#17 13.96  60300K .......... .......... .......... .......... ..........  0% 8.70M 19m26s
#17 13.97  60350K .......... .......... .......... .......... ..........  0% 4.90M 19m26s
#17 13.98  60400K .......... .......... .......... .......... ..........  0% 10.8M 19m25s
#17 13.98  60450K .......... .......... .......... .......... ..........  0% 5.02M 19m26s
#17 13.99  60500K .......... .......... .......... .......... ..........  0% 9.85M 19m25s
#17 14.00  60550K .......... .......... .......... .......... ..........  0% 3.57M 19m26s
#17 14.01  60600K .......... .......... .......... .......... ..........  0% 9.72M 19m25s
#17 14.02  60650K .......... .......... .......... .......... ..........  0% 7.10M 19m25s
#17 14.03  60700K .......... .......... .......... .......... ..........  0% 5.89M 19m25s
#17 14.03  60750K .......... .......... .......... .......... ..........  0% 7.42M 19m25s
#17 14.04  60800K .......... .......... .......... .......... ..........  0% 8.11M 19m24s
#17 14.04  60850K .......... .......... .......... .......... ..........  0% 15.4M 19m24s
#17 14.05  60900K .......... .......... .......... .......... ..........  0% 5.87M 19m24s
#17 14.05  60950K .......... .......... .......... .......... ..........  0% 3.70M 19m24s
#17 14.07  61000K .......... .......... .......... .......... ..........  0% 8.33M 19m24s
#17 14.07  61050K .......... .......... .......... .......... ..........  0% 5.88M 19m24s
#17 14.08  61100K .......... .......... .......... .......... ..........  0% 7.11M 19m24s
#17 14.09  61150K .......... .......... .......... .......... ..........  0% 6.96M 19m24s
#17 14.10  61200K .......... .......... .......... .......... ..........  0% 5.90M 19m23s
#17 14.11  61250K .......... .......... .......... .......... ..........  0% 6.14M 19m23s
#17 14.12  61300K .......... .......... .......... .......... ..........  0% 7.35M 19m23s
#17 14.12  61350K .......... .......... .......... .......... ..........  0% 12.5M 19m23s
#17 14.12  61400K .......... .......... .......... .......... ..........  0% 7.15M 19m22s
#17 14.13  61450K .......... .......... .......... .......... ..........  0%  697K 19m29s
#17 14.20  61500K .......... .......... .......... .......... ..........  0% 3.27M 19m30s
#17 14.22  61550K .......... .......... .......... .......... ..........  0% 5.37M 19m30s
#17 14.23  61600K .......... .......... .......... .......... ..........  0% 4.03M 19m30s
#17 14.24  61650K .......... .......... .......... .......... ..........  0% 4.17M 19m31s
#17 14.25  61700K .......... .......... .......... .......... ..........  0% 2.07M 19m32s
#17 14.28  61750K .......... .......... .......... .......... ..........  0% 4.67M 19m32s
#17 14.29  61800K .......... .......... .......... .......... ..........  0% 22.3M 19m32s
#17 14.29  61850K .......... .......... .......... .......... ..........  0% 8.73M 19m31s
#17 14.30  61900K .......... .......... .......... .......... ..........  0% 9.63M 19m31s
#17 14.30  61950K .......... .......... .......... .......... ..........  0% 28.1M 19m30s
#17 14.30  62000K .......... .......... .......... .......... ..........  0% 42.7M 19m29s
#17 14.30  62050K .......... .......... .......... .......... ..........  0% 78.2M 19m29s
#17 14.30  62100K .......... .......... .......... .......... ..........  0% 6.78M 19m28s
#17 14.31  62150K .......... .......... .......... .......... ..........  0% 6.52M 19m28s
#17 14.31  62200K .......... .......... .......... .......... ..........  0% 5.86M 19m28s
#17 14.32  62250K .......... .......... .......... .......... ..........  0% 21.5M 19m27s
#17 14.33  62300K .......... .......... .......... .......... ..........  0% 6.41M 19m27s
#17 14.33  62350K .......... .......... .......... .......... ..........  0% 8.51M 19m27s
#17 14.34  62400K .......... .......... .......... .......... ..........  0% 8.96M 19m27s
#17 14.34  62450K .......... .......... .......... .......... ..........  0% 5.78M 19m27s
#17 14.35  62500K .......... .......... .......... .......... ..........  0% 12.7M 19m26s
#17 14.36  62550K .......... .......... .......... .......... ..........  0% 4.98M 19m26s
#17 14.37  62600K .......... .......... .......... .......... ..........  0% 6.25M 19m26s
#17 14.37  62650K .......... .......... .......... .......... ..........  0% 6.07M 19m26s
#17 14.38  62700K .......... .......... .......... .......... ..........  0% 4.77M 19m26s
#17 14.39  62750K .......... .......... .......... .......... ..........  0% 7.64M 19m26s
#17 14.40  62800K .......... .......... .......... .......... ..........  0% 8.35M 19m26s
#17 14.40  62850K .......... .......... .......... .......... ..........  0% 9.10M 19m25s
#17 14.41  62900K .......... .......... .......... .......... ..........  0% 8.88M 19m25s
#17 14.41  62950K .......... .......... .......... .......... ..........  0% 6.69M 19m25s
#17 14.42  63000K .......... .......... .......... .......... ..........  0% 8.42M 19m24s
#17 14.43  63050K .......... .......... .......... .......... ..........  0% 16.5M 19m24s
#17 14.43  63100K .......... .......... .......... .......... ..........  0% 3.91M 19m24s
#17 14.44  63150K .......... .......... .......... .......... ..........  0% 1.61M 19m27s
#17 14.47  63200K .......... .......... .......... .......... ..........  0% 7.12M 19m26s
#17 14.48  63250K .......... .......... .......... .......... ..........  0% 5.95M 19m26s
#17 14.49  63300K .......... .......... .......... .......... ..........  0% 6.53M 19m26s
#17 14.50  63350K .......... .......... .......... .......... ..........  0% 4.84M 19m26s
#17 14.51  63400K .......... .......... .......... .......... ..........  0% 8.67M 19m26s
#17 14.51  63450K .......... .......... .......... .......... ..........  0% 8.67M 19m26s
#17 14.52  63500K .......... .......... .......... .......... ..........  0% 5.75M 19m26s
#17 14.53  63550K .......... .......... .......... .......... ..........  0% 8.18M 19m25s
#17 14.53  63600K .......... .......... .......... .......... ..........  0% 5.80M 19m25s
#17 14.54  63650K .......... .......... .......... .......... ..........  0% 5.29M 19m25s
#17 14.55  63700K .......... .......... .......... .......... ..........  0% 8.07M 19m25s
#17 14.56  63750K .......... .......... .......... .......... ..........  0% 5.25M 19m25s
#17 14.56  63800K .......... .......... .......... .......... ..........  0% 4.52M 19m25s
#17 14.58  63850K .......... .......... .......... .......... ..........  0% 12.7M 19m25s
#17 14.58  63900K .......... .......... .......... .......... ..........  0% 4.43M 19m25s
#17 14.59  63950K .......... .......... .......... .......... ..........  0% 6.01M 19m25s
#17 14.60  64000K .......... .......... .......... .......... ..........  0% 9.00M 19m25s
#17 14.60  64050K .......... .......... .......... .......... ..........  0% 5.07M 19m25s
#17 14.61  64100K .......... .......... .......... .......... ..........  0% 5.41M 19m25s
#17 14.62  64150K .......... .......... .......... .......... ..........  0% 2.91M 19m26s
#17 14.64  64200K .......... .......... .......... .......... ..........  0% 8.52M 19m25s
#17 14.65  64250K .......... .......... .......... .......... ..........  0% 4.72M 19m25s
#17 14.66  64300K .......... .......... .......... .......... ..........  0% 4.65M 19m26s
#17 14.67  64350K .......... .......... .......... .......... ..........  0% 8.84M 19m25s
#17 14.67  64400K .......... .......... .......... .......... ..........  0% 12.6M 19m25s
#17 14.68  64450K .......... .......... .......... .......... ..........  0% 7.45M 19m24s
#17 14.68  64500K .......... .......... .......... .......... ..........  0% 5.09M 19m25s
#17 14.69  64550K .......... .......... .......... .......... ..........  0% 3.93M 19m25s
#17 14.70  64600K .......... .......... .......... .......... ..........  0% 4.59M 19m25s
#17 14.71  64650K .......... .......... .......... .......... ..........  0% 33.5M 19m24s
#17 14.73  64700K .......... .......... .......... .......... ..........  0% 3.22M 19m25s
#17 14.73  64750K .......... .......... .......... .......... ..........  0% 8.53M 19m25s
#17 14.74  64800K .......... .......... .......... .......... ..........  0% 5.66M 19m25s
#17 14.75  64850K .......... .......... .......... .......... ..........  0% 5.55M 19m25s
#17 14.75  64900K .......... .......... .......... .......... ..........  0% 6.07M 19m25s
#17 14.76  64950K .......... .......... .......... .......... ..........  0% 3.24M 19m25s
#17 14.78  65000K .......... .......... .......... .......... ..........  0% 9.21M 19m25s
#17 14.78  65050K .......... .......... .......... .......... ..........  0% 56.6M 19m24s
#17 14.79  65100K .......... .......... .......... .......... ..........  0% 3.01M 19m25s
#17 14.80  65150K .......... .......... .......... .......... ..........  0% 8.83M 19m25s
#17 14.81  65200K .......... .......... .......... .......... ..........  0% 3.95M 19m25s
#17 14.82  65250K .......... .......... .......... .......... ..........  0% 19.2M 19m24s
#17 14.82  65300K .......... .......... .......... .......... ..........  0% 5.48M 19m24s
#17 14.83  65350K .......... .......... .......... .......... ..........  0% 4.19M 19m25s
#17 14.84  65400K .......... .......... .......... .......... ..........  0% 21.2M 19m24s
#17 14.84  65450K .......... .......... .......... .......... ..........  0% 3.10M 19m25s
#17 14.86  65500K .......... .......... .......... .......... ..........  0% 9.01M 19m24s
#17 14.86  65550K .......... .......... .......... .......... ..........  0% 3.35M 19m25s
#17 14.88  65600K .......... .......... .......... .......... ..........  0% 18.7M 19m24s
#17 14.88  65650K .......... .......... .......... .......... ..........  0% 4.22M 19m25s
#17 14.89  65700K .......... .......... .......... .......... ..........  0% 8.98M 19m24s
#17 14.90  65750K .......... .......... .......... .......... ..........  0% 12.2M 19m24s
#17 14.90  65800K .......... .......... .......... .......... ..........  0% 3.07M 19m24s
#17 14.92  65850K .......... .......... .......... .......... ..........  0% 4.55M 19m25s
#17 14.94  65900K .......... .......... .......... .......... ..........  0% 4.48M 19m25s
#17 14.94  65950K .......... .......... .......... .......... ..........  0% 26.7M 19m24s
#17 14.94  66000K .......... .......... .......... .......... ..........  0% 31.4M 19m23s
#17 14.94  66050K .......... .......... .......... .......... ..........  0% 16.6M 19m23s
#17 14.95  66100K .......... .......... .......... .......... ..........  0% 25.0M 19m22s
#17 14.95  66150K .......... .......... .......... .......... ..........  0% 4.92M 19m22s
#17 14.96  66200K .......... .......... .......... .......... ..........  0% 13.8M 19m22s
#17 14.96  66250K .......... .......... .......... .......... ..........  0% 4.45M 19m22s
#17 14.97  66300K .......... .......... .......... .......... ..........  0% 9.50M 19m22s
#17 14.98  66350K .......... .......... .......... .......... ..........  0% 4.09M 19m22s
#17 14.99  66400K .......... .......... .......... .......... ..........  0% 50.4M 19m21s
#17 14.99  66450K .......... .......... .......... .......... ..........  0% 5.31M 19m21s
#17 15.00  66500K .......... .......... .......... .......... ..........  0% 4.61M 19m21s
#17 15.01  66550K .......... .......... .......... .......... ..........  0% 23.8M 19m21s
#17 15.01  66600K .......... .......... .......... .......... ..........  0% 5.64M 19m21s
#17 15.02  66650K .......... .......... .......... .......... ..........  0% 4.66M 19m21s
#17 15.04  66700K .......... .......... .......... .......... ..........  0% 3.66M 19m21s
#17 15.05  66750K .......... .......... .......... .......... ..........  0% 3.88M 19m22s
#17 15.06  66800K .......... .......... .......... .......... ..........  0% 4.21M 19m22s
#17 15.07  66850K .......... .......... .......... .......... ..........  0% 1.77M 19m24s
#17 15.10  66900K .......... .......... .......... .......... ..........  0% 5.22M 19m24s
#17 15.11  66950K .......... .......... .......... .......... ..........  0% 15.2M 19m23s
#17 15.11  67000K .......... .......... .......... .......... ..........  0% 4.78M 19m24s
#17 15.12  67050K .......... .......... .......... .......... ..........  0% 7.80M 19m23s
#17 15.13  67100K .......... .......... .......... .......... ..........  0% 4.02M 19m24s
#17 15.14  67150K .......... .......... .......... .......... ..........  0% 10.2M 19m23s
#17 15.14  67200K .......... .......... .......... .......... ..........  0% 12.8M 19m23s
#17 15.15  67250K .......... .......... .......... .......... ..........  0% 8.23M 19m22s
#17 15.15  67300K .......... .......... .......... .......... ..........  0% 4.06M 19m23s
#17 15.17  67350K .......... .......... .......... .......... ..........  0% 10.2M 19m22s
#17 15.17  67400K .......... .......... .......... .......... ..........  0% 11.0M 19m22s
#17 15.17  67450K .......... .......... .......... .......... ..........  0% 9.52M 19m22s
#17 15.18  67500K .......... .......... .......... .......... ..........  0% 4.73M 19m22s
#17 15.19  67550K .......... .......... .......... .......... ..........  0% 7.12M 19m22s
#17 15.20  67600K .......... .......... .......... .......... ..........  0% 7.82M 19m21s
#17 15.20  67650K .......... .......... .......... .......... ..........  0% 13.2M 19m21s
#17 15.21  67700K .......... .......... .......... .......... ..........  0% 4.78M 19m21s
#17 15.22  67750K .......... .......... .......... .......... ..........  1% 4.25M 19m21s
#17 15.23  67800K .......... .......... .......... .......... ..........  1% 4.69M 19m21s
#17 15.24  67850K .......... .......... .......... .......... ..........  1% 51.1M 19m21s
#17 15.26  67900K .......... .......... .......... .......... ..........  1% 3.07M 19m21s
#17 15.26  67950K .......... .......... .......... .......... ..........  1% 5.97M 19m21s
#17 15.26  68000K .......... .......... .......... .......... ..........  1% 13.3M 19m21s
#17 15.27  68050K .......... .......... .......... .......... ..........  1% 8.66M 19m21s
#17 15.27  68100K .......... .......... .......... .......... ..........  1% 4.55M 19m21s
#17 15.28  68150K .......... .......... .......... .......... ..........  1% 6.95M 19m21s
#17 15.29  68200K .......... .......... .......... .......... ..........  1% 9.16M 19m20s
#17 15.30  68250K .......... .......... .......... .......... ..........  1% 6.72M 19m20s
#17 15.31  68300K .......... .......... .......... .......... ..........  1% 4.19M 19m20s
#17 15.31  68350K .......... .......... .......... .......... ..........  1% 7.26M 19m20s
#17 15.32  68400K .......... .......... .......... .......... ..........  1% 4.07M 19m20s
#17 15.33  68450K .......... .......... .......... .......... ..........  1% 19.7M 19m20s
#17 15.34  68500K .......... .......... .......... .......... ..........  1% 7.83M 19m20s
#17 15.34  68550K .......... .......... .......... .......... ..........  1% 3.89M 19m20s
#17 15.36  68600K .......... .......... .......... .......... ..........  1% 15.7M 19m19s
#17 15.36  68650K .......... .......... .......... .......... ..........  1% 10.1M 19m19s
#17 15.36  68700K .......... .......... .......... .......... ..........  1% 5.72M 19m19s
#17 15.37  68750K .......... .......... .......... .......... ..........  1% 6.17M 19m19s
#17 15.38  68800K .......... .......... .......... .......... ..........  1% 5.68M 19m19s
#17 15.39  68850K .......... .......... .......... .......... ..........  1% 10.6M 19m19s
#17 15.39  68900K .......... .......... .......... .......... ..........  1% 5.21M 19m19s
#17 15.40  68950K .......... .......... .......... .......... ..........  1% 6.90M 19m18s
#17 15.41  69000K .......... .......... .......... .......... ..........  1% 4.96M 19m19s
#17 15.42  69050K .......... .......... .......... .......... ..........  1% 27.4M 19m18s
#17 15.42  69100K .......... .......... .......... .......... ..........  1% 4.87M 19m18s
#17 15.43  69150K .......... .......... .......... .......... ..........  1% 7.75M 19m18s
#17 15.44  69200K .......... .......... .......... .......... ..........  1% 6.19M 19m18s
#17 15.44  69250K .......... .......... .......... .......... ..........  1% 5.59M 19m18s
#17 15.45  69300K .......... .......... .......... .......... ..........  1% 7.40M 19m17s
#17 15.46  69350K .......... .......... .......... .......... ..........  1% 5.23M 19m18s
#17 15.47  69400K .......... .......... .......... .......... ..........  1% 6.19M 19m17s
#17 15.48  69450K .......... .......... .......... .......... ..........  1% 7.22M 19m17s
#17 15.48  69500K .......... .......... .......... .......... ..........  1% 4.40M 19m18s
#17 15.50  69550K .......... .......... .......... .......... ..........  1% 7.99M 19m17s
#17 15.50  69600K .......... .......... .......... .......... ..........  1% 5.50M 19m17s
#17 15.51  69650K .......... .......... .......... .......... ..........  1% 11.5M 19m17s
#17 15.51  69700K .......... .......... .......... .......... ..........  1% 5.21M 19m17s
#17 15.52  69750K .......... .......... .......... .......... ..........  1% 8.40M 19m17s
#17 15.53  69800K .......... .......... .......... .......... ..........  1% 4.26M 19m17s
#17 15.54  69850K .......... .......... .......... .......... ..........  1% 11.3M 19m16s
#17 15.55  69900K .......... .......... .......... .......... ..........  1% 5.05M 19m17s
#17 15.56  69950K .......... .......... .......... .......... ..........  1% 9.18M 19m16s
#17 15.56  70000K .......... .......... .......... .......... ..........  1% 11.6M 19m16s
#17 15.57  70050K .......... .......... .......... .......... ..........  1% 6.03M 19m16s
#17 15.57  70100K .......... .......... .......... .......... ..........  1% 1.54M 19m18s
#17 15.60  70150K .......... .......... .......... .......... ..........  1% 4.19M 19m18s
#17 15.62  70200K .......... .......... .......... .......... ..........  1% 15.6M 19m18s
#17 15.62  70250K .......... .......... .......... .......... ..........  1% 9.17M 19m17s
#17 15.63  70300K .......... .......... .......... .......... ..........  1% 3.67M 19m18s
#17 15.64  70350K .......... .......... .......... .......... ..........  1% 5.21M 19m18s
#17 15.65  70400K .......... .......... .......... .......... ..........  1% 7.88M 19m18s
#17 15.65  70450K .......... .......... .......... .......... ..........  1% 24.2M 19m17s
#17 15.66  70500K .......... .......... .......... .......... ..........  1% 4.09M 19m17s
#17 15.67  70550K .......... .......... .......... .......... ..........  1% 6.74M 19m17s
#17 15.67  70600K .......... .......... .......... .......... ..........  1% 6.34M 19m17s
#17 15.68  70650K .......... .......... .......... .......... ..........  1% 10.3M 19m17s
#17 15.69  70700K .......... .......... .......... .......... ..........  1% 4.65M 19m17s
#17 15.70  70750K .......... .......... .......... .......... ..........  1% 6.11M 19m17s
#17 15.71  70800K .......... .......... .......... .......... ..........  1% 5.66M 19m17s
#17 15.71  70850K .......... .......... .......... .......... ..........  1% 6.94M 19m17s
#17 15.72  70900K .......... .......... .......... .......... ..........  1% 10.4M 19m16s
#17 15.73  70950K .......... .......... .......... .......... ..........  1% 5.90M 19m16s
#17 15.74  71000K .......... .......... .......... .......... ..........  1% 5.57M 19m16s
#17 15.74  71050K .......... .......... .......... .......... ..........  1% 8.51M 19m16s
#17 15.75  71100K .......... .......... .......... .......... ..........  1% 5.01M 19m16s
#17 15.76  71150K .......... .......... .......... .......... ..........  1% 6.27M 19m16s
#17 15.77  71200K .......... .......... .......... .......... ..........  1% 17.0M 19m15s
#17 15.77  71250K .......... .......... .......... .......... ..........  1% 5.86M 19m15s
#17 15.78  71300K .......... .......... .......... .......... ..........  1% 4.15M 19m16s
#17 15.79  71350K .......... .......... .......... .......... ..........  1% 5.78M 19m16s
#17 15.80  71400K .......... .......... .......... .......... ..........  1% 6.92M 19m15s
#17 15.81  71450K .......... .......... .......... .......... ..........  1% 10.9M 19m15s
#17 15.81  71500K .......... .......... .......... .......... ..........  1% 4.14M 19m15s
#17 15.82  71550K .......... .......... .......... .......... ..........  1% 8.45M 19m15s
#17 15.83  71600K .......... .......... .......... .......... ..........  1% 5.23M 19m15s
#17 15.84  71650K .......... .......... .......... .......... ..........  1% 6.83M 19m15s
#17 15.84  71700K .......... .......... .......... .......... ..........  1% 7.78M 19m15s
#17 15.85  71750K .......... .......... .......... .......... ..........  1% 3.83M 19m15s
#17 15.86  71800K .......... .......... .......... .......... ..........  1% 8.34M 19m15s
#17 15.87  71850K .......... .......... .......... .......... ..........  1% 7.24M 19m15s
#17 15.88  71900K .......... .......... .......... .......... ..........  1% 3.65M 19m15s
#17 15.89  71950K .......... .......... .......... .......... ..........  1% 6.76M 19m15s
#17 15.90  72000K .......... .......... .......... .......... ..........  1% 10.1M 19m15s
#17 15.90  72050K .......... .......... .......... .......... ..........  1% 6.26M 19m15s
#17 15.91  72100K .......... .......... .......... .......... ..........  1% 9.42M 19m14s
#17 15.91  72150K .......... .......... .......... .......... ..........  1% 7.25M 19m14s
#17 15.92  72200K .......... .......... .......... .......... ..........  1% 6.36M 19m14s
#17 15.93  72250K .......... .......... .......... .......... ..........  1% 6.40M 19m14s
#17 15.94  72300K .......... .......... .......... .......... ..........  1% 3.15M 19m14s
#17 15.95  72350K .......... .......... .......... .......... ..........  1% 10.8M 19m14s
#17 15.95  72400K .......... .......... .......... .......... ..........  1% 7.62M 19m14s
#17 15.96  72450K .......... .......... .......... .......... ..........  1% 4.88M 19m14s
#17 15.97  72500K .......... .......... .......... .......... ..........  1% 7.90M 19m14s
#17 15.98  72550K .......... .......... .......... .......... ..........  1% 6.72M 19m14s
#17 15.98  72600K .......... .......... .......... .......... ..........  1% 8.84M 19m13s
#17 15.99  72650K .......... .......... .......... .......... ..........  1% 7.80M 19m13s
#17 16.00  72700K .......... .......... .......... .......... ..........  1% 5.03M 19m13s
#17 16.01  72750K .......... .......... .......... .......... ..........  1% 8.38M 19m13s
#17 16.01  72800K .......... .......... .......... .......... ..........  1% 9.51M 19m13s
#17 16.02  72850K .......... .......... .......... .......... ..........  1% 5.95M 19m13s
#17 16.03  72900K .......... .......... .......... .......... ..........  1% 12.0M 19m12s
#17 16.03  72950K .......... .......... .......... .......... ..........  1% 6.27M 19m12s
#17 16.04  73000K .......... .......... .......... .......... ..........  1% 5.56M 19m12s
#17 16.05  73050K .......... .......... .......... .......... ..........  1% 5.65M 19m12s
#17 16.06  73100K .......... .......... .......... .......... ..........  1% 12.0M 19m12s
#17 16.06  73150K .......... .......... .......... .......... ..........  1% 3.99M 19m12s
#17 16.07  73200K .......... .......... .......... .......... ..........  1% 4.93M 19m12s
#17 16.08  73250K .......... .......... .......... .......... ..........  1% 12.5M 19m12s
#17 16.09  73300K .......... .......... .......... .......... ..........  1% 4.51M 19m12s
#17 16.10  73350K .......... .......... .......... .......... ..........  1% 4.07M 19m12s
#17 16.12  73400K .......... .......... .......... .......... ..........  1% 14.9M 19m12s
#17 16.12  73450K .......... .......... .......... .......... ..........  1% 8.85M 19m11s
#17 16.12  73500K .......... .......... .......... .......... ..........  1% 4.47M 19m12s
#17 16.13  73550K .......... .......... .......... .......... ..........  1% 5.52M 19m12s
#17 16.14  73600K .......... .......... .......... .......... ..........  1% 10.8M 19m11s
#17 16.14  73650K .......... .......... .......... .......... ..........  1% 3.74M 19m12s
#17 16.16  73700K .......... .......... .......... .......... ..........  1% 28.6M 19m11s
#17 16.16  73750K .......... .......... .......... .......... ..........  1% 10.4M 19m11s
#17 16.16  73800K .......... .......... .......... .......... ..........  1% 4.80M 19m11s
#17 16.17  73850K .......... .......... .......... .......... ..........  1% 6.64M 19m11s
#17 16.18  73900K .......... .......... .......... .......... ..........  1% 4.28M 19m11s
#17 16.19  73950K .......... .......... .......... .......... ..........  1% 18.2M 19m10s
#17 16.19  74000K .......... .......... .......... .......... ..........  1% 10.4M 19m10s
#17 16.20  74050K .......... .......... .......... .......... ..........  1% 6.08M 19m10s
#17 16.21  74100K .......... .......... .......... .......... ..........  1% 4.59M 19m10s
#17 16.22  74150K .......... .......... .......... .......... ..........  1% 64.4M 19m9s
#17 16.22  74200K .......... .......... .......... .......... ..........  1% 6.65M 19m9s
#17 16.22  74250K .......... .......... .......... .......... ..........  1% 3.95M 19m10s
#17 16.24  74300K .......... .......... .......... .......... ..........  1% 9.06M 19m9s
#17 16.24  74350K .......... .......... .......... .......... ..........  1% 7.42M 19m9s
#17 16.25  74400K .......... .......... .......... .......... ..........  1% 4.83M 19m9s
#17 16.26  74450K .......... .......... .......... .......... ..........  1% 6.53M 19m9s
#17 16.27  74500K .......... .......... .......... .......... ..........  1% 5.25M 19m9s
#17 16.27  74550K .......... .......... .......... .......... ..........  1% 10.4M 19m9s
#17 16.28  74600K .......... .......... .......... .......... ..........  1% 8.62M 19m8s
#17 16.28  74650K .......... .......... .......... .......... ..........  1% 17.5M 19m8s
#17 16.29  74700K .......... .......... .......... .......... ..........  1% 6.63M 19m8s
#17 16.29  74750K .......... .......... .......... .......... ..........  1% 5.80M 19m8s
#17 16.31  74800K .......... .......... .......... .......... ..........  1% 10.7M 19m7s
#17 16.31  74850K .......... .......... .......... .......... ..........  1% 5.85M 19m7s
#17 16.32  74900K .......... .......... .......... .......... ..........  1% 6.46M 19m7s
#17 16.32  74950K .......... .......... .......... .......... ..........  1% 5.04M 19m7s
#17 16.33  75000K .......... .......... .......... .......... ..........  1% 6.60M 19m7s
#17 16.34  75050K .......... .......... .......... .......... ..........  1% 4.91M 19m7s
#17 16.35  75100K .......... .......... .......... .......... ..........  1% 4.26M 19m8s
#17 16.36  75150K .......... .......... .......... .......... ..........  1% 13.0M 19m7s
#17 16.37  75200K .......... .......... .......... .......... ..........  1% 6.68M 19m7s
#17 16.37  75250K .......... .......... .......... .......... ..........  1% 7.24M 19m7s
#17 16.38  75300K .......... .......... .......... .......... ..........  1% 7.76M 19m7s
#17 16.39  75350K .......... .......... .......... .......... ..........  1% 6.51M 19m7s
#17 16.39  75400K .......... .......... .......... .......... ..........  1% 9.22M 19m6s
#17 16.40  75450K .......... .......... .......... .......... ..........  1% 5.70M 19m6s
#17 16.41  75500K .......... .......... .......... .......... ..........  1% 5.06M 19m6s
#17 16.42  75550K .......... .......... .......... .......... ..........  1% 7.18M 19m6s
#17 16.43  75600K .......... .......... .......... .......... ..........  1% 7.85M 19m6s
#17 16.43  75650K .......... .......... .......... .......... ..........  1% 7.43M 19m6s
#17 16.44  75700K .......... .......... .......... .......... ..........  1% 4.30M 19m6s
#17 16.45  75750K .......... .......... .......... .......... ..........  1% 7.31M 19m6s
#17 16.46  75800K .......... .......... .......... .......... ..........  1% 12.6M 19m6s
#17 16.46  75850K .......... .......... .......... .......... ..........  1% 4.61M 19m6s
#17 16.47  75900K .......... .......... .......... .......... ..........  1% 7.63M 19m5s
#17 16.48  75950K .......... .......... .......... .......... ..........  1% 6.13M 19m5s
#17 16.49  76000K .......... .......... .......... .......... ..........  1% 8.11M 19m5s
#17 16.49  76050K .......... .......... .......... .......... ..........  1% 6.16M 19m5s
#17 16.50  76100K .......... .......... .......... .......... ..........  1% 10.5M 19m5s
#17 16.50  76150K .......... .......... .......... .......... ..........  1% 7.40M 19m5s
#17 16.51  76200K .......... .......... .......... .......... ..........  1% 6.10M 19m5s
#17 16.52  76250K .......... .......... .......... .......... ..........  1% 6.68M 19m4s
#17 16.53  76300K .......... .......... .......... .......... ..........  1% 5.06M 19m5s
#17 16.53  76350K .......... .......... .......... .......... ..........  1% 3.42M 19m5s
#17 16.55  76400K .......... .......... .......... .......... ..........  1% 22.1M 19m4s
#17 16.55  76450K .......... .......... .......... .......... ..........  1% 6.84M 19m4s
#17 16.56  76500K .......... .......... .......... .......... ..........  1% 6.39M 19m4s
#17 16.57  76550K .......... .......... .......... .......... ..........  1% 11.5M 19m4s
#17 16.57  76600K .......... .......... .......... .......... ..........  1% 5.32M 19m4s
#17 16.58  76650K .......... .......... .......... .......... ..........  1% 4.23M 19m4s
#17 16.60  76700K .......... .......... .......... .......... ..........  1% 6.03M 19m4s
#17 16.60  76750K .......... .......... .......... .......... ..........  1% 12.0M 19m4s
#17 16.60  76800K .......... .......... .......... .......... ..........  1% 12.5M 19m3s
#17 16.61  76850K .......... .......... .......... .......... ..........  1% 6.00M 19m3s
#17 16.61  76900K .......... .......... .......... .......... ..........  1% 7.06M 19m3s
#17 16.62  76950K .......... .......... .......... .......... ..........  1% 13.0M 19m3s
#17 16.63  77000K .......... .......... .......... .......... ..........  1% 4.74M 19m3s
#17 16.64  77050K .......... .......... .......... .......... ..........  1% 6.77M 19m3s
#17 16.65  77100K .......... .......... .......... .......... ..........  1% 8.35M 19m2s
#17 16.65  77150K .......... .......... .......... .......... ..........  1% 6.14M 19m2s
#17 16.66  77200K .......... .......... .......... .......... ..........  1% 7.87M 19m2s
#17 16.66  77250K .......... .......... .......... .......... ..........  1% 6.12M 19m2s
#17 16.67  77300K .......... .......... .......... .......... ..........  1% 5.47M 19m2s
#17 16.68  77350K .......... .......... .......... .......... ..........  1% 3.81M 19m3s
#17 16.69  77400K .......... .......... .......... .......... ..........  1% 53.9M 19m2s
#17 16.69  77450K .......... .......... .......... .......... ..........  1% 5.15M 19m2s
#17 16.71  77500K .......... .......... .......... .......... ..........  1% 5.30M 19m2s
#17 16.71  77550K .......... .......... .......... .......... ..........  1% 5.81M 19m2s
#17 16.73  77600K .......... .......... .......... .......... ..........  1% 8.03M 19m2s
#17 16.73  77650K .......... .......... .......... .......... ..........  1% 10.7M 19m1s
#17 16.73  77700K .......... .......... .......... .......... ..........  1% 6.08M 19m1s
#17 16.74  77750K .......... .......... .......... .......... ..........  1% 7.74M 19m1s
#17 16.75  77800K .......... .......... .......... .......... ..........  1% 6.35M 19m1s
#17 16.75  77850K .......... .......... .......... .......... ..........  1% 8.29M 19m1s
#17 16.76  77900K .......... .......... .......... .......... ..........  1% 5.93M 19m1s
#17 16.77  77950K .......... .......... .......... .......... ..........  1% 14.3M 19m0s
#17 16.77  78000K .......... .......... .......... .......... ..........  1% 7.99M 19m0s
#17 16.78  78050K .......... .......... .......... .......... ..........  1% 6.70M 19m0s
#17 16.78  78100K .......... .......... .......... .......... ..........  1% 5.82M 19m0s
#17 16.79  78150K .......... .......... .......... .......... ..........  1% 5.86M 19m0s
#17 16.80  78200K .......... .......... .......... .......... ..........  1% 6.54M 19m0s
#17 16.81  78250K .......... .......... .......... .......... ..........  1% 6.42M 19m0s
#17 16.82  78300K .......... .......... .......... .......... ..........  1% 5.56M 19m0s
#17 16.82  78350K .......... .......... .......... .......... ..........  1% 7.15M 19m0s
#17 16.83  78400K .......... .......... .......... .......... ..........  1% 21.1M 18m59s
#17 16.84  78450K .......... .......... .......... .......... ..........  1% 4.62M 18m59s
#17 16.84  78500K .......... .......... .......... .......... ..........  1% 7.21M 18m59s
#17 16.85  78550K .......... .......... .......... .......... ..........  1% 9.10M 18m59s
#17 16.86  78600K .......... .......... .......... .......... ..........  1% 6.05M 18m59s
#17 16.86  78650K .......... .......... .......... .......... ..........  1% 16.3M 18m58s
#17 16.87  78700K .......... .......... .......... .......... ..........  1% 6.19M 18m58s
#17 16.88  78750K .......... .......... .......... .......... ..........  1% 5.56M 18m58s
#17 16.88  78800K .......... .......... .......... .......... ..........  1% 8.96M 18m58s
#17 16.89  78850K .......... .......... .......... .......... ..........  1% 8.49M 18m58s
#17 16.90  78900K .......... .......... .......... .......... ..........  1% 5.61M 18m58s
#17 16.90  78950K .......... .......... .......... .......... ..........  1% 1.39M 19m0s
#17 16.94  79000K .......... .......... .......... .......... ..........  1% 4.25M 19m0s
#17 16.95  79050K .......... .......... .......... .......... ..........  1% 8.08M 19m0s
#17 16.96  79100K .......... .......... .......... .......... ..........  1% 7.26M 19m0s
#17 16.96  79150K .......... .......... .......... .......... ..........  1% 3.73M 19m0s
#17 16.98  79200K .......... .......... .......... .......... ..........  1% 6.71M 19m0s
#17 16.98  79250K .......... .......... .......... .......... ..........  1% 5.45M 19m0s
#17 16.99  79300K .......... .......... .......... .......... ..........  1% 7.04M 19m0s
#17 17.00  79350K .......... .......... .......... .......... ..........  1% 5.60M 19m0s
#17 17.01  79400K .......... .......... .......... .......... ..........  1% 5.98M 19m0s
#17 17.02  79450K .......... .......... .......... .......... ..........  1% 7.78M 19m0s
#17 17.02  79500K .......... .......... .......... .......... ..........  1% 17.6M 18m59s
#17 17.03  79550K .......... .......... .......... .......... ..........  1% 4.13M 19m0s
#17 17.04  79600K .......... .......... .......... .......... ..........  1% 6.92M 18m59s
#17 17.05  79650K .......... .......... .......... .......... ..........  1% 6.04M 18m59s
#17 17.05  79700K .......... .......... .......... .......... ..........  1% 12.0M 18m59s
#17 17.06  79750K .......... .......... .......... .......... ..........  1% 6.81M 18m59s
#17 17.06  79800K .......... .......... .......... .......... ..........  1% 3.99M 18m59s
#17 17.08  79850K .......... .......... .......... .......... ..........  1% 4.92M 18m59s
#17 17.09  79900K .......... .......... .......... .......... ..........  1% 5.13M 18m59s
#17 17.10  79950K .......... .......... .......... .......... ..........  1% 4.41M 19m0s
#17 17.11  80000K .......... .......... .......... .......... ..........  1% 8.73M 18m59s
#17 17.12  80050K .......... .......... .......... .......... ..........  1% 4.95M 18m59s
#17 17.12  80100K .......... .......... .......... .......... ..........  1% 15.1M 18m59s
#17 17.13  80150K .......... .......... .......... .......... ..........  1% 6.83M 18m59s
#17 17.13  80200K .......... .......... .......... .......... ..........  1% 10.9M 18m59s
#17 17.14  80250K .......... .......... .......... .......... ..........  1% 7.02M 18m58s
#17 17.14  80300K .......... .......... .......... .......... ..........  1% 8.69M 18m58s
#17 17.15  80350K .......... .......... .......... .......... ..........  1% 3.44M 18m59s
#17 17.16  80400K .......... .......... .......... .......... ..........  1% 4.12M 18m59s
#17 17.18  80450K .......... .......... .......... .......... ..........  1% 12.7M 18m59s
#17 17.18  80500K .......... .......... .......... .......... ..........  1% 13.1M 18m58s
#17 17.18  80550K .......... .......... .......... .......... ..........  1% 5.00M 18m58s
#17 17.19  80600K .......... .......... .......... .......... ..........  1% 5.17M 18m58s
#17 17.20  80650K .......... .......... .......... .......... ..........  1% 5.93M 18m58s
#17 17.21  80700K .......... .......... .......... .......... ..........  1% 6.98M 18m58s
#17 17.22  80750K .......... .......... .......... .......... ..........  1% 6.32M 18m58s
#17 17.23  80800K .......... .......... .......... .......... ..........  1% 7.08M 18m58s
#17 17.23  80850K .......... .......... .......... .......... ..........  1% 6.96M 18m58s
#17 17.24  80900K .......... .......... .......... .......... ..........  1% 5.23M 18m58s
#17 17.25  80950K .......... .......... .......... .......... ..........  1% 14.2M 18m57s
#17 17.25  81000K .......... .......... .......... .......... ..........  1% 4.90M 18m58s
#17 17.26  81050K .......... .......... .......... .......... ..........  1% 6.47M 18m57s
#17 17.27  81100K .......... .......... .......... .......... ..........  1% 4.19M 18m58s
#17 17.28  81150K .......... .......... .......... .......... ..........  1% 4.34M 18m58s
#17 17.29  81200K .......... .......... .......... .......... ..........  1% 7.40M 18m58s
#17 17.30  81250K .......... .......... .......... .......... ..........  1% 6.22M 18m58s
#17 17.31  81300K .......... .......... .......... .......... ..........  1% 5.27M 18m58s
#17 17.32  81350K .......... .......... .......... .......... ..........  1% 16.8M 18m57s
#17 17.32  81400K .......... .......... .......... .......... ..........  1% 5.38M 18m57s
#17 17.33  81450K .......... .......... .......... .......... ..........  1% 10.1M 18m57s
#17 17.33  81500K .......... .......... .......... .......... ..........  1% 10.1M 18m57s
#17 17.34  81550K .......... .......... .......... .......... ..........  1% 4.17M 18m57s
#17 17.35  81600K .......... .......... .......... .......... ..........  1% 7.36M 18m57s
#17 17.36  81650K .......... .......... .......... .......... ..........  1% 8.81M 18m57s
#17 17.36  81700K .......... .......... .......... .......... ..........  1% 5.76M 18m57s
#17 17.37  81750K .......... .......... .......... .......... ..........  1% 5.62M 18m57s
#17 17.38  81800K .......... .......... .......... .......... ..........  1% 4.13M 18m57s
#17 17.39  81850K .......... .......... .......... .......... ..........  1% 20.1M 18m56s
#17 17.39  81900K .......... .......... .......... .......... ..........  1% 8.12M 18m56s
#17 17.40  81950K .......... .......... .......... .......... ..........  1% 7.08M 18m56s
#17 17.41  82000K .......... .......... .......... .......... ..........  1% 5.31M 18m56s
#17 17.42  82050K .......... .......... .......... .......... ..........  1% 13.3M 18m56s
#17 17.42  82100K .......... .......... .......... .......... ..........  1% 9.43M 18m55s
#17 17.42  82150K .......... .......... .......... .......... ..........  1% 1.66M 18m57s
#17 17.45  82200K .......... .......... .......... .......... ..........  1% 3.99M 18m57s
#17 17.47  82250K .......... .......... .......... .......... ..........  1% 3.49M 18m58s
#17 17.48  82300K .......... .......... .......... .......... ..........  1% 11.9M 18m57s
#17 17.48  82350K .......... .......... .......... .......... ..........  1% 4.57M 18m58s
#17 17.49  82400K .......... .......... .......... .......... ..........  1% 7.00M 18m57s
#17 17.50  82450K .......... .......... .......... .......... ..........  1% 5.88M 18m57s
#17 17.51  82500K .......... .......... .......... .......... ..........  1% 40.2M 18m57s
#17 17.51  82550K .......... .......... .......... .......... ..........  1% 4.96M 18m57s
#17 17.52  82600K .......... .......... .......... .......... ..........  1% 6.56M 18m57s
#17 17.53  82650K .......... .......... .......... .......... ..........  1% 7.39M 18m57s
#17 17.54  82700K .......... .......... .......... .......... ..........  1% 3.38M 18m57s
#17 17.55  82750K .......... .......... .......... .......... ..........  1% 6.19M 18m57s
#17 17.56  82800K .......... .......... .......... .......... ..........  1% 8.33M 18m57s
#17 17.56  82850K .......... .......... .......... .......... ..........  1% 4.22M 18m57s
#17 17.57  82900K .......... .......... .......... .......... ..........  1% 9.89M 18m57s
#17 17.58  82950K .......... .......... .......... .......... ..........  1% 5.32M 18m57s
#17 17.59  83000K .......... .......... .......... .......... ..........  1% 16.0M 18m56s
#17 17.59  83050K .......... .......... .......... .......... ..........  1% 5.22M 18m56s
#17 17.60  83100K .......... .......... .......... .......... ..........  1% 11.8M 18m56s
#17 17.61  83150K .......... .......... .......... .......... ..........  1% 1.36M 18m58s
#17 17.64  83200K .......... .......... .......... .......... ..........  1% 3.90M 18m59s
#17 17.65  83250K .......... .......... .......... .......... ..........  1% 3.62M 18m59s
#17 17.67  83300K .......... .......... .......... .......... ..........  1% 6.35M 18m59s
#17 17.67  83350K .......... .......... .......... .......... ..........  1% 8.67M 18m59s
#17 17.68  83400K .......... .......... .......... .......... ..........  1% 5.88M 18m59s
#17 17.69  83450K .......... .......... .......... .......... ..........  1% 8.89M 18m58s
#17 17.70  83500K .......... .......... .......... .......... ..........  1% 11.4M 18m58s
#17 17.70  83550K .......... .......... .......... .......... ..........  1% 7.50M 18m58s
#17 17.71  83600K .......... .......... .......... .......... ..........  1% 5.74M 18m58s
#17 17.71  83650K .......... .......... .......... .......... ..........  1% 5.15M 18m58s
#17 17.72  83700K .......... .......... .......... .......... ..........  1% 6.22M 18m58s
#17 17.73  83750K .......... .......... .......... .......... ..........  1% 12.9M 18m57s
#17 17.74  83800K .......... .......... .......... .......... ..........  1% 3.60M 18m58s
#17 17.75  83850K .......... .......... .......... .......... ..........  1% 19.5M 18m57s
#17 17.75  83900K .......... .......... .......... .......... ..........  1% 3.06M 18m58s
#17 17.77  83950K .......... .......... .......... .......... ..........  1% 7.03M 18m58s
#17 17.77  84000K .......... .......... .......... .......... ..........  1% 9.42M 18m58s
#17 17.78  84050K .......... .......... .......... .......... ..........  1% 7.22M 18m57s
#17 17.79  84100K .......... .......... .......... .......... ..........  1% 4.45M 18m58s
#17 17.80  84150K .......... .......... .......... .......... ..........  1% 10.7M 18m57s
#17 17.80  84200K .......... .......... .......... .......... ..........  1% 4.57M 18m57s
#17 17.81  84250K .......... .......... .......... .......... ..........  1% 10.1M 18m57s
#17 17.82  84300K .......... .......... .......... .......... ..........  1% 4.54M 18m57s
#17 17.83  84350K .......... .......... .......... .......... ..........  1% 6.45M 18m57s
#17 17.84  84400K .......... .......... .......... .......... ..........  1% 3.44M 18m58s
#17 17.85  84450K .......... .......... .......... .......... ..........  1% 7.81M 18m57s
#17 17.86  84500K .......... .......... .......... .......... ..........  1% 6.10M 18m57s
#17 17.86  84550K .......... .......... .......... .......... ..........  1% 6.05M 18m57s
#17 17.87  84600K .......... .......... .......... .......... ..........  1% 6.86M 18m57s
#17 17.88  84650K .......... .......... .......... .......... ..........  1% 10.4M 18m57s
#17 17.88  84700K .......... .......... .......... .......... ..........  1% 13.2M 18m57s
#17 17.89  84750K .......... .......... .......... .......... ..........  1% 4.00M 18m57s
#17 17.90  84800K .......... .......... .......... .......... ..........  1% 6.34M 18m57s
#17 17.91  84850K .......... .......... .......... .......... ..........  1% 14.3M 18m56s
#17 17.91  84900K .......... .......... .......... .......... ..........  1% 10.1M 18m56s
#17 17.92  84950K .......... .......... .......... .......... ..........  1% 8.36M 18m56s
#17 17.93  85000K .......... .......... .......... .......... ..........  1% 5.51M 18m56s
#17 17.93  85050K .......... .......... .......... .......... ..........  1% 7.40M 18m56s
#17 17.94  85100K .......... .......... .......... .......... ..........  1% 7.09M 18m56s
#17 17.94  85150K .......... .......... .......... .......... ..........  1% 9.88M 18m55s
#17 17.95  85200K .......... .......... .......... .......... ..........  1% 6.13M 18m55s
#17 17.96  85250K .......... .......... .......... .......... ..........  1% 4.32M 18m55s
#17 17.97  85300K .......... .......... .......... .......... ..........  1% 8.14M 18m55s
#17 17.98  85350K .......... .......... .......... .......... ..........  1% 14.9M 18m55s
#17 17.98  85400K .......... .......... .......... .......... ..........  1% 4.54M 18m55s
#17 17.99  85450K .......... .......... .......... .......... ..........  1% 7.29M 18m55s
#17 18.00  85500K .......... .......... .......... .......... ..........  1% 12.3M 18m55s
#17 18.00  85550K .......... .......... .......... .......... ..........  1% 5.17M 18m55s
#17 18.01  85600K .......... .......... .......... .......... ..........  1% 5.82M 18m55s
#17 18.02  85650K .......... .......... .......... .......... ..........  1% 6.87M 18m54s
#17 18.02  85700K .......... .......... .......... .......... ..........  1% 5.09M 18m55s
#17 18.03  85750K .......... .......... .......... .......... ..........  1% 7.70M 18m54s
#17 18.04  85800K .......... .......... .......... .......... ..........  1% 6.35M 18m54s
#17 18.05  85850K .......... .......... .......... .......... ..........  1% 9.50M 18m54s
#17 18.05  85900K .......... .......... .......... .......... ..........  1% 6.42M 18m54s
#17 18.06  85950K .......... .......... .......... .......... ..........  1% 10.4M 18m54s
#17 18.07  86000K .......... .......... .......... .......... ..........  1% 5.91M 18m54s
#17 18.07  86050K .......... .......... .......... .......... ..........  1% 4.56M 18m54s
#17 18.08  86100K .......... .......... .......... .......... ..........  1% 10.1M 18m54s
#17 18.09  86150K .......... .......... .......... .......... ..........  1% 9.35M 18m53s
#17 18.10  86200K .......... .......... .......... .......... ..........  1% 3.26M 18m54s
#17 18.11  86250K .......... .......... .......... .......... ..........  1% 1.79M 18m55s
#17 18.14  86300K .......... .......... .......... .......... ..........  1% 3.81M 18m56s
#17 18.15  86350K .......... .......... .......... .......... ..........  1% 6.23M 18m55s
#17 18.16  86400K .......... .......... .......... .......... ..........  1% 9.96M 18m55s
#17 18.16  86450K .......... .......... .......... .......... ..........  1% 4.99M 18m55s
#17 18.17  86500K .......... .......... .......... .......... ..........  1% 5.06M 18m55s
#17 18.18  86550K .......... .......... .......... .......... ..........  1% 9.04M 18m55s
#17 18.19  86600K .......... .......... .......... .......... ..........  1% 6.76M 18m55s
#17 18.19  86650K .......... .......... .......... .......... ..........  1% 7.49M 18m55s
#17 18.20  86700K .......... .......... .......... .......... ..........  1% 6.66M 18m55s
#17 18.21  86750K .......... .......... .......... .......... ..........  1% 7.66M 18m55s
#17 18.21  86800K .......... .......... .......... .......... ..........  1% 3.54M 18m55s
#17 18.23  86850K .......... .......... .......... .......... ..........  1% 6.30M 18m55s
#17 18.24  86900K .......... .......... .......... .......... ..........  1% 5.72M 18m55s
#17 18.24  86950K .......... .......... .......... .......... ..........  1% 5.62M 18m55s
#17 18.25  87000K .......... .......... .......... .......... ..........  1% 6.66M 18m55s
#17 18.26  87050K .......... .......... .......... .......... ..........  1% 8.37M 18m55s
#17 18.27  87100K .......... .......... .......... .......... ..........  1% 5.48M 18m55s
#17 18.28  87150K .......... .......... .......... .......... ..........  1% 5.42M 18m55s
#17 18.28  87200K .......... .......... .......... .......... ..........  1% 5.09M 18m55s
#17 18.29  87250K .......... .......... .......... .......... ..........  1% 7.98M 18m55s
#17 18.30  87300K .......... .......... .......... .......... ..........  1% 6.14M 18m54s
#17 18.31  87350K .......... .......... .......... .......... ..........  1% 5.55M 18m55s
#17 18.32  87400K .......... .......... .......... .......... ..........  1% 4.61M 18m55s
#17 18.33  87450K .......... .......... .......... .......... ..........  1% 6.60M 18m55s
#17 18.34  87500K .......... .......... .......... .......... ..........  1% 6.45M 18m54s
#17 18.34  87550K .......... .......... .......... .......... ..........  1% 7.20M 18m54s
#17 18.35  87600K .......... .......... .......... .......... ..........  1% 13.6M 18m54s
#17 18.35  87650K .......... .......... .......... .......... ..........  1% 13.2M 18m54s
#17 18.36  87700K .......... .......... .......... .......... ..........  1% 5.62M 18m54s
#17 18.36  87750K .......... .......... .......... .......... ..........  1% 6.54M 18m54s
#17 18.37  87800K .......... .......... .......... .......... ..........  1% 8.41M 18m53s
#17 18.38  87850K .......... .......... .......... .......... ..........  1% 4.53M 18m53s
#17 18.39  87900K .......... .......... .......... .......... ..........  1% 5.65M 18m53s
#17 18.40  87950K .......... .......... .......... .......... ..........  1% 6.94M 18m53s
#17 18.40  88000K .......... .......... .......... .......... ..........  1% 5.00M 18m53s
#17 18.41  88050K .......... .......... .......... .......... ..........  1% 5.97M 18m53s
#17 18.42  88100K .......... .......... .......... .......... ..........  1% 11.1M 18m53s
#17 18.43  88150K .......... .......... .......... .......... ..........  1% 8.07M 18m53s
#17 18.44  88200K .......... .......... .......... .......... ..........  1% 4.04M 18m53s
#17 18.44  88250K .......... .......... .......... .......... ..........  1% 12.2M 18m53s
#17 18.45  88300K .......... .......... .......... .......... ..........  1% 6.10M 18m53s
#17 18.46  88350K .......... .......... .......... .......... ..........  1% 10.1M 18m52s
#17 18.46  88400K .......... .......... .......... .......... ..........  1% 7.79M 18m52s
#17 18.47  88450K .......... .......... .......... .......... ..........  1% 8.37M 18m52s
#17 18.47  88500K .......... .......... .......... .......... ..........  1% 6.69M 18m52s
#17 18.48  88550K .......... .......... .......... .......... ..........  1% 4.65M 18m52s
#17 18.49  88600K .......... .......... .......... .......... ..........  1% 9.12M 18m52s
#17 18.50  88650K .......... .......... .......... .......... ..........  1% 3.52M 18m52s
#17 18.51  88700K .......... .......... .......... .......... ..........  1% 5.35M 18m52s
#17 18.52  88750K .......... .......... .......... .......... ..........  1% 6.64M 18m52s
#17 18.53  88800K .......... .......... .......... .......... ..........  1% 8.33M 18m52s
#17 18.53  88850K .......... .......... .......... .......... ..........  1% 5.76M 18m52s
#17 18.54  88900K .......... .......... .......... .......... ..........  1% 5.28M 18m52s
#17 18.55  88950K .......... .......... .......... .......... ..........  1% 2.48M 18m53s
#17 18.57  89000K .......... .......... .......... .......... ..........  1% 4.94M 18m53s
#17 18.58  89050K .......... .......... .......... .......... ..........  1% 8.93M 18m53s
#17 18.59  89100K .......... .......... .......... .......... ..........  1% 5.79M 18m53s
#17 18.59  89150K .......... .......... .......... .......... ..........  1% 4.99M 18m53s
#17 18.60  89200K .......... .......... .......... .......... ..........  1% 7.51M 18m53s
#17 18.61  89250K .......... .......... .......... .......... ..........  1% 6.68M 18m53s
#17 18.62  89300K .......... .......... .......... .......... ..........  1% 4.99M 18m53s
#17 18.63  89350K .......... .......... .......... .......... ..........  1% 9.71M 18m52s
#17 18.63  89400K .......... .......... .......... .......... ..........  1% 7.15M 18m52s
#17 18.64  89450K .......... .......... .......... .......... ..........  1% 14.1M 18m52s
#17 18.64  89500K .......... .......... .......... .......... ..........  1% 5.48M 18m52s
#17 18.65  89550K .......... .......... .......... .......... ..........  1% 19.6M 18m52s
#17 18.65  89600K .......... .......... .......... .......... ..........  1% 4.63M 18m52s
#17 18.66  89650K .......... .......... .......... .......... ..........  1% 6.43M 18m52s
#17 18.67  89700K .......... .......... .......... .......... ..........  1% 7.32M 18m51s
#17 18.68  89750K .......... .......... .......... .......... ..........  1% 5.27M 18m51s
#17 18.69  89800K .......... .......... .......... .......... ..........  1% 5.18M 18m52s
#17 18.70  89850K .......... .......... .......... .......... ..........  1% 7.88M 18m51s
#17 18.70  89900K .......... .......... .......... .......... ..........  1% 8.09M 18m51s
#17 18.71  89950K .......... .......... .......... .......... ..........  1% 3.41M 18m52s
#17 18.72  90000K .......... .......... .......... .......... ..........  1% 4.70M 18m52s
#17 18.74  90050K .......... .......... .......... .......... ..........  1% 22.0M 18m51s
#17 18.74  90100K .......... .......... .......... .......... ..........  1% 59.9M 18m51s
#17 18.74  90150K .......... .......... .......... .......... ..........  1% 7.04M 18m51s
#17 18.74  90200K .......... .......... .......... .......... ..........  1% 7.98M 18m50s
#17 18.75  90250K .......... .......... .......... .......... ..........  1% 4.40M 18m51s
#17 18.76  90300K .......... .......... .......... .......... ..........  1% 6.78M 18m50s
#17 18.77  90350K .......... .......... .......... .......... ..........  1% 4.48M 18m51s
#17 18.78  90400K .......... .......... .......... .......... ..........  1% 5.75M 18m51s
#17 18.79  90450K .......... .......... .......... .......... ..........  1% 5.74M 18m51s
#17 18.80  90500K .......... .......... .......... .......... ..........  1% 6.63M 18m51s
#17 18.81  90550K .......... .......... .......... .......... ..........  1% 5.68M 18m51s
#17 18.81  90600K .......... .......... .......... .......... ..........  1% 10.4M 18m50s
#17 18.82  90650K .......... .......... .......... .......... ..........  1% 7.58M 18m50s
#17 18.82  90700K .......... .......... .......... .......... ..........  1% 10.4M 18m50s
#17 18.83  90750K .......... .......... .......... .......... ..........  1% 8.57M 18m50s
#17 18.83  90800K .......... .......... .......... .......... ..........  1% 6.39M 18m50s
#17 18.84  90850K .......... .......... .......... .......... ..........  1% 4.61M 18m50s
#17 18.85  90900K .......... .......... .......... .......... ..........  1% 9.15M 18m49s
#17 18.86  90950K .......... .......... .......... .......... ..........  1% 3.76M 18m50s
#17 18.87  91000K .......... .......... .......... .......... ..........  1% 7.26M 18m50s
#17 18.88  91050K .......... .......... .......... .......... ..........  1% 5.88M 18m50s
#17 18.89  91100K .......... .......... .......... .......... ..........  1% 6.86M 18m50s
#17 18.89  91150K .......... .......... .......... .......... ..........  1% 6.72M 18m49s
#17 18.90  91200K .......... .......... .......... .......... ..........  1% 11.6M 18m49s
#17 18.91  91250K .......... .......... .......... .......... ..........  1% 5.02M 18m49s
#17 18.92  91300K .......... .......... .......... .......... ..........  1% 5.38M 18m49s
#17 18.92  91350K .......... .......... .......... .......... ..........  1% 12.6M 18m49s
#17 18.93  91400K .......... .......... .......... .......... ..........  1% 7.15M 18m49s
#17 18.93  91450K .......... .......... .......... .......... ..........  1% 16.3M 18m48s
#17 18.94  91500K .......... .......... .......... .......... ..........  1% 4.04M 18m49s
#17 18.95  91550K .......... .......... .......... .......... ..........  1% 6.73M 18m49s
#17 18.96  91600K .......... .......... .......... .......... ..........  1% 9.36M 18m48s
#17 18.96  91650K .......... .......... .......... .......... ..........  1% 6.78M 18m48s
#17 18.97  91700K .......... .......... .......... .......... ..........  1% 5.00M 18m48s
#17 18.98  91750K .......... .......... .......... .......... ..........  1% 2.98M 18m49s
#17 18.99  91800K .......... .......... .......... .......... ..........  1% 29.7M 18m48s
#17 19.00  91850K .......... .......... .......... .......... ..........  1% 6.94M 18m48s
#17 19.01  91900K .......... .......... .......... .......... ..........  1% 6.43M 18m48s
#17 19.01  91950K .......... .......... .......... .......... ..........  1% 7.13M 18m48s
#17 19.02  92000K .......... .......... .......... .......... ..........  1% 8.47M 18m48s
#17 19.03  92050K .......... .......... .......... .......... ..........  1% 15.2M 18m47s
#17 19.03  92100K .......... .......... .......... .......... ..........  1% 3.18M 18m48s
#17 19.04  92150K .......... .......... .......... .......... ..........  1% 4.20M 18m48s
#17 19.05  92200K .......... .......... .......... .......... ..........  1% 16.4M 18m48s
#17 19.06  92250K .......... .......... .......... .......... ..........  1% 5.76M 18m48s
#17 19.07  92300K .......... .......... .......... .......... ..........  1% 7.53M 18m48s
#17 19.07  92350K .......... .......... .......... .......... ..........  1% 8.17M 18m47s
#17 19.08  92400K .......... .......... .......... .......... ..........  1% 7.28M 18m47s
#17 19.08  92450K .......... .......... .......... .......... ..........  1% 8.75M 18m47s
#17 19.09  92500K .......... .......... .......... .......... ..........  1% 12.6M 18m47s
#17 19.09  92550K .......... .......... .......... .......... ..........  1% 6.10M 18m47s
#17 19.10  92600K .......... .......... .......... .......... ..........  1% 5.24M 18m47s
#17 19.11  92650K .......... .......... .......... .......... ..........  1% 3.80M 18m47s
#17 19.13  92700K .......... .......... .......... .......... ..........  1% 6.47M 18m47s
#17 19.13  92750K .......... .......... .......... .......... ..........  1% 25.7M 18m47s
#17 19.13  92800K .......... .......... .......... .......... ..........  1% 6.38M 18m46s
#17 19.14  92850K .......... .......... .......... .......... ..........  1% 6.17M 18m46s
#17 19.15  92900K .......... .......... .......... .......... ..........  1% 10.3M 18m46s
#17 19.15  92950K .......... .......... .......... .......... ..........  1% 2.76M 18m47s
#17 19.18  93000K .......... .......... .......... .......... ..........  1% 7.56M 18m47s
#17 19.18  93050K .......... .......... .......... .......... ..........  1% 30.3M 18m46s
#17 19.18  93100K .......... .......... .......... .......... ..........  1% 3.75M 18m46s
#17 19.19  93150K .......... .......... .......... .......... ..........  1% 17.8M 18m46s
#17 19.20  93200K .......... .......... .......... .......... ..........  1% 7.99M 18m46s
#17 19.20  93250K .......... .......... .......... .......... ..........  1% 5.76M 18m46s
#17 19.21  93300K .......... .......... .......... .......... ..........  1% 7.90M 18m46s
#17 19.22  93350K .......... .......... .......... .......... ..........  1% 6.16M 18m46s
#17 19.22  93400K .......... .......... .......... .......... ..........  1% 4.64M 18m46s
#17 19.24  93450K .......... .......... .......... .......... ..........  1% 6.99M 18m46s
#17 19.24  93500K .......... .......... .......... .......... ..........  1% 5.28M 18m46s
#17 19.25  93550K .......... .......... .......... .......... ..........  1% 4.87M 18m46s
#17 19.26  93600K .......... .......... .......... .......... ..........  1% 6.97M 18m46s
#17 19.27  93650K .......... .......... .......... .......... ..........  1% 7.94M 18m46s
#17 19.27  93700K .......... .......... .......... .......... ..........  1% 7.90M 18m45s
#17 19.28  93750K .......... .......... .......... .......... ..........  1% 5.84M 18m45s
#17 19.29  93800K .......... .......... .......... .......... ..........  1% 6.53M 18m45s
#17 19.30  93850K .......... .......... .......... .......... ..........  1% 8.95M 18m45s
#17 19.30  93900K .......... .......... .......... .......... ..........  1% 6.25M 18m45s
#17 19.31  93950K .......... .......... .......... .......... ..........  1% 5.96M 18m45s
#17 19.32  94000K .......... .......... .......... .......... ..........  1% 6.48M 18m45s
#17 19.32  94050K .......... .......... .......... .......... ..........  1% 5.40M 18m45s
#17 19.33  94100K .......... .......... .......... .......... ..........  1% 7.49M 18m45s
#17 19.34  94150K .......... .......... .......... .......... ..........  1% 4.70M 18m45s
#17 19.35  94200K .......... .......... .......... .......... ..........  1% 6.81M 18m45s
#17 19.36  94250K .......... .......... .......... .......... ..........  1% 7.13M 18m45s
#17 19.37  94300K .......... .......... .......... .......... ..........  1% 4.95M 18m45s
#17 19.38  94350K .......... .......... .......... .......... ..........  1% 15.0M 18m44s
#17 19.38  94400K .......... .......... .......... .......... ..........  1% 9.10M 18m44s
#17 19.38  94450K .......... .......... .......... .......... ..........  1% 8.85M 18m44s
#17 19.39  94500K .......... .......... .......... .......... ..........  1% 6.26M 18m44s
#17 19.40  94550K .......... .......... .......... .......... ..........  1% 6.33M 18m44s
#17 19.40  94600K .......... .......... .......... .......... ..........  1% 8.06M 18m44s
#17 19.41  94650K .......... .......... .......... .......... ..........  1% 5.06M 18m44s
#17 19.42  94700K .......... .......... .......... .......... ..........  1% 8.59M 18m44s
#17 19.43  94750K .......... .......... .......... .......... ..........  1% 5.66M 18m44s
#17 19.43  94800K .......... .......... .......... .......... ..........  1% 6.73M 18m44s
#17 19.44  94850K .......... .......... .......... .......... ..........  1% 6.03M 18m44s
#17 19.45  94900K .......... .......... .......... .......... ..........  1% 3.51M 18m44s
#17 19.47  94950K .......... .......... .......... .......... ..........  1% 4.99M 18m44s
#17 19.47  95000K .......... .......... .......... .......... ..........  1% 18.9M 18m44s
#17 19.48  95050K .......... .......... .......... .......... ..........  1% 6.07M 18m44s
#17 19.48  95100K .......... .......... .......... .......... ..........  1% 6.76M 18m43s
#17 19.49  95150K .......... .......... .......... .......... ..........  1% 7.26M 18m43s
#17 19.50  95200K .......... .......... .......... .......... ..........  1% 7.94M 18m43s
#17 19.50  95250K .......... .......... .......... .......... ..........  1% 5.89M 18m43s
#17 19.51  95300K .......... .......... .......... .......... ..........  1% 7.40M 18m43s
#17 19.52  95350K .......... .......... .......... .......... ..........  1% 3.42M 18m43s
#17 19.53  95400K .......... .......... .......... .......... ..........  1% 5.25M 18m43s
#17 19.54  95450K .......... .......... .......... .......... ..........  1% 6.66M 18m43s
#17 19.55  95500K .......... .......... .......... .......... ..........  1% 6.35M 18m43s
#17 19.56  95550K .......... .......... .......... .......... ..........  1% 9.44M 18m43s
#17 19.56  95600K .......... .......... .......... .......... ..........  1% 5.97M 18m43s
#17 19.57  95650K .......... .......... .......... .......... ..........  1% 5.98M 18m43s
#17 19.58  95700K .......... .......... .......... .......... ..........  1% 13.9M 18m43s
#17 19.59  95750K .......... .......... .......... .......... ..........  1% 3.92M 18m43s
#17 19.60  95800K .......... .......... .......... .......... ..........  1% 14.5M 18m43s
#17 19.60  95850K .......... .......... .......... .......... ..........  1% 4.77M 18m43s
#17 19.61  95900K .......... .......... .......... .......... ..........  1% 6.67M 18m43s
#17 19.62  95950K .......... .......... .......... .......... ..........  1% 10.1M 18m42s
#17 19.62  96000K .......... .......... .......... .......... ..........  1% 3.90M 18m43s
#17 19.63  96050K .......... .......... .......... .......... ..........  1% 5.06M 18m43s
#17 19.64  96100K .......... .......... .......... .......... ..........  1% 22.6M 18m42s
#17 19.65  96150K .......... .......... .......... .......... ..........  1% 5.11M 18m42s
#17 19.66  96200K .......... .......... .......... .......... ..........  1% 12.2M 18m42s
#17 19.66  96250K .......... .......... .......... .......... ..........  1% 4.72M 18m42s
#17 19.67  96300K .......... .......... .......... .......... ..........  1% 7.54M 18m42s
#17 19.68  96350K .......... .......... .......... .......... ..........  1% 4.63M 18m42s
#17 19.69  96400K .......... .......... .......... .......... ..........  1% 15.2M 18m42s
#17 19.69  96450K .......... .......... .......... .......... ..........  1% 5.52M 18m42s
#17 19.70  96500K .......... .......... .......... .......... ..........  1% 8.38M 18m42s
#17 19.71  96550K .......... .......... .......... .......... ..........  1% 4.05M 18m42s
#17 19.72  96600K .......... .......... .......... .......... ..........  1% 8.66M 18m42s
#17 19.72  96650K .......... .......... .......... .......... ..........  1% 5.44M 18m42s
#17 19.73  96700K .......... .......... .......... .......... ..........  1% 5.66M 18m42s
#17 19.74  96750K .......... .......... .......... .......... ..........  1% 7.80M 18m42s
#17 19.75  96800K .......... .......... .......... .......... ..........  1% 4.90M 18m42s
#17 19.76  96850K .......... .......... .......... .......... ..........  1% 14.1M 18m41s
#17 19.76  96900K .......... .......... .......... .......... ..........  1% 10.6M 18m41s
#17 19.77  96950K .......... .......... .......... .......... ..........  1% 5.15M 18m41s
#17 19.77  97000K .......... .......... .......... .......... ..........  1% 6.46M 18m41s
#17 19.78  97050K .......... .......... .......... .......... ..........  1% 7.38M 18m41s
#17 19.79  97100K .......... .......... .......... .......... ..........  1% 5.66M 18m41s
#17 19.80  97150K .......... .......... .......... .......... ..........  1% 6.33M 18m41s
#17 19.80  97200K .......... .......... .......... .......... ..........  1% 5.29M 18m41s
#17 19.81  97250K .......... .......... .......... .......... ..........  1% 4.73M 18m41s
#17 19.82  97300K .......... .......... .......... .......... ..........  1% 5.53M 18m41s
#17 19.83  97350K .......... .......... .......... .......... ..........  1% 6.00M 18m41s
#17 19.84  97400K .......... .......... .......... .......... ..........  1% 10.2M 18m41s
#17 19.85  97450K .......... .......... .......... .......... ..........  1% 4.20M 18m41s
#17 19.86  97500K .......... .......... .......... .......... ..........  1% 5.72M 18m41s
#17 19.87  97550K .......... .......... .......... .......... ..........  1% 12.5M 18m41s
#17 19.87  97600K .......... .......... .......... .......... ..........  1% 6.56M 18m41s
#17 19.88  97650K .......... .......... .......... .......... ..........  1% 5.99M 18m41s
#17 19.88  97700K .......... .......... .......... .......... ..........  1% 5.01M 18m41s
#17 19.90  97750K .......... .......... .......... .......... ..........  1% 8.16M 18m40s
#17 19.90  97800K .......... .......... .......... .......... ..........  1% 6.07M 18m40s
#17 19.91  97850K .......... .......... .......... .......... ..........  1% 4.38M 18m41s
#17 19.92  97900K .......... .......... .......... .......... ..........  1% 8.57M 18m40s
#17 19.93  97950K .......... .......... .......... .......... ..........  1% 7.90M 18m40s
#17 19.93  98000K .......... .......... .......... .......... ..........  1% 9.40M 18m40s
#17 19.94  98050K .......... .......... .......... .......... ..........  1% 8.27M 18m40s
#17 19.94  98100K .......... .......... .......... .......... ..........  1% 7.72M 18m40s
#17 19.95  98150K .......... .......... .......... .......... ..........  1% 1.65M 18m41s
#17 19.98  98200K .......... .......... .......... .......... ..........  1% 4.90M 18m41s
#17 19.99  98250K .......... .......... .......... .......... ..........  1% 6.44M 18m41s
#17 20.00  98300K .......... .......... .......... .......... ..........  1% 6.17M 18m41s
#17 20.00  98350K .......... .......... .......... .......... ..........  1% 5.73M 18m41s
#17 20.01  98400K .......... .......... .......... .......... ..........  1% 7.33M 18m41s
#17 20.02  98450K .......... .......... .......... .......... ..........  1% 9.00M 18m41s
#17 20.03  98500K .......... .......... .......... .......... ..........  1% 4.89M 18m41s
#17 20.04  98550K .......... .......... .......... .......... ..........  1% 5.32M 18m41s
#17 20.04  98600K .......... .......... .......... .......... ..........  1% 8.88M 18m41s
#17 20.05  98650K .......... .......... .......... .......... ..........  1% 4.39M 18m41s
#17 20.06  98700K .......... .......... .......... .......... ..........  1% 6.99M 18m41s
#17 20.07  98750K .......... .......... .......... .......... ..........  1% 4.58M 18m41s
#17 20.08  98800K .......... .......... .......... .......... ..........  1% 7.16M 18m41s
#17 20.08  98850K .......... .......... .......... .......... ..........  1% 4.63M 18m41s
#17 20.10  98900K .......... .......... .......... .......... ..........  1% 7.68M 18m41s
#17 20.11  98950K .......... .......... .......... .......... ..........  1% 3.98M 18m41s
#17 20.11  99000K .......... .......... .......... .......... ..........  1% 13.1M 18m41s
#17 20.12  99050K .......... .......... .......... .......... ..........  1% 5.46M 18m41s
#17 20.13  99100K .......... .......... .......... .......... ..........  1% 4.49M 18m41s
#17 20.14  99150K .......... .......... .......... .......... ..........  1% 17.5M 18m41s
#17 20.14  99200K .......... .......... .......... .......... ..........  1% 17.4M 18m40s
#17 20.14  99250K .......... .......... .......... .......... ..........  1% 4.19M 18m40s
#17 20.16  99300K .......... .......... .......... .......... ..........  1% 12.2M 18m40s
#17 20.18  99350K .......... .......... .......... .......... ..........  1% 2.14M 18m41s
#17 20.18  99400K .......... .......... .......... .......... ..........  1% 8.43M 18m41s
#17 20.19  99450K .......... .......... .......... .......... ..........  1% 27.3M 18m40s
#17 20.19  99500K .......... .......... .......... .......... ..........  1% 24.6M 18m40s
#17 20.19  99550K .......... .......... .......... .......... ..........  1% 3.67M 18m40s
#17 20.20  99600K .......... .......... .......... .......... ..........  1% 19.8M 18m40s
#17 20.21  99650K .......... .......... .......... .......... ..........  1% 7.41M 18m40s
#17 20.22  99700K .......... .......... .......... .......... ..........  1% 5.23M 18m40s
#17 20.22  99750K .......... .......... .......... .......... ..........  1% 8.69M 18m40s
#17 20.23  99800K .......... .......... .......... .......... ..........  1% 5.70M 18m40s
#17 20.24  99850K .......... .......... .......... .......... ..........  1% 8.20M 18m39s
#17 20.24  99900K .......... .......... .......... .......... ..........  1% 10.1M 18m39s
#17 20.25  99950K .......... .......... .......... .......... ..........  1% 5.61M 18m39s
#17 20.26 100000K .......... .......... .......... .......... ..........  1% 5.41M 18m39s
#17 20.27 100050K .......... .......... .......... .......... ..........  1% 10.2M 18m39s
#17 20.27 100100K .......... .......... .......... .......... ..........  1% 3.10M 18m40s
#17 20.29 100150K .......... .......... .......... .......... ..........  1% 9.38M 18m39s
#17 20.29 100200K .......... .......... .......... .......... ..........  1% 11.6M 18m39s
#17 20.30 100250K .......... .......... .......... .......... ..........  1% 6.37M 18m39s
#17 20.30 100300K .......... .......... .......... .......... ..........  1% 7.62M 18m39s
#17 20.31 100350K .......... .......... .......... .......... ..........  1% 5.76M 18m39s
#17 20.32 100400K .......... .......... .......... .......... ..........  1% 6.61M 18m39s
#17 20.33 100450K .......... .......... .......... .......... ..........  1% 18.5M 18m38s
#17 20.33 100500K .......... .......... .......... .......... ..........  1% 5.41M 18m38s
#17 20.34 100550K .......... .......... .......... .......... ..........  1% 4.23M 18m39s
#17 20.35 100600K .......... .......... .......... .......... ..........  1% 5.51M 18m39s
#17 20.36 100650K .......... .......... .......... .......... ..........  1% 9.08M 18m38s
#17 20.36 100700K .......... .......... .......... .......... ..........  1% 11.0M 18m38s
#17 20.37 100750K .......... .......... .......... .......... ..........  1% 5.76M 18m38s
#17 20.38 100800K .......... .......... .......... .......... ..........  1% 7.11M 18m38s
#17 20.38 100850K .......... .......... .......... .......... ..........  1% 5.14M 18m38s
#17 20.39 100900K .......... .......... .......... .......... ..........  1% 4.18M 18m38s
#17 20.40 100950K .......... .......... .......... .......... ..........  1% 18.1M 18m38s
#17 20.41 101000K .......... .......... .......... .......... ..........  1% 6.10M 18m38s
#17 20.42 101050K .......... .......... .......... .......... ..........  1% 12.3M 18m38s
#17 20.42 101100K .......... .......... .......... .......... ..........  1% 8.14M 18m37s
#17 20.43 101150K .......... .......... .......... .......... ..........  1% 7.01M 18m37s
#17 20.43 101200K .......... .......... .......... .......... ..........  1% 9.80M 18m37s
#17 20.44 101250K .......... .......... .......... .......... ..........  1% 6.39M 18m37s
#17 20.45 101300K .......... .......... .......... .......... ..........  1% 4.55M 18m37s
#17 20.46 101350K .......... .......... .......... .......... ..........  1% 7.47M 18m37s
#17 20.46 101400K .......... .......... .......... .......... ..........  1% 6.26M 18m37s
#17 20.47 101450K .......... .......... .......... .......... ..........  1% 3.53M 18m37s
#17 20.48 101500K .......... .......... .......... .......... ..........  1% 5.60M 18m37s
#17 20.49 101550K .......... .......... .......... .......... ..........  1% 12.3M 18m37s
#17 20.50 101600K .......... .......... .......... .......... ..........  1% 9.91M 18m37s
#17 20.50 101650K .......... .......... .......... .......... ..........  1% 7.90M 18m37s
#17 20.51 101700K .......... .......... .......... .......... ..........  1% 4.00M 18m37s
#17 20.52 101750K .......... .......... .......... .......... ..........  1% 6.45M 18m37s
#17 20.53 101800K .......... .......... .......... .......... ..........  1% 7.42M 18m37s
#17 20.53 101850K .......... .......... .......... .......... ..........  1% 7.04M 18m37s
#17 20.54 101900K .......... .......... .......... .......... ..........  1% 3.74M 18m37s
#17 20.55 101950K .......... .......... .......... .......... ..........  1% 11.4M 18m37s
#17 20.56 102000K .......... .......... .......... .......... ..........  1% 5.69M 18m37s
#17 20.57 102050K .......... .......... .......... .......... ..........  1% 5.30M 18m37s
#17 20.58 102100K .......... .......... .......... .......... ..........  1% 6.00M 18m37s
#17 20.58 102150K .......... .......... .......... .......... ..........  1% 4.98M 18m37s
#17 20.59 102200K .......... .......... .......... .......... ..........  1% 11.7M 18m36s
#17 20.60 102250K .......... .......... .......... .......... ..........  1% 8.34M 18m36s
#17 20.60 102300K .......... .......... .......... .......... ..........  1% 8.44M 18m36s
#17 20.61 102350K .......... .......... .......... .......... ..........  1% 1.56M 18m38s
#17 20.64 102400K .......... .......... .......... .......... ..........  1% 6.00M 18m38s
#17 20.65 102450K .......... .......... .......... .......... ..........  1% 8.80M 18m37s
#17 20.65 102500K .......... .......... .......... .......... ..........  1% 3.05M 18m38s
#17 20.67 102550K .......... .......... .......... .......... ..........  1% 8.37M 18m38s
#17 20.68 102600K .......... .......... .......... .......... ..........  1% 6.24M 18m38s
#17 20.68 102650K .......... .......... .......... .......... ..........  1% 5.62M 18m38s
#17 20.69 102700K .......... .......... .......... .......... ..........  1% 9.78M 18m37s
#17 20.70 102750K .......... .......... .......... .......... ..........  1% 5.68M 18m37s
#17 20.71 102800K .......... .......... .......... .......... ..........  1% 9.43M 18m37s
#17 20.71 102850K .......... .......... .......... .......... ..........  1% 6.20M 18m37s
#17 20.72 102900K .......... .......... .......... .......... ..........  1% 9.36M 18m37s
#17 20.72 102950K .......... .......... .......... .......... ..........  1% 3.92M 18m37s
#17 20.74 103000K .......... .......... .......... .......... ..........  1% 6.09M 18m37s
#17 20.75 103050K .......... .......... .......... .......... ..........  1% 6.37M 18m37s
#17 20.75 103100K .......... .......... .......... .......... ..........  1% 6.16M 18m37s
#17 20.76 103150K .......... .......... .......... .......... ..........  1% 3.62M 18m37s
#17 20.77 103200K .......... .......... .......... .......... ..........  1% 8.10M 18m37s
#17 20.78 103250K .......... .......... .......... .......... ..........  1% 4.86M 18m37s
#17 20.79 103300K .......... .......... .......... .......... ..........  1% 6.02M 18m37s
#17 20.80 103350K .......... .......... .......... .......... ..........  1% 5.93M 18m37s
#17 20.81 103400K .......... .......... .......... .......... ..........  1% 8.18M 18m37s
#17 20.81 103450K .......... .......... .......... .......... ..........  1% 13.5M 18m37s
#17 20.82 103500K .......... .......... .......... .......... ..........  1% 3.14M 18m37s
#17 20.83 103550K .......... .......... .......... .......... ..........  1% 3.75M 18m38s
#17 20.84 103600K .......... .......... .......... .......... ..........  1% 9.24M 18m37s
#17 20.85 103650K .......... .......... .......... .......... ..........  1% 4.77M 18m38s
#17 20.86 103700K .......... .......... .......... .......... ..........  1% 5.21M 18m38s
#17 20.87 103750K .......... .......... .......... .......... ..........  1% 6.74M 18m38s
#17 20.88 103800K .......... .......... .......... .......... ..........  1% 16.6M 18m37s
#17 20.88 103850K .......... .......... .......... .......... ..........  1% 10.5M 18m37s
#17 20.89 103900K .......... .......... .......... .......... ..........  1% 9.45M 18m37s
#17 20.89 103950K .......... .......... .......... .......... ..........  1% 7.18M 18m37s
#17 20.90 104000K .......... .......... .......... .......... ..........  1% 6.63M 18m37s
#17 20.90 104050K .......... .......... .......... .......... ..........  1% 8.22M 18m36s
#17 20.91 104100K .......... .......... .......... .......... ..........  1% 5.31M 18m36s
#17 20.92 104150K .......... .......... .......... .......... ..........  1% 7.48M 18m36s
#17 20.93 104200K .......... .......... .......... .......... ..........  1% 1.58M 18m38s
#17 20.96 104250K .......... .......... .......... .......... ..........  1% 7.68M 18m38s
#17 20.96 104300K .......... .......... .......... .......... ..........  1% 12.0M 18m37s
#17 20.97 104350K .......... .......... .......... .......... ..........  1% 6.33M 18m37s
#17 20.97 104400K .......... .......... .......... .......... ..........  1% 5.75M 18m37s
#17 20.98 104450K .......... .......... .......... .......... ..........  1% 9.11M 18m37s
#17 20.99 104500K .......... .......... .......... .......... ..........  1% 4.88M 18m37s
#17 21.00 104550K .......... .......... .......... .......... ..........  1% 6.14M 18m37s
#17 21.01 104600K .......... .......... .......... .......... ..........  1% 6.07M 18m37s
#17 21.01 104650K .......... .......... .......... .......... ..........  1% 6.98M 18m37s
#17 21.02 104700K .......... .......... .......... .......... ..........  1% 6.91M 18m37s
#17 21.03 104750K .......... .......... .......... .......... ..........  1% 6.18M 18m37s
#17 21.04 104800K .......... .......... .......... .......... ..........  1% 4.95M 18m37s
#17 21.05 104850K .......... .......... .......... .......... ..........  1% 8.09M 18m37s
#17 21.05 104900K .......... .......... .......... .......... ..........  1% 5.93M 18m37s
#17 21.06 104950K .......... .......... .......... .......... ..........  1% 8.46M 18m37s
#17 21.07 105000K .......... .......... .......... .......... ..........  1% 11.0M 18m36s
#17 21.07 105050K .......... .......... .......... .......... ..........  1% 5.75M 18m36s
#17 21.08 105100K .......... .......... .......... .......... ..........  1% 6.72M 18m36s
#17 21.09 105150K .......... .......... .......... .......... ..........  1% 15.9M 18m36s
#17 21.09 105200K .......... .......... .......... .......... ..........  1% 7.20M 18m36s
#17 21.10 105250K .......... .......... .......... .......... ..........  1% 4.30M 18m36s
#17 21.11 105300K .......... .......... .......... .......... ..........  1% 7.87M 18m36s
#17 21.11 105350K .......... .......... .......... .......... ..........  1% 10.1M 18m36s
#17 21.12 105400K .......... .......... .......... .......... ..........  1% 6.23M 18m36s
#17 21.13 105450K .......... .......... .......... .......... ..........  1% 4.09M 18m36s
#17 21.14 105500K .......... .......... .......... .......... ..........  1% 8.53M 18m36s
#17 21.15 105550K .......... .......... .......... .......... ..........  1% 6.68M 18m36s
#17 21.15 105600K .......... .......... .......... .......... ..........  1% 9.93M 18m35s
#17 21.16 105650K .......... .......... .......... .......... ..........  1% 1.72M 18m37s
#17 21.19 105700K .......... .......... .......... .......... ..........  1% 13.6M 18m36s
#17 21.19 105750K .......... .......... .......... .......... ..........  1% 65.4M 18m36s
#17 21.19 105800K .......... .......... .......... .......... ..........  1% 21.5M 18m35s
#17 21.19 105850K .......... .......... .......... .......... ..........  1% 17.9M 18m35s
#17 21.20 105900K .......... .......... .......... .......... ..........  1% 19.7M 18m35s
#17 21.20 105950K .......... .......... .......... .......... ..........  1% 5.52M 18m35s
#17 21.21 106000K .......... .......... .......... .......... ..........  1% 8.29M 18m34s
#17 21.22 106050K .......... .......... .......... .......... ..........  1% 3.29M 18m35s
#17 21.23 106100K .......... .......... .......... .......... ..........  1% 1.29M 18m37s
#17 21.26 106150K .......... .......... .......... .......... ..........  1% 5.95M 18m37s
#17 21.27 106200K .......... .......... .......... .......... ..........  1% 8.41M 18m37s
#17 21.28 106250K .......... .......... .......... .......... ..........  1% 6.81M 18m36s
#17 21.29 106300K .......... .......... .......... .......... ..........  1% 11.6M 18m36s
#17 21.29 106350K .......... .......... .......... .......... ..........  1% 5.00M 18m36s
#17 21.30 106400K .......... .......... .......... .......... ..........  1% 7.60M 18m36s
#17 21.31 106450K .......... .......... .......... .......... ..........  1% 4.00M 18m36s
#17 21.32 106500K .......... .......... .......... .......... ..........  1% 5.12M 18m36s
#17 21.33 106550K .......... .......... .......... .......... ..........  1% 7.01M 18m36s
#17 21.33 106600K .......... .......... .......... .......... ..........  1% 11.3M 18m36s
#17 21.34 106650K .......... .......... .......... .......... ..........  1% 6.88M 18m36s
#17 21.35 106700K .......... .......... .......... .......... ..........  1% 8.04M 18m36s
#17 21.35 106750K .......... .......... .......... .......... ..........  1% 6.65M 18m36s
#17 21.36 106800K .......... .......... .......... .......... ..........  1% 6.95M 18m36s
#17 21.37 106850K .......... .......... .......... .......... ..........  1% 4.04M 18m36s
#17 21.38 106900K .......... .......... .......... .......... ..........  1% 3.97M 18m36s
#17 21.39 106950K .......... .......... .......... .......... ..........  1% 11.1M 18m36s
#17 21.40 107000K .......... .......... .......... .......... ..........  1% 12.5M 18m36s
#17 21.40 107050K .......... .......... .......... .......... ..........  1% 5.58M 18m36s
#17 21.41 107100K .......... .......... .......... .......... ..........  1% 6.81M 18m36s
#17 21.42 107150K .......... .......... .......... .......... ..........  1% 6.11M 18m35s
#17 21.42 107200K .......... .......... .......... .......... ..........  1% 8.59M 18m35s
#17 21.43 107250K .......... .......... .......... .......... ..........  1% 7.20M 18m35s
#17 21.44 107300K .......... .......... .......... .......... ..........  1% 6.84M 18m35s
#17 21.44 107350K .......... .......... .......... .......... ..........  1% 10.6M 18m35s
#17 21.45 107400K .......... .......... .......... .......... ..........  1% 6.29M 18m35s
#17 21.46 107450K .......... .......... .......... .......... ..........  1% 6.64M 18m35s
#17 21.46 107500K .......... .......... .......... .......... ..........  1% 5.71M 18m35s
#17 21.47 107550K .......... .......... .......... .......... ..........  1% 5.59M 18m35s
#17 21.48 107600K .......... .......... .......... .......... ..........  1% 11.4M 18m35s
#17 21.49 107650K .......... .......... .......... .......... ..........  1% 5.51M 18m35s
#17 21.49 107700K .......... .......... .......... .......... ..........  1% 8.32M 18m34s
#17 21.50 107750K .......... .......... .......... .......... ..........  1% 5.32M 18m34s
#17 21.51 107800K .......... .......... .......... .......... ..........  1% 7.96M 18m34s
#17 21.52 107850K .......... .......... .......... .......... ..........  1% 6.66M 18m34s
#17 21.52 107900K .......... .......... .......... .......... ..........  1% 8.70M 18m34s
#17 21.53 107950K .......... .......... .......... .......... ..........  1% 7.84M 18m34s
#17 21.53 108000K .......... .......... .......... .......... ..........  1% 7.68M 18m34s
#17 21.54 108050K .......... .......... .......... .......... ..........  1% 4.88M 18m34s
#17 21.55 108100K .......... .......... .......... .......... ..........  1% 12.6M 18m34s
#17 21.55 108150K .......... .......... .......... .......... ..........  1% 4.77M 18m34s
#17 21.56 108200K .......... .......... .......... .......... ..........  1% 10.3M 18m33s
#17 21.57 108250K .......... .......... .......... .......... ..........  1% 5.64M 18m33s
#17 21.58 108300K .......... .......... .......... .......... ..........  1% 5.53M 18m33s
#17 21.59 108350K .......... .......... .......... .......... ..........  1% 5.59M 18m33s
#17 21.59 108400K .......... .......... .......... .......... ..........  1% 8.22M 18m33s
#17 21.60 108450K .......... .......... .......... .......... ..........  1% 5.34M 18m33s
#17 21.61 108500K .......... .......... .......... .......... ..........  1% 5.06M 18m33s
#17 21.62 108550K .......... .......... .......... .......... ..........  1% 9.28M 18m33s
#17 21.62 108600K .......... .......... .......... .......... ..........  1% 10.4M 18m33s
#17 21.63 108650K .......... .......... .......... .......... ..........  1% 5.38M 18m33s
#17 21.64 108700K .......... .......... .......... .......... ..........  1% 7.51M 18m33s
#17 21.64 108750K .......... .......... .......... .......... ..........  1% 10.7M 18m33s
#17 21.65 108800K .......... .......... .......... .......... ..........  1% 6.34M 18m33s
#17 21.66 108850K .......... .......... .......... .......... ..........  1% 7.61M 18m33s
#17 21.66 108900K .......... .......... .......... .......... ..........  1% 4.38M 18m33s
#17 21.68 108950K .......... .......... .......... .......... ..........  1% 6.05M 18m33s
#17 21.68 109000K .......... .......... .......... .......... ..........  1% 11.3M 18m32s
#17 21.69 109050K .......... .......... .......... .......... ..........  1% 8.23M 18m32s
#17 21.69 109100K .......... .......... .......... .......... ..........  1% 5.14M 18m32s
#17 21.70 109150K .......... .......... .......... .......... ..........  1% 8.27M 18m32s
#17 21.71 109200K .......... .......... .......... .......... ..........  1% 7.00M 18m32s
#17 21.72 109250K .......... .......... .......... .......... ..........  1% 6.32M 18m32s
#17 21.72 109300K .......... .......... .......... .......... ..........  1% 7.74M 18m32s
#17 21.73 109350K .......... .......... .......... .......... ..........  1% 7.74M 18m32s
#17 21.74 109400K .......... .......... .......... .......... ..........  1% 16.4M 18m31s
#17 21.74 109450K .......... .......... .......... .......... ..........  1% 7.25M 18m31s
#17 21.75 109500K .......... .......... .......... .......... ..........  1% 9.49M 18m31s
#17 21.75 109550K .......... .......... .......... .......... ..........  1% 8.00M 18m31s
#17 21.76 109600K .......... .......... .......... .......... ..........  1% 5.19M 18m31s
#17 21.77 109650K .......... .......... .......... .......... ..........  1% 5.46M 18m31s
#17 21.78 109700K .......... .......... .......... .......... ..........  1% 4.43M 18m31s
#17 21.79 109750K .......... .......... .......... .......... ..........  1% 5.01M 18m31s
#17 21.80 109800K .......... .......... .......... .......... ..........  1% 5.66M 18m31s
#17 21.80 109850K .......... .......... .......... .......... ..........  1% 1.61M 18m33s
#17 21.83 109900K .......... .......... .......... .......... ..........  1% 6.02M 18m33s
#17 21.84 109950K .......... .......... .......... .......... ..........  1% 19.9M 18m32s
#17 21.84 110000K .......... .......... .......... .......... ..........  1% 6.99M 18m32s
#17 21.86 110050K .......... .......... .......... .......... ..........  1% 4.35M 18m32s
#17 21.86 110100K .......... .......... .......... .......... ..........  1% 6.81M 18m32s
#17 21.87 110150K .......... .......... .......... .......... ..........  1% 6.32M 18m32s
#17 21.88 110200K .......... .......... .......... .......... ..........  1% 5.56M 18m32s
#17 21.89 110250K .......... .......... .......... .......... ..........  1% 3.61M 18m32s
#17 21.90 110300K .......... .......... .......... .......... ..........  1% 7.10M 18m32s
#17 21.91 110350K .......... .......... .......... .......... ..........  1% 7.17M 18m32s
#17 21.91 110400K .......... .......... .......... .......... ..........  1% 5.49M 18m32s
#17 21.93 110450K .......... .......... .......... .......... ..........  1% 8.78M 18m32s
#17 21.93 110500K .......... .......... .......... .......... ..........  1% 5.25M 18m32s
#17 21.94 110550K .......... .......... .......... .......... ..........  1% 6.92M 18m32s
#17 21.95 110600K .......... .......... .......... .......... ..........  1% 12.7M 18m32s
#17 21.95 110650K .......... .......... .......... .......... ..........  1% 5.47M 18m32s
#17 21.96 110700K .......... .......... .......... .......... ..........  1% 6.88M 18m32s
#17 21.96 110750K .......... .......... .......... .......... ..........  1% 4.20M 18m32s
#17 21.98 110800K .......... .......... .......... .......... ..........  1% 5.10M 18m32s
#17 21.99 110850K .......... .......... .......... .......... ..........  1% 9.65M 18m32s
#17 21.99 110900K .......... .......... .......... .......... ..........  1% 4.18M 18m32s
#17 22.00 110950K .......... .......... .......... .......... ..........  1% 39.6M 18m32s
#17 22.00 111000K .......... .......... .......... .......... ..........  1% 9.86M 18m31s
#17 22.01 111050K .......... .......... .......... .......... ..........  1% 5.40M 18m31s
#17 22.02 111100K .......... .......... .......... .......... ..........  1% 10.3M 18m31s
#17 22.02 111150K .......... .......... .......... .......... ..........  1% 6.87M 18m31s
#17 22.03 111200K .......... .......... .......... .......... ..........  1% 7.39M 18m31s
#17 22.04 111250K .......... .......... .......... .......... ..........  1% 5.98M 18m31s
#17 22.04 111300K .......... .......... .......... .......... ..........  1% 5.79M 18m31s
#17 22.05 111350K .......... .......... .......... .......... ..........  1% 10.3M 18m31s
#17 22.06 111400K .......... .......... .......... .......... ..........  1% 5.52M 18m31s
#17 22.07 111450K .......... .......... .......... .......... ..........  1% 3.49M 18m31s
#17 22.08 111500K .......... .......... .......... .......... ..........  1% 11.5M 18m31s
#17 22.08 111550K .......... .......... .......... .......... ..........  1% 8.59M 18m31s
#17 22.09 111600K .......... .......... .......... .......... ..........  1% 8.11M 18m31s
#17 22.10 111650K .......... .......... .......... .......... ..........  1% 5.25M 18m31s
#17 22.11 111700K .......... .......... .......... .......... ..........  1% 9.26M 18m30s
#17 22.11 111750K .......... .......... .......... .......... ..........  1% 6.32M 18m30s
#17 22.12 111800K .......... .......... .......... .......... ..........  1% 9.69M 18m30s
#17 22.12 111850K .......... .......... .......... .......... ..........  1% 10.8M 18m30s
#17 22.13 111900K .......... .......... .......... .......... ..........  1% 4.82M 18m30s
#17 22.14 111950K .......... .......... .......... .......... ..........  1% 7.01M 18m30s
#17 22.15 112000K .......... .......... .......... .......... ..........  1% 7.62M 18m30s
#17 22.16 112050K .......... .......... .......... .......... ..........  1% 4.81M 18m30s
#17 22.16 112100K .......... .......... .......... .......... ..........  1% 3.11M 18m30s
#17 22.18 112150K .......... .......... .......... .......... ..........  1% 32.7M 18m30s
#17 22.20 112200K .......... .......... .......... .......... ..........  1% 3.22M 18m30s
#17 22.20 112250K .......... .......... .......... .......... ..........  1% 88.3M 18m30s
#17 22.20 112300K .......... .......... .......... .......... ..........  1% 7.79M 18m30s
#17 22.20 112350K .......... .......... .......... .......... ..........  1% 8.13M 18m30s
#17 22.21 112400K .......... .......... .......... .......... ..........  1% 13.1M 18m29s
#17 22.21 112450K .......... .......... .......... .......... ..........  1% 6.55M 18m29s
#17 22.22 112500K .......... .......... .......... .......... ..........  1% 8.29M 18m29s
#17 22.22 112550K .......... .......... .......... .......... ..........  1% 7.12M 18m29s
#17 22.23 112600K .......... .......... .......... .......... ..........  1% 8.80M 18m29s
#17 22.24 112650K .......... .......... .......... .......... ..........  1% 5.22M 18m29s
#17 22.25 112700K .......... .......... .......... .......... ..........  1% 6.16M 18m29s
#17 22.25 112750K .......... .......... .......... .......... ..........  1% 4.89M 18m29s
#17 22.26 112800K .......... .......... .......... .......... ..........  1% 6.42M 18m29s
#17 22.27 112850K .......... .......... .......... .......... ..........  1% 8.58M 18m29s
#17 22.28 112900K .......... .......... .......... .......... ..........  1% 5.64M 18m29s
#17 22.29 112950K .......... .......... .......... .......... ..........  1% 19.2M 18m28s
#17 22.29 113000K .......... .......... .......... .......... ..........  1% 8.60M 18m28s
#17 22.29 113050K .......... .......... .......... .......... ..........  1% 5.11M 18m28s
#17 22.30 113100K .......... .......... .......... .......... ..........  1% 12.2M 18m28s
#17 22.31 113150K .......... .......... .......... .......... ..........  1% 4.21M 18m28s
#17 22.32 113200K .......... .......... .......... .......... ..........  1% 14.1M 18m28s
#17 22.32 113250K .......... .......... .......... .......... ..........  1% 4.99M 18m28s
#17 22.33 113300K .......... .......... .......... .......... ..........  1% 7.97M 18m28s
#17 22.34 113350K .......... .......... .......... .......... ..........  1% 6.70M 18m28s
#17 22.35 113400K .......... .......... .......... .......... ..........  1% 3.00M 18m28s
#17 22.36 113450K .......... .......... .......... .......... ..........  1% 5.30M 18m28s
#17 22.37 113500K .......... .......... .......... .......... ..........  1% 5.10M 18m28s
#17 22.38 113550K .......... .......... .......... .......... ..........  1% 7.75M 18m28s
#17 22.39 113600K .......... .......... .......... .......... ..........  1% 7.94M 18m28s
#17 22.39 113650K .......... .......... .......... .......... ..........  1% 7.65M 18m28s
#17 22.40 113700K .......... .......... .......... .......... ..........  1% 6.61M 18m28s
#17 22.41 113750K .......... .......... .......... .......... ..........  1% 11.6M 18m28s
#17 22.41 113800K .......... .......... .......... .......... ..........  1% 5.48M 18m28s
#17 22.42 113850K .......... .......... .......... .......... ..........  1% 5.81M 18m28s
#17 22.43 113900K .......... .......... .......... .......... ..........  1% 7.75M 18m28s
#17 22.44 113950K .......... .......... .......... .......... ..........  1% 6.34M 18m27s
#17 22.44 114000K .......... .......... .......... .......... ..........  1% 5.01M 18m28s
#17 22.45 114050K .......... .......... .......... .......... ..........  1% 7.15M 18m27s
#17 22.46 114100K .......... .......... .......... .......... ..........  1% 9.06M 18m27s
#17 22.47 114150K .......... .......... .......... .......... ..........  1% 9.42M 18m27s
#17 22.47 114200K .......... .......... .......... .......... ..........  1% 6.32M 18m27s
#17 22.48 114250K .......... .......... .......... .......... ..........  1% 11.8M 18m27s
#17 22.48 114300K .......... .......... .......... .......... ..........  1% 8.95M 18m27s
#17 22.49 114350K .......... .......... .......... .......... ..........  1% 6.27M 18m27s
#17 22.50 114400K .......... .......... .......... .......... ..........  1% 6.09M 18m27s
#17 22.50 114450K .......... .......... .......... .......... ..........  1% 9.35M 18m26s
#17 22.51 114500K .......... .......... .......... .......... ..........  1% 4.95M 18m26s
#17 22.52 114550K .......... .......... .......... .......... ..........  1% 5.61M 18m26s
#17 22.53 114600K .......... .......... .......... .......... ..........  1% 7.67M 18m26s
#17 22.53 114650K .......... .......... .......... .......... ..........  1% 5.77M 18m26s
#17 22.54 114700K .......... .......... .......... .......... ..........  1% 7.54M 18m26s
#17 22.55 114750K .......... .......... .......... .......... ..........  1% 4.99M 18m26s
#17 22.56 114800K .......... .......... .......... .......... ..........  1% 8.08M 18m26s
#17 22.57 114850K .......... .......... .......... .......... ..........  1% 11.1M 18m26s
#17 22.57 114900K .......... .......... .......... .......... ..........  1% 8.19M 18m26s
#17 22.57 114950K .......... .......... .......... .......... ..........  1% 5.27M 18m26s
#17 22.58 115000K .......... .......... .......... .......... ..........  1% 5.66M 18m26s
#17 22.59 115050K .......... .......... .......... .......... ..........  1% 10.8M 18m26s
#17 22.60 115100K .......... .......... .......... .......... ..........  1% 23.0M 18m25s
#17 22.60 115150K .......... .......... .......... .......... ..........  1% 4.25M 18m25s
#17 22.61 115200K .......... .......... .......... .......... ..........  1% 8.45M 18m25s
#17 22.62 115250K .......... .......... .......... .......... ..........  1% 5.43M 18m25s
#17 22.63 115300K .......... .......... .......... .......... ..........  1% 6.92M 18m25s
#17 22.63 115350K .......... .......... .......... .......... ..........  1% 6.36M 18m25s
#17 22.64 115400K .......... .......... .......... .......... ..........  1% 6.82M 18m25s
#17 22.65 115450K .......... .......... .......... .......... ..........  1% 6.08M 18m25s
#17 22.65 115500K .......... .......... .......... .......... ..........  1% 7.91M 18m25s
#17 22.66 115550K .......... .......... .......... .......... ..........  1% 7.82M 18m25s
#17 22.67 115600K .......... .......... .......... .......... ..........  1% 10.8M 18m25s
#17 22.67 115650K .......... .......... .......... .......... ..........  1% 7.42M 18m24s
#17 22.68 115700K .......... .......... .......... .......... ..........  1% 7.48M 18m24s
#17 22.69 115750K .......... .......... .......... .......... ..........  1% 4.72M 18m24s
#17 22.70 115800K .......... .......... .......... .......... ..........  1% 8.44M 18m24s
#17 22.70 115850K .......... .......... .......... .......... ..........  1% 7.39M 18m24s
#17 22.71 115900K .......... .......... .......... .......... ..........  1% 7.73M 18m24s
#17 22.72 115950K .......... .......... .......... .......... ..........  1% 5.42M 18m24s
#17 22.72 116000K .......... .......... .......... .......... ..........  1% 6.00M 18m24s
#17 22.73 116050K .......... .......... .......... .......... ..........  1% 9.52M 18m24s
#17 22.74 116100K .......... .......... .......... .......... ..........  1% 5.55M 18m24s
#17 22.75 116150K .......... .......... .......... .......... ..........  1% 5.11M 18m24s
#17 22.75 116200K .......... .......... .......... .......... ..........  1% 11.0M 18m24s
#17 22.76 116250K .......... .......... .......... .......... ..........  1% 5.08M 18m24s
#17 22.77 116300K .......... .......... .......... .......... ..........  1% 31.6M 18m23s
#17 22.77 116350K .......... .......... .......... .......... ..........  1% 4.60M 18m24s
#17 22.78 116400K .......... .......... .......... .......... ..........  1% 8.67M 18m23s
#17 22.79 116450K .......... .......... .......... .......... ..........  1% 7.39M 18m23s
#17 22.79 116500K .......... .......... .......... .......... ..........  1% 11.0M 18m23s
#17 22.80 116550K .......... .......... .......... .......... ..........  1% 6.69M 18m23s
#17 22.81 116600K .......... .......... .......... .......... ..........  1%  138K 18m43s
#17 23.17 116650K .......... .......... .......... .......... ..........  1% 5.64M 18m43s
#17 23.18 116700K .......... .......... .......... .......... ..........  1% 2.61M 18m44s
#17 23.20 116750K .......... .......... .......... .......... ..........  1% 3.02M 18m44s
#17 23.21 116800K .......... .......... .......... .......... ..........  1% 11.4M 18m44s
#17 23.21 116850K .......... .......... .......... .......... ..........  1%  501K 18m49s
#17 23.31 116900K .......... .......... .......... .......... ..........  1%  300K 18m58s
#17 23.48 116950K .......... .......... .......... .......... ..........  1% 4.73M 18m58s
#17 23.49 117000K .......... .......... .......... .......... ..........  1% 8.51M 18m58s
#17 23.50 117050K .......... .......... .......... .......... ..........  1% 9.22M 18m58s
#17 23.50 117100K .......... .......... .......... .......... ..........  1% 7.59M 18m58s
#17 23.51 117150K .......... .......... .......... .......... ..........  1% 5.67M 18m58s
#17 23.52 117200K .......... .......... .......... .......... ..........  1% 1.67M 18m59s
#17 23.55 117250K .......... .......... .......... .......... ..........  1% 1.72M 19m0s
#17 23.57 117300K .......... .......... .......... .......... ..........  1% 5.43M 19m0s
#17 23.58 117350K .......... .......... .......... .......... ..........  1% 4.22M 19m0s
#17 23.60 117400K .......... .......... .......... .......... ..........  1% 44.7M 19m0s
#17 23.60 117450K .......... .......... .......... .......... ..........  1% 8.22M 19m0s
#17 23.60 117500K .......... .......... .......... .......... ..........  1% 5.84M 19m0s
#17 23.61 117550K .......... .......... .......... .......... ..........  1% 8.38M 18m59s
#17 23.62 117600K .......... .......... .......... .......... ..........  1% 13.5M 18m59s
#17 23.62 117650K .......... .......... .......... .......... ..........  1% 6.99M 18m59s
#17 23.63 117700K .......... .......... .......... .......... ..........  1% 6.63M 18m59s
#17 23.64 117750K .......... .......... .......... .......... ..........  1% 5.51M 18m59s
#17 23.64 117800K .......... .......... .......... .......... ..........  1% 11.2M 18m59s
#17 23.65 117850K .......... .......... .......... .......... ..........  1% 4.86M 18m59s
#17 23.66 117900K .......... .......... .......... .......... ..........  1% 8.03M 18m59s
#17 23.67 117950K .......... .......... .......... .......... ..........  1% 3.35M 18m59s
#17 23.68 118000K .......... .......... .......... .......... ..........  1% 2.67M 19m0s
#17 23.70 118050K .......... .......... .......... .......... ..........  1% 13.5M 18m59s
#17 23.70 118100K .......... .......... .......... .......... ..........  1% 31.7M 18m59s
#17 23.70 118150K .......... .......... .......... .......... ..........  1% 6.63M 18m59s
#17 23.71 118200K .......... .......... .......... .......... ..........  1% 12.7M 18m59s
#17 23.71 118250K .......... .......... .......... .......... ..........  1% 7.72M 18m58s
#17 23.72 118300K .......... .......... .......... .......... ..........  1% 25.5M 18m58s
#17 23.73 118350K .......... .......... .......... .......... ..........  1% 3.54M 18m58s
#17 23.74 118400K .......... .......... .......... .......... ..........  1% 8.04M 18m58s
#17 23.74 118450K .......... .......... .......... .......... ..........  1% 8.80M 18m58s
#17 23.75 118500K .......... .......... .......... .......... ..........  1% 7.03M 18m58s
#17 23.76 118550K .......... .......... .......... .......... ..........  1% 2.55M 18m58s
#17 23.77 118600K .......... .......... .......... .......... ..........  1% 27.1M 18m58s
#17 23.78 118650K .......... .......... .......... .......... ..........  1% 14.2M 18m58s
#17 23.78 118700K .......... .......... .......... .......... ..........  1% 6.48M 18m58s
#17 23.79 118750K .......... .......... .......... .......... ..........  1% 14.3M 18m57s
#17 23.79 118800K .......... .......... .......... .......... ..........  1% 7.12M 18m57s
#17 23.80 118850K .......... .......... .......... .......... ..........  1% 6.69M 18m57s
#17 23.81 118900K .......... .......... .......... .......... ..........  1% 7.27M 18m57s
#17 23.81 118950K .......... .......... .......... .......... ..........  1% 6.55M 18m57s
#17 23.82 119000K .......... .......... .......... .......... ..........  1% 12.4M 18m57s
#17 23.82 119050K .......... .......... .......... .......... ..........  1% 3.63M 18m57s
#17 23.83 119100K .......... .......... .......... .......... ..........  1% 5.71M 18m57s
#17 23.84 119150K .......... .......... .......... .......... ..........  1% 5.67M 18m57s
#17 23.85 119200K .......... .......... .......... .......... ..........  1% 5.62M 18m57s
#17 23.86 119250K .......... .......... .......... .......... ..........  1% 7.38M 18m57s
#17 23.87 119300K .......... .......... .......... .......... ..........  1% 7.26M 18m57s
#17 23.87 119350K .......... .......... .......... .......... ..........  1% 2.63M 18m57s
#17 23.90 119400K .......... .......... .......... .......... ..........  1% 12.3M 18m57s
#17 23.90 119450K .......... .......... .......... .......... ..........  1% 83.5M 18m57s
#17 23.90 119500K .......... .......... .......... .......... ..........  1% 4.09M 18m57s
#17 23.91 119550K .......... .......... .......... .......... ..........  1% 8.58M 18m57s
#17 23.91 119600K .......... .......... .......... .......... ..........  1% 9.35M 18m56s
#17 23.92 119650K .......... .......... .......... .......... ..........  1% 4.82M 18m57s
#17 23.93 119700K .......... .......... .......... .......... ..........  1% 8.61M 18m56s
#17 23.94 119750K .......... .......... .......... .......... ..........  1% 4.63M 18m56s
#17 23.95 119800K .......... .......... .......... .......... ..........  1% 5.91M 18m56s
#17 23.95 119850K .......... .......... .......... .......... ..........  1% 4.61M 18m57s
#17 23.97 119900K .......... .......... .......... .......... ..........  1% 10.8M 18m56s
#17 23.97 119950K .......... .......... .......... .......... ..........  1% 5.04M 18m56s
#17 23.98 120000K .......... .......... .......... .......... ..........  1% 6.18M 18m56s
#17 23.99 120050K .......... .......... .......... .......... ..........  1% 8.05M 18m56s
#17 24.00 120100K .......... .......... .......... .......... ..........  1% 4.06M 18m56s
#17 24.01 120150K .......... .......... .......... .......... ..........  1% 34.9M 18m56s
#17 24.01 120200K .......... .......... .......... .......... ..........  1% 4.43M 18m56s
#17 24.02 120250K .......... .......... .......... .......... ..........  1% 4.55M 18m56s
#17 24.03 120300K .......... .......... .......... .......... ..........  1% 4.13M 18m56s
#17 24.05 120350K .......... .......... .......... .......... ..........  1% 8.26M 18m56s
#17 24.05 120400K .......... .......... .......... .......... ..........  1% 11.4M 18m56s
#17 24.05 120450K .......... .......... .......... .......... ..........  1% 5.25M 18m56s
#17 24.06 120500K .......... .......... .......... .......... ..........  1% 6.16M 18m56s
#17 24.08 120550K .......... .......... .......... .......... ..........  1% 7.37M 18m56s
#17 24.08 120600K .......... .......... .......... .......... ..........  1% 14.4M 18m56s
#17 24.08 120650K .......... .......... .......... .......... ..........  1% 3.81M 18m56s
#17 24.09 120700K .......... .......... .......... .......... ..........  1% 2.90M 18m56s
#17 24.11 120750K .......... .......... .......... .......... ..........  1% 4.47M 18m56s
#17 24.12 120800K .......... .......... .......... .......... ..........  1% 44.1M 18m56s
#17 24.12 120850K .......... .......... .......... .......... ..........  1% 98.0M 18m56s
#17 24.12 120900K .......... .......... .......... .......... ..........  1% 6.10M 18m55s
#17 24.13 120950K .......... .......... .......... .......... ..........  1% 8.76M 18m55s
#17 24.13 121000K .......... .......... .......... .......... ..........  1% 4.62M 18m55s
#17 24.14 121050K .......... .......... .......... .......... ..........  1% 10.7M 18m55s
#17 24.15 121100K .......... .......... .......... .......... ..........  1% 5.06M 18m55s
#17 24.16 121150K .......... .......... .......... .......... ..........  1% 6.68M 18m55s
#17 24.17 121200K .......... .......... .......... .......... ..........  1% 12.1M 18m55s
#17 24.17 121250K .......... .......... .......... .......... ..........  1% 4.29M 18m55s
#17 24.18 121300K .......... .......... .......... .......... ..........  1% 2.63M 18m56s
#17 24.20 121350K .......... .......... .......... .......... ..........  1% 39.6M 18m55s
#17 24.20 121400K .......... .......... .......... .......... ..........  1% 62.8M 18m55s
#17 24.20 121450K .......... .......... .......... .......... ..........  1% 3.16M 18m55s
#17 24.22 121500K .......... .......... .......... .......... ..........  1% 9.26M 18m55s
#17 24.22 121550K .......... .......... .......... .......... ..........  1% 2.94M 18m55s
#17 24.24 121600K .......... .......... .......... .......... ..........  1% 32.8M 18m55s
#17 24.24 121650K .......... .......... .......... .......... ..........  1% 10.8M 18m55s
#17 24.24 121700K .......... .......... .......... .......... ..........  1% 2.59M 18m55s
#17 24.27 121750K .......... .......... .......... .......... ..........  1% 5.99M 18m55s
#17 24.27 121800K .......... .......... .......... .......... ..........  1% 3.84M 18m55s
#17 24.29 121850K .......... .......... .......... .......... ..........  1% 69.1M 18m55s
#17 24.29 121900K .......... .......... .......... .......... ..........  1% 39.1M 18m55s
#17 24.29 121950K .......... .......... .......... .......... ..........  1% 12.2M 18m54s
#17 24.29 122000K .......... .......... .......... .......... ..........  1% 6.01M 18m54s
#17 24.30 122050K .......... .......... .......... .......... ..........  1% 10.1M 18m54s
#17 24.31 122100K .......... .......... .......... .......... ..........  1% 6.58M 18m54s
#17 24.31 122150K .......... .......... .......... .......... ..........  1% 3.85M 18m54s
#17 24.32 122200K .......... .......... .......... .......... ..........  1% 8.34M 18m54s
#17 24.33 122250K .......... .......... .......... .......... ..........  1% 6.81M 18m54s
#17 24.34 122300K .......... .......... .......... .......... ..........  1% 6.40M 18m54s
#17 24.34 122350K .......... .......... .......... .......... ..........  1% 9.37M 18m54s
#17 24.35 122400K .......... .......... .......... .......... ..........  1% 5.16M 18m54s
#17 24.36 122450K .......... .......... .......... .......... ..........  1% 7.39M 18m54s
#17 24.37 122500K .......... .......... .......... .......... ..........  1% 3.50M 18m54s
#17 24.38 122550K .......... .......... .......... .......... ..........  1% 7.48M 18m54s
#17 24.39 122600K .......... .......... .......... .......... ..........  1% 5.40M 18m54s
#17 24.40 122650K .......... .......... .......... .......... ..........  1% 7.06M 18m54s
#17 24.40 122700K .......... .......... .......... .......... ..........  1% 3.67M 18m54s
#17 24.42 122750K .......... .......... .......... .......... ..........  1% 3.81M 18m54s
#17 24.43 122800K .......... .......... .......... .......... ..........  1% 3.77M 18m55s
#17 24.44 122850K .......... .......... .......... .......... ..........  1% 16.9M 18m54s
#17 24.44 122900K .......... .......... .......... .......... ..........  1% 11.5M 18m54s
#17 24.45 122950K .......... .......... .......... .......... ..........  1% 4.25M 18m54s
#17 24.46 123000K .......... .......... .......... .......... ..........  1% 8.77M 18m54s
#17 24.47 123050K .......... .......... .......... .......... ..........  1% 6.76M 18m54s
#17 24.47 123100K .......... .......... .......... .......... ..........  1% 55.8M 18m53s
#17 24.48 123150K .......... .......... .......... .......... ..........  1% 4.91M 18m54s
#17 24.48 123200K .......... .......... .......... .......... ..........  1% 4.75M 18m54s
#17 24.49 123250K .......... .......... .......... .......... ..........  1% 6.06M 18m54s
#17 24.50 123300K .......... .......... .......... .......... ..........  1% 6.17M 18m54s
#17 24.51 123350K .......... .......... .......... .......... ..........  1% 5.78M 18m54s
#17 24.52 123400K .......... .......... .......... .......... ..........  1% 5.09M 18m54s
#17 24.53 123450K .......... .......... .......... .......... ..........  1% 5.22M 18m54s
#17 24.54 123500K .......... .......... .......... .......... ..........  1% 5.76M 18m54s
#17 24.55 123550K .......... .......... .......... .......... ..........  1% 5.94M 18m54s
#17 24.55 123600K .......... .......... .......... .......... ..........  1% 11.6M 18m53s
#17 24.56 123650K .......... .......... .......... .......... ..........  1% 5.71M 18m53s
#17 24.57 123700K .......... .......... .......... .......... ..........  1% 8.15M 18m53s
#17 24.57 123750K .......... .......... .......... .......... ..........  1% 12.3M 18m53s
#17 24.58 123800K .......... .......... .......... .......... ..........  1% 4.30M 18m53s
#17 24.62 123850K .......... .......... .......... .......... ..........  1% 1.18M 18m55s
#17 24.63 123900K .......... .......... .......... .......... ..........  1% 5.84M 18m55s
#17 24.64 123950K .......... .......... .......... .......... ..........  1% 6.52M 18m55s
#17 24.65 124000K .......... .......... .......... .......... ..........  1% 7.81M 18m55s
#17 24.65 124050K .......... .......... .......... .......... ..........  1% 4.11M 18m55s
#17 24.66 124100K .......... .......... .......... .......... ..........  1% 9.33M 18m55s
#17 24.67 124150K .......... .......... .......... .......... ..........  1% 4.42M 18m55s
#17 24.68 124200K .......... .......... .......... .......... ..........  1% 7.52M 18m55s
#17 24.69 124250K .......... .......... .......... .......... ..........  1% 4.58M 18m55s
#17 24.70 124300K .......... .......... .......... .......... ..........  1% 4.13M 18m55s
#17 24.71 124350K .......... .......... .......... .......... ..........  1% 5.34M 18m55s
#17 24.72 124400K .......... .......... .......... .......... ..........  1% 9.51M 18m55s
#17 24.72 124450K .......... .......... .......... .......... ..........  1% 7.13M 18m55s
#17 24.73 124500K .......... .......... .......... .......... ..........  1% 7.19M 18m55s
#17 24.74 124550K .......... .......... .......... .......... ..........  1% 8.77M 18m54s
#17 24.74 124600K .......... .......... .......... .......... ..........  1% 6.67M 18m54s
#17 24.75 124650K .......... .......... .......... .......... ..........  1% 10.8M 18m54s
#17 24.76 124700K .......... .......... .......... .......... ..........  1% 4.82M 18m54s
#17 24.76 124750K .......... .......... .......... .......... ..........  1% 4.14M 18m54s
#17 24.78 124800K .......... .......... .......... .......... ..........  1% 4.32M 18m54s
#17 24.79 124850K .......... .......... .......... .......... ..........  1% 20.4M 18m54s
#17 24.79 124900K .......... .......... .......... .......... ..........  1% 5.34M 18m54s
#17 24.80 124950K .......... .......... .......... .......... ..........  1% 4.72M 18m54s
#17 24.81 125000K .......... .......... .......... .......... ..........  1% 9.64M 18m54s
#17 24.81 125050K .......... .......... .......... .......... ..........  1% 6.79M 18m54s
#17 24.82 125100K .......... .......... .......... .......... ..........  1% 8.76M 18m54s
#17 24.83 125150K .......... .......... .......... .......... ..........  1% 5.63M 18m54s
#17 24.84 125200K .......... .......... .......... .......... ..........  1% 6.77M 18m54s
#17 24.84 125250K .......... .......... .......... .......... ..........  1% 8.95M 18m54s
#17 24.85 125300K .......... .......... .......... .......... ..........  1% 9.02M 18m53s
#17 24.85 125350K .......... .......... .......... .......... ..........  1% 4.29M 18m54s
#17 24.87 125400K .......... .......... .......... .......... ..........  1% 6.62M 18m53s
#17 24.87 125450K .......... .......... .......... .......... ..........  1% 7.63M 18m53s
#17 24.88 125500K .......... .......... .......... .......... ..........  1% 3.52M 18m54s
#17 24.89 125550K .......... .......... .......... .......... ..........  1% 5.11M 18m54s
#17 24.90 125600K .......... .......... .......... .......... ..........  1% 5.70M 18m54s
#17 24.91 125650K .......... .......... .......... .......... ..........  1% 5.02M 18m54s
#17 24.92 125700K .......... .......... .......... .......... ..........  1% 9.58M 18m54s
#17 24.93 125750K .......... .......... .......... .......... ..........  1% 11.1M 18m53s
#17 24.93 125800K .......... .......... .......... .......... ..........  1% 5.77M 18m53s
#17 24.94 125850K .......... .......... .......... .......... ..........  1% 8.56M 18m53s
#17 24.94 125900K .......... .......... .......... .......... ..........  1% 4.00M 18m53s
#17 24.96 125950K .......... .......... .......... .......... ..........  1% 9.23M 18m53s
#17 24.96 126000K .......... .......... .......... .......... ..........  1% 4.70M 18m53s
#17 24.97 126050K .......... .......... .......... .......... ..........  1% 7.24M 18m53s
#17 24.98 126100K .......... .......... .......... .......... ..........  1% 1.67M 18m54s
#17 25.01 126150K .......... .......... .......... .......... ..........  1% 5.33M 18m54s
#17 25.02 126200K .......... .......... .......... .......... ..........  1% 8.35M 18m54s
#17 25.02 126250K .......... .......... .......... .......... ..........  1% 8.73M 18m54s
#17 25.03 126300K .......... .......... .......... .......... ..........  1% 4.35M 18m54s
#17 25.04 126350K .......... .......... .......... .......... ..........  1% 11.9M 18m54s
#17 25.04 126400K .......... .......... .......... .......... ..........  1% 5.14M 18m54s
#17 25.05 126450K .......... .......... .......... .......... ..........  1% 8.63M 18m54s
#17 25.06 126500K .......... .......... .......... .......... ..........  1% 5.50M 18m54s
#17 25.07 126550K .......... .......... .......... .......... ..........  1% 5.23M 18m54s
#17 25.08 126600K .......... .......... .......... .......... ..........  1% 5.81M 18m54s
#17 25.09 126650K .......... .......... .......... .......... ..........  1% 7.99M 18m54s
#17 25.09 126700K .......... .......... .......... .......... ..........  1% 7.28M 18m53s
#17 25.10 126750K .......... .......... .......... .......... ..........  1% 5.56M 18m53s
#17 25.11 126800K .......... .......... .......... .......... ..........  1% 7.47M 18m53s
#17 25.11 126850K .......... .......... .......... .......... ..........  1% 10.6M 18m53s
#17 25.12 126900K .......... .......... .......... .......... ..........  1% 5.82M 18m53s
#17 25.13 126950K .......... .......... .......... .......... ..........  1% 7.21M 18m53s
#17 25.13 127000K .......... .......... .......... .......... ..........  1% 5.80M 18m53s
#17 25.14 127050K .......... .......... .......... .......... ..........  1% 5.31M 18m53s
#17 25.15 127100K .......... .......... .......... .......... ..........  1% 4.93M 18m53s
#17 25.16 127150K .......... .......... .......... .......... ..........  1% 5.87M 18m53s
#17 25.17 127200K .......... .......... .......... .......... ..........  1% 5.72M 18m53s
#17 25.18 127250K .......... .......... .......... .......... ..........  1% 8.66M 18m53s
#17 25.18 127300K .......... .......... .......... .......... ..........  1% 6.35M 18m53s
#17 25.19 127350K .......... .......... .......... .......... ..........  1% 7.11M 18m53s
#17 25.20 127400K .......... .......... .......... .......... ..........  1% 9.52M 18m53s
#17 25.20 127450K .......... .......... .......... .......... ..........  1% 6.61M 18m53s
#17 25.21 127500K .......... .......... .......... .......... ..........  1% 5.87M 18m53s
#17 25.22 127550K .......... .......... .......... .......... ..........  1% 5.49M 18m53s
#17 25.23 127600K .......... .......... .......... .......... ..........  1% 5.14M 18m53s
#17 25.24 127650K .......... .......... .......... .......... ..........  1% 5.85M 18m53s
#17 25.25 127700K .......... .......... .......... .......... ..........  1% 8.49M 18m52s
#17 25.25 127750K .......... .......... .......... .......... ..........  1% 6.36M 18m52s
#17 25.26 127800K .......... .......... .......... .......... ..........  1% 5.31M 18m52s
#17 25.27 127850K .......... .......... .......... .......... ..........  1% 6.18M 18m52s
#17 25.28 127900K .......... .......... .......... .......... ..........  1% 5.36M 18m52s
#17 25.29 127950K .......... .......... .......... .......... ..........  1% 5.89M 18m52s
#17 25.29 128000K .......... .......... .......... .......... ..........  1% 10.1M 18m52s
#17 25.30 128050K .......... .......... .......... .......... ..........  1% 10.2M 18m52s
#17 25.30 128100K .......... .......... .......... .......... ..........  1% 5.36M 18m52s
#17 25.31 128150K .......... .......... .......... .......... ..........  1% 6.97M 18m52s
#17 25.32 128200K .......... .......... .......... .......... ..........  1% 7.06M 18m52s
#17 25.33 128250K .......... .......... .......... .......... ..........  1% 6.48M 18m52s
#17 25.34 128300K .......... .......... .......... .......... ..........  1% 3.57M 18m52s
#17 25.35 128350K .......... .......... .......... .......... ..........  1% 6.66M 18m52s
#17 25.35 128400K .......... .......... .......... .......... ..........  1% 4.81M 18m52s
#17 25.37 128450K .......... .......... .......... .......... ..........  1% 7.36M 18m52s
#17 25.37 128500K .......... .......... .......... .......... ..........  1% 11.1M 18m52s
#17 25.38 128550K .......... .......... .......... .......... ..........  1% 6.50M 18m52s
#17 25.38 128600K .......... .......... .......... .......... ..........  1% 5.55M 18m52s
#17 25.39 128650K .......... .......... .......... .......... ..........  1% 10.5M 18m51s
#17 25.40 128700K .......... .......... .......... .......... ..........  1% 4.00M 18m52s
#17 25.41 128750K .......... .......... .......... .......... ..........  1% 15.6M 18m51s
#17 25.41 128800K .......... .......... .......... .......... ..........  1% 5.27M 18m51s
#17 25.42 128850K .......... .......... .......... .......... ..........  1% 4.74M 18m51s
#17 25.43 128900K .......... .......... .......... .......... ..........  1% 5.60M 18m51s
#17 25.44 128950K .......... .......... .......... .......... ..........  1% 5.94M 18m51s
#17 25.45 129000K .......... .......... .......... .......... ..........  1% 4.63M 18m51s
#17 25.46 129050K .......... .......... .......... .......... ..........  1% 6.92M 18m51s
#17 25.47 129100K .......... .......... .......... .......... ..........  1% 4.13M 18m52s
#17 25.48 129150K .......... .......... .......... .......... ..........  1% 43.1M 18m51s
#17 25.48 129200K .......... .......... .......... .......... ..........  1% 4.19M 18m51s
#17 25.49 129250K .......... .......... .......... .......... ..........  1% 8.17M 18m51s
#17 25.50 129300K .......... .......... .......... .......... ..........  1% 7.99M 18m51s
#17 25.50 129350K .......... .......... .......... .......... ..........  1% 13.7M 18m51s
#17 25.51 129400K .......... .......... .......... .......... ..........  1% 6.22M 18m51s
#17 25.51 129450K .......... .......... .......... .......... ..........  1% 4.31M 18m51s
#17 25.53 129500K .......... .......... .......... .......... ..........  1% 4.94M 18m51s
#17 25.54 129550K .......... .......... .......... .......... ..........  1% 7.84M 18m51s
#17 25.54 129600K .......... .......... .......... .......... ..........  1% 4.16M 18m51s
#17 25.55 129650K .......... .......... .......... .......... ..........  1% 5.37M 18m51s
#17 25.56 129700K .......... .......... .......... .......... ..........  1% 11.6M 18m51s
#17 25.57 129750K .......... .......... .......... .......... ..........  1% 6.79M 18m51s
#17 25.58 129800K .......... .......... .......... .......... ..........  1% 6.10M 18m51s
#17 25.58 129850K .......... .......... .......... .......... ..........  1% 16.0M 18m50s
#17 25.59 129900K .......... .......... .......... .......... ..........  1% 3.65M 18m51s
#17 25.60 129950K .......... .......... .......... .......... ..........  1% 24.7M 18m50s
#17 25.60 130000K .......... .......... .......... .......... ..........  1% 4.34M 18m50s
#17 25.61 130050K .......... .......... .......... .......... ..........  1% 5.35M 18m50s
#17 25.62 130100K .......... .......... .......... .......... ..........  1% 3.43M 18m51s
#17 25.64 130150K .......... .......... .......... .......... ..........  1% 9.01M 18m51s
#17 25.65 130200K .......... .......... .......... .......... ..........  1% 7.58M 18m50s
#17 25.65 130250K .......... .......... .......... .......... ..........  1% 4.61M 18m51s
#17 25.66 130300K .......... .......... .......... .......... ..........  1% 3.72M 18m51s
#17 25.67 130350K .......... .......... .......... .......... ..........  1% 7.70M 18m51s
#17 25.68 130400K .......... .......... .......... .......... ..........  1% 47.8M 18m50s
#17 25.68 130450K .......... .......... .......... .......... ..........  1% 14.4M 18m50s
#17 25.68 130500K .......... .......... .......... .......... ..........  1% 5.28M 18m50s
#17 25.69 130550K .......... .......... .......... .......... ..........  1% 5.43M 18m50s
#17 25.70 130600K .......... .......... .......... .......... ..........  1% 13.6M 18m50s
#17 25.70 130650K .......... .......... .......... .......... ..........  1% 6.79M 18m50s
#17 25.72 130700K .......... .......... .......... .......... ..........  1% 3.95M 18m50s
#17 25.72 130750K .......... .......... .......... .......... ..........  1% 5.26M 18m50s
#17 25.73 130800K .......... .......... .......... .......... ..........  1% 6.02M 18m50s
#17 25.74 130850K .......... .......... .......... .......... ..........  1% 6.12M 18m50s
#17 25.77 130900K .......... .......... .......... .......... ..........  1% 7.46M 18m50s
#17 25.77 130950K .......... .......... .......... .......... ..........  1% 3.73M 18m50s
#17 25.77 131000K .......... .......... .......... .......... ..........  1% 28.5M 18m50s
#17 25.77 131050K .......... .......... .......... .......... ..........  1% 3.35M 18m50s
#17 25.78 131100K .......... .......... .......... .......... ..........  1% 66.1M 18m50s
#17 25.78 131150K .......... .......... .......... .......... ..........  1% 5.72M 18m49s
#17 25.79 131200K .......... .......... .......... .......... ..........  1% 8.70M 18m49s
#17 25.80 131250K .......... .......... .......... .......... ..........  1% 9.09M 18m49s
#17 25.80 131300K .......... .......... .......... .......... ..........  1% 6.47M 18m49s
#17 25.81 131350K .......... .......... .......... .......... ..........  1% 4.51M 18m49s
#17 25.82 131400K .......... .......... .......... .......... ..........  1% 5.48M 18m49s
#17 25.83 131450K .......... .......... .......... .......... ..........  1% 3.21M 18m50s
#17 25.85 131500K .......... .......... .......... .......... ..........  1% 4.62M 18m50s
#17 25.86 131550K .......... .......... .......... .......... ..........  1% 5.13M 18m50s
#17 25.87 131600K .......... .......... .......... .......... ..........  1% 5.20M 18m50s
#17 25.88 131650K .......... .......... .......... .......... ..........  1% 6.31M 18m50s
#17 25.89 131700K .......... .......... .......... .......... ..........  1% 5.67M 18m50s
#17 25.89 131750K .......... .......... .......... .......... ..........  1% 3.33M 18m50s
#17 25.91 131800K .......... .......... .......... .......... ..........  1% 5.54M 18m50s
#17 25.92 131850K .......... .......... .......... .......... ..........  1% 8.99M 18m50s
#17 25.92 131900K .......... .......... .......... .......... ..........  1% 52.3M 18m49s
#17 25.93 131950K .......... .......... .......... .......... ..........  1% 3.05M 18m50s
#17 25.94 132000K .......... .......... .......... .......... ..........  1% 48.8M 18m49s
#17 25.95 132050K .......... .......... .......... .......... ..........  1% 6.62M 18m49s
#17 25.95 132100K .......... .......... .......... .......... ..........  1% 47.8M 18m49s
#17 25.95 132150K .......... .......... .......... .......... ..........  1% 7.23M 18m49s
#17 25.95 132200K .......... .......... .......... .......... ..........  1% 14.9M 18m49s
#17 25.96 132250K .......... .......... .......... .......... ..........  1% 3.05M 18m49s
#17 25.97 132300K .......... .......... .......... .......... ..........  1% 4.31M 18m49s
#17 25.99 132350K .......... .......... .......... .......... ..........  1% 5.38M 18m49s
#17 25.99 132400K .......... .......... .......... .......... ..........  1% 3.16M 18m49s
#17 26.01 132450K .......... .......... .......... .......... ..........  1% 39.9M 18m49s
#17 26.01 132500K .......... .......... .......... .......... ..........  1% 39.6M 18m49s
#17 26.01 132550K .......... .......... .......... .......... ..........  1% 13.5M 18m48s
#17 26.02 132600K .......... .......... .......... .......... ..........  1% 10.3M 18m48s
#17 26.02 132650K .......... .......... .......... .......... ..........  1% 3.60M 18m49s
#17 26.03 132700K .......... .......... .......... .......... ..........  1% 12.3M 18m48s
#17 26.04 132750K .......... .......... .......... .......... ..........  1% 7.31M 18m48s
#17 26.04 132800K .......... .......... .......... .......... ..........  1% 6.57M 18m48s
#17 26.05 132850K .......... .......... .......... .......... ..........  1% 12.9M 18m48s
#17 26.06 132900K .......... .......... .......... .......... ..........  1% 17.8M 18m48s
#17 26.06 132950K .......... .......... .......... .......... ..........  1% 4.22M 18m48s
#17 26.07 133000K .......... .......... .......... .......... ..........  1% 10.6M 18m48s
#17 26.08 133050K .......... .......... .......... .......... ..........  1% 5.54M 18m48s
#17 26.10 133100K .......... .......... .......... .......... ..........  1% 1.41M 18m49s
#17 26.12 133150K .......... .......... .......... .......... ..........  1% 5.12M 18m49s
#17 26.13 133200K .......... .......... .......... .......... ..........  1% 22.1M 18m49s
#17 26.13 133250K .......... .......... .......... .......... ..........  1% 10.3M 18m48s
#17 26.14 133300K .......... .......... .......... .......... ..........  1% 7.50M 18m48s
#17 26.14 133350K .......... .......... .......... .......... ..........  1% 4.59M 18m48s
#17 26.15 133400K .......... .......... .......... .......... ..........  1% 8.34M 18m48s
#17 26.16 133450K .......... .......... .......... .......... ..........  1% 7.38M 18m48s
#17 26.17 133500K .......... .......... .......... .......... ..........  1% 4.83M 18m48s
#17 26.18 133550K .......... .......... .......... .......... ..........  1% 5.49M 18m48s
#17 26.18 133600K .......... .......... .......... .......... ..........  1% 9.40M 18m48s
#17 26.19 133650K .......... .......... .......... .......... ..........  1% 6.13M 18m48s
#17 26.20 133700K .......... .......... .......... .......... ..........  1% 3.83M 18m48s
#17 26.21 133750K .......... .......... .......... .......... ..........  1% 7.89M 18m48s
#17 26.22 133800K .......... .......... .......... .......... ..........  1% 5.36M 18m48s
#17 26.22 133850K .......... .......... .......... .......... ..........  1% 9.16M 18m48s
#17 26.23 133900K .......... .......... .......... .......... ..........  1% 6.93M 18m48s
#17 26.24 133950K .......... .......... .......... .......... ..........  1% 4.67M 18m48s
#17 26.25 134000K .......... .......... .......... .......... ..........  1% 5.79M 18m48s
#17 26.26 134050K .......... .......... .......... .......... ..........  1% 3.60M 18m48s
#17 26.27 134100K .......... .......... .......... .......... ..........  1% 14.9M 18m48s
#17 26.27 134150K .......... .......... .......... .......... ..........  1% 5.71M 18m48s
#17 26.28 134200K .......... .......... .......... .......... ..........  1% 4.97M 18m48s
#17 26.29 134250K .......... .......... .......... .......... ..........  1% 6.66M 18m48s
#17 26.30 134300K .......... .......... .......... .......... ..........  1% 3.43M 18m48s
#17 26.31 134350K .......... .......... .......... .......... ..........  1% 7.42M 18m48s
#17 26.32 134400K .......... .......... .......... .......... ..........  1% 4.76M 18m48s
#17 26.33 134450K .......... .......... .......... .......... ..........  1% 14.8M 18m48s
#17 26.33 134500K .......... .......... .......... .......... ..........  1% 12.6M 18m48s
#17 26.34 134550K .......... .......... .......... .......... ..........  1% 8.23M 18m47s
#17 26.34 134600K .......... .......... .......... .......... ..........  1% 3.72M 18m48s
#17 26.36 134650K .......... .......... .......... .......... ..........  1% 16.3M 18m47s
#17 26.36 134700K .......... .......... .......... .......... ..........  1% 5.63M 18m47s
#17 26.37 134750K .......... .......... .......... .......... ..........  1% 5.40M 18m47s
#17 26.38 134800K .......... .......... .......... .......... ..........  1% 7.67M 18m47s
#17 26.38 134850K .......... .......... .......... .......... ..........  1% 4.15M 18m47s
#17 26.40 134900K .......... .......... .......... .......... ..........  1% 4.77M 18m48s
#17 26.41 134950K .......... .......... .......... .......... ..........  1% 8.10M 18m47s
#17 26.41 135000K .......... .......... .......... .......... ..........  1% 10.7M 18m47s
#17 26.42 135050K .......... .......... .......... .......... ..........  1% 5.54M 18m47s
#17 26.43 135100K .......... .......... .......... .......... ..........  1% 6.21M 18m47s
#17 26.43 135150K .......... .......... .......... .......... ..........  1% 17.3M 18m47s
#17 26.44 135200K .......... .......... .......... .......... ..........  1% 7.91M 18m47s
#17 26.44 135250K .......... .......... .......... .......... ..........  1% 4.63M 18m47s
#17 26.45 135300K .......... .......... .......... .......... ..........  1% 6.32M 18m47s
#17 26.46 135350K .......... .......... .......... .......... ..........  1% 5.54M 18m47s
#17 26.47 135400K .......... .......... .......... .......... ..........  1% 4.25M 18m47s
#17 26.48 135450K .......... .......... .......... .......... ..........  1% 19.9M 18m47s
#17 26.49 135500K .......... .......... .......... .......... ..........  2% 3.71M 18m47s
#17 26.50 135550K .......... .......... .......... .......... ..........  2% 8.12M 18m47s
#17 26.50 135600K .......... .......... .......... .......... ..........  2% 8.04M 18m47s
#17 26.51 135650K .......... .......... .......... .......... ..........  2% 7.06M 18m47s
#17 26.51 135700K .......... .......... .......... .......... ..........  2% 7.28M 18m46s
#17 26.52 135750K .......... .......... .......... .......... ..........  2% 8.19M 18m46s
#17 26.53 135800K .......... .......... .......... .......... ..........  2% 10.1M 18m46s
#17 26.53 135850K .......... .......... .......... .......... ..........  2% 6.12M 18m46s
#17 26.54 135900K .......... .......... .......... .......... ..........  2% 4.28M 18m46s
#17 26.55 135950K .......... .......... .......... .......... ..........  2% 4.72M 18m46s
#17 26.56 136000K .......... .......... .......... .......... ..........  2% 6.20M 18m46s
#17 26.57 136050K .......... .......... .......... .......... ..........  2% 6.02M 18m46s
#17 26.58 136100K .......... .......... .......... .......... ..........  2% 4.54M 18m46s
#17 26.59 136150K .......... .......... .......... .......... ..........  2% 12.6M 18m46s
#17 26.59 136200K .......... .......... .......... .......... ..........  2% 6.07M 18m46s
#17 26.60 136250K .......... .......... .......... .......... ..........  2% 6.41M 18m46s
#17 26.61 136300K .......... .......... .......... .......... ..........  2% 7.65M 18m46s
#17 26.61 136350K .......... .......... .......... .......... ..........  2% 6.08M 18m46s
#17 26.62 136400K .......... .......... .......... .......... ..........  2% 8.64M 18m46s
#17 26.63 136450K .......... .......... .......... .......... ..........  2% 7.95M 18m46s
#17 26.63 136500K .......... .......... .......... .......... ..........  2% 4.42M 18m46s
#17 26.65 136550K .......... .......... .......... .......... ..........  2% 6.87M 18m46s
#17 26.66 136600K .......... .......... .......... .......... ..........  2% 3.73M 18m46s
#17 26.67 136650K .......... .......... .......... .......... ..........  2% 11.4M 18m46s
#17 26.67 136700K .......... .......... .......... .......... ..........  2% 4.19M 18m46s
#17 26.68 136750K .......... .......... .......... .......... ..........  2% 6.24M 18m46s
#17 26.69 136800K .......... .......... .......... .......... ..........  2% 7.00M 18m46s
#17 26.70 136850K .......... .......... .......... .......... ..........  2% 7.14M 18m46s
#17 26.70 136900K .......... .......... .......... .......... ..........  2% 9.04M 18m45s
#17 26.71 136950K .......... .......... .......... .......... ..........  2% 8.21M 18m45s
#17 26.71 137000K .......... .......... .......... .......... ..........  2% 8.29M 18m45s
#17 26.72 137050K .......... .......... .......... .......... ..........  2% 5.38M 18m45s
#17 26.73 137100K .......... .......... .......... .......... ..........  2% 4.52M 18m45s
#17 26.74 137150K .......... .......... .......... .......... ..........  2% 6.76M 18m45s
#17 26.75 137200K .......... .......... .......... .......... ..........  2% 5.27M 18m45s
#17 26.76 137250K .......... .......... .......... .......... ..........  2% 2.59M 18m46s
#17 26.78 137300K .......... .......... .......... .......... ..........  2% 14.6M 18m46s
#17 26.78 137350K .......... .......... .......... .......... ..........  2% 7.11M 18m45s
#17 26.79 137400K .......... .......... .......... .......... ..........  2% 8.55M 18m45s
#17 26.79 137450K .......... .......... .......... .......... ..........  2% 11.9M 18m45s
#17 26.80 137500K .......... .......... .......... .......... ..........  2% 7.36M 18m45s
#17 26.80 137550K .......... .......... .......... .......... ..........  2% 1.27M 18m46s
#17 26.84 137600K .......... .......... .......... .......... ..........  2% 7.62M 18m46s
#17 26.85 137650K .......... .......... .......... .......... ..........  2% 6.15M 18m46s
#17 26.86 137700K .......... .......... .......... .......... ..........  2% 3.23M 18m47s
#17 26.87 137750K .......... .......... .......... .......... ..........  2% 5.15M 18m47s
#17 26.88 137800K .......... .......... .......... .......... ..........  2% 10.5M 18m46s
#17 26.88 137850K .......... .......... .......... .......... ..........  2% 8.08M 18m46s
#17 26.89 137900K .......... .......... .......... .......... ..........  2% 7.92M 18m46s
#17 26.90 137950K .......... .......... .......... .......... ..........  2% 6.70M 18m46s
#17 26.91 138000K .......... .......... .......... .......... ..........  2% 7.96M 18m46s
#17 26.91 138050K .......... .......... .......... .......... ..........  2% 7.33M 18m46s
#17 26.92 138100K .......... .......... .......... .......... ..........  2% 4.28M 18m46s
#17 26.93 138150K .......... .......... .......... .......... ..........  2% 4.73M 18m46s
#17 26.94 138200K .......... .......... .......... .......... ..........  2% 3.92M 18m46s
#17 26.95 138250K .......... .......... .......... .......... ..........  2% 3.05M 18m47s
#17 26.97 138300K .......... .......... .......... .......... ..........  2% 6.58M 18m47s
#17 26.97 138350K .......... .......... .......... .......... ..........  2% 12.8M 18m46s
#17 26.98 138400K .......... .......... .......... .......... ..........  2% 4.35M 18m46s
#17 26.99 138450K .......... .......... .......... .......... ..........  2% 5.59M 18m46s
#17 27.00 138500K .......... .......... .......... .......... ..........  2% 6.73M 18m46s
#17 27.01 138550K .......... .......... .......... .......... ..........  2% 8.53M 18m46s
#17 27.01 138600K .......... .......... .......... .......... ..........  2% 3.77M 18m46s
#17 27.02 138650K .......... .......... .......... .......... ..........  2% 8.68M 18m46s
#17 27.03 138700K .......... .......... .......... .......... ..........  2% 9.69M 18m46s
#17 27.04 138750K .......... .......... .......... .......... ..........  2% 4.96M 18m46s
#17 27.04 138800K .......... .......... .......... .......... ..........  2% 4.45M 18m46s
#17 27.06 138850K .......... .......... .......... .......... ..........  2% 8.40M 18m46s
#17 27.06 138900K .......... .......... .......... .......... ..........  2% 5.15M 18m46s
#17 27.07 138950K .......... .......... .......... .......... ..........  2% 5.40M 18m46s
#17 27.08 139000K .......... .......... .......... .......... ..........  2% 7.56M 18m46s
#17 27.09 139050K .......... .......... .......... .......... ..........  2% 4.00M 18m46s
#17 27.10 139100K .......... .......... .......... .......... ..........  2% 5.67M 18m46s
#17 27.11 139150K .......... .......... .......... .......... ..........  2% 11.0M 18m46s
#17 27.11 139200K .......... .......... .......... .......... ..........  2% 12.0M 18m46s
#17 27.12 139250K .......... .......... .......... .......... ..........  2% 1.59M 18m47s
#17 27.15 139300K .......... .......... .......... .......... ..........  2% 3.77M 18m47s
#17 27.16 139350K .......... .......... .......... .......... ..........  2% 5.82M 18m47s
#17 27.17 139400K .......... .......... .......... .......... ..........  2% 4.67M 18m47s
#17 27.18 139450K .......... .......... .......... .......... ..........  2% 7.53M 18m47s
#17 27.19 139500K .......... .......... .......... .......... ..........  2% 4.74M 18m47s
#17 27.19 139550K .......... .......... .......... .......... ..........  2% 6.19M 18m47s
#17 27.20 139600K .......... .......... .......... .......... ..........  2% 24.7M 18m47s
#17 27.20 139650K .......... .......... .......... .......... ..........  2% 4.66M 18m47s
#17 27.22 139700K .......... .......... .......... .......... ..........  2% 11.1M 18m47s
#17 27.22 139750K .......... .......... .......... .......... ..........  2% 4.92M 18m47s
#17 27.23 139800K .......... .......... .......... .......... ..........  2% 6.61M 18m47s
#17 27.24 139850K .......... .......... .......... .......... ..........  2% 5.22M 18m47s
#17 27.25 139900K .......... .......... .......... .......... ..........  2% 4.76M 18m47s
#17 27.26 139950K .......... .......... .......... .......... ..........  2% 5.11M 18m47s
#17 27.27 140000K .......... .......... .......... .......... ..........  2% 7.85M 18m47s
#17 27.27 140050K .......... .......... .......... .......... ..........  2% 4.04M 18m47s
#17 27.29 140100K .......... .......... .......... .......... ..........  2% 50.8M 18m47s
#17 27.29 140150K .......... .......... .......... .......... ..........  2% 7.75M 18m46s
#17 27.29 140200K .......... .......... .......... .......... ..........  2% 7.60M 18m46s
#17 27.30 140250K .......... .......... .......... .......... ..........  2% 6.15M 18m46s
#17 27.31 140300K .......... .......... .......... .......... ..........  2% 4.63M 18m46s
#17 27.32 140350K .......... .......... .......... .......... ..........  2% 7.68M 18m46s
#17 27.32 140400K .......... .......... .......... .......... ..........  2% 4.54M 18m46s
#17 27.33 140450K .......... .......... .......... .......... ..........  2% 5.60M 18m46s
#17 27.34 140500K .......... .......... .......... .......... ..........  2% 4.56M 18m46s
#17 27.35 140550K .......... .......... .......... .......... ..........  2% 7.14M 18m46s
#17 27.36 140600K .......... .......... .......... .......... ..........  2% 10.2M 18m46s
#17 27.36 140650K .......... .......... .......... .......... ..........  2% 5.92M 18m46s
#17 27.37 140700K .......... .......... .......... .......... ..........  2% 8.87M 18m46s
#17 27.38 140750K .......... .......... .......... .......... ..........  2% 3.67M 18m46s
#17 27.40 140800K .......... .......... .......... .......... ..........  2% 3.69M 18m46s
#17 27.41 140850K .......... .......... .......... .......... ..........  2% 21.5M 18m46s
#17 27.41 140900K .......... .......... .......... .......... ..........  2% 11.7M 18m46s
#17 27.41 140950K .......... .......... .......... .......... ..........  2% 7.28M 18m46s
#17 27.42 141000K .......... .......... .......... .......... ..........  2% 3.88M 18m46s
#17 27.43 141050K .......... .......... .......... .......... ..........  2% 9.59M 18m46s
#17 27.44 141100K .......... .......... .......... .......... ..........  2% 5.12M 18m46s
#17 27.45 141150K .......... .......... .......... .......... ..........  2% 7.19M 18m46s
#17 27.45 141200K .......... .......... .......... .......... ..........  2% 3.72M 18m46s
#17 27.47 141250K .......... .......... .......... .......... ..........  2% 13.1M 18m46s
#17 27.47 141300K .......... .......... .......... .......... ..........  2% 6.52M 18m46s
#17 27.48 141350K .......... .......... .......... .......... ..........  2% 6.57M 18m46s
#17 27.48 141400K .......... .......... .......... .......... ..........  2% 5.20M 18m46s
#17 27.49 141450K .......... .......... .......... .......... ..........  2% 8.19M 18m46s
#17 27.50 141500K .......... .......... .......... .......... ..........  2% 5.42M 18m46s
#17 27.51 141550K .......... .......... .......... .......... ..........  2% 6.76M 18m46s
#17 27.52 141600K .......... .......... .......... .......... ..........  2% 4.12M 18m46s
#17 27.53 141650K .......... .......... .......... .......... ..........  2% 12.9M 18m45s
#17 27.54 141700K .......... .......... .......... .......... ..........  2% 4.60M 18m46s
#17 27.54 141750K .......... .......... .......... .......... ..........  2% 5.79M 18m46s
#17 27.55 141800K .......... .......... .......... .......... ..........  2% 4.83M 18m46s
#17 27.56 141850K .......... .......... .......... .......... ..........  2% 31.1M 18m45s
#17 27.57 141900K .......... .......... .......... .......... ..........  2% 4.96M 18m45s
#17 27.57 141950K .......... .......... .......... .......... ..........  2% 12.8M 18m45s
#17 27.58 142000K .......... .......... .......... .......... ..........  2% 5.21M 18m45s
#17 27.58 142050K .......... .......... .......... .......... ..........  2% 4.87M 18m45s
#17 27.59 142100K .......... .......... .......... .......... ..........  2% 3.79M 18m45s
#17 27.61 142150K .......... .......... .......... .......... ..........  2% 6.96M 18m45s
#17 27.62 142200K .......... .......... .......... .......... ..........  2% 10.7M 18m45s
#17 27.62 142250K .......... .......... .......... .......... ..........  2% 4.82M 18m45s
#17 27.63 142300K .......... .......... .......... .......... ..........  2% 4.80M 18m45s
#17 27.64 142350K .......... .......... .......... .......... ..........  2% 4.27M 18m45s
#17 27.65 142400K .......... .......... .......... .......... ..........  2% 88.1M 18m45s
#17 27.65 142450K .......... .......... .......... .......... ..........  2% 5.19M 18m45s
#17 27.67 142500K .......... .......... .......... .......... ..........  2% 3.49M 18m45s
#17 27.68 142550K .......... .......... .......... .......... ..........  2% 9.07M 18m45s
#17 27.68 142600K .......... .......... .......... .......... ..........  2% 8.51M 18m45s
#17 27.69 142650K .......... .......... .......... .......... ..........  2% 3.92M 18m45s
#17 27.70 142700K .......... .......... .......... .......... ..........  2% 3.87M 18m45s
#17 27.71 142750K .......... .......... .......... .......... ..........  2% 21.4M 18m45s
#17 27.71 142800K .......... .......... .......... .......... ..........  2% 3.60M 18m45s
#17 27.73 142850K .......... .......... .......... .......... ..........  2% 4.10M 18m45s
#17 27.74 142900K .......... .......... .......... .......... ..........  2% 32.9M 18m45s
#17 27.74 142950K .......... .......... .......... .......... ..........  2% 21.8M 18m45s
#17 27.75 143000K .......... .......... .......... .......... ..........  2% 4.17M 18m45s
#17 27.75 143050K .......... .......... .......... .......... ..........  2% 58.6M 18m45s
#17 27.76 143100K .......... .......... .......... .......... ..........  2% 6.74M 18m45s
#17 27.76 143150K .......... .......... .......... .......... ..........  2% 13.7M 18m44s
#17 27.77 143200K .......... .......... .......... .......... ..........  2% 4.38M 18m44s
#17 27.78 143250K .......... .......... .......... .......... ..........  2% 1.86M 18m45s
#17 27.80 143300K .......... .......... .......... .......... ..........  2% 5.47M 18m45s
#17 27.81 143350K .......... .......... .......... .......... ..........  2% 4.25M 18m45s
#17 27.82 143400K .......... .......... .......... .......... ..........  2% 11.2M 18m45s
#17 27.83 143450K .......... .......... .......... .......... ..........  2% 6.41M 18m45s
#17 27.84 143500K .......... .......... .......... .......... ..........  2% 3.58M 18m45s
#17 27.85 143550K .......... .......... .......... .......... ..........  2% 6.12M 18m45s
#17 27.86 143600K .......... .......... .......... .......... ..........  2% 5.87M 18m45s
#17 27.87 143650K .......... .......... .......... .......... ..........  2% 30.1M 18m45s
#17 27.87 143700K .......... .......... .......... .......... ..........  2% 11.5M 18m45s
#17 27.87 143750K .......... .......... .......... .......... ..........  2% 6.16M 18m45s
#17 27.88 143800K .......... .......... .......... .......... ..........  2% 3.09M 18m45s
#17 27.90 143850K .......... .......... .......... .......... ..........  2% 4.64M 18m45s
#17 27.91 143900K .......... .......... .......... .......... ..........  2% 9.89M 18m45s
#17 27.91 143950K .......... .......... .......... .......... ..........  2% 4.42M 18m45s
#17 27.92 144000K .......... .......... .......... .......... ..........  2% 7.11M 18m45s
#17 27.93 144050K .......... .......... .......... .......... ..........  2% 13.9M 18m45s
#17 27.93 144100K .......... .......... .......... .......... ..........  2% 3.68M 18m45s
#17 27.95 144150K .......... .......... .......... .......... ..........  2% 6.63M 18m45s
#17 27.95 144200K .......... .......... .......... .......... ..........  2% 7.49M 18m45s
#17 27.96 144250K .......... .......... .......... .......... ..........  2% 8.11M 18m45s
#17 27.97 144300K .......... .......... .......... .......... ..........  2% 7.43M 18m45s
#17 27.97 144350K .......... .......... .......... .......... ..........  2% 4.23M 18m45s
#17 27.98 144400K .......... .......... .......... .......... ..........  2% 5.28M 18m45s
#17 27.99 144450K .......... .......... .......... .......... ..........  2% 7.67M 18m45s
#17 28.00 144500K .......... .......... .......... .......... ..........  2% 6.40M 18m45s
#17 28.01 144550K .......... .......... .......... .......... ..........  2% 6.60M 18m45s
#17 28.01 144600K .......... .......... .......... .......... ..........  2% 6.61M 18m45s
#17 28.02 144650K .......... .......... .......... .......... ..........  2% 6.12M 18m44s
#17 28.03 144700K .......... .......... .......... .......... ..........  2% 6.01M 18m44s
#17 28.04 144750K .......... .......... .......... .......... ..........  2% 7.01M 18m44s
#17 28.04 144800K .......... .......... .......... .......... ..........  2% 5.75M 18m44s
#17 28.05 144850K .......... .......... .......... .......... ..........  2% 7.76M 18m44s
#17 28.06 144900K .......... .......... .......... .......... ..........  2% 6.21M 18m44s
#17 28.07 144950K .......... .......... .......... .......... ..........  2% 5.39M 18m44s
#17 28.08 145000K .......... .......... .......... .......... ..........  2% 3.58M 18m44s
#17 28.09 145050K .......... .......... .......... .......... ..........  2% 9.42M 18m44s
#17 28.10 145100K .......... .......... .......... .......... ..........  2% 8.07M 18m44s
#17 28.11 145150K .......... .......... .......... .......... ..........  2% 3.89M 18m44s
#17 28.11 145200K .......... .......... .......... .......... ..........  2% 6.00M 18m44s
#17 28.12 145250K .......... .......... .......... .......... ..........  2% 5.54M 18m44s
#17 28.13 145300K .......... .......... .......... .......... ..........  2% 52.7M 18m44s
#17 28.13 145350K .......... .......... .......... .......... ..........  2% 4.00M 18m44s
#17 28.14 145400K .......... .......... .......... .......... ..........  2% 5.91M 18m44s
#17 28.15 145450K .......... .......... .......... .......... ..........  2% 11.5M 18m44s
#17 28.16 145500K .......... .......... .......... .......... ..........  2% 5.35M 18m44s
#17 28.17 145550K .......... .......... .......... .......... ..........  2% 3.61M 18m44s
#17 28.18 145600K .......... .......... .......... .......... ..........  2% 10.1M 18m44s
#17 28.18 145650K .......... .......... .......... .......... ..........  2% 6.01M 18m44s
#17 28.20 145700K .......... .......... .......... .......... ..........  2% 9.85M 18m44s
#17 28.20 145750K .......... .......... .......... .......... ..........  2% 6.17M 18m44s
#17 28.20 145800K .......... .......... .......... .......... ..........  2% 6.18M 18m44s
#17 28.21 145850K .......... .......... .......... .......... ..........  2% 22.4M 18m43s
#17 28.22 145900K .......... .......... .......... .......... ..........  2% 4.72M 18m44s
#17 28.23 145950K .......... .......... .......... .......... ..........  2% 4.38M 18m44s
#17 28.24 146000K .......... .......... .......... .......... ..........  2% 1.10M 18m45s
#17 28.28 146050K .......... .......... .......... .......... ..........  2% 10.4M 18m45s
#17 28.29 146100K .......... .......... .......... .......... ..........  2% 3.74M 18m45s
#17 28.30 146150K .......... .......... .......... .......... ..........  2% 16.5M 18m45s
#17 28.30 146200K .......... .......... .......... .......... ..........  2% 6.55M 18m45s
#17 28.31 146250K .......... .......... .......... .......... ..........  2% 4.68M 18m45s
#17 28.32 146300K .......... .......... .......... .......... ..........  2% 6.95M 18m45s
#17 28.33 146350K .......... .......... .......... .......... ..........  2% 4.43M 18m45s
#17 28.34 146400K .......... .......... .......... .......... ..........  2% 81.7M 18m45s
#17 28.34 146450K .......... .......... .......... .......... ..........  2% 6.30M 18m45s
#17 28.35 146500K .......... .......... .......... .......... ..........  2% 6.49M 18m45s
#17 28.36 146550K .......... .......... .......... .......... ..........  2% 5.62M 18m45s
#17 28.36 146600K .......... .......... .......... .......... ..........  2% 7.15M 18m45s
#17 28.37 146650K .......... .......... .......... .......... ..........  2% 5.60M 18m45s
#17 28.38 146700K .......... .......... .......... .......... ..........  2% 7.73M 18m44s
#17 28.39 146750K .......... .......... .......... .......... ..........  2% 4.37M 18m45s
#17 28.40 146800K .......... .......... .......... .......... ..........  2% 6.83M 18m44s
#17 28.40 146850K .......... .......... .......... .......... ..........  2% 7.10M 18m44s
#17 28.41 146900K .......... .......... .......... .......... ..........  2% 5.58M 18m44s
#17 28.42 146950K .......... .......... .......... .......... ..........  2% 20.7M 18m44s
#17 28.42 147000K .......... .......... .......... .......... ..........  2% 4.35M 18m44s
#17 28.44 147050K .......... .......... .......... .......... ..........  2% 5.46M 18m44s
#17 28.44 147100K .......... .......... .......... .......... ..........  2% 10.7M 18m44s
#17 28.45 147150K .......... .......... .......... .......... ..........  2% 4.54M 18m44s
#17 28.46 147200K .......... .......... .......... .......... ..........  2% 5.03M 18m44s
#17 28.47 147250K .......... .......... .......... .......... ..........  2% 9.15M 18m44s
#17 28.47 147300K .......... .......... .......... .......... ..........  2% 9.01M 18m44s
#17 28.48 147350K .......... .......... .......... .......... ..........  2% 4.36M 18m44s
#17 28.49 147400K .......... .......... .......... .......... ..........  2% 5.93M 18m44s
#17 28.50 147450K .......... .......... .......... .......... ..........  2% 5.93M 18m44s
#17 28.51 147500K .......... .......... .......... .......... ..........  2% 22.5M 18m44s
#17 28.51 147550K .......... .......... .......... .......... ..........  2% 3.66M 18m44s
#17 28.52 147600K .......... .......... .......... .......... ..........  2% 5.81M 18m44s
#17 28.53 147650K .......... .......... .......... .......... ..........  2% 38.2M 18m44s
#17 28.53 147700K .......... .......... .......... .......... ..........  2% 8.21M 18m43s
#17 28.53 147750K .......... .......... .......... .......... ..........  2% 4.33M 18m44s
#17 28.55 147800K .......... .......... .......... .......... ..........  2% 5.42M 18m44s
#17 28.55 147850K .......... .......... .......... .......... ..........  2% 8.17M 18m43s
#17 28.56 147900K .......... .......... .......... .......... ..........  2% 4.80M 18m44s
#17 28.57 147950K .......... .......... .......... .......... ..........  2% 9.53M 18m43s
#17 28.58 148000K .......... .......... .......... .......... ..........  2% 13.2M 18m43s
#17 28.58 148050K .......... .......... .......... .......... ..........  2% 5.55M 18m43s
#17 28.59 148100K .......... .......... .......... .......... ..........  2% 9.42M 18m43s
#17 28.60 148150K .......... .......... .......... .......... ..........  2% 5.57M 18m43s
#17 28.60 148200K .......... .......... .......... .......... ..........  2% 6.44M 18m43s
#17 28.61 148250K .......... .......... .......... .......... ..........  2% 3.96M 18m43s
#17 28.62 148300K .......... .......... .......... .......... ..........  2% 11.2M 18m43s
#17 28.63 148350K .......... .......... .......... .......... ..........  2% 4.53M 18m43s
#17 28.64 148400K .......... .......... .......... .......... ..........  2% 5.44M 18m43s
#17 28.65 148450K .......... .......... .......... .......... ..........  2% 6.64M 18m43s
#17 28.66 148500K .......... .......... .......... .......... ..........  2% 7.06M 18m43s
#17 28.66 148550K .......... .......... .......... .......... ..........  2% 7.28M 18m43s
#17 28.67 148600K .......... .......... .......... .......... ..........  2% 6.48M 18m43s
#17 28.68 148650K .......... .......... .......... .......... ..........  2% 7.28M 18m43s
#17 28.68 148700K .......... .......... .......... .......... ..........  2% 6.11M 18m43s
#17 28.70 148750K .......... .......... .......... .......... ..........  2% 4.72M 18m43s
#17 28.70 148800K .......... .......... .......... .......... ..........  2% 12.5M 18m42s
#17 28.70 148850K .......... .......... .......... .......... ..........  2% 3.86M 18m43s
#17 28.72 148900K .......... .......... .......... .......... ..........  2% 4.99M 18m43s
#17 28.73 148950K .......... .......... .......... .......... ..........  2% 12.3M 18m43s
#17 28.73 149000K .......... .......... .......... .......... ..........  2% 3.32M 18m43s
#17 28.75 149050K .......... .......... .......... .......... ..........  2% 10.4M 18m43s
#17 28.75 149100K .......... .......... .......... .......... ..........  2% 6.88M 18m43s
#17 28.76 149150K .......... .......... .......... .......... ..........  2% 9.87M 18m42s
#17 28.76 149200K .......... .......... .......... .......... ..........  2% 5.68M 18m42s
#17 28.77 149250K .......... .......... .......... .......... ..........  2% 8.62M 18m42s
#17 28.78 149300K .......... .......... .......... .......... ..........  2% 4.26M 18m42s
#17 28.79 149350K .......... .......... .......... .......... ..........  2% 15.5M 18m42s
#17 28.79 149400K .......... .......... .......... .......... ..........  2% 1.12M 18m44s
#17 28.83 149450K .......... .......... .......... .......... ..........  2% 3.83M 18m44s
#17 28.85 149500K .......... .......... .......... .......... ..........  2% 4.94M 18m44s
#17 28.86 149550K .......... .......... .......... .......... ..........  2% 4.50M 18m44s
#17 28.87 149600K .......... .......... .......... .......... ..........  2% 7.12M 18m44s
#17 28.87 149650K .......... .......... .......... .......... ..........  2% 5.82M 18m44s
#17 28.88 149700K .......... .......... .......... .......... ..........  2% 9.84M 18m44s
#17 28.89 149750K .......... .......... .......... .......... ..........  2% 4.32M 18m44s
#17 28.90 149800K .......... .......... .......... .......... ..........  2% 7.49M 18m44s
#17 28.91 149850K .......... .......... .......... .......... ..........  2% 8.09M 18m44s
#17 28.91 149900K .......... .......... .......... .......... ..........  2% 5.06M 18m44s
#17 28.92 149950K .......... .......... .......... .......... ..........  2% 4.62M 18m44s
#17 28.93 150000K .......... .......... .......... .......... ..........  2% 5.84M 18m44s
#17 28.94 150050K .......... .......... .......... .......... ..........  2% 9.87M 18m44s
#17 28.95 150100K .......... .......... .......... .......... ..........  2% 7.02M 18m44s
#17 28.95 150150K .......... .......... .......... .......... ..........  2% 7.13M 18m43s
#17 28.96 150200K .......... .......... .......... .......... ..........  2% 6.47M 18m43s
#17 28.97 150250K .......... .......... .......... .......... ..........  2% 7.67M 18m43s
#17 28.97 150300K .......... .......... .......... .......... ..........  2% 9.09M 18m43s
#17 28.99 150350K .......... .......... .......... .......... ..........  2% 2.98M 18m43s
#17 29.00 150400K .......... .......... .......... .......... ..........  2% 7.68M 18m43s
#17 29.00 150450K .......... .......... .......... .......... ..........  2% 5.87M 18m43s
#17 29.01 150500K .......... .......... .......... .......... ..........  2% 4.66M 18m43s
#17 29.02 150550K .......... .......... .......... .......... ..........  2% 10.9M 18m43s
#17 29.03 150600K .......... .......... .......... .......... ..........  2% 3.80M 18m43s
#17 29.04 150650K .......... .......... .......... .......... ..........  2% 52.5M 18m43s
#17 29.04 150700K .......... .......... .......... .......... ..........  2% 4.13M 18m43s
#17 29.05 150750K .......... .......... .......... .......... ..........  2% 9.06M 18m43s
#17 29.06 150800K .......... .......... .......... .......... ..........  2% 8.37M 18m43s
#17 29.06 150850K .......... .......... .......... .......... ..........  2% 7.07M 18m43s
#17 29.07 150900K .......... .......... .......... .......... ..........  2% 4.85M 18m43s
#17 29.08 150950K .......... .......... .......... .......... ..........  2% 9.70M 18m43s
#17 29.08 151000K .......... .......... .......... .......... ..........  2% 5.41M 18m43s
#17 29.09 151050K .......... .......... .......... .......... ..........  2% 5.47M 18m43s
#17 29.10 151100K .......... .......... .......... .......... ..........  2% 5.19M 18m43s
#17 29.11 151150K .......... .......... .......... .......... ..........  2% 3.86M 18m43s
#17 29.12 151200K .......... .......... .......... .......... ..........  2% 6.10M 18m43s
#17 29.13 151250K .......... .......... .......... .......... ..........  2% 6.17M 18m43s
#17 29.14 151300K .......... .......... .......... .......... ..........  2% 98.3M 18m43s
#17 29.14 151350K .......... .......... .......... .......... ..........  2% 3.61M 18m43s
#17 29.15 151400K .......... .......... .......... .......... ..........  2% 10.9M 18m43s
#17 29.16 151450K .......... .......... .......... .......... ..........  2% 5.56M 18m43s
#17 29.17 151500K .......... .......... .......... .......... ..........  2% 4.59M 18m43s
#17 29.18 151550K .......... .......... .......... .......... ..........  2% 33.3M 18m42s
#17 29.18 151600K .......... .......... .......... .......... ..........  2% 5.81M 18m42s
#17 29.19 151650K .......... .......... .......... .......... ..........  2% 9.62M 18m42s
#17 29.19 151700K .......... .......... .......... .......... ..........  2% 5.95M 18m42s
#17 29.20 151750K .......... .......... .......... .......... ..........  2% 5.37M 18m42s
#17 29.21 151800K .......... .......... .......... .......... ..........  2% 6.09M 18m42s
#17 29.22 151850K .......... .......... .......... .......... ..........  2% 7.79M 18m42s
#17 29.22 151900K .......... .......... .......... .......... ..........  2% 5.08M 18m42s
#17 29.23 151950K .......... .......... .......... .......... ..........  2% 5.26M 18m42s
#17 29.24 152000K .......... .......... .......... .......... ..........  2% 8.31M 18m42s
#17 29.25 152050K .......... .......... .......... .......... ..........  2% 12.2M 18m42s
#17 29.25 152100K .......... .......... .......... .......... ..........  2% 3.85M 18m42s
#17 29.27 152150K .......... .......... .......... .......... ..........  2% 83.1M 18m42s
#17 29.27 152200K .......... .......... .......... .......... ..........  2% 4.81M 18m42s
#17 29.28 152250K .......... .......... .......... .......... ..........  2% 5.31M 18m42s
#17 29.29 152300K .......... .......... .......... .......... ..........  2% 27.9M 18m41s
#17 29.29 152350K .......... .......... .......... .......... ..........  2% 3.61M 18m42s
#17 29.30 152400K .......... .......... .......... .......... ..........  2% 4.61M 18m42s
#17 29.31 152450K .......... .......... .......... .......... ..........  2% 4.79M 18m42s
#17 29.32 152500K .......... .......... .......... .......... ..........  2% 16.8M 18m42s
#17 29.32 152550K .......... .......... .......... .......... ..........  2% 5.88M 18m42s
#17 29.33 152600K .......... .......... .......... .......... ..........  2% 5.24M 18m42s
#17 29.34 152650K .......... .......... .......... .......... ..........  2% 10.3M 18m41s
#17 29.35 152700K .......... .......... .......... .......... ..........  2% 5.50M 18m41s
#17 29.36 152750K .......... .......... .......... .......... ..........  2% 9.06M 18m41s
#17 29.36 152800K .......... .......... .......... .......... ..........  2% 4.68M 18m41s
#17 29.37 152850K .......... .......... .......... .......... ..........  2% 9.34M 18m41s
#17 29.38 152900K .......... .......... .......... .......... ..........  2% 5.36M 18m41s
#17 29.39 152950K .......... .......... .......... .......... ..........  2% 4.37M 18m41s
#17 29.40 153000K .......... .......... .......... .......... ..........  2% 5.98M 18m41s
#17 29.41 153050K .......... .......... .......... .......... ..........  2% 10.2M 18m41s
#17 29.41 153100K .......... .......... .......... .......... ..........  2% 4.37M 18m41s
#17 29.42 153150K .......... .......... .......... .......... ..........  2% 9.26M 18m41s
#17 29.43 153200K .......... .......... .......... .......... ..........  2% 4.10M 18m41s
#17 29.44 153250K .......... .......... .......... .......... ..........  2% 5.67M 18m41s
#17 29.45 153300K .......... .......... .......... .......... ..........  2% 4.46M 18m41s
#17 29.46 153350K .......... .......... .......... .......... ..........  2% 40.3M 18m41s
#17 29.46 153400K .......... .......... .......... .......... ..........  2% 5.85M 18m41s
#17 29.47 153450K .......... .......... .......... .......... ..........  2% 7.73M 18m41s
#17 29.47 153500K .......... .......... .......... .......... ..........  2% 3.91M 18m41s
#17 29.49 153550K .......... .......... .......... .......... ..........  2% 4.94M 18m41s
#17 29.50 153600K .......... .......... .......... .......... ..........  2% 4.71M 18m41s
#17 29.51 153650K .......... .......... .......... .......... ..........  2% 9.07M 18m41s
#17 29.51 153700K .......... .......... .......... .......... ..........  2% 8.85M 18m41s
#17 29.52 153750K .......... .......... .......... .......... ..........  2% 6.21M 18m41s
#17 29.53 153800K .......... .......... .......... .......... ..........  2% 3.83M 18m41s
#17 29.54 153850K .......... .......... .......... .......... ..........  2% 14.0M 18m41s
#17 29.54 153900K .......... .......... .......... .......... ..........  2% 3.76M 18m41s
#17 29.55 153950K .......... .......... .......... .......... ..........  2% 15.2M 18m41s
#17 29.56 154000K .......... .......... .......... .......... ..........  2% 13.8M 18m41s
#17 29.56 154050K .......... .......... .......... .......... ..........  2% 3.11M 18m41s
#17 29.58 154100K .......... .......... .......... .......... ..........  2% 5.89M 18m41s
#17 29.59 154150K .......... .......... .......... .......... ..........  2% 8.69M 18m41s
#17 29.59 154200K .......... .......... .......... .......... ..........  2% 5.91M 18m41s
#17 29.60 154250K .......... .......... .......... .......... ..........  2% 9.22M 18m41s
#17 29.60 154300K .......... .......... .......... .......... ..........  2% 5.38M 18m41s
#17 29.61 154350K .......... .......... .......... .......... ..........  2% 9.37M 18m40s
#17 29.62 154400K .......... .......... .......... .......... ..........  2% 5.80M 18m40s
#17 29.63 154450K .......... .......... .......... .......... ..........  2% 4.46M 18m41s
#17 29.64 154500K .......... .......... .......... .......... ..........  2% 14.5M 18m40s
#17 29.64 154550K .......... .......... .......... .......... ..........  2% 8.52M 18m40s
#17 29.65 154600K .......... .......... .......... .......... ..........  2% 3.33M 18m40s
#17 29.66 154650K .......... .......... .......... .......... ..........  2% 3.65M 18m41s
#17 29.68 154700K .......... .......... .......... .......... ..........  2% 4.11M 18m41s
#17 29.69 154750K .......... .......... .......... .......... ..........  2% 76.8M 18m40s
#17 29.69 154800K .......... .......... .......... .......... ..........  2% 95.8M 18m40s
#17 29.69 154850K .......... .......... .......... .......... ..........  2% 5.35M 18m40s
#17 29.70 154900K .......... .......... .......... .......... ..........  2% 17.9M 18m40s
#17 29.70 154950K .......... .......... .......... .......... ..........  2% 4.49M 18m40s
#17 29.71 155000K .......... .......... .......... .......... ..........  2% 7.32M 18m40s
#17 29.72 155050K .......... .......... .......... .......... ..........  2% 6.06M 18m40s
#17 29.73 155100K .......... .......... .......... .......... ..........  2% 5.48M 18m40s
#17 29.73 155150K .......... .......... .......... .......... ..........  2% 9.02M 18m40s
#17 29.74 155200K .......... .......... .......... .......... ..........  2% 4.52M 18m40s
#17 29.75 155250K .......... .......... .......... .......... ..........  2% 9.29M 18m40s
#17 29.76 155300K .......... .......... .......... .......... ..........  2% 4.83M 18m40s
#17 29.77 155350K .......... .......... .......... .......... ..........  2% 6.79M 18m40s
#17 29.77 155400K .......... .......... .......... .......... ..........  2% 4.11M 18m40s
#17 29.79 155450K .......... .......... .......... .......... ..........  2% 7.83M 18m40s
#17 29.79 155500K .......... .......... .......... .......... ..........  2% 10.2M 18m40s
#17 29.80 155550K .......... .......... .......... .......... ..........  2% 6.44M 18m39s
#17 29.80 155600K .......... .......... .......... .......... ..........  2% 2.89M 18m40s
#17 29.82 155650K .......... .......... .......... .......... ..........  2% 17.7M 18m40s
#17 29.82 155700K .......... .......... .......... .......... ..........  2% 62.5M 18m39s
#17 29.82 155750K .......... .......... .......... .......... ..........  2% 11.4M 18m39s
#17 29.83 155800K .......... .......... .......... .......... ..........  2% 4.62M 18m39s
#17 29.84 155850K .......... .......... .......... .......... ..........  2% 5.40M 18m39s
#17 29.85 155900K .......... .......... .......... .......... ..........  2% 7.48M 18m39s
#17 29.86 155950K .......... .......... .......... .......... ..........  2% 4.11M 18m39s
#17 29.87 156000K .......... .......... .......... .......... ..........  2% 5.97M 18m39s
#17 29.87 156050K .......... .......... .......... .......... ..........  2% 10.2M 18m39s
#17 29.88 156100K .......... .......... .......... .......... ..........  2% 7.61M 18m39s
#17 29.89 156150K .......... .......... .......... .......... ..........  2% 7.36M 18m39s
#17 29.89 156200K .......... .......... .......... .......... ..........  2% 8.10M 18m39s
#17 29.90 156250K .......... .......... .......... .......... ..........  2% 5.55M 18m39s
#17 29.91 156300K .......... .......... .......... .......... ..........  2% 9.99M 18m39s
#17 29.92 156350K .......... .......... .......... .......... ..........  2% 6.36M 18m39s
#17 29.92 156400K .......... .......... .......... .......... ..........  2% 5.16M 18m39s
#17 29.93 156450K .......... .......... .......... .......... ..........  2% 6.37M 18m39s
#17 29.94 156500K .......... .......... .......... .......... ..........  2% 3.98M 18m39s
#17 29.95 156550K .......... .......... .......... .......... ..........  2% 5.31M 18m39s
#17 29.96 156600K .......... .......... .......... .......... ..........  2% 4.47M 18m39s
#17 29.97 156650K .......... .......... .......... .......... ..........  2% 2.54M 18m39s
#17 29.99 156700K .......... .......... .......... .......... ..........  2% 9.58M 18m39s
#17 29.99 156750K .......... .......... .......... .......... ..........  2% 4.35M 18m39s
#17 30.01 156800K .......... .......... .......... .......... ..........  2% 7.25M 18m39s
#17 30.01 156850K .......... .......... .......... .......... ..........  2% 36.6M 18m39s
#17 30.01 156900K .......... .......... .......... .......... ..........  2% 28.8M 18m39s
#17 30.01 156950K .......... .......... .......... .......... ..........  2% 5.07M 18m39s
#17 30.02 157000K .......... .......... .......... .......... ..........  2% 7.48M 18m38s
#17 30.03 157050K .......... .......... .......... .......... ..........  2% 5.16M 18m39s
#17 30.04 157100K .......... .......... .......... .......... ..........  2% 9.50M 18m38s
#17 30.05 157150K .......... .......... .......... .......... ..........  2% 4.38M 18m38s
#17 30.06 157200K .......... .......... .......... .......... ..........  2% 5.28M 18m38s
#17 30.07 157250K .......... .......... .......... .......... ..........  2% 5.65M 18m38s
#17 30.08 157300K .......... .......... .......... .......... ..........  2% 14.0M 18m38s
#17 30.08 157350K .......... .......... .......... .......... ..........  2% 3.64M 18m38s
#17 30.09 157400K .......... .......... .......... .......... ..........  2% 8.72M 18m38s
#17 30.10 157450K .......... .......... .......... .......... ..........  2% 6.89M 18m38s
#17 30.10 157500K .......... .......... .......... .......... ..........  2% 7.49M 18m38s
#17 30.11 157550K .......... .......... .......... .......... ..........  2% 7.10M 18m38s
#17 30.12 157600K .......... .......... .......... .......... ..........  2% 6.26M 18m38s
#17 30.13 157650K .......... .......... .......... .......... ..........  2% 7.09M 18m38s
#17 30.13 157700K .......... .......... .......... .......... ..........  2% 5.11M 18m38s
#17 30.14 157750K .......... .......... .......... .......... ..........  2% 4.69M 18m38s
#17 30.15 157800K .......... .......... .......... .......... ..........  2% 4.77M 18m38s
#17 30.16 157850K .......... .......... .......... .......... ..........  2% 7.24M 18m38s
#17 30.17 157900K .......... .......... .......... .......... ..........  2% 4.90M 18m38s
#17 30.18 157950K .......... .......... .......... .......... ..........  2% 8.12M 18m38s
#17 30.18 158000K .......... .......... .......... .......... ..........  2% 9.51M 18m38s
#17 30.19 158050K .......... .......... .......... .......... ..........  2% 8.48M 18m38s
#17 30.20 158100K .......... .......... .......... .......... ..........  2% 5.02M 18m38s
#17 30.21 158150K .......... .......... .......... .......... ..........  2% 4.92M 18m38s
#17 30.22 158200K .......... .......... .......... .......... ..........  2% 7.23M 18m38s
#17 30.22 158250K .......... .......... .......... .......... ..........  2% 4.02M 18m38s
#17 30.23 158300K .......... .......... .......... .......... ..........  2% 4.50M 18m38s
#17 30.25 158350K .......... .......... .......... .......... ..........  2% 4.79M 18m38s
#17 30.26 158400K .......... .......... .......... .......... ..........  2% 5.95M 18m38s
#17 30.26 158450K .......... .......... .......... .......... ..........  2% 6.18M 18m38s
#17 30.27 158500K .......... .......... .......... .......... ..........  2% 4.96M 18m38s
#17 30.28 158550K .......... .......... .......... .......... ..........  2% 8.16M 18m38s
#17 30.29 158600K .......... .......... .......... .......... ..........  2% 7.74M 18m38s
#17 30.29 158650K .......... .......... .......... .......... ..........  2% 3.02M 18m38s
#17 30.31 158700K .......... .......... .......... .......... ..........  2% 5.46M 18m38s
#17 30.32 158750K .......... .......... .......... .......... ..........  2% 4.60M 18m38s
#17 30.33 158800K .......... .......... .......... .......... ..........  2% 7.10M 18m38s
#17 30.34 158850K .......... .......... .......... .......... ..........  2% 1.22M 18m40s
#17 30.38 158900K .......... .......... .......... .......... ..........  2% 4.63M 18m40s
#17 30.39 158950K .......... .......... .......... .......... ..........  2% 4.53M 18m40s
#17 30.40 159000K .......... .......... .......... .......... ..........  2% 4.39M 18m40s
#17 30.41 159050K .......... .......... .......... .......... ..........  2%  448K 18m44s
#17 30.52 159100K .......... .......... .......... .......... ..........  2% 2.35M 18m45s
#17 30.55 159150K .......... .......... .......... .......... ..........  2% 3.78M 18m45s
#17 30.56 159200K .......... .......... .......... .......... ..........  2% 42.4M 18m44s
#17 30.56 159250K .......... .......... .......... .......... ..........  2% 4.72M 18m45s
#17 30.57 159300K .......... .......... .......... .......... ..........  2% 3.41M 18m45s
#17 30.58 159350K .......... .......... .......... .......... ..........  2% 7.10M 18m45s
#17 30.59 159400K .......... .......... .......... .......... ..........  2% 17.7M 18m44s
#17 30.59 159450K .......... .......... .......... .......... ..........  2% 66.5M 18m44s
#17 30.59 159500K .......... .......... .......... .......... ..........  2% 6.02M 18m44s
#17 30.60 159550K .......... .......... .......... .......... ..........  2% 13.0M 18m44s
#17 30.61 159600K .......... .......... .......... .......... ..........  2% 7.89M 18m44s
#17 30.61 159650K .......... .......... .......... .......... ..........  2%  113M 18m43s
#17 30.61 159700K .......... .......... .......... .......... ..........  2% 11.4M 18m43s
#17 30.61 159750K .......... .......... .......... .......... ..........  2% 16.4M 18m43s
#17 30.62 159800K .......... .......... .......... .......... ..........  2% 5.35M 18m43s
#17 30.63 159850K .......... .......... .......... .......... ..........  2% 50.1M 18m43s
#17 30.63 159900K .......... .......... .......... .......... ..........  2% 2.14M 18m43s
#17 30.65 159950K .......... .......... .......... .......... ..........  2% 4.61M 18m43s
#17 30.66 160000K .......... .......... .......... .......... ..........  2% 6.52M 18m43s
#17 30.67 160050K .......... .......... .......... .......... ..........  2% 5.33M 18m43s
#17 30.68 160100K .......... .......... .......... .......... ..........  2% 5.30M 18m43s
#17 30.69 160150K .......... .......... .......... .......... ..........  2% 5.97M 18m43s
#17 30.69 160200K .......... .......... .......... .......... ..........  2% 4.36M 18m43s
#17 30.70 160250K .......... .......... .......... .......... ..........  2% 3.94M 18m44s
#17 30.72 160300K .......... .......... .......... .......... ..........  2% 6.23M 18m44s
#17 30.73 160350K .......... .......... .......... .......... ..........  2% 8.27M 18m43s
#17 30.73 160400K .......... .......... .......... .......... ..........  2% 5.50M 18m43s
#17 30.74 160450K .......... .......... .......... .......... ..........  2% 6.52M 18m43s
#17 30.75 160500K .......... .......... .......... .......... ..........  2% 6.94M 18m43s
#17 30.75 160550K .......... .......... .......... .......... ..........  2% 4.82M 18m43s
#17 30.76 160600K .......... .......... .......... .......... ..........  2% 3.29M 18m44s
#17 30.78 160650K .......... .......... .......... .......... ..........  2% 7.75M 18m44s
#17 30.79 160700K .......... .......... .......... .......... ..........  2% 6.31M 18m44s
#17 30.79 160750K .......... .......... .......... .......... ..........  2% 3.45M 18m44s
#17 30.81 160800K .......... .......... .......... .......... ..........  2% 8.34M 18m44s
#17 30.81 160850K .......... .......... .......... .......... ..........  2% 4.78M 18m44s
#17 30.82 160900K .......... .......... .......... .......... ..........  2% 5.00M 18m44s
#17 30.83 160950K .......... .......... .......... .......... ..........  2% 14.8M 18m43s
#17 30.84 161000K .......... .......... .......... .......... ..........  2% 3.95M 18m44s
#17 30.85 161050K .......... .......... .......... .......... ..........  2% 8.28M 18m44s
#17 30.86 161100K .......... .......... .......... .......... ..........  2% 6.72M 18m43s
#17 30.86 161150K .......... .......... .......... .......... ..........  2% 5.41M 18m43s
#17 30.87 161200K .......... .......... .......... .......... ..........  2% 5.98M 18m43s
#17 30.88 161250K .......... .......... .......... .......... ..........  2% 4.78M 18m44s
#17 30.89 161300K .......... .......... .......... .......... ..........  2% 5.37M 18m44s
#17 30.90 161350K .......... .......... .......... .......... ..........  2% 4.81M 18m44s
#17 30.91 161400K .......... .......... .......... .......... ..........  2% 4.89M 18m44s
#17 30.92 161450K .......... .......... .......... .......... ..........  2% 6.24M 18m44s
#17 30.93 161500K .......... .......... .......... .......... ..........  2% 7.03M 18m44s
#17 30.93 161550K .......... .......... .......... .......... ..........  2% 9.36M 18m43s
#17 30.94 161600K .......... .......... .......... .......... ..........  2% 4.82M 18m43s
#17 30.95 161650K .......... .......... .......... .......... ..........  2% 7.95M 18m43s
#17 30.96 161700K .......... .......... .......... .......... ..........  2% 5.36M 18m43s
#17 30.96 161750K .......... .......... .......... .......... ..........  2% 3.76M 18m44s
#17 30.98 161800K .......... .......... .......... .......... ..........  2% 3.16M 18m44s
#17 30.99 161850K .......... .......... .......... .......... ..........  2% 3.88M 18m44s
#17 31.01 161900K .......... .......... .......... .......... ..........  2% 8.15M 18m44s
#17 31.01 161950K .......... .......... .......... .......... ..........  2% 6.09M 18m44s
#17 31.02 162000K .......... .......... .......... .......... ..........  2% 4.06M 18m44s
#17 31.03 162050K .......... .......... .......... .......... ..........  2% 26.6M 18m44s
#17 31.03 162100K .......... .......... .......... .......... ..........  2% 6.65M 18m44s
#17 31.04 162150K .......... .......... .......... .......... ..........  2% 4.69M 18m44s
#17 31.05 162200K .......... .......... .......... .......... ..........  2% 6.11M 18m44s
#17 31.06 162250K .......... .......... .......... .......... ..........  2% 5.59M 18m44s
#17 31.07 162300K .......... .......... .......... .......... ..........  2% 3.98M 18m44s
#17 31.08 162350K .......... .......... .......... .......... ..........  2% 5.80M 18m44s
#17 31.09 162400K .......... .......... .......... .......... ..........  2% 6.66M 18m44s
#17 31.10 162450K .......... .......... .......... .......... ..........  2% 10.7M 18m44s
#17 31.10 162500K .......... .......... .......... .......... ..........  2% 5.36M 18m44s
#17 31.11 162550K .......... .......... .......... .......... ..........  2% 5.33M 18m44s
#17 31.12 162600K .......... .......... .......... .......... ..........  2% 12.9M 18m43s
#17 31.12 162650K .......... .......... .......... .......... ..........  2% 5.00M 18m43s
#17 31.13 162700K .......... .......... .......... .......... ..........  2% 5.73M 18m43s
#17 31.14 162750K .......... .......... .......... .......... ..........  2% 8.56M 18m43s
#17 31.15 162800K .......... .......... .......... .......... ..........  2% 5.11M 18m43s
#17 31.16 162850K .......... .......... .......... .......... ..........  2% 5.42M 18m43s
#17 31.17 162900K .......... .......... .......... .......... ..........  2% 6.26M 18m43s
#17 31.17 162950K .......... .......... .......... .......... ..........  2% 11.7M 18m43s
#17 31.18 163000K .......... .......... .......... .......... ..........  2% 4.91M 18m43s
#17 31.19 163050K .......... .......... .......... .......... ..........  2% 6.76M 18m43s
#17 31.19 163100K .......... .......... .......... .......... ..........  2% 6.09M 18m43s
#17 31.20 163150K .......... .......... .......... .......... ..........  2% 10.3M 18m43s
#17 31.21 163200K .......... .......... .......... .......... ..........  2% 5.33M 18m43s
#17 31.22 163250K .......... .......... .......... .......... ..........  2% 2.16M 18m44s
#17 31.24 163300K .......... .......... .......... .......... ..........  2% 6.05M 18m44s
#17 31.25 163350K .......... .......... .......... .......... ..........  2% 27.6M 18m43s
#17 31.25 163400K .......... .......... .......... .......... ..........  2% 75.3M 18m43s
#17 31.25 163450K .......... .......... .......... .......... ..........  2% 18.9M 18m43s
#17 31.25 163500K .......... .......... .......... .......... ..........  2% 6.97M 18m43s
#17 31.26 163550K .......... .......... .......... .......... ..........  2% 5.71M 18m43s
#17 31.27 163600K .......... .......... .......... .......... ..........  2% 4.42M 18m43s
#17 31.28 163650K .......... .......... .......... .......... ..........  2% 5.50M 18m43s
#17 31.29 163700K .......... .......... .......... .......... ..........  2% 5.91M 18m43s
#17 31.30 163750K .......... .......... .......... .......... ..........  2% 10.3M 18m43s
#17 31.30 163800K .......... .......... .......... .......... ..........  2% 3.99M 18m43s
#17 31.31 163850K .......... .......... .......... .......... ..........  2% 9.33M 18m43s
#17 31.32 163900K .......... .......... .......... .......... ..........  2% 7.51M 18m42s
#17 31.32 163950K .......... .......... .......... .......... ..........  2% 4.60M 18m43s
#17 31.33 164000K .......... .......... .......... .......... ..........  2% 4.98M 18m43s
#17 31.34 164050K .......... .......... .......... .......... ..........  2% 10.0M 18m42s
#17 31.35 164100K .......... .......... .......... .......... ..........  2% 3.02M 18m43s
#17 31.37 164150K .......... .......... .......... .......... ..........  2% 9.44M 18m43s
#17 31.37 164200K .......... .......... .......... .......... ..........  2% 5.77M 18m43s
#17 31.38 164250K .......... .......... .......... .......... ..........  2% 4.18M 18m43s
#17 31.39 164300K .......... .......... .......... .......... ..........  2% 31.0M 18m42s
#17 31.39 164350K .......... .......... .......... .......... ..........  2% 5.30M 18m42s
#17 31.40 164400K .......... .......... .......... .......... ..........  2% 3.24M 18m43s
#17 31.42 164450K .......... .......... .......... .......... ..........  2% 5.18M 18m43s
#17 31.43 164500K .......... .......... .......... .......... ..........  2% 5.95M 18m43s
#17 31.44 164550K .......... .......... .......... .......... ..........  2% 9.86M 18m43s
#17 31.44 164600K .......... .......... .......... .......... ..........  2% 4.94M 18m43s
#17 31.45 164650K .......... .......... .......... .......... ..........  2% 8.61M 18m42s
#17 31.45 164700K .......... .......... .......... .......... ..........  2% 3.60M 18m43s
#17 31.47 164750K .......... .......... .......... .......... ..........  2% 7.14M 18m43s
#17 31.48 164800K .......... .......... .......... .......... ..........  2% 11.8M 18m42s
#17 31.48 164850K .......... .......... .......... .......... ..........  2% 1.48M 18m43s
#17 31.51 164900K .......... .......... .......... .......... ..........  2% 3.88M 18m44s
#17 31.52 164950K .......... .......... .......... .......... ..........  2% 3.54M 18m44s
#17 31.54 165000K .......... .......... .......... .......... ..........  2% 3.82M 18m44s
#17 31.55 165050K .......... .......... .......... .......... ..........  2% 4.21M 18m44s
#17 31.56 165100K .......... .......... .......... .......... ..........  2% 6.33M 18m44s
#17 31.57 165150K .......... .......... .......... .......... ..........  2% 4.37M 18m44s
#17 31.58 165200K .......... .......... .......... .......... ..........  2% 6.11M 18m44s
#17 31.59 165250K .......... .......... .......... .......... ..........  2% 3.83M 18m44s
#17 31.60 165300K .......... .......... .......... .......... ..........  2% 5.50M 18m44s
#17 31.61 165350K .......... .......... .......... .......... ..........  2% 4.94M 18m44s
#17 31.62 165400K .......... .......... .......... .......... ..........  2% 2.96M 18m45s
#17 31.64 165450K .......... .......... .......... .......... ..........  2% 2.80M 18m45s
#17 31.65 165500K .......... .......... .......... .......... ..........  2% 4.13M 18m45s
#17 31.67 165550K .......... .......... .......... .......... ..........  2% 4.05M 18m45s
#17 31.68 165600K .......... .......... .......... .......... ..........  2% 4.40M 18m45s
#17 31.69 165650K .......... .......... .......... .......... ..........  2% 2.26M 18m46s
#17 31.71 165700K .......... .......... .......... .......... ..........  2% 2.77M 18m46s
#17 31.73 165750K .......... .......... .......... .......... ..........  2% 4.57M 18m46s
#17 31.74 165800K .......... .......... .......... .......... ..........  2% 3.77M 18m46s
#17 31.75 165850K .......... .......... .......... .......... ..........  2% 5.02M 18m46s
#17 31.76 165900K .......... .......... .......... .......... ..........  2% 9.79M 18m46s
#17 31.77 165950K .......... .......... .......... .......... ..........  2% 5.45M 18m46s
#17 31.78 166000K .......... .......... .......... .......... ..........  2% 5.22M 18m46s
#17 31.79 166050K .......... .......... .......... .......... ..........  2% 5.32M 18m46s
#17 31.80 166100K .......... .......... .......... .......... ..........  2% 3.69M 18m46s
#17 31.81 166150K .......... .......... .......... .......... ..........  2% 5.79M 18m46s
#17 31.82 166200K .......... .......... .......... .......... ..........  2% 5.35M 18m46s
#17 31.83 166250K .......... .......... .......... .......... ..........  2% 6.07M 18m46s
#17 31.83 166300K .......... .......... .......... .......... ..........  2% 2.54M 18m47s
#17 31.85 166350K .......... .......... .......... .......... ..........  2% 6.11M 18m47s
#17 31.86 166400K .......... .......... .......... .......... ..........  2% 6.57M 18m47s
#17 31.87 166450K .......... .......... .......... .......... ..........  2% 5.09M 18m47s
#17 31.88 166500K .......... .......... .......... .......... ..........  2% 5.39M 18m47s
#17 31.89 166550K .......... .......... .......... .......... ..........  2% 3.90M 18m47s
#17 31.90 166600K .......... .......... .......... .......... ..........  2% 4.60M 18m47s
#17 31.91 166650K .......... .......... .......... .......... ..........  2% 4.52M 18m47s
#17 31.92 166700K .......... .......... .......... .......... ..........  2% 4.96M 18m47s
#17 31.93 166750K .......... .......... .......... .......... ..........  2% 5.84M 18m47s
#17 31.94 166800K .......... .......... .......... .......... ..........  2% 4.20M 18m47s
#17 31.95 166850K .......... .......... .......... .......... ..........  2% 7.21M 18m47s
#17 31.96 166900K .......... .......... .......... .......... ..........  2% 6.10M 18m47s
#17 31.97 166950K .......... .......... .......... .......... ..........  2% 8.83M 18m47s
#17 31.97 167000K .......... .......... .......... .......... ..........  2% 4.09M 18m47s
#17 31.98 167050K .......... .......... .......... .......... ..........  2% 3.58M 18m47s
#17 32.00 167100K .......... .......... .......... .......... ..........  2% 5.82M 18m47s
#17 32.01 167150K .......... .......... .......... .......... ..........  2% 4.59M 18m47s
#17 32.02 167200K .......... .......... .......... .......... ..........  2% 4.38M 18m48s
#17 32.03 167250K .......... .......... .......... .......... ..........  2% 5.58M 18m48s
#17 32.04 167300K .......... .......... .......... .......... ..........  2% 4.65M 18m48s
#17 32.05 167350K .......... .......... .......... .......... ..........  2% 5.39M 18m48s
#17 32.06 167400K .......... .......... .......... .......... ..........  2% 4.88M 18m48s
#17 32.07 167450K .......... .......... .......... .......... ..........  2% 5.80M 18m48s
#17 32.07 167500K .......... .......... .......... .......... ..........  2% 3.20M 18m48s
#17 32.09 167550K .......... .......... .......... .......... ..........  2% 4.43M 18m48s
#17 32.10 167600K .......... .......... .......... .......... ..........  2% 5.37M 18m48s
#17 32.11 167650K .......... .......... .......... .......... ..........  2% 5.29M 18m48s
#17 32.12 167700K .......... .......... .......... .......... ..........  2% 4.39M 18m48s
#17 32.13 167750K .......... .......... .......... .......... ..........  2% 8.07M 18m48s
#17 32.14 167800K .......... .......... .......... .......... ..........  2% 2.72M 18m48s
#17 32.15 167850K .......... .......... .......... .......... ..........  2% 5.48M 18m48s
#17 32.16 167900K .......... .......... .......... .......... ..........  2% 2.14M 18m49s
#17 32.19 167950K .......... .......... .......... .......... ..........  2% 2.21M 18m49s
#17 32.21 168000K .......... .......... .......... .......... ..........  2% 2.39M 18m50s
#17 32.23 168050K .......... .......... .......... .......... ..........  2% 2.24M 18m50s
#17 32.25 168100K .......... .......... .......... .......... ..........  2% 2.29M 18m51s
#17 32.27 168150K .......... .......... .......... .......... ..........  2% 2.97M 18m51s
#17 32.29 168200K .......... .......... .......... .......... ..........  2% 2.73M 18m52s
#17 32.31 168250K .......... .......... .......... .......... ..........  2% 4.06M 18m52s
#17 32.32 168300K .......... .......... .......... .......... ..........  2% 2.62M 18m52s
#17 32.34 168350K .......... .......... .......... .......... ..........  2% 3.52M 18m52s
#17 32.35 168400K .......... .......... .......... .......... ..........  2% 2.98M 18m53s
#17 32.37 168450K .......... .......... .......... .......... ..........  2% 2.59M 18m53s
#17 32.38 168500K .......... .......... .......... .......... ..........  2% 1.79M 18m54s
#17 32.41 168550K .......... .......... .......... .......... ..........  2% 2.97M 18m54s
#17 32.43 168600K .......... .......... .......... .......... ..........  2% 1.77M 18m55s
#17 32.46 168650K .......... .......... .......... .......... ..........  2% 3.60M 18m55s
#17 32.47 168700K .......... .......... .......... .......... ..........  2% 4.32M 18m55s
#17 32.48 168750K .......... .......... .......... .......... ..........  2% 5.74M 18m55s
#17 32.49 168800K .......... .......... .......... .......... ..........  2% 3.61M 18m55s
#17 32.50 168850K .......... .......... .......... .......... ..........  2% 15.9M 18m55s
#17 32.51 168900K .......... .......... .......... .......... ..........  2% 4.34M 18m55s
#17 32.52 168950K .......... .......... .......... .......... ..........  2% 2.50M 18m55s
#17 32.54 169000K .......... .......... .......... .......... ..........  2% 6.01M 18m55s
#17 32.55 169050K .......... .......... .......... .......... ..........  2% 4.25M 18m56s
#17 32.56 169100K .......... .......... .......... .......... ..........  2% 4.18M 18m56s
#17 32.57 169150K .......... .......... .......... .......... ..........  2% 3.39M 18m56s
#17 32.58 169200K .......... .......... .......... .......... ..........  2% 3.65M 18m56s
#17 32.60 169250K .......... .......... .......... .......... ..........  2% 4.65M 18m56s
#17 32.61 169300K .......... .......... .......... .......... ..........  2% 3.40M 18m56s
#17 32.62 169350K .......... .......... .......... .......... ..........  2% 2.93M 18m57s
#17 32.64 169400K .......... .......... .......... .......... ..........  2% 4.47M 18m57s
#17 32.65 169450K .......... .......... .......... .......... ..........  2% 4.96M 18m57s
#17 32.66 169500K .......... .......... .......... .......... ..........  2% 3.03M 18m57s
#17 32.67 169550K .......... .......... .......... .......... ..........  2% 2.24M 18m58s
#17 32.70 169600K .......... .......... .......... .......... ..........  2% 4.81M 18m58s
#17 32.71 169650K .......... .......... .......... .......... ..........  2% 5.63M 18m58s
#17 32.72 169700K .......... .......... .......... .......... ..........  2% 4.86M 18m58s
#17 32.73 169750K .......... .......... .......... .......... ..........  2% 3.28M 18m58s
#17 32.74 169800K .......... .......... .......... .......... ..........  2% 3.82M 18m58s
#17 32.75 169850K .......... .......... .......... .......... ..........  2% 5.19M 18m58s
#17 32.76 169900K .......... .......... .......... .......... ..........  2% 3.04M 18m58s
#17 32.78 169950K .......... .......... .......... .......... ..........  2% 5.04M 18m58s
#17 32.79 170000K .......... .......... .......... .......... ..........  2%  525K 19m2s
#17 32.88 170050K .......... .......... .......... .......... ..........  2% 2.62M 19m2s
#17 32.90 170100K .......... .......... .......... .......... ..........  2% 5.70M 19m2s
#17 32.91 170150K .......... .......... .......... .......... ..........  2% 2.79M 19m2s
#17 32.93 170200K .......... .......... .......... .......... ..........  2% 4.77M 19m3s
#17 32.94 170250K .......... .......... .......... .......... ..........  2%  193K 19m12s
#17 33.20 170300K .......... .......... .......... .......... ..........  2% 3.28M 19m12s
#17 33.21 170350K .......... .......... .......... .......... ..........  2% 3.98M 19m13s
#17 33.22 170400K .......... .......... .......... .......... ..........  2% 2.95M 19m13s
#17 33.24 170450K .......... .......... .......... .......... ..........  2% 2.63M 19m13s
#17 33.26 170500K .......... .......... .......... .......... ..........  2% 3.95M 19m13s
#17 33.27 170550K .......... .......... .......... .......... ..........  2% 3.19M 19m14s
#17 33.29 170600K .......... .......... .......... .......... ..........  2% 3.11M 19m14s
#17 33.30 170650K .......... .......... .......... .......... ..........  2% 3.02M 19m14s
#17 33.32 170700K .......... .......... .......... .......... ..........  2% 1.39M 19m15s
#17 33.35 170750K .......... .......... .......... .......... ..........  2% 4.55M 19m15s
#17 33.36 170800K .......... .......... .......... .......... ..........  2% 2.17M 19m16s
#17 33.39 170850K .......... .......... .......... .......... ..........  2% 2.52M 19m16s
#17 33.41 170900K .......... .......... .......... .......... ..........  2% 3.50M 19m16s
#17 33.42 170950K .......... .......... .......... .......... ..........  2% 1.90M 19m17s
#17 33.45 171000K .......... .......... .......... .......... ..........  2% 3.12M 19m17s
#17 33.46 171050K .......... .......... .......... .......... ..........  2% 4.73M 19m17s
#17 33.47 171100K .......... .......... .......... .......... ..........  2% 5.40M 19m17s
#17 33.48 171150K .......... .......... .......... .......... ..........  2% 2.53M 19m18s
#17 33.50 171200K .......... .......... .......... .......... ..........  2% 2.50M 19m18s
#17 33.52 171250K .......... .......... .......... .......... ..........  2% 2.39M 19m19s
#17 33.54 171300K .......... .......... .......... .......... ..........  2% 3.64M 19m19s
#17 33.55 171350K .......... .......... .......... .......... ..........  2% 4.04M 19m19s
#17 33.57 171400K .......... .......... .......... .......... ..........  2% 4.11M 19m19s
#17 33.58 171450K .......... .......... .......... .......... ..........  2% 3.47M 19m19s
#17 33.59 171500K .......... .......... .......... .......... ..........  2% 4.22M 19m19s
#17 33.60 171550K .......... .......... .......... .......... ..........  2% 2.72M 19m20s
#17 33.62 171600K .......... .......... .......... .......... ..........  2% 3.27M 19m20s
#17 33.64 171650K .......... .......... .......... .......... ..........  2% 3.57M 19m20s
#17 33.65 171700K .......... .......... .......... .......... ..........  2% 4.14M 19m20s
#17 33.66 171750K .......... .......... .......... .......... ..........  2% 1.85M 19m21s
#17 33.69 171800K .......... .......... .......... .......... ..........  2% 4.09M 19m21s
#17 33.70 171850K .......... .......... .......... .......... ..........  2% 2.64M 19m21s
#17 33.72 171900K .......... .......... .......... .......... ..........  2% 3.84M 19m21s
#17 33.73 171950K .......... .......... .......... .......... ..........  2% 3.63M 19m22s
#17 33.75 172000K .......... .......... .......... .......... ..........  2% 4.36M 19m22s
#17 33.76 172050K .......... .......... .......... .......... ..........  2% 1.19M 19m23s
#17 33.80 172100K .......... .......... .......... .......... ..........  2% 2.42M 19m23s
#17 33.82 172150K .......... .......... .......... .......... ..........  2% 2.67M 19m24s
#17 33.84 172200K .......... .......... .......... .......... ..........  2% 3.62M 19m24s
#17 33.85 172250K .......... .......... .......... .......... ..........  2% 4.97M 19m24s
#17 33.86 172300K .......... .......... .......... .......... ..........  2% 6.33M 19m24s
#17 33.87 172350K .......... .......... .......... .......... ..........  2% 2.83M 19m24s
#17 33.88 172400K .......... .......... .......... .......... ..........  2% 2.27M 19m25s
#17 33.91 172450K .......... .......... .......... .......... ..........  2% 4.97M 19m25s
#17 33.92 172500K .......... .......... .......... .......... ..........  2% 3.55M 19m25s
#17 33.93 172550K .......... .......... .......... .......... ..........  2% 3.96M 19m25s
#17 33.94 172600K .......... .......... .......... .......... ..........  2% 2.47M 19m25s
#17 33.96 172650K .......... .......... .......... .......... ..........  2% 3.73M 19m25s
#17 33.97 172700K .......... .......... .......... .......... ..........  2% 3.75M 19m26s
#17 33.99 172750K .......... .......... .......... .......... ..........  2% 2.40M 19m26s
#17 34.01 172800K .......... .......... .......... .......... ..........  2% 3.09M 19m26s
#17 34.02 172850K .......... .......... .......... .......... ..........  2% 4.67M 19m26s
#17 34.03 172900K .......... .......... .......... .......... ..........  2% 5.27M 19m26s
#17 34.04 172950K .......... .......... .......... .......... ..........  2% 3.10M 19m27s
#17 34.06 173000K .......... .......... .......... .......... ..........  2% 4.54M 19m27s
#17 34.07 173050K .......... .......... .......... .......... ..........  2% 1.73M 19m27s
#17 34.10 173100K .......... .......... .......... .......... ..........  2% 5.75M 19m27s
#17 34.11 173150K .......... .......... .......... .......... ..........  2% 3.50M 19m28s
#17 34.12 173200K .......... .......... .......... .......... ..........  2% 4.02M 19m28s
#17 34.13 173250K .......... .......... .......... .......... ..........  2% 3.82M 19m28s
#17 34.15 173300K .......... .......... .......... .......... ..........  2% 3.95M 19m28s
#17 34.16 173350K .......... .......... .......... .......... ..........  2% 3.88M 19m28s
#17 34.17 173400K .......... .......... .......... .......... ..........  2% 4.02M 19m28s
#17 34.18 173450K .......... .......... .......... .......... ..........  2% 4.08M 19m28s
#17 34.19 173500K .......... .......... .......... .......... ..........  2% 3.72M 19m29s
#17 34.21 173550K .......... .......... .......... .......... ..........  2% 4.34M 19m29s
#17 34.22 173600K .......... .......... .......... .......... ..........  2% 6.62M 19m29s
#17 34.23 173650K .......... .......... .......... .......... ..........  2% 3.10M 19m29s
#17 34.24 173700K .......... .......... .......... .......... ..........  2% 5.78M 19m29s
#17 34.25 173750K .......... .......... .......... .......... ..........  2% 3.46M 19m29s
#17 34.26 173800K .......... .......... .......... .......... ..........  2% 4.51M 19m29s
#17 34.28 173850K .......... .......... .......... .......... ..........  2% 2.88M 19m29s
#17 34.29 173900K .......... .......... .......... .......... ..........  2% 2.84M 19m30s
#17 34.31 173950K .......... .......... .......... .......... ..........  2% 9.62M 19m29s
#17 34.31 174000K .......... .......... .......... .......... ..........  2% 7.26M 19m29s
#17 34.32 174050K .......... .......... .......... .......... ..........  2% 6.21M 19m29s
#17 34.33 174100K .......... .......... .......... .......... ..........  2% 1.87M 19m30s
#17 34.36 174150K .......... .......... .......... .......... ..........  2% 5.12M 19m30s
#17 34.37 174200K .......... .......... .......... .......... ..........  2% 91.0M 19m30s
#17 34.37 174250K .......... .......... .......... .......... ..........  2% 3.01M 19m30s
#17 34.38 174300K .......... .......... .......... .......... ..........  2% 3.96M 19m30s
#17 34.39 174350K .......... .......... .......... .......... ..........  2% 3.12M 19m30s
#17 34.41 174400K .......... .......... .......... .......... ..........  2% 3.22M 19m31s
#17 34.42 174450K .......... .......... .......... .......... ..........  2% 7.84M 19m30s
#17 34.43 174500K .......... .......... .......... .......... ..........  2% 3.81M 19m31s
#17 34.45 174550K .......... .......... .......... .......... ..........  2% 3.67M 19m31s
#17 34.46 174600K .......... .......... .......... .......... ..........  2% 2.72M 19m31s
#17 34.48 174650K .......... .......... .......... .......... ..........  2% 5.00M 19m31s
#17 34.49 174700K .......... .......... .......... .......... ..........  2% 5.03M 19m31s
#17 34.49 174750K .......... .......... .......... .......... ..........  2% 2.82M 19m31s
#17 34.52 174800K .......... .......... .......... .......... ..........  2% 5.00M 19m31s
#17 34.52 174850K .......... .......... .......... .......... ..........  2% 3.93M 19m32s
#17 34.54 174900K .......... .......... .......... .......... ..........  2% 2.81M 19m32s
#17 34.55 174950K .......... .......... .......... .......... ..........  2% 4.61M 19m32s
#17 34.56 175000K .......... .......... .......... .......... ..........  2% 4.23M 19m32s
#17 34.58 175050K .......... .......... .......... .......... ..........  2% 4.65M 19m32s
#17 34.58 175100K .......... .......... .......... .......... ..........  2% 5.62M 19m32s
#17 34.59 175150K .......... .......... .......... .......... ..........  2% 7.03M 19m32s
#17 34.60 175200K .......... .......... .......... .......... ..........  2% 3.44M 19m32s
#17 34.61 175250K .......... .......... .......... .......... ..........  2% 3.14M 19m32s
#17 34.63 175300K .......... .......... .......... .......... ..........  2% 3.61M 19m33s
#17 34.64 175350K .......... .......... .......... .......... ..........  2% 4.19M 19m33s
#17 34.66 175400K .......... .......... .......... .......... ..........  2% 5.51M 19m33s
#17 34.66 175450K .......... .......... .......... .......... ..........  2% 2.51M 19m33s
#17 34.68 175500K .......... .......... .......... .......... ..........  2% 11.0M 19m33s
#17 34.69 175550K .......... .......... .......... .......... ..........  2% 3.56M 19m33s
#17 34.70 175600K .......... .......... .......... .......... ..........  2% 4.96M 19m33s
#17 34.71 175650K .......... .......... .......... .......... ..........  2% 2.72M 19m33s
#17 34.73 175700K .......... .......... .......... .......... ..........  2% 4.92M 19m33s
#17 34.74 175750K .......... .......... .......... .......... ..........  2% 2.19M 19m34s
#17 34.76 175800K .......... .......... .......... .......... ..........  2% 4.92M 19m34s
#17 34.77 175850K .......... .......... .......... .......... ..........  2% 4.95M 19m34s
#17 34.78 175900K .......... .......... .......... .......... ..........  2% 3.61M 19m34s
#17 34.79 175950K .......... .......... .......... .......... ..........  2% 7.14M 19m34s
#17 34.80 176000K .......... .......... .......... .......... ..........  2% 3.43M 19m34s
#17 34.82 176050K .......... .......... .......... .......... ..........  2% 3.83M 19m34s
#17 34.83 176100K .......... .......... .......... .......... ..........  2% 3.78M 19m35s
#17 34.84 176150K .......... .......... .......... .......... ..........  2% 4.38M 19m35s
#17 34.85 176200K .......... .......... .......... .......... ..........  2% 4.95M 19m35s
#17 34.86 176250K .......... .......... .......... .......... ..........  2% 3.14M 19m35s
#17 34.88 176300K .......... .......... .......... .......... ..........  2% 5.12M 19m35s
#17 34.89 176350K .......... .......... .......... .......... ..........  2% 4.65M 19m35s
#17 34.90 176400K .......... .......... .......... .......... ..........  2% 3.94M 19m35s
#17 34.91 176450K .......... .......... .......... .......... ..........  2% 5.62M 19m35s
#17 34.92 176500K .......... .......... .......... .......... ..........  2% 2.68M 19m35s
#17 34.94 176550K .......... .......... .......... .......... ..........  2% 4.08M 19m35s
#17 34.95 176600K .......... .......... .......... .......... ..........  2% 4.63M 19m36s
#17 34.96 176650K .......... .......... .......... .......... ..........  2% 5.91M 19m36s
#17 34.97 176700K .......... .......... .......... .......... ..........  2% 4.66M 19m36s
#17 34.98 176750K .......... .......... .......... .......... ..........  2% 4.54M 19m36s
#17 34.99 176800K .......... .......... .......... .......... ..........  2% 3.25M 19m36s
#17 35.00 176850K .......... .......... .......... .......... ..........  2% 4.52M 19m36s
#17 35.01 176900K .......... .......... .......... .......... ..........  2% 3.85M 19m36s
#17 35.03 176950K .......... .......... .......... .......... ..........  2% 3.53M 19m36s
#17 35.04 177000K .......... .......... .......... .......... ..........  2% 4.82M 19m36s
#17 35.05 177050K .......... .......... .......... .......... ..........  2% 5.31M 19m36s
#17 35.06 177100K .......... .......... .......... .......... ..........  2% 3.33M 19m36s
#17 35.08 177150K .......... .......... .......... .......... ..........  2% 4.20M 19m37s
#17 35.09 177200K .......... .......... .......... .......... ..........  2% 4.29M 19m37s
#17 35.10 177250K .......... .......... .......... .......... ..........  2% 3.16M 19m37s
#17 35.11 177300K .......... .......... .......... .......... ..........  2% 4.95M 19m37s
#17 35.12 177350K .......... .......... .......... .......... ..........  2% 4.16M 19m37s
#17 35.14 177400K .......... .......... .......... .......... ..........  2% 3.89M 19m37s
#17 35.15 177450K .......... .......... .......... .......... ..........  2% 4.67M 19m37s
#17 35.16 177500K .......... .......... .......... .......... ..........  2% 3.76M 19m37s
#17 35.17 177550K .......... .......... .......... .......... ..........  2% 5.70M 19m37s
#17 35.18 177600K .......... .......... .......... .......... ..........  2% 3.32M 19m37s
#17 35.19 177650K .......... .......... .......... .......... ..........  2% 4.25M 19m38s
#17 35.21 177700K .......... .......... .......... .......... ..........  2% 3.36M 19m38s
#17 35.22 177750K .......... .......... .......... .......... ..........  2% 4.64M 19m38s
#17 35.23 177800K .......... .......... .......... .......... ..........  2% 3.36M 19m38s
#17 35.25 177850K .......... .......... .......... .......... ..........  2% 4.43M 19m38s
#17 35.26 177900K .......... .......... .......... .......... ..........  2% 4.30M 19m38s
#17 35.27 177950K .......... .......... .......... .......... ..........  2% 9.21M 19m38s
#17 35.27 178000K .......... .......... .......... .......... ..........  2% 3.30M 19m38s
#17 35.29 178050K .......... .......... .......... .......... ..........  2% 6.38M 19m38s
#17 35.30 178100K .......... .......... .......... .......... ..........  2% 2.97M 19m38s
#17 35.31 178150K .......... .......... .......... .......... ..........  2% 6.01M 19m38s
#17 35.32 178200K .......... .......... .......... .......... ..........  2% 3.67M 19m39s
#17 35.33 178250K .......... .......... .......... .......... ..........  2% 3.36M 19m39s
#17 35.35 178300K .......... .......... .......... .......... ..........  2% 3.36M 19m39s
#17 35.36 178350K .......... .......... .......... .......... ..........  2% 4.83M 19m39s
#17 35.37 178400K .......... .......... .......... .......... ..........  2% 3.74M 19m39s
#17 35.39 178450K .......... .......... .......... .......... ..........  2% 5.06M 19m39s
#17 35.40 178500K .......... .......... .......... .......... ..........  2% 3.45M 19m39s
#17 35.41 178550K .......... .......... .......... .......... ..........  2% 5.09M 19m39s
#17 35.42 178600K .......... .......... .......... .......... ..........  2% 3.52M 19m40s
#17 35.43 178650K .......... .......... .......... .......... ..........  2% 4.94M 19m40s
#17 35.44 178700K .......... .......... .......... .......... ..........  2% 4.33M 19m40s
#17 35.45 178750K .......... .......... .......... .......... ..........  2% 3.76M 19m40s
#17 35.47 178800K .......... .......... .......... .......... ..........  2% 8.31M 19m40s
#17 35.48 178850K .......... .......... .......... .......... ..........  2% 3.81M 19m40s
#17 35.49 178900K .......... .......... .......... .......... ..........  2% 2.91M 19m40s
#17 35.50 178950K .......... .......... .......... .......... ..........  2% 4.91M 19m40s
#17 35.51 179000K .......... .......... .......... .......... ..........  2% 3.62M 19m40s
#17 35.53 179050K .......... .......... .......... .......... ..........  2% 3.29M 19m40s
#17 35.54 179100K .......... .......... .......... .......... ..........  2% 3.41M 19m41s
#17 35.56 179150K .......... .......... .......... .......... ..........  2% 4.63M 19m41s
#17 35.57 179200K .......... .......... .......... .......... ..........  2% 4.47M 19m41s
#17 35.58 179250K .......... .......... .......... .......... ..........  2% 3.20M 19m41s
#17 35.59 179300K .......... .......... .......... .......... ..........  2% 4.28M 19m41s
#17 35.60 179350K .......... .......... .......... .......... ..........  2% 4.15M 19m41s
#17 35.62 179400K .......... .......... .......... .......... ..........  2% 5.21M 19m41s
#17 35.62 179450K .......... .......... .......... .......... ..........  2% 4.18M 19m41s
#17 35.64 179500K .......... .......... .......... .......... ..........  2% 4.28M 19m41s
#17 35.65 179550K .......... .......... .......... .......... ..........  2% 5.34M 19m41s
#17 35.66 179600K .......... .......... .......... .......... ..........  2% 4.65M 19m41s
#17 35.67 179650K .......... .......... .......... .......... ..........  2% 2.96M 19m42s
#17 35.68 179700K .......... .......... .......... .......... ..........  2% 5.67M 19m42s
#17 35.69 179750K .......... .......... .......... .......... ..........  2% 6.03M 19m42s
#17 35.70 179800K .......... .......... .......... .......... ..........  2% 2.17M 19m42s
#17 35.72 179850K .......... .......... .......... .......... ..........  2% 5.06M 19m42s
#17 35.73 179900K .......... .......... .......... .......... ..........  2% 37.1M 19m42s
#17 35.73 179950K .......... .......... .......... .......... ..........  2% 9.14M 19m42s
#17 35.74 180000K .......... .......... .......... .......... ..........  2% 4.91M 19m42s
#17 35.75 180050K .......... .......... .......... .......... ..........  2% 4.11M 19m42s
#17 35.76 180100K .......... .......... .......... .......... ..........  2% 1.77M 19m42s
#17 35.79 180150K .......... .......... .......... .......... ..........  2% 4.62M 19m43s
#17 35.80 180200K .......... .......... .......... .......... ..........  2% 19.4M 19m42s
#17 35.80 180250K .......... .......... .......... .......... ..........  2% 10.7M 19m42s
#17 35.81 180300K .......... .......... .......... .......... ..........  2% 5.03M 19m42s
#17 35.82 180350K .......... .......... .......... .......... ..........  2% 8.86M 19m42s
#17 35.82 180400K .......... .......... .......... .......... ..........  2% 5.25M 19m42s
#17 35.83 180450K .......... .......... .......... .......... ..........  2% 1.65M 19m43s
#17 35.86 180500K .......... .......... .......... .......... ..........  2% 4.28M 19m43s
#17 35.87 180550K .......... .......... .......... .......... ..........  2% 3.81M 19m43s
#17 35.89 180600K .......... .......... .......... .......... ..........  2% 3.53M 19m43s
#17 35.90 180650K .......... .......... .......... .......... ..........  2% 10.7M 19m43s
#17 35.90 180700K .......... .......... .......... .......... ..........  2% 4.25M 19m43s
#17 35.91 180750K .......... .......... .......... .......... ..........  2% 4.85M 19m43s
#17 35.92 180800K .......... .......... .......... .......... ..........  2% 6.05M 19m43s
#17 35.93 180850K .......... .......... .......... .......... ..........  2% 4.67M 19m43s
#17 35.94 180900K .......... .......... .......... .......... ..........  2% 3.00M 19m43s
#17 35.96 180950K .......... .......... .......... .......... ..........  2% 4.61M 19m43s
#17 35.97 181000K .......... .......... .......... .......... ..........  2% 3.25M 19m44s
#17 35.99 181050K .......... .......... .......... .......... ..........  2% 9.40M 19m43s
#17 35.99 181100K .......... .......... .......... .......... ..........  2% 3.09M 19m44s
#17 36.01 181150K .......... .......... .......... .......... ..........  2% 5.05M 19m44s
#17 36.02 181200K .......... .......... .......... .......... ..........  2% 9.28M 19m44s
#17 36.02 181250K .......... .......... .......... .......... ..........  2% 8.91M 19m43s
#17 36.03 181300K .......... .......... .......... .......... ..........  2% 3.72M 19m44s
#17 36.04 181350K .......... .......... .......... .......... ..........  2% 3.88M 19m44s
#17 36.05 181400K .......... .......... .......... .......... ..........  2% 2.81M 19m44s
#17 36.07 181450K .......... .......... .......... .......... ..........  2% 6.01M 19m44s
#17 36.08 181500K .......... .......... .......... .......... ..........  2% 5.02M 19m44s
#17 36.09 181550K .......... .......... .......... .......... ..........  2% 4.33M 19m44s
#17 36.10 181600K .......... .......... .......... .......... ..........  2% 8.77M 19m44s
#17 36.10 181650K .......... .......... .......... .......... ..........  2% 6.66M 19m44s
#17 36.11 181700K .......... .......... .......... .......... ..........  2% 7.08M 19m44s
#17 36.12 181750K .......... .......... .......... .......... ..........  2% 3.86M 19m44s
#17 36.13 181800K .......... .......... .......... .......... ..........  2% 3.19M 19m44s
#17 36.15 181850K .......... .......... .......... .......... ..........  2% 3.29M 19m44s
#17 36.16 181900K .......... .......... .......... .......... ..........  2% 3.62M 19m44s
#17 36.18 181950K .......... .......... .......... .......... ..........  2% 3.23M 19m45s
#17 36.19 182000K .......... .......... .......... .......... ..........  2% 4.51M 19m45s
#17 36.20 182050K .......... .......... .......... .......... ..........  2% 10.6M 19m45s
#17 36.21 182100K .......... .......... .......... .......... ..........  2% 5.47M 19m45s
#17 36.21 182150K .......... .......... .......... .......... ..........  2% 3.85M 19m45s
#17 36.23 182200K .......... .......... .......... .......... ..........  2% 3.03M 19m45s
#17 36.24 182250K .......... .......... .......... .......... ..........  2% 5.91M 19m45s
#17 36.25 182300K .......... .......... .......... .......... ..........  2% 4.59M 19m45s
#17 36.26 182350K .......... .......... .......... .......... ..........  2% 5.40M 19m45s
#17 36.27 182400K .......... .......... .......... .......... ..........  2% 2.94M 19m45s
#17 36.29 182450K .......... .......... .......... .......... ..........  2% 5.12M 19m45s
#17 36.30 182500K .......... .......... .......... .......... ..........  2% 4.81M 19m45s
#17 36.31 182550K .......... .......... .......... .......... ..........  2% 4.07M 19m45s
#17 36.32 182600K .......... .......... .......... .......... ..........  2% 4.41M 19m45s
#17 36.33 182650K .......... .......... .......... .......... ..........  2% 4.69M 19m45s
#17 36.34 182700K .......... .......... .......... .......... ..........  2% 3.37M 19m46s
#17 36.36 182750K .......... .......... .......... .......... ..........  2% 20.3M 19m45s
#17 36.36 182800K .......... .......... .......... .......... ..........  2% 5.47M 19m45s
#17 36.37 182850K .......... .......... .......... .......... ..........  2% 5.33M 19m45s
#17 36.38 182900K .......... .......... .......... .......... ..........  2% 7.00M 19m45s
#17 36.38 182950K .......... .......... .......... .......... ..........  2% 5.40M 19m45s
#17 36.39 183000K .......... .......... .......... .......... ..........  2% 3.62M 19m45s
#17 36.41 183050K .......... .......... .......... .......... ..........  2% 4.12M 19m46s
#17 36.42 183100K .......... .......... .......... .......... ..........  2% 5.80M 19m45s
#17 36.43 183150K .......... .......... .......... .......... ..........  2% 4.61M 19m46s
#17 36.44 183200K .......... .......... .......... .......... ..........  2% 4.75M 19m46s
#17 36.45 183250K .......... .......... .......... .......... ..........  2% 7.40M 19m45s
#17 36.45 183300K .......... .......... .......... .......... ..........  2% 5.17M 19m45s
#17 36.46 183350K .......... .......... .......... .......... ..........  2% 3.37M 19m46s
#17 36.48 183400K .......... .......... .......... .......... ..........  2% 3.86M 19m46s
#17 36.49 183450K .......... .......... .......... .......... ..........  2% 3.23M 19m46s
#17 36.51 183500K .......... .......... .......... .......... ..........  2% 12.8M 19m46s
#17 36.51 183550K .......... .......... .......... .......... ..........  2% 5.86M 19m46s
#17 36.52 183600K .......... .......... .......... .......... ..........  2% 3.07M 19m46s
#17 36.53 183650K .......... .......... .......... .......... ..........  2% 3.22M 19m46s
#17 36.55 183700K .......... .......... .......... .......... ..........  2% 5.04M 19m46s
#17 36.56 183750K .......... .......... .......... .......... ..........  2% 9.19M 19m46s
#17 36.56 183800K .......... .......... .......... .......... ..........  2% 4.72M 19m46s
#17 36.57 183850K .......... .......... .......... .......... ..........  2% 6.23M 19m46s
#17 36.58 183900K .......... .......... .......... .......... ..........  2% 5.67M 19m46s
#17 36.59 183950K .......... .......... .......... .......... ..........  2% 3.83M 19m46s
#17 36.60 184000K .......... .......... .......... .......... ..........  2% 4.46M 19m46s
#17 36.61 184050K .......... .......... .......... .......... ..........  2% 4.47M 19m46s
#17 36.62 184100K .......... .......... .......... .......... ..........  2% 4.94M 19m46s
#17 36.64 184150K .......... .......... .......... .......... ..........  2% 7.02M 19m46s
#17 36.64 184200K .......... .......... .......... .......... ..........  2% 3.47M 19m46s
#17 36.66 184250K .......... .......... .......... .......... ..........  2% 8.00M 19m46s
#17 36.66 184300K .......... .......... .......... .......... ..........  2% 5.07M 19m46s
#17 36.67 184350K .......... .......... .......... .......... ..........  2% 5.86M 19m46s
#17 36.68 184400K .......... .......... .......... .......... ..........  2% 3.76M 19m46s
#17 36.69 184450K .......... .......... .......... .......... ..........  2% 4.19M 19m47s
#17 36.70 184500K .......... .......... .......... .......... ..........  2% 4.25M 19m47s
#17 36.72 184550K .......... .......... .......... .......... ..........  2% 7.74M 19m46s
#17 36.72 184600K .......... .......... .......... .......... ..........  2% 3.77M 19m47s
#17 36.74 184650K .......... .......... .......... .......... ..........  2% 3.50M 19m47s
#17 36.75 184700K .......... .......... .......... .......... ..........  2% 12.8M 19m47s
#17 36.75 184750K .......... .......... .......... .......... ..........  2% 5.13M 19m47s
#17 36.76 184800K .......... .......... .......... .......... ..........  2% 5.18M 19m47s
#17 36.77 184850K .......... .......... .......... .......... ..........  2% 1.98M 19m47s
#17 36.80 184900K .......... .......... .......... .......... ..........  2% 4.65M 19m47s
#17 36.81 184950K .......... .......... .......... .......... ..........  2% 5.48M 19m47s
#17 36.82 185000K .......... .......... .......... .......... ..........  2% 4.07M 19m47s
#17 36.83 185050K .......... .......... .......... .......... ..........  2% 5.24M 19m47s
#17 36.84 185100K .......... .......... .......... .......... ..........  2% 8.97M 19m47s
#17 36.84 185150K .......... .......... .......... .......... ..........  2% 4.94M 19m47s
#17 36.85 185200K .......... .......... .......... .......... ..........  2% 5.97M 19m47s
#17 36.86 185250K .......... .......... .......... .......... ..........  2% 3.76M 19m47s
#17 36.87 185300K .......... .......... .......... .......... ..........  2% 3.42M 19m47s
#17 36.89 185350K .......... .......... .......... .......... ..........  2% 3.10M 19m48s
#17 36.90 185400K .......... .......... .......... .......... ..........  2% 1.06M 19m49s
#17 36.95 185450K .......... .......... .......... .......... ..........  2% 2.02M 19m50s
#17 36.97 185500K .......... .......... .......... .......... ..........  2% 1.98M 19m50s
#17 37.00 185550K .......... .......... .......... .......... ..........  2% 3.52M 19m50s
#17 37.01 185600K .......... .......... .......... .......... ..........  2% 4.42M 19m50s
#17 37.02 185650K .......... .......... .......... .......... ..........  2% 3.88M 19m50s
#17 37.04 185700K .......... .......... .......... .......... ..........  2% 2.81M 19m51s
#17 37.05 185750K .......... .......... .......... .......... ..........  2% 2.11M 19m51s
#17 37.08 185800K .......... .......... .......... .......... ..........  2% 2.68M 19m51s
#17 37.09 185850K .......... .......... .......... .......... ..........  2% 1.46M 19m52s
#17 37.13 185900K .......... .......... .......... .......... ..........  2% 3.58M 19m53s
#17 37.14 185950K .......... .......... .......... .......... ..........  2% 6.49M 19m52s
#17 37.15 186000K .......... .......... .......... .......... ..........  2% 2.93M 19m53s
#17 37.57 186050K .......... .......... .......... .......... ..........  2% 5.71M 19m53s
#17 37.58 186100K .......... .......... .......... .......... ..........  2%  384K 19m57s
#17 37.71 186150K .......... .......... .......... .......... ..........  2% 2.26M 19m57s
#17 37.73 186200K .......... .......... .......... .......... ..........  2% 5.08M 19m57s
#17 37.74 186250K .......... .......... .......... .......... ..........  2% 5.36M 19m57s
#17 37.75 186300K .......... .......... .......... .......... ..........  2% 6.15M 19m57s
#17 37.76 186350K .......... .......... .......... .......... ..........  2% 4.31M 19m57s
#17 37.77 186400K .......... .......... .......... .......... ..........  2% 4.55M 19m57s
#17 37.78 186450K .......... .......... .......... .......... ..........  2% 20.8M 19m57s
#17 37.78 186500K .......... .......... .......... .......... ..........  2% 3.52M 19m57s
#17 37.80 186550K .......... .......... .......... .......... ..........  2% 65.6M 19m57s
#17 37.80 186600K .......... .......... .......... .......... ..........  2% 18.4M 19m57s
#17 37.81 186650K .......... .......... .......... .......... ..........  2% 5.63M 19m57s
#17 37.81 186700K .......... .......... .......... .......... ..........  2% 16.9M 19m57s
#17 37.81 186750K .......... .......... .......... .......... ..........  2% 77.5M 19m56s
#17 37.81 186800K .......... .......... .......... .......... ..........  2% 24.3M 19m56s
#17 37.81 186850K .......... .......... .......... .......... ..........  2% 6.31M 19m56s
#17 37.83 186900K .......... .......... .......... .......... ..........  2% 15.5M 19m56s
#17 37.83 186950K .......... .......... .......... .......... ..........  2% 43.0M 19m55s
#17 37.83 187000K .......... .......... .......... .......... ..........  2% 56.7M 19m55s
#17 37.83 187050K .......... .......... .......... .......... ..........  2% 16.7M 19m55s
#17 37.83 187100K .......... .......... .......... .......... ..........  2% 8.31M 19m55s
#17 37.83 187150K .......... .......... .......... .......... ..........  2% 12.4M 19m55s
#17 37.84 187200K .......... .......... .......... .......... ..........  2% 13.9M 19m54s
#17 37.84 187250K .......... .......... .......... .......... ..........  2% 11.7M 19m54s
#17 37.85 187300K .......... .......... .......... .......... ..........  2% 15.0M 19m54s
#17 37.85 187350K .......... .......... .......... .......... ..........  2% 9.01M 19m54s
#17 37.86 187400K .......... .......... .......... .......... ..........  2% 14.7M 19m54s
#17 37.86 187450K .......... .......... .......... .......... ..........  2% 33.9M 19m53s
#17 37.86 187500K .......... .......... .......... .......... ..........  2% 17.2M 19m53s
#17 37.86 187550K .......... .......... .......... .......... ..........  2% 16.3M 19m53s
#17 37.87 187600K .......... .......... .......... .......... ..........  2% 5.18M 19m53s
#17 37.87 187650K .......... .......... .......... .......... ..........  2% 6.15M 19m53s
#17 37.88 187700K .......... .......... .......... .......... ..........  2% 6.08M 19m53s
#17 37.89 187750K .......... .......... .......... .......... ..........  2% 6.17M 19m53s
#17 37.90 187800K .......... .......... .......... .......... ..........  2% 1.03M 19m54s
#17 40.12 187850K .......... .......... .......... .......... ..........  2% 5.20M 19m54s
#17 40.13 187900K .......... .......... .......... .......... ..........  2% 5.60M 19m54s
#17 40.14 187950K .......... .......... .......... .......... ..........  2% 4.62M 19m54s
#17 40.15 188000K .......... .......... .......... .......... ..........  2% 6.71M 19m54s
#17 40.16 188050K .......... .......... .......... .......... ..........  2% 6.35M 19m54s
#17 40.16 188100K .......... .......... .......... .......... ..........  2% 6.31M 19m54s
#17 40.17 188150K .......... .......... .......... .......... ..........  2% 5.32M 19m54s
#17 40.18 188200K .......... .......... .......... .......... ..........  2% 8.60M 19m54s
#17 40.19 188250K .......... .......... .......... .......... ..........  2% 5.33M 19m54s
#17 40.19 188300K .......... .......... .......... .......... ..........  2% 5.61M 19m54s
#17 40.20 188350K .......... .......... .......... .......... ..........  2% 4.13M 19m54s
#17 40.22 188400K .......... .......... .......... .......... ..........  2% 3.98M 19m54s
#17 40.23 188450K .......... .......... .......... .......... ..........  2% 6.08M 19m54s
#17 40.24 188500K .......... .......... .......... .......... ..........  2% 3.40M 19m54s
#17 40.25 188550K .......... .......... .......... .......... ..........  2% 6.46M 19m54s
#17 40.26 188600K .......... .......... .......... .......... ..........  2% 9.13M 19m54s
#17 40.26 188650K .......... .......... .......... .......... ..........  2% 5.97M 19m54s
#17 40.27 188700K .......... .......... .......... .......... ..........  2% 6.21M 19m54s
#17 40.28 188750K .......... .......... .......... .......... ..........  2% 6.01M 19m54s
#17 40.29 188800K .......... .......... .......... .......... ..........  2% 9.05M 19m54s
#17 40.29 188850K .......... .......... .......... .......... ..........  2% 7.91M 19m54s
#17 40.30 188900K .......... .......... .......... .......... ..........  2% 5.01M 19m54s
#17 40.31 188950K .......... .......... .......... .......... ..........  2% 4.05M 19m54s
#17 40.32 189000K .......... .......... .......... .......... ..........  2% 3.41M 19m54s
#17 40.33 189050K .......... .......... .......... .......... ..........  2% 24.0M 19m54s
#17 40.34 189100K .......... .......... .......... .......... ..........  2% 3.72M 19m54s
#17 40.35 189150K .......... .......... .......... .......... ..........  2% 5.06M 19m54s
#17 40.36 189200K .......... .......... .......... .......... ..........  2% 2.91M 19m54s
#17 40.38 189250K .......... .......... .......... .......... ..........  2% 35.2M 19m54s
#17 40.38 189300K .......... .......... .......... .......... ..........  2% 12.3M 19m54s
#17 40.38 189350K .......... .......... .......... .......... ..........  2% 22.4M 19m53s
#17 40.38 189400K .......... .......... .......... .......... ..........  2% 4.15M 19m53s
#17 40.40 189450K .......... .......... .......... .......... ..........  2% 5.29M 19m53s
#17 40.41 189500K .......... .......... .......... .......... ..........  2% 6.53M 19m53s
#17 40.41 189550K .......... .......... .......... .......... ..........  2% 4.93M 19m53s
#17 40.42 189600K .......... .......... .......... .......... ..........  2% 7.56M 19m53s
#17 40.43 189650K .......... .......... .......... .......... ..........  2% 6.94M 19m53s
#17 40.44 189700K .......... .......... .......... .......... ..........  2% 4.60M 19m53s
#17 40.45 189750K .......... .......... .......... .......... ..........  2% 17.6M 19m53s
#17 40.45 189800K .......... .......... .......... .......... ..........  2% 7.54M 19m53s
#17 40.46 189850K .......... .......... .......... .......... ..........  2% 6.82M 19m53s
#17 40.46 189900K .......... .......... .......... .......... ..........  2% 6.04M 19m53s
#17 40.47 189950K .......... .......... .......... .......... ..........  2% 6.74M 19m53s
#17 40.48 190000K .......... .......... .......... .......... ..........  2% 1.40M 19m54s
#17 40.51 190050K .......... .......... .......... .......... ..........  2% 2.57M 19m54s
#17 40.53 190100K .......... .......... .......... .......... ..........  2% 2.06M 19m54s
#17 40.56 190150K .......... .......... .......... .......... ..........  2% 6.02M 19m54s
#17 40.56 190200K .......... .......... .......... .......... ..........  2% 7.32M 19m54s
#17 40.57 190250K .......... .......... .......... .......... ..........  2% 3.94M 19m54s
#17 40.58 190300K .......... .......... .......... .......... ..........  2% 3.30M 19m55s
#17 40.60 190350K .......... .......... .......... .......... ..........  2% 6.30M 19m55s
#17 40.62 190400K .......... .......... .......... .......... ..........  2% 3.18M 19m55s
#17 40.62 190450K .......... .......... .......... .......... ..........  2% 4.51M 19m55s
#17 40.63 190500K .......... .......... .......... .......... ..........  2% 56.8M 19m54s
#17 40.63 190550K .......... .......... .......... .......... ..........  2% 4.51M 19m55s
#17 40.64 190600K .......... .......... .......... .......... ..........  2% 9.82M 19m54s
#17 40.65 190650K .......... .......... .......... .......... ..........  2% 2.45M 19m55s
#17 40.67 190700K .......... .......... .......... .......... ..........  2% 87.2M 19m54s
#17 40.67 190750K .......... .......... .......... .......... ..........  2% 4.31M 19m55s
#17 40.68 190800K .......... .......... .......... .......... ..........  2% 2.83M 19m55s
#17 40.70 190850K .......... .......... .......... .......... ..........  2% 4.69M 19m55s
#17 40.71 190900K .......... .......... .......... .......... ..........  2% 5.57M 19m55s
#17 40.72 190950K .......... .......... .......... .......... ..........  2% 5.53M 19m55s
#17 40.73 191000K .......... .......... .......... .......... ..........  2% 2.88M 19m55s
#17 40.74 191050K .......... .......... .......... .......... ..........  2% 2.18M 19m55s
#17 40.76 191100K .......... .......... .......... .......... ..........  2% 1.78M 19m56s
#17 40.79 191150K .......... .......... .......... .......... ..........  2% 2.99M 19m56s
#17 40.81 191200K .......... .......... .......... .......... ..........  2% 4.23M 19m56s
#17 40.82 191250K .......... .......... .......... .......... ..........  2% 12.1M 19m56s
#17 40.82 191300K .......... .......... .......... .......... ..........  2% 17.3M 19m56s
#17 40.83 191350K .......... .......... .......... .......... ..........  2% 5.24M 19m56s
#17 40.84 191400K .......... .......... .......... .......... ..........  2% 18.7M 19m56s
#17 40.84 191450K .......... .......... .......... .......... ..........  2% 45.6M 19m56s
#17 40.84 191500K .......... .......... .......... .......... ..........  2% 5.59M 19m55s
#17 40.85 191550K .......... .......... .......... .......... ..........  2% 69.4M 19m55s
#17 40.85 191600K .......... .......... .......... .......... ..........  2% 8.66M 19m55s
#17 40.85 191650K .......... .......... .......... .......... ..........  2% 7.13M 19m55s
#17 40.86 191700K .......... .......... .......... .......... ..........  2% 99.4M 19m55s
#17 40.86 191750K .......... .......... .......... .......... ..........  2% 67.9M 19m54s
#17 40.86 191800K .......... .......... .......... .......... ..........  2% 61.3M 19m54s
#17 40.87 191850K .......... .......... .......... .......... ..........  2% 2.64M 19m54s
#17 40.88 191900K .......... .......... .......... .......... ..........  2% 28.9M 19m54s
#17 40.89 191950K .......... .......... .......... .......... ..........  2% 30.6M 19m54s
#17 40.89 192000K .......... .......... .......... .......... ..........  2% 72.0M 19m54s
#17 40.89 192050K .......... .......... .......... .......... ..........  2% 3.99M 19m54s
#17 40.90 192100K .......... .......... .......... .......... ..........  2% 32.1M 19m53s
#17 40.90 192150K .......... .......... .......... .......... ..........  2% 8.75M 19m53s
#17 40.91 192200K .......... .......... .......... .......... ..........  2% 4.81M 19m53s
#17 40.92 192250K .......... .......... .......... .......... ..........  2% 7.82M 19m53s
#17 40.92 192300K .......... .......... .......... .......... ..........  2% 3.37M 19m53s
#17 40.94 192350K .......... .......... .......... .......... ..........  2% 3.76M 19m54s
#17 40.95 192400K .......... .......... .......... .......... ..........  2% 86.5M 19m53s
#17 40.95 192450K .......... .......... .......... .......... ..........  2% 82.7M 19m53s
#17 40.95 192500K .......... .......... .......... .......... ..........  2% 86.4M 19m53s
#17 40.95 192550K .......... .......... .......... .......... ..........  2% 5.87M 19m53s
#17 40.96 192600K .......... .......... .......... .......... ..........  2% 5.04M 19m53s
#17 40.97 192650K .......... .......... .......... .......... ..........  2% 10.7M 19m52s
#17 40.97 192700K .......... .......... .......... .......... ..........  2% 3.18M 19m53s
#17 40.99 192750K .......... .......... .......... .......... ..........  2% 11.2M 19m52s
#17 40.99 192800K .......... .......... .......... .......... ..........  2% 7.98M 19m52s
#17 41.00 192850K .......... .......... .......... .......... ..........  2% 5.73M 19m52s
#17 41.01 192900K .......... .......... .......... .......... ..........  2% 6.54M 19m52s
#17 41.02 192950K .......... .......... .......... .......... ..........  2% 8.05M 19m52s
#17 41.02 193000K .......... .......... .......... .......... ..........  2% 6.60M 19m52s
#17 41.03 193050K .......... .......... .......... .......... ..........  2% 5.10M 19m52s
#17 41.04 193100K .......... .......... .......... .......... ..........  2% 9.94M 19m52s
#17 41.04 193150K .......... .......... .......... .......... ..........  2% 7.39M 19m52s
#17 41.05 193200K .......... .......... .......... .......... ..........  2% 5.10M 19m52s
#17 41.06 193250K .......... .......... .......... .......... ..........  2% 6.09M 19m52s
#17 41.07 193300K .......... .......... .......... .......... ..........  2% 3.36M 19m52s
#17 41.08 193350K .......... .......... .......... .......... ..........  2% 10.2M 19m52s
#17 41.09 193400K .......... .......... .......... .......... ..........  2% 6.78M 19m52s
#17 41.09 193450K .......... .......... .......... .......... ..........  2% 6.40M 19m52s
#17 41.10 193500K .......... .......... .......... .......... ..........  2% 5.08M 19m52s
#17 41.11 193550K .......... .......... .......... .......... ..........  2% 6.50M 19m52s
#17 41.12 193600K .......... .......... .......... .......... ..........  2% 5.54M 19m52s
#17 41.13 193650K .......... .......... .......... .......... ..........  2% 7.18M 19m52s
#17 41.13 193700K .......... .......... .......... .......... ..........  2% 5.20M 19m52s
#17 41.14 193750K .......... .......... .......... .......... ..........  2% 4.40M 19m52s
#17 41.16 193800K .......... .......... .......... .......... ..........  2% 8.82M 19m51s
#17 41.16 193850K .......... .......... .......... .......... ..........  2% 4.70M 19m52s
#17 41.17 193900K .......... .......... .......... .......... ..........  2% 6.26M 19m51s
#17 41.18 193950K .......... .......... .......... .......... ..........  2% 6.52M 19m51s
#17 41.19 194000K .......... .......... .......... .......... ..........  2% 6.47M 19m51s
#17 41.19 194050K .......... .......... .......... .......... ..........  2% 4.41M 19m51s
#17 41.21 194100K .......... .......... .......... .......... ..........  2% 7.91M 19m51s
#17 41.21 194150K .......... .......... .......... .......... ..........  2% 8.74M 19m51s
#17 41.22 194200K .......... .......... .......... .......... ..........  2% 4.47M 19m51s
#17 41.23 194250K .......... .......... .......... .......... ..........  2% 10.8M 19m51s
#17 41.23 194300K .......... .......... .......... .......... ..........  2% 4.44M 19m51s
#17 41.24 194350K .......... .......... .......... .......... ..........  2% 5.78M 19m51s
#17 41.25 194400K .......... .......... .......... .......... ..........  2% 4.91M 19m51s
#17 41.26 194450K .......... .......... .......... .......... ..........  2% 4.54M 19m51s
#17 41.27 194500K .......... .......... .......... .......... ..........  2% 9.17M 19m51s
#17 41.28 194550K .......... .......... .......... .......... ..........  2% 5.04M 19m51s
#17 41.29 194600K .......... .......... .......... .......... ..........  2% 4.94M 19m51s
#17 41.30 194650K .......... .......... .......... .......... ..........  2% 9.50M 19m51s
#17 41.30 194700K .......... .......... .......... .......... ..........  2% 6.99M 19m51s
#17 41.31 194750K .......... .......... .......... .......... ..........  2% 10.7M 19m51s
#17 41.31 194800K .......... .......... .......... .......... ..........  2% 8.38M 19m51s
#17 41.32 194850K .......... .......... .......... .......... ..........  2% 4.28M 19m51s
#17 41.33 194900K .......... .......... .......... .......... ..........  2% 5.14M 19m51s
#17 41.34 194950K .......... .......... .......... .......... ..........  2% 5.80M 19m51s
#17 41.35 195000K .......... .......... .......... .......... ..........  2% 7.71M 19m51s
#17 41.36 195050K .......... .......... .......... .......... ..........  2% 3.43M 19m51s
#17 41.37 195100K .......... .......... .......... .......... ..........  2% 8.37M 19m51s
#17 41.38 195150K .......... .......... .......... .......... ..........  2% 8.53M 19m50s
#17 41.38 195200K .......... .......... .......... .......... ..........  2% 4.85M 19m50s
#17 41.39 195250K .......... .......... .......... .......... ..........  2% 8.89M 19m50s
#17 41.40 195300K .......... .......... .......... .......... ..........  2% 4.93M 19m50s
#17 41.41 195350K .......... .......... .......... .......... ..........  2% 6.17M 19m50s
#17 41.41 195400K .......... .......... .......... .......... ..........  2% 6.42M 19m50s
#17 41.42 195450K .......... .......... .......... .......... ..........  2% 4.62M 19m50s
#17 41.43 195500K .......... .......... .......... .......... ..........  2% 9.87M 19m50s
#17 41.44 195550K .......... .......... .......... .......... ..........  2% 4.83M 19m50s
#17 41.45 195600K .......... .......... .......... .......... ..........  2% 4.07M 19m50s
#17 41.46 195650K .......... .......... .......... .......... ..........  2% 3.94M 19m50s
#17 41.47 195700K .......... .......... .......... .......... ..........  2% 4.77M 19m50s
#17 41.48 195750K .......... .......... .......... .......... ..........  2% 9.34M 19m50s
#17 41.49 195800K .......... .......... .......... .......... ..........  2% 7.38M 19m50s
#17 41.50 195850K .......... .......... .......... .......... ..........  2% 4.53M 19m50s
#17 41.50 195900K .......... .......... .......... .......... ..........  2% 12.3M 19m50s
#17 41.51 195950K .......... .......... .......... .......... ..........  2% 7.71M 19m50s
#17 41.51 196000K .......... .......... .......... .......... ..........  2% 3.42M 19m50s
#17 41.53 196050K .......... .......... .......... .......... ..........  2% 6.64M 19m50s
#17 41.54 196100K .......... .......... .......... .......... ..........  2% 5.16M 19m50s
#17 41.55 196150K .......... .......... .......... .......... ..........  2% 7.03M 19m50s
#17 41.55 196200K .......... .......... .......... .......... ..........  2% 5.35M 19m50s
#17 41.56 196250K .......... .......... .......... .......... ..........  2% 4.42M 19m50s
#17 41.57 196300K .......... .......... .......... .......... ..........  2% 12.2M 19m50s
#17 41.58 196350K .......... .......... .......... .......... ..........  2% 3.71M 19m50s
#17 41.59 196400K .......... .......... .......... .......... ..........  2% 5.05M 19m50s
#17 41.60 196450K .......... .......... .......... .......... ..........  2% 7.93M 19m50s
#17 41.61 196500K .......... .......... .......... .......... ..........  2% 4.36M 19m50s
#17 41.62 196550K .......... .......... .......... .......... ..........  2% 5.64M 19m50s
#17 41.63 196600K .......... .......... .......... .......... ..........  2% 4.93M 19m50s
#17 41.64 196650K .......... .......... .......... .......... ..........  2% 5.42M 19m50s
#17 41.65 196700K .......... .......... .......... .......... ..........  2% 6.24M 19m50s
#17 41.65 196750K .......... .......... .......... .......... ..........  2% 6.19M 19m50s
#17 41.66 196800K .......... .......... .......... .......... ..........  2% 7.03M 19m50s
#17 41.67 196850K .......... .......... .......... .......... ..........  2% 11.2M 19m50s
#17 41.68 196900K .......... .......... .......... .......... ..........  2% 4.56M 19m50s
#17 41.68 196950K .......... .......... .......... .......... ..........  2% 11.8M 19m49s
#17 41.69 197000K .......... .......... .......... .......... ..........  2% 8.40M 19m49s
#17 41.69 197050K .......... .......... .......... .......... ..........  2% 1.38M 19m50s
#17 41.73 197100K .......... .......... .......... .......... ..........  2% 3.70M 19m50s
#17 41.74 197150K .......... .......... .......... .......... ..........  2% 6.43M 19m50s
#17 41.75 197200K .......... .......... .......... .......... ..........  2% 4.83M 19m50s
#17 41.76 197250K .......... .......... .......... .......... ..........  2% 6.46M 19m50s
#17 41.77 197300K .......... .......... .......... .......... ..........  2% 7.36M 19m50s
#17 41.77 197350K .......... .......... .......... .......... ..........  2% 7.04M 19m50s
#17 41.78 197400K .......... .......... .......... .......... ..........  2% 11.6M 19m50s
#17 41.78 197450K .......... .......... .......... .......... ..........  2% 2.86M 19m50s
#17 41.80 197500K .......... .......... .......... .......... ..........  2% 9.28M 19m50s
#17 41.81 197550K .......... .......... .......... .......... ..........  2% 8.74M 19m50s
#17 41.81 197600K .......... .......... .......... .......... ..........  2% 3.90M 19m50s
#17 41.82 197650K .......... .......... .......... .......... ..........  2% 5.18M 19m50s
#17 41.84 197700K .......... .......... .......... .......... ..........  2% 5.97M 19m50s
#17 41.84 197750K .......... .......... .......... .......... ..........  2% 7.49M 19m50s
#17 41.85 197800K .......... .......... .......... .......... ..........  2% 8.65M 19m50s
#17 41.85 197850K .......... .......... .......... .......... ..........  2% 4.85M 19m50s
#17 41.86 197900K .......... .......... .......... .......... ..........  2% 5.14M 19m50s
#17 41.88 197950K .......... .......... .......... .......... ..........  2% 7.32M 19m50s
#17 41.88 198000K .......... .......... .......... .......... ..........  2% 6.43M 19m50s
#17 41.89 198050K .......... .......... .......... .......... ..........  2% 6.43M 19m50s
#17 41.90 198100K .......... .......... .......... .......... ..........  2% 6.10M 19m50s
#17 41.90 198150K .......... .......... .......... .......... ..........  2% 6.08M 19m50s
#17 41.91 198200K .......... .......... .......... .......... ..........  2% 4.76M 19m50s
#17 41.92 198250K .......... .......... .......... .......... ..........  2% 4.63M 19m50s
#17 41.94 198300K .......... .......... .......... .......... ..........  2% 6.33M 19m50s
#17 41.94 198350K .......... .......... .......... .......... ..........  2% 6.83M 19m49s
#17 41.96 198400K .......... .......... .......... .......... ..........  2% 5.04M 19m49s
#17 41.96 198450K .......... .......... .......... .......... ..........  2% 4.81M 19m50s
#17 41.97 198500K .......... .......... .......... .......... ..........  2% 2.59M 19m50s
#17 41.99 198550K .......... .......... .......... .......... ..........  2% 3.34M 19m50s
#17 42.00 198600K .......... .......... .......... .......... ..........  2% 2.32M 19m50s
#17 42.02 198650K .......... .......... .......... .......... ..........  2% 6.33M 19m50s
#17 42.03 198700K .......... .......... .......... .......... ..........  2% 51.5M 19m50s
#17 42.03 198750K .......... .......... .......... .......... ..........  2% 3.98M 19m50s
#17 42.04 198800K .......... .......... .......... .......... ..........  2% 7.78M 19m50s
#17 42.05 198850K .......... .......... .......... .......... ..........  2% 3.98M 19m50s
#17 42.06 198900K .......... .......... .......... .......... ..........  2% 5.03M 19m50s
#17 42.07 198950K .......... .......... .......... .......... ..........  2% 6.01M 19m50s
#17 42.08 199000K .......... .......... .......... .......... ..........  2% 9.81M 19m50s
#17 42.09 199050K .......... .......... .......... .......... ..........  2% 10.5M 19m50s
#17 42.09 199100K .......... .......... .......... .......... ..........  2% 16.7M 19m50s
#17 42.09 199150K .......... .......... .......... .......... ..........  2% 7.11M 19m50s
#17 42.10 199200K .......... .......... .......... .......... ..........  2% 5.61M 19m50s
#17 42.11 199250K .......... .......... .......... .......... ..........  2% 5.46M 19m49s
#17 42.12 199300K .......... .......... .......... .......... ..........  2% 12.4M 19m49s
#17 42.12 199350K .......... .......... .......... .......... ..........  2% 4.12M 19m49s
#17 42.14 199400K .......... .......... .......... .......... ..........  2% 8.79M 19m49s
#17 42.14 199450K .......... .......... .......... .......... ..........  2% 4.40M 19m49s
#17 42.15 199500K .......... .......... .......... .......... ..........  2% 8.98M 19m49s
#17 42.16 199550K .......... .......... .......... .......... ..........  2% 7.69M 19m49s
#17 42.16 199600K .......... .......... .......... .......... ..........  2% 3.18M 19m49s
#17 42.18 199650K .......... .......... .......... .......... ..........  2% 4.41M 19m49s
#17 42.19 199700K .......... .......... .......... .......... ..........  2% 7.52M 19m49s
#17 42.19 199750K .......... .......... .......... .......... ..........  2% 6.05M 19m49s
#17 42.20 199800K .......... .......... .......... .......... ..........  2% 3.98M 19m49s
#17 42.21 199850K .......... .......... .......... .......... ..........  2% 25.9M 19m49s
#17 42.22 199900K .......... .......... .......... .......... ..........  2% 4.89M 19m49s
#17 42.23 199950K .......... .......... .......... .......... ..........  2% 5.51M 19m49s
#17 42.23 200000K .......... .......... .......... .......... ..........  2% 4.64M 19m49s
#17 42.25 200050K .......... .......... .......... .......... ..........  2% 7.63M 19m49s
#17 42.25 200100K .......... .......... .......... .......... ..........  2% 3.76M 19m49s
#17 42.27 200150K .......... .......... .......... .......... ..........  2% 11.2M 19m49s
#17 42.27 200200K .......... .......... .......... .......... ..........  2% 3.79M 19m49s
#17 42.28 200250K .......... .......... .......... .......... ..........  2% 9.77M 19m49s
#17 42.29 200300K .......... .......... .......... .......... ..........  2% 16.3M 19m49s
#17 42.29 200350K .......... .......... .......... .......... ..........  2% 3.71M 19m49s
#17 42.30 200400K .......... .......... .......... .......... ..........  2% 12.7M 19m49s
#17 42.31 200450K .......... .......... .......... .......... ..........  2% 3.71M 19m49s
#17 42.32 200500K .......... .......... .......... .......... ..........  2% 4.47M 19m49s
#17 42.33 200550K .......... .......... .......... .......... ..........  2% 4.32M 19m49s
#17 42.35 200600K .......... .......... .......... .......... ..........  2% 5.73M 19m49s
#17 42.35 200650K .......... .......... .......... .......... ..........  2% 8.00M 19m49s
#17 42.36 200700K .......... .......... .......... .......... ..........  2% 6.47M 19m49s
#17 42.36 200750K .......... .......... .......... .......... ..........  2% 7.27M 19m49s
#17 42.37 200800K .......... .......... .......... .......... ..........  2% 7.82M 19m49s
#17 42.38 200850K .......... .......... .......... .......... ..........  2% 4.81M 19m49s
#17 42.39 200900K .......... .......... .......... .......... ..........  2% 4.45M 19m49s
#17 42.40 200950K .......... .......... .......... .......... ..........  2% 8.90M 19m49s
#17 42.40 201000K .......... .......... .......... .......... ..........  2% 7.52M 19m48s
#17 42.41 201050K .......... .......... .......... .......... ..........  2% 3.55M 19m49s
#17 42.42 201100K .......... .......... .......... .......... ..........  2% 3.50M 19m49s
#17 42.44 201150K .......... .......... .......... .......... ..........  2% 10.4M 19m49s
#17 42.44 201200K .......... .......... .......... .......... ..........  2% 5.26M 19m49s
#17 42.45 201250K .......... .......... .......... .......... ..........  2% 5.73M 19m49s
#17 42.46 201300K .......... .......... .......... .......... ..........  2% 4.41M 19m49s
#17 42.47 201350K .......... .......... .......... .......... ..........  2% 12.3M 19m48s
#17 42.48 201400K .......... .......... .......... .......... ..........  2% 7.44M 19m48s
#17 42.48 201450K .......... .......... .......... .......... ..........  2% 6.95M 19m48s
#17 42.49 201500K .......... .......... .......... .......... ..........  2% 4.25M 19m48s
#17 42.50 201550K .......... .......... .......... .......... ..........  2% 6.36M 19m48s
#17 42.51 201600K .......... .......... .......... .......... ..........  2% 4.60M 19m48s
#17 42.52 201650K .......... .......... .......... .......... ..........  2% 2.40M 19m49s
#17 42.54 201700K .......... .......... .......... .......... ..........  2% 5.31M 19m49s
#17 42.55 201750K .......... .......... .......... .......... ..........  2% 8.39M 19m49s
#17 42.55 201800K .......... .......... .......... .......... ..........  2% 4.76M 19m49s
#17 42.56 201850K .......... .......... .......... .......... ..........  2% 3.95M 19m49s
#17 42.58 201900K .......... .......... .......... .......... ..........  2% 49.1M 19m48s
#17 42.58 201950K .......... .......... .......... .......... ..........  2% 6.00M 19m48s
#17 42.59 202000K .......... .......... .......... .......... ..........  2% 5.02M 19m48s
#17 42.60 202050K .......... .......... .......... .......... ..........  2% 4.25M 19m48s
#17 42.61 202100K .......... .......... .......... .......... ..........  2% 4.09M 19m49s
#17 42.62 202150K .......... .......... .......... .......... ..........  2% 10.1M 19m48s
#17 42.62 202200K .......... .......... .......... .......... ..........  2% 4.16M 19m49s
#17 42.64 202250K .......... .......... .......... .......... ..........  2% 4.95M 19m49s
#17 42.65 202300K .......... .......... .......... .......... ..........  2% 5.17M 19m49s
#17 42.66 202350K .......... .......... .......... .......... ..........  2% 6.65M 19m48s
#17 42.66 202400K .......... .......... .......... .......... ..........  2% 11.0M 19m48s
#17 42.67 202450K .......... .......... .......... .......... ..........  2% 6.09M 19m48s
#17 42.68 202500K .......... .......... .......... .......... ..........  2% 5.49M 19m48s
#17 42.68 202550K .......... .......... .......... .......... ..........  2% 9.37M 19m48s
#17 42.69 202600K .......... .......... .......... .......... ..........  2% 5.10M 19m48s
#17 42.70 202650K .......... .......... .......... .......... ..........  2% 5.26M 19m48s
#17 42.71 202700K .......... .......... .......... .......... ..........  2% 5.84M 19m48s
#17 42.72 202750K .......... .......... .......... .......... ..........  2% 4.25M 19m48s
#17 42.73 202800K .......... .......... .......... .......... ..........  2% 3.91M 19m48s
#17 42.74 202850K .......... .......... .......... .......... ..........  2% 6.14M 19m48s
#17 42.75 202900K .......... .......... .......... .......... ..........  2% 5.79M 19m48s
#17 42.76 202950K .......... .......... .......... .......... ..........  2% 7.18M 19m48s
#17 42.76 203000K .......... .......... .......... .......... ..........  2% 10.3M 19m48s
#17 42.77 203050K .......... .......... .......... .......... ..........  2% 6.05M 19m48s
#17 42.78 203100K .......... .......... .......... .......... ..........  2% 4.72M 19m48s
#17 42.79 203150K .......... .......... .......... .......... ..........  2% 5.68M 19m48s
#17 42.80 203200K .......... .......... .......... .......... ..........  2% 7.58M 19m48s
#17 42.80 203250K .......... .......... .......... .......... ..........  3% 3.97M 19m48s
#17 42.81 203300K .......... .......... .......... .......... ..........  3% 3.89M 19m48s
#17 42.83 203350K .......... .......... .......... .......... ..........  3% 11.8M 19m48s
#17 42.83 203400K .......... .......... .......... .......... ..........  3% 3.16M 19m48s
#17 42.85 203450K .......... .......... .......... .......... ..........  3% 10.0M 19m48s
#17 42.85 203500K .......... .......... .......... .......... ..........  3% 9.15M 19m48s
#17 42.86 203550K .......... .......... .......... .......... ..........  3% 5.72M 19m48s
#17 42.87 203600K .......... .......... .......... .......... ..........  3% 6.96M 19m48s
#17 42.87 203650K .......... .......... .......... .......... ..........  3% 5.34M 19m48s
#17 42.88 203700K .......... .......... .......... .......... ..........  3% 4.77M 19m48s
#17 42.89 203750K .......... .......... .......... .......... ..........  3% 8.18M 19m48s
#17 42.90 203800K .......... .......... .......... .......... ..........  3% 8.09M 19m48s
#17 42.90 203850K .......... .......... .......... .......... ..........  3% 3.55M 19m48s
#17 42.92 203900K .......... .......... .......... .......... ..........  3% 13.4M 19m47s
#17 42.92 203950K .......... .......... .......... .......... ..........  3% 3.80M 19m48s
#17 42.94 204000K .......... .......... .......... .......... ..........  3% 4.64M 19m48s
#17 42.94 204050K .......... .......... .......... .......... ..........  3% 6.30M 19m48s
#17 42.95 204100K .......... .......... .......... .......... ..........  3% 5.28M 19m48s
#17 42.96 204150K .......... .......... .......... .......... ..........  3% 7.41M 19m47s
#17 42.97 204200K .......... .......... .......... .......... ..........  3% 5.31M 19m47s
#17 42.98 204250K .......... .......... .......... .......... ..........  3% 4.38M 19m48s
#17 42.99 204300K .......... .......... .......... .......... ..........  3% 9.94M 19m47s
#17 42.99 204350K .......... .......... .......... .......... ..........  3% 6.85M 19m47s
#17 43.00 204400K .......... .......... .......... .......... ..........  3% 3.42M 19m47s
#17 43.02 204450K .......... .......... .......... .......... ..........  3% 11.8M 19m47s
#17 43.02 204500K .......... .......... .......... .......... ..........  3% 4.88M 19m47s
#17 43.03 204550K .......... .......... .......... .......... ..........  3% 5.55M 19m47s
#17 43.04 204600K .......... .......... .......... .......... ..........  3% 4.81M 19m47s
#17 43.05 204650K .......... .......... .......... .......... ..........  3% 7.67M 19m47s
#17 43.05 204700K .......... .......... .......... .......... ..........  3% 4.68M 19m47s
#17 43.07 204750K .......... .......... .......... .......... ..........  3% 4.30M 19m47s
#17 43.09 204800K .......... .......... .......... .......... ..........  3% 3.10M 19m48s
#17 43.09 204850K .......... .......... .......... .......... ..........  3% 47.5M 19m47s
#17 43.09 204900K .......... .......... .......... .......... ..........  3% 14.0M 19m47s
#17 43.10 204950K .......... .......... .......... .......... ..........  3% 8.20M 19m47s
#17 43.10 205000K .......... .......... .......... .......... ..........  3% 9.90M 19m47s
#17 43.11 205050K .......... .......... .......... .......... ..........  3% 4.31M 19m47s
#17 43.12 205100K .......... .......... .......... .......... ..........  3% 7.67M 19m47s
#17 43.12 205150K .......... .......... .......... .......... ..........  3% 4.03M 19m47s
#17 43.14 205200K .......... .......... .......... .......... ..........  3% 2.78M 19m47s
#17 43.16 205250K .......... .......... .......... .......... ..........  3% 4.68M 19m47s
#17 43.16 205300K .......... .......... .......... .......... ..........  3% 34.6M 19m47s
#17 43.17 205350K .......... .......... .......... .......... ..........  3% 6.15M 19m47s
#17 43.18 205400K .......... .......... .......... .......... ..........  3% 9.31M 19m47s
#17 43.18 205450K .......... .......... .......... .......... ..........  3% 6.47M 19m47s
#17 43.19 205500K .......... .......... .......... .......... ..........  3% 7.11M 19m47s
#17 43.19 205550K .......... .......... .......... .......... ..........  3% 5.44M 19m47s
#17 43.21 205600K .......... .......... .......... .......... ..........  3% 6.71M 19m47s
#17 43.21 205650K .......... .......... .......... .......... ..........  3% 4.21M 19m47s
#17 43.22 205700K .......... .......... .......... .......... ..........  3% 4.31M 19m47s
#17 43.24 205750K .......... .......... .......... .......... ..........  3% 5.31M 19m47s
#17 43.24 205800K .......... .......... .......... .......... ..........  3% 5.96M 19m47s
#17 43.25 205850K .......... .......... .......... .......... ..........  3% 5.24M 19m47s
#17 43.26 205900K .......... .......... .......... .......... ..........  3% 9.15M 19m47s
#17 43.27 205950K .......... .......... .......... .......... ..........  3% 5.38M 19m47s
#17 43.27 206000K .......... .......... .......... .......... ..........  3% 5.53M 19m47s
#17 43.28 206050K .......... .......... .......... .......... ..........  3% 10.5M 19m46s
#17 43.29 206100K .......... .......... .......... .......... ..........  3% 6.05M 19m46s
#17 43.30 206150K .......... .......... .......... .......... ..........  3% 4.53M 19m46s
#17 43.31 206200K .......... .......... .......... .......... ..........  3% 12.9M 19m46s
#17 43.32 206250K .......... .......... .......... .......... ..........  3% 4.58M 19m46s
#17 43.32 206300K .......... .......... .......... .......... ..........  3% 3.90M 19m46s
#17 43.33 206350K .......... .......... .......... .......... ..........  3% 10.1M 19m46s
#17 43.34 206400K .......... .......... .......... .......... ..........  3% 2.92M 19m46s
#17 43.36 206450K .......... .......... .......... .......... ..........  3% 4.80M 19m46s
#17 43.37 206500K .......... .......... .......... .......... ..........  3% 18.7M 19m46s
#17 43.37 206550K .......... .......... .......... .......... ..........  3% 5.58M 19m46s
#17 43.38 206600K .......... .......... .......... .......... ..........  3% 4.70M 19m46s
#17 43.39 206650K .......... .......... .......... .......... ..........  3% 49.3M 19m46s
#17 43.39 206700K .......... .......... .......... .......... ..........  3% 2.83M 19m46s
#17 43.40 206750K .......... .......... .......... .......... ..........  3% 48.7M 19m46s
#17 43.41 206800K .......... .......... .......... .......... ..........  3% 5.64M 19m46s
#17 43.41 206850K .......... .......... .......... .......... ..........  3% 4.98M 19m46s
#17 43.43 206900K .......... .......... .......... .......... ..........  3% 2.69M 19m46s
#17 43.44 206950K .......... .......... .......... .......... ..........  3% 5.37M 19m46s
#17 43.45 207000K .......... .......... .......... .......... ..........  3% 6.67M 19m46s
#17 43.46 207050K .......... .......... .......... .......... ..........  3% 13.9M 19m46s
#17 43.46 207100K .......... .......... .......... .......... ..........  3% 4.97M 19m46s
#17 43.47 207150K .......... .......... .......... .......... ..........  3% 4.94M 19m46s
#17 43.49 207200K .......... .......... .......... .......... ..........  3% 4.93M 19m46s
#17 43.49 207250K .......... .......... .......... .......... ..........  3% 5.83M 19m46s
#17 43.50 207300K .......... .......... .......... .......... ..........  3% 8.39M 19m46s
#17 43.51 207350K .......... .......... .......... .......... ..........  3% 5.78M 19m46s
#17 43.52 207400K .......... .......... .......... .......... ..........  3% 14.3M 19m46s
#17 43.52 207450K .......... .......... .......... .......... ..........  3% 4.41M 19m46s
#17 43.53 207500K .......... .......... .......... .......... ..........  3% 6.55M 19m46s
#17 43.54 207550K .......... .......... .......... .......... ..........  3% 3.90M 19m46s
#17 43.55 207600K .......... .......... .......... .......... ..........  3% 1.56M 19m47s
#17 43.58 207650K .......... .......... .......... .......... ..........  3% 3.10M 19m47s
#17 43.60 207700K .......... .......... .......... .......... ..........  3% 5.62M 19m47s
#17 43.60 207750K .......... .......... .......... .......... ..........  3% 9.75M 19m47s
#17 43.61 207800K .......... .......... .......... .......... ..........  3% 4.54M 19m47s
#17 43.62 207850K .......... .......... .......... .......... ..........  3% 4.92M 19m47s
#17 43.63 207900K .......... .......... .......... .......... ..........  3% 5.67M 19m47s
#17 43.64 207950K .......... .......... .......... .......... ..........  3% 7.04M 19m47s
#17 43.65 208000K .......... .......... .......... .......... ..........  3% 3.74M 19m47s
#17 43.66 208050K .......... .......... .......... .......... ..........  3% 6.92M 19m47s
#17 43.67 208100K .......... .......... .......... .......... ..........  3% 6.52M 19m47s
#17 43.67 208150K .......... .......... .......... .......... ..........  3% 9.35M 19m46s
#17 43.68 208200K .......... .......... .......... .......... ..........  3% 6.56M 19m46s
#17 43.69 208250K .......... .......... .......... .......... ..........  3% 5.51M 19m46s
#17 43.69 208300K .......... .......... .......... .......... ..........  3% 6.74M 19m46s
#17 43.70 208350K .......... .......... .......... .......... ..........  3% 11.1M 19m46s
#17 43.71 208400K .......... .......... .......... .......... ..........  3% 3.74M 19m46s
#17 43.72 208450K .......... .......... .......... .......... ..........  3% 5.06M 19m46s
#17 43.73 208500K .......... .......... .......... .......... ..........  3% 5.99M 19m46s
#17 43.74 208550K .......... .......... .......... .......... ..........  3% 4.88M 19m46s
#17 43.75 208600K .......... .......... .......... .......... ..........  3% 8.05M 19m46s
#17 43.75 208650K .......... .......... .......... .......... ..........  3% 3.96M 19m46s
#17 43.77 208700K .......... .......... .......... .......... ..........  3% 4.62M 19m46s
#17 43.78 208750K .......... .......... .......... .......... ..........  3% 9.72M 19m46s
#17 43.78 208800K .......... .......... .......... .......... ..........  3% 6.20M 19m46s
#17 43.79 208850K .......... .......... .......... .......... ..........  3% 7.14M 19m46s
#17 43.80 208900K .......... .......... .......... .......... ..........  3% 6.00M 19m46s
#17 43.81 208950K .......... .......... .......... .......... ..........  3% 7.61M 19m46s
#17 43.81 209000K .......... .......... .......... .......... ..........  3% 5.67M 19m46s
#17 43.82 209050K .......... .......... .......... .......... ..........  3% 6.79M 19m46s
#17 43.83 209100K .......... .......... .......... .......... ..........  3% 3.53M 19m46s
#17 43.84 209150K .......... .......... .......... .......... ..........  3% 4.22M 19m46s
#17 43.85 209200K .......... .......... .......... .......... ..........  3% 4.48M 19m46s
#17 43.86 209250K .......... .......... .......... .......... ..........  3% 7.50M 19m46s
#17 43.87 209300K .......... .......... .......... .......... ..........  3% 5.34M 19m46s
#17 43.88 209350K .......... .......... .......... .......... ..........  3% 8.25M 19m46s
#17 43.88 209400K .......... .......... .......... .......... ..........  3% 5.65M 19m46s
#17 43.90 209450K .......... .......... .......... .......... ..........  3% 7.10M 19m46s
#17 43.90 209500K .......... .......... .......... .......... ..........  3% 6.28M 19m46s
#17 43.91 209550K .......... .......... .......... .......... ..........  3% 6.53M 19m46s
#17 43.92 209600K .......... .......... .......... .......... ..........  3% 5.84M 19m46s
#17 43.93 209650K .......... .......... .......... .......... ..........  3% 4.23M 19m46s
#17 43.94 209700K .......... .......... .......... .......... ..........  3% 6.58M 19m46s
#17 43.94 209750K .......... .......... .......... .......... ..........  3% 5.32M 19m46s
#17 43.95 209800K .......... .......... .......... .......... ..........  3% 5.64M 19m46s
#17 43.96 209850K .......... .......... .......... .......... ..........  3% 3.79M 19m46s
#17 43.97 209900K .......... .......... .......... .......... ..........  3% 17.0M 19m45s
#17 43.98 209950K .......... .......... .......... .......... ..........  3% 5.88M 19m45s
#17 43.99 210000K .......... .......... .......... .......... ..........  3% 5.62M 19m45s
#17 43.99 210050K .......... .......... .......... .......... ..........  3% 1.66M 19m46s
#17 44.02 210100K .......... .......... .......... .......... ..........  3%  834K 19m48s
#17 44.08 210150K .......... .......... .......... .......... ..........  3% 4.12M 19m48s
#17 44.10 210200K .......... .......... .......... .......... ..........  3% 11.6M 19m48s
#17 44.10 210250K .......... .......... .......... .......... ..........  3% 4.27M 19m48s
#17 44.11 210300K .......... .......... .......... .......... ..........  3% 4.54M 19m48s
#17 44.12 210350K .......... .......... .......... .......... ..........  3% 10.4M 19m48s
#17 44.13 210400K .......... .......... .......... .......... ..........  3% 6.36M 19m47s
#17 44.13 210450K .......... .......... .......... .......... ..........  3% 5.28M 19m47s
#17 44.14 210500K .......... .......... .......... .......... ..........  3% 10.5M 19m47s
#17 44.15 210550K .......... .......... .......... .......... ..........  3% 7.78M 19m47s
#17 44.15 210600K .......... .......... .......... .......... ..........  3% 1.25M 19m48s
#17 44.19 210650K .......... .......... .......... .......... ..........  3% 6.05M 19m48s
#17 44.20 210700K .......... .......... .......... .......... ..........  3% 5.04M 19m48s
#17 44.21 210750K .......... .......... .......... .......... ..........  3% 6.67M 19m48s
#17 44.22 210800K .......... .......... .......... .......... ..........  3% 4.73M 19m48s
#17 44.23 210850K .......... .......... .......... .......... ..........  3% 2.64M 19m48s
#17 44.25 210900K .......... .......... .......... .......... ..........  3% 9.46M 19m48s
#17 44.25 210950K .......... .......... .......... .......... ..........  3% 7.32M 19m48s
#17 44.26 211000K .......... .......... .......... .......... ..........  3% 17.2M 19m48s
#17 44.26 211050K .......... .......... .......... .......... ..........  3% 7.22M 19m48s
#17 44.27 211100K .......... .......... .......... .......... ..........  3% 7.03M 19m48s
#17 44.28 211150K .......... .......... .......... .......... ..........  3% 11.4M 19m48s
#17 44.28 211200K .......... .......... .......... .......... ..........  3% 6.67M 19m48s
#17 44.29 211250K .......... .......... .......... .......... ..........  3% 5.63M 19m48s
#17 44.30 211300K .......... .......... .......... .......... ..........  3% 4.66M 19m48s
#17 44.31 211350K .......... .......... .......... .......... ..........  3% 5.11M 19m48s
#17 44.32 211400K .......... .......... .......... .......... ..........  3% 13.7M 19m47s
#17 44.32 211450K .......... .......... .......... .......... ..........  3% 4.81M 19m47s
#17 44.33 211500K .......... .......... .......... .......... ..........  3% 9.26M 19m47s
#17 44.33 211550K .......... .......... .......... .......... ..........  3% 4.68M 19m47s
#17 44.35 211600K .......... .......... .......... .......... ..........  3% 4.47M 19m47s
#17 44.36 211650K .......... .......... .......... .......... ..........  3% 6.29M 19m47s
#17 44.36 211700K .......... .......... .......... .......... ..........  3% 6.19M 19m47s
#17 44.38 211750K .......... .......... .......... .......... ..........  3% 9.87M 19m47s
#17 44.38 211800K .......... .......... .......... .......... ..........  3% 7.58M 19m47s
#17 44.38 211850K .......... .......... .......... .......... ..........  3% 8.03M 19m47s
#17 44.39 211900K .......... .......... .......... .......... ..........  3% 5.96M 19m47s
#17 44.40 211950K .......... .......... .......... .......... ..........  3% 4.38M 19m47s
#17 44.41 212000K .......... .......... .......... .......... ..........  3% 4.22M 19m47s
#17 44.42 212050K .......... .......... .......... .......... ..........  3% 7.56M 19m47s
#17 44.43 212100K .......... .......... .......... .......... ..........  3% 6.02M 19m47s
#17 44.43 212150K .......... .......... .......... .......... ..........  3% 4.97M 19m47s
#17 44.44 212200K .......... .......... .......... .......... ..........  3% 8.59M 19m47s
#17 44.45 212250K .......... .......... .......... .......... ..........  3% 7.55M 19m47s
#17 44.46 212300K .......... .......... .......... .......... ..........  3% 6.56M 19m47s
#17 44.47 212350K .......... .......... .......... .......... ..........  3% 12.0M 19m47s
#17 44.47 212400K .......... .......... .......... .......... ..........  3% 5.30M 19m47s
#17 44.48 212450K .......... .......... .......... .......... ..........  3% 5.75M 19m47s
#17 44.49 212500K .......... .......... .......... .......... ..........  3% 8.30M 19m46s
#17 44.49 212550K .......... .......... .......... .......... ..........  3% 4.11M 19m47s
#17 44.50 212600K .......... .......... .......... .......... ..........  3% 9.74M 19m46s
#17 44.51 212650K .......... .......... .......... .......... ..........  3% 4.15M 19m46s
#17 44.52 212700K .......... .......... .......... .......... ..........  3% 7.72M 19m46s
#17 44.53 212750K .......... .......... .......... .......... ..........  3% 5.21M 19m46s
#17 44.54 212800K .......... .......... .......... .......... ..........  3% 3.85M 19m46s
#17 44.55 212850K .......... .......... .......... .......... ..........  3% 13.1M 19m46s
#17 44.55 212900K .......... .......... .......... .......... ..........  3% 5.40M 19m46s
#17 44.56 212950K .......... .......... .......... .......... ..........  3% 11.7M 19m46s
#17 44.57 213000K .......... .......... .......... .......... ..........  3% 11.2M 19m46s
#17 44.57 213050K .......... .......... .......... .......... ..........  3% 4.45M 19m46s
#17 44.58 213100K .......... .......... .......... .......... ..........  3% 9.58M 19m46s
#17 44.59 213150K .......... .......... .......... .......... ..........  3% 4.49M 19m46s
#17 44.60 213200K .......... .......... .......... .......... ..........  3% 6.01M 19m46s
#17 44.60 213250K .......... .......... .......... .......... ..........  3% 5.69M 19m46s
#17 44.61 213300K .......... .......... .......... .......... ..........  3% 5.64M 19m46s
#17 44.62 213350K .......... .......... .......... .......... ..........  3% 5.47M 19m46s
#17 44.63 213400K .......... .......... .......... .......... ..........  3% 5.79M 19m46s
#17 44.64 213450K .......... .......... .......... .......... ..........  3% 3.49M 19m46s
#17 44.65 213500K .......... .......... .......... .......... ..........  3% 22.3M 19m46s
#17 44.66 213550K .......... .......... .......... .......... ..........  3% 6.60M 19m46s
#17 44.66 213600K .......... .......... .......... .......... ..........  3% 8.54M 19m46s
#17 44.67 213650K .......... .......... .......... .......... ..........  3% 18.3M 19m45s
#17 44.67 213700K .......... .......... .......... .......... ..........  3% 9.98M 19m45s
#17 44.68 213750K .......... .......... .......... .......... ..........  3% 4.39M 19m45s
#17 44.69 213800K .......... .......... .......... .......... ..........  3% 5.04M 19m45s
#17 44.70 213850K .......... .......... .......... .......... ..........  3% 5.15M 19m45s
#17 44.71 213900K .......... .......... .......... .......... ..........  3% 5.78M 19m45s
#17 44.72 213950K .......... .......... .......... .......... ..........  3% 4.67M 19m45s
#17 44.73 214000K .......... .......... .......... .......... ..........  3% 5.15M 19m45s
#17 44.73 214050K .......... .......... .......... .......... ..........  3% 10.9M 19m45s
#17 44.74 214100K .......... .......... .......... .......... ..........  3% 24.0M 19m45s
#17 44.74 214150K .......... .......... .......... .......... ..........  3% 6.74M 19m45s
#17 44.75 214200K .......... .......... .......... .......... ..........  3% 5.03M 19m45s
#17 44.76 214250K .......... .......... .......... .......... ..........  3% 7.20M 19m45s
#17 44.77 214300K .......... .......... .......... .......... ..........  3% 4.94M 19m45s
#17 44.78 214350K .......... .......... .......... .......... ..........  3% 10.7M 19m45s
#17 44.78 214400K .......... .......... .......... .......... ..........  3% 4.62M 19m45s
#17 44.79 214450K .......... .......... .......... .......... ..........  3% 11.3M 19m45s
#17 44.80 214500K .......... .......... .......... .......... ..........  3% 4.42M 19m45s
#17 44.81 214550K .......... .......... .......... .......... ..........  3% 3.47M 19m45s
#17 44.82 214600K .......... .......... .......... .......... ..........  3% 5.66M 19m45s
#17 44.83 214650K .......... .......... .......... .......... ..........  3% 12.5M 19m45s
#17 44.83 214700K .......... .......... .......... .......... ..........  3% 3.37M 19m45s
#17 44.85 214750K .......... .......... .......... .......... ..........  3% 31.0M 19m44s
#17 44.85 214800K .......... .......... .......... .......... ..........  3% 5.54M 19m44s
#17 44.86 214850K .......... .......... .......... .......... ..........  3% 7.86M 19m44s
#17 44.86 214900K .......... .......... .......... .......... ..........  3% 47.7M 19m44s
#17 44.86 214950K .......... .......... .......... .......... ..........  3% 5.14M 19m44s
#17 44.88 215000K .......... .......... .......... .......... ..........  3% 3.93M 19m44s
#17 44.89 215050K .......... .......... .......... .......... ..........  3% 9.51M 19m44s
#17 44.89 215100K .......... .......... .......... .......... ..........  3% 8.00M 19m44s
#17 44.90 215150K .......... .......... .......... .......... ..........  3% 3.93M 19m44s
#17 44.91 215200K .......... .......... .......... .......... ..........  3%  818K 19m46s
#17 44.97 215250K .......... .......... .......... .......... ..........  3% 6.26M 19m46s
#17 44.98 215300K .......... .......... .......... .......... ..........  3% 7.12M 19m46s
#17 44.99 215350K .......... .......... .......... .......... ..........  3% 2.88M 19m46s
#17 45.01 215400K .......... .......... .......... .......... ..........  3% 6.18M 19m46s
#17 45.01 215450K .......... .......... .......... .......... ..........  3% 10.4M 19m46s
#17 45.02 215500K .......... .......... .......... .......... ..........  3% 10.6M 19m45s
#17 45.02 215550K .......... .......... .......... .......... ..........  3% 6.81M 19m45s
#17 45.03 215600K .......... .......... .......... .......... ..........  3% 10.8M 19m45s
#17 45.03 215650K .......... .......... .......... .......... ..........  3% 9.94M 19m45s
#17 45.04 215700K .......... .......... .......... .......... ..........  3% 53.7M 19m45s
#17 45.04 215750K .......... .......... .......... .......... ..........  3% 5.02M 19m45s
#17 45.05 215800K .......... .......... .......... .......... ..........  3% 27.0M 19m45s
#17 45.05 215850K .......... .......... .......... .......... ..........  3% 5.85M 19m45s
#17 45.06 215900K .......... .......... .......... .......... ..........  3% 15.0M 19m44s
#17 45.06 215950K .......... .......... .......... .......... ..........  3% 9.22M 19m44s
#17 45.07 216000K .......... .......... .......... .......... ..........  3% 17.6M 19m44s
#17 45.07 216050K .......... .......... .......... .......... ..........  3% 5.45M 19m44s
#17 45.08 216100K .......... .......... .......... .......... ..........  3% 7.35M 19m44s
#17 45.08 216150K .......... .......... .......... .......... ..........  3% 61.9M 19m44s
#17 45.09 216200K .......... .......... .......... .......... ..........  3% 11.5M 19m44s
#17 45.09 216250K .......... .......... .......... .......... ..........  3% 3.99M 19m44s
#17 45.10 216300K .......... .......... .......... .......... ..........  3% 60.9M 19m43s
#17 45.10 216350K .......... .......... .......... .......... ..........  3% 4.48M 19m43s
#17 45.11 216400K .......... .......... .......... .......... ..........  3% 7.29M 19m43s
#17 45.12 216450K .......... .......... .......... .......... ..........  3% 15.2M 19m43s
#17 45.12 216500K .......... .......... .......... .......... ..........  3%  129M 19m43s
#17 45.12 216550K .......... .......... .......... .......... ..........  3% 6.90M 19m43s
#17 45.13 216600K .......... .......... .......... .......... ..........  3% 16.2M 19m43s
#17 45.14 216650K .......... .......... .......... .......... ..........  3% 4.45M 19m43s
#17 45.15 216700K .......... .......... .......... .......... ..........  3% 4.68M 19m43s
#17 45.16 216750K .......... .......... .......... .......... ..........  3% 6.51M 19m43s
#17 45.16 216800K .......... .......... .......... .......... ..........  3% 4.92M 19m43s
#17 45.17 216850K .......... .......... .......... .......... ..........  3% 6.80M 19m43s
#17 45.18 216900K .......... .......... .......... .......... ..........  3% 8.10M 19m43s
#17 45.19 216950K .......... .......... .......... .......... ..........  3% 4.10M 19m43s
#17 45.20 217000K .......... .......... .......... .......... ..........  3% 2.90M 19m43s
#17 45.22 217050K .......... .......... .......... .......... ..........  3% 7.47M 19m43s
#17 45.23 217100K .......... .......... .......... .......... ..........  3% 22.8M 19m43s
#17 45.23 217150K .......... .......... .......... .......... ..........  3% 3.16M 19m43s
#17 45.25 217200K .......... .......... .......... .......... ..........  3% 4.01M 19m43s
#17 45.25 217250K .......... .......... .......... .......... ..........  3%  113M 19m43s
#17 45.25 217300K .......... .......... .......... .......... ..........  3% 51.5M 19m42s
#17 45.25 217350K .......... .......... .......... .......... ..........  3% 18.2M 19m42s
#17 45.25 217400K .......... .......... .......... .......... ..........  3% 5.22M 19m42s
#17 45.26 217450K .......... .......... .......... .......... ..........  3% 5.36M 19m42s
#17 45.27 217500K .......... .......... .......... .......... ..........  3% 5.27M 19m42s
#17 45.28 217550K .......... .......... .......... .......... ..........  3% 5.91M 19m42s
#17 45.29 217600K .......... .......... .......... .......... ..........  3% 8.76M 19m42s
#17 45.30 217650K .......... .......... .......... .......... ..........  3% 7.67M 19m42s
#17 45.30 217700K .......... .......... .......... .......... ..........  3% 6.88M 19m42s
#17 45.31 217750K .......... .......... .......... .......... ..........  3% 4.77M 19m42s
#17 45.32 217800K .......... .......... .......... .......... ..........  3% 10.5M 19m42s
#17 45.33 217850K .......... .......... .......... .......... ..........  3% 3.90M 19m42s
#17 45.34 217900K .......... .......... .......... .......... ..........  3% 6.97M 19m42s
#17 45.35 217950K .......... .......... .......... .......... ..........  3% 12.4M 19m42s
#17 45.35 218000K .......... .......... .......... .......... ..........  3% 8.28M 19m41s
#17 45.35 218050K .......... .......... .......... .......... ..........  3% 5.39M 19m41s
#17 45.36 218100K .......... .......... .......... .......... ..........  3% 5.36M 19m41s
#17 45.37 218150K .......... .......... .......... .......... ..........  3% 6.31M 19m41s
#17 45.38 218200K .......... .......... .......... .......... ..........  3% 5.77M 19m41s
#17 45.39 218250K .......... .......... .......... .......... ..........  3% 3.65M 19m42s
#17 45.40 218300K .......... .......... .......... .......... ..........  3% 9.24M 19m41s
#17 45.41 218350K .......... .......... .......... .......... ..........  3% 4.53M 19m41s
#17 45.42 218400K .......... .......... .......... .......... ..........  3% 23.9M 19m41s
#17 45.42 218450K .......... .......... .......... .......... ..........  3% 7.93M 19m41s
#17 45.43 218500K .......... .......... .......... .......... ..........  3% 5.94M 19m41s
#17 45.43 218550K .......... .......... .......... .......... ..........  3% 5.47M 19m41s
#17 45.44 218600K .......... .......... .......... .......... ..........  3% 3.92M 19m41s
#17 45.46 218650K .......... .......... .......... .......... ..........  3% 4.27M 19m41s
#17 45.47 218700K .......... .......... .......... .......... ..........  3% 5.38M 19m41s
#17 45.48 218750K .......... .......... .......... .......... ..........  3% 21.6M 19m41s
#17 45.48 218800K .......... .......... .......... .......... ..........  3% 5.33M 19m41s
#17 45.49 218850K .......... .......... .......... .......... ..........  3% 3.98M 19m41s
#17 45.50 218900K .......... .......... .......... .......... ..........  3% 3.10M 19m41s
#17 45.52 218950K .......... .......... .......... .......... ..........  3% 7.36M 19m41s
#17 45.52 219000K .......... .......... .......... .......... ..........  3% 2.03M 19m42s
#17 45.55 219050K .......... .......... .......... .......... ..........  3% 14.2M 19m41s
#17 45.55 219100K .......... .......... .......... .......... ..........  3% 85.2M 19m41s
#17 45.55 219150K .......... .......... .......... .......... ..........  3% 98.8M 19m41s
#17 45.55 219200K .......... .......... .......... .......... ..........  3% 6.98M 19m41s
#17 45.56 219250K .......... .......... .......... .......... ..........  3% 32.2M 19m41s
#17 45.56 219300K .......... .......... .......... .......... ..........  3% 4.47M 19m41s
#17 45.57 219350K .......... .......... .......... .......... ..........  3% 8.63M 19m41s
#17 45.58 219400K .......... .......... .......... .......... ..........  3% 5.28M 19m41s
#17 45.59 219450K .......... .......... .......... .......... ..........  3% 9.51M 19m40s
#17 45.59 219500K .......... .......... .......... .......... ..........  3% 11.2M 19m40s
#17 45.59 219550K .......... .......... .......... .......... ..........  3% 4.19M 19m40s
#17 45.61 219600K .......... .......... .......... .......... ..........  3% 4.37M 19m40s
#17 45.62 219650K .......... .......... .......... .......... ..........  3% 4.89M 19m40s
#17 45.63 219700K .......... .......... .......... .......... ..........  3% 11.5M 19m40s
#17 45.63 219750K .......... .......... .......... .......... ..........  3% 7.12M 19m40s
#17 45.64 219800K .......... .......... .......... .......... ..........  3% 4.46M 19m40s
#17 45.65 219850K .......... .......... .......... .......... ..........  3% 4.11M 19m40s
#17 45.66 219900K .......... .......... .......... .......... ..........  3% 10.9M 19m40s
#17 45.67 219950K .......... .......... .......... .......... ..........  3% 3.72M 19m40s
#17 45.68 220000K .......... .......... .......... .......... ..........  3% 2.70M 19m41s
#17 45.70 220050K .......... .......... .......... .......... ..........  3% 3.98M 19m41s
#17 45.71 220100K .......... .......... .......... .......... ..........  3% 5.41M 19m41s
#17 45.72 220150K .......... .......... .......... .......... ..........  3% 3.69M 19m41s
#17 45.73 220200K .......... .......... .......... .......... ..........  3% 6.38M 19m41s
#17 45.74 220250K .......... .......... .......... .......... ..........  3% 6.86M 19m41s
#17 45.75 220300K .......... .......... .......... .......... ..........  3% 6.20M 19m41s
#17 45.76 220350K .......... .......... .......... .......... ..........  3% 5.54M 19m41s
#17 45.76 220400K .......... .......... .......... .......... ..........  3% 6.22M 19m41s
#17 45.77 220450K .......... .......... .......... .......... ..........  3% 4.29M 19m41s
#17 45.78 220500K .......... .......... .......... .......... ..........  3% 55.6M 19m40s
#17 45.78 220550K .......... .......... .......... .......... ..........  3% 7.95M 19m40s
#17 45.79 220600K .......... .......... .......... .......... ..........  3% 9.21M 19m40s
#17 45.80 220650K .......... .......... .......... .......... ..........  3% 9.56M 19m40s
#17 45.80 220700K .......... .......... .......... .......... ..........  3% 32.7M 19m40s
#17 45.80 220750K .......... .......... .......... .......... ..........  3% 2.07M 19m40s
#17 45.83 220800K .......... .......... .......... .......... ..........  3% 12.9M 19m40s
#17 45.83 220850K .......... .......... .......... .......... ..........  3% 71.2M 19m40s
#17 45.83 220900K .......... .......... .......... .......... ..........  3% 96.2M 19m40s
#17 45.83 220950K .......... .......... .......... .......... ..........  3% 11.8M 19m39s
#17 45.83 221000K .......... .......... .......... .......... ..........  3% 3.50M 19m40s
#17 45.85 221050K .......... .......... .......... .......... ..........  3% 2.89M 19m40s
#17 45.86 221100K .......... .......... .......... .......... ..........  3% 7.21M 19m40s
#17 45.87 221150K .......... .......... .......... .......... ..........  3% 5.85M 19m40s
#17 45.89 221200K .......... .......... .......... .......... ..........  3% 4.52M 19m40s
#17 45.89 221250K .......... .......... .......... .......... ..........  3% 9.16M 19m40s
#17 45.90 221300K .......... .......... .......... .......... ..........  3% 7.18M 19m40s
#17 45.90 221350K .......... .......... .......... .......... ..........  3% 7.60M 19m39s
#17 45.91 221400K .......... .......... .......... .......... ..........  3% 30.6M 19m39s
#17 45.91 221450K .......... .......... .......... .......... ..........  3% 7.68M 19m39s
#17 45.92 221500K .......... .......... .......... .......... ..........  3% 9.03M 19m39s
#17 45.92 221550K .......... .......... .......... .......... ..........  3% 3.69M 19m39s
#17 45.94 221600K .......... .......... .......... .......... ..........  3% 9.00M 19m39s
#17 45.94 221650K .......... .......... .......... .......... ..........  3% 6.34M 19m39s
#17 45.95 221700K .......... .......... .......... .......... ..........  3% 13.2M 19m39s
#17 45.95 221750K .......... .......... .......... .......... ..........  3% 6.30M 19m39s
#17 45.96 221800K .......... .......... .......... .......... ..........  3% 5.28M 19m39s
#17 45.97 221850K .......... .......... .......... .......... ..........  3% 11.7M 19m39s
#17 45.97 221900K .......... .......... .......... .......... ..........  3% 7.18M 19m39s
#17 45.98 221950K .......... .......... .......... .......... ..........  3% 6.77M 19m38s
#17 45.99 222000K .......... .......... .......... .......... ..........  3% 7.28M 19m38s
#17 45.99 222050K .......... .......... .......... .......... ..........  3% 5.41M 19m38s
#17 46.00 222100K .......... .......... .......... .......... ..........  3% 4.78M 19m38s
#17 46.01 222150K .......... .......... .......... .......... ..........  3% 5.87M 19m38s
#17 46.02 222200K .......... .......... .......... .......... ..........  3% 3.69M 19m38s
#17 46.04 222250K .......... .......... .......... .......... ..........  3% 7.64M 19m38s
#17 46.04 222300K .......... .......... .......... .......... ..........  3% 9.02M 19m38s
#17 46.05 222350K .......... .......... .......... .......... ..........  3% 4.51M 19m38s
#17 46.06 222400K .......... .......... .......... .......... ..........  3% 5.59M 19m38s
#17 46.07 222450K .......... .......... .......... .......... ..........  3% 8.14M 19m38s
#17 46.07 222500K .......... .......... .......... .......... ..........  3% 5.82M 19m38s
#17 46.08 222550K .......... .......... .......... .......... ..........  3% 10.8M 19m38s
#17 46.09 222600K .......... .......... .......... .......... ..........  3% 5.65M 19m38s
#17 46.09 222650K .......... .......... .......... .......... ..........  3% 8.48M 19m38s
#17 46.10 222700K .......... .......... .......... .......... ..........  3% 4.37M 19m38s
#17 46.11 222750K .......... .......... .......... .......... ..........  3% 6.52M 19m38s
#17 46.12 222800K .......... .......... .......... .......... ..........  3% 5.45M 19m38s
#17 46.13 222850K .......... .......... .......... .......... ..........  3% 6.58M 19m38s
#17 46.13 222900K .......... .......... .......... .......... ..........  3% 6.72M 19m38s
#17 46.14 222950K .......... .......... .......... .......... ..........  3% 7.20M 19m38s
#17 46.15 223000K .......... .......... .......... .......... ..........  3% 5.61M 19m38s
#17 46.16 223050K .......... .......... .......... .......... ..........  3% 8.26M 19m38s
#17 46.16 223100K .......... .......... .......... .......... ..........  3% 8.88M 19m38s
#17 46.17 223150K .......... .......... .......... .......... ..........  3% 3.76M 19m38s
#17 46.18 223200K .......... .......... .......... .......... ..........  3% 4.93M 19m38s
#17 46.19 223250K .......... .......... .......... .......... ..........  3% 7.89M 19m38s
#17 46.20 223300K .......... .......... .......... .......... ..........  3% 3.92M 19m38s
#17 46.21 223350K .......... .......... .......... .......... ..........  3% 8.39M 19m38s
#17 46.22 223400K .......... .......... .......... .......... ..........  3% 3.02M 19m38s
#17 46.24 223450K .......... .......... .......... .......... ..........  3% 10.2M 19m38s
#17 46.24 223500K .......... .......... .......... .......... ..........  3% 3.66M 19m38s
#17 46.25 223550K .......... .......... .......... .......... ..........  3% 5.24M 19m38s
#17 46.26 223600K .......... .......... .......... .......... ..........  3% 12.2M 19m38s
#17 46.26 223650K .......... .......... .......... .......... ..........  3% 17.3M 19m37s
#17 46.27 223700K .......... .......... .......... .......... ..........  3% 7.23M 19m37s
#17 46.27 223750K .......... .......... .......... .......... ..........  3% 4.74M 19m37s
#17 46.28 223800K .......... .......... .......... .......... ..........  3% 6.49M 19m37s
#17 46.29 223850K .......... .......... .......... .......... ..........  3% 7.71M 19m37s
#17 46.30 223900K .......... .......... .......... .......... ..........  3% 5.26M 19m37s
#17 46.31 223950K .......... .......... .......... .......... ..........  3% 3.23M 19m37s
#17 46.32 224000K .......... .......... .......... .......... ..........  3% 6.19M 19m37s
#17 46.33 224050K .......... .......... .......... .......... ..........  3% 14.8M 19m37s
#17 46.33 224100K .......... .......... .......... .......... ..........  3% 7.16M 19m37s
#17 46.34 224150K .......... .......... .......... .......... ..........  3% 8.86M 19m37s
#17 46.35 224200K .......... .......... .......... .......... ..........  3% 4.93M 19m37s
#17 46.36 224250K .......... .......... .......... .......... ..........  3% 4.51M 19m37s
#17 46.37 224300K .......... .......... .......... .......... ..........  3% 49.1M 19m37s
#17 46.37 224350K .......... .......... .......... .......... ..........  3% 2.74M 19m37s
#17 46.39 224400K .......... .......... .......... .......... ..........  3% 8.00M 19m37s
#17 46.39 224450K .......... .......... .......... .......... ..........  3% 7.72M 19m37s
#17 46.40 224500K .......... .......... .......... .......... ..........  3% 6.22M 19m37s
#17 46.41 224550K .......... .......... .......... .......... ..........  3% 5.57M 19m37s
#17 46.41 224600K .......... .......... .......... .......... ..........  3% 7.39M 19m37s
#17 46.42 224650K .......... .......... .......... .......... ..........  3% 5.44M 19m37s
#17 46.43 224700K .......... .......... .......... .......... ..........  3% 5.23M 19m37s
#17 46.44 224750K .......... .......... .......... .......... ..........  3% 22.6M 19m37s
#17 46.44 224800K .......... .......... .......... .......... ..........  3% 5.05M 19m37s
#17 46.45 224850K .......... .......... .......... .......... ..........  3% 6.05M 19m36s
#17 46.46 224900K .......... .......... .......... .......... ..........  3% 5.74M 19m36s
#17 46.47 224950K .......... .......... .......... .......... ..........  3% 8.19M 19m36s
#17 46.47 225000K .......... .......... .......... .......... ..........  3% 5.29M 19m36s
#17 46.48 225050K .......... .......... .......... .......... ..........  3% 6.56M 19m36s
#17 46.49 225100K .......... .......... .......... .......... ..........  3% 5.07M 19m36s
#17 46.50 225150K .......... .......... .......... .......... ..........  3% 5.58M 19m36s
#17 46.51 225200K .......... .......... .......... .......... ..........  3% 5.30M 19m36s
#17 46.52 225250K .......... .......... .......... .......... ..........  3% 6.19M 19m36s
#17 46.53 225300K .......... .......... .......... .......... ..........  3% 5.74M 19m36s
#17 46.54 225350K .......... .......... .......... .......... ..........  3% 9.47M 19m36s
#17 46.54 225400K .......... .......... .......... .......... ..........  3% 6.93M 19m36s
#17 46.55 225450K .......... .......... .......... .......... ..........  3% 19.5M 19m36s
#17 46.55 225500K .......... .......... .......... .......... ..........  3% 4.47M 19m36s
#17 46.56 225550K .......... .......... .......... .......... ..........  3% 3.75M 19m36s
#17 46.57 225600K .......... .......... .......... .......... ..........  3% 6.74M 19m36s
#17 46.58 225650K .......... .......... .......... .......... ..........  3% 4.25M 19m36s
#17 46.59 225700K .......... .......... .......... .......... ..........  3% 5.68M 19m36s
#17 46.60 225750K .......... .......... .......... .......... ..........  3% 5.93M 19m36s
#17 46.61 225800K .......... .......... .......... .......... ..........  3% 13.3M 19m36s
#17 46.61 225850K .......... .......... .......... .......... ..........  3% 8.34M 19m36s
#17 46.62 225900K .......... .......... .......... .......... ..........  3% 7.01M 19m36s
#17 46.63 225950K .......... .......... .......... .......... ..........  3% 4.18M 19m36s
#17 46.64 226000K .......... .......... .......... .......... ..........  3% 13.1M 19m36s
#17 46.64 226050K .......... .......... .......... .......... ..........  3% 6.23M 19m35s
#17 46.65 226100K .......... .......... .......... .......... ..........  3% 4.44M 19m36s
#17 46.66 226150K .......... .......... .......... .......... ..........  3% 11.9M 19m35s
#17 46.66 226200K .......... .......... .......... .......... ..........  3% 5.19M 19m35s
#17 46.67 226250K .......... .......... .......... .......... ..........  3% 5.29M 19m35s
#17 46.68 226300K .......... .......... .......... .......... ..........  3% 6.57M 19m35s
#17 46.69 226350K .......... .......... .......... .......... ..........  3% 4.18M 19m35s
#17 46.70 226400K .......... .......... .......... .......... ..........  3% 14.8M 19m35s
#17 46.70 226450K .......... .......... .......... .......... ..........  3% 7.23M 19m35s
#17 46.71 226500K .......... .......... .......... .......... ..........  3% 3.46M 19m35s
#17 46.73 226550K .......... .......... .......... .......... ..........  3% 8.41M 19m35s
#17 46.73 226600K .......... .......... .......... .......... ..........  3% 4.28M 19m35s
#17 46.74 226650K .......... .......... .......... .......... ..........  3% 9.92M 19m35s
#17 46.75 226700K .......... .......... .......... .......... ..........  3% 4.35M 19m35s
#17 46.76 226750K .......... .......... .......... .......... ..........  3% 4.69M 19m35s
#17 46.77 226800K .......... .......... .......... .......... ..........  3% 13.2M 19m35s
#17 46.77 226850K .......... .......... .......... .......... ..........  3% 7.82M 19m35s
#17 46.78 226900K .......... .......... .......... .......... ..........  3% 4.40M 19m35s
#17 46.79 226950K .......... .......... .......... .......... ..........  3% 8.63M 19m35s
#17 46.80 227000K .......... .......... .......... .......... ..........  3% 12.0M 19m35s
#17 46.80 227050K .......... .......... .......... .......... ..........  3% 7.85M 19m35s
#17 46.81 227100K .......... .......... .......... .......... ..........  3% 5.75M 19m35s
#17 46.82 227150K .......... .......... .......... .......... ..........  3% 7.22M 19m35s
#17 46.82 227200K .......... .......... .......... .......... ..........  3% 6.62M 19m35s
#17 46.83 227250K .......... .......... .......... .......... ..........  3% 1.10M 19m36s
#17 46.87 227300K .......... .......... .......... .......... ..........  3% 4.97M 19m36s
#17 46.88 227350K .......... .......... .......... .......... ..........  3% 10.3M 19m35s
#17 46.89 227400K .......... .......... .......... .......... ..........  3% 4.90M 19m35s
#17 46.90 227450K .......... .......... .......... .......... ..........  3% 10.3M 19m35s
#17 46.90 227500K .......... .......... .......... .......... ..........  3% 5.80M 19m35s
#17 46.91 227550K .......... .......... .......... .......... ..........  3% 3.98M 19m35s
#17 46.92 227600K .......... .......... .......... .......... ..........  3% 10.0M 19m35s
#17 46.93 227650K .......... .......... .......... .......... ..........  3% 11.1M 19m35s
#17 46.93 227700K .......... .......... .......... .......... ..........  3% 3.18M 19m35s
#17 46.95 227750K .......... .......... .......... .......... ..........  3% 4.23M 19m35s
#17 46.96 227800K .......... .......... .......... .......... ..........  3% 54.3M 19m35s
#17 46.96 227850K .......... .......... .......... .......... ..........  3% 5.61M 19m35s
#17 46.97 227900K .......... .......... .......... .......... ..........  3% 3.89M 19m35s
#17 46.98 227950K .......... .......... .......... .......... ..........  3% 9.05M 19m35s
#17 46.99 228000K .......... .......... .......... .......... ..........  3% 6.88M 19m35s
#17 47.00 228050K .......... .......... .......... .......... ..........  3% 8.19M 19m35s
#17 47.00 228100K .......... .......... .......... .......... ..........  3% 5.93M 19m35s
#17 47.01 228150K .......... .......... .......... .......... ..........  3% 10.0M 19m35s
#17 47.01 228200K .......... .......... .......... .......... ..........  3% 8.51M 19m35s
#17 47.02 228250K .......... .......... .......... .......... ..........  3% 7.87M 19m35s
#17 47.02 228300K .......... .......... .......... .......... ..........  3% 4.15M 19m35s
#17 47.04 228350K .......... .......... .......... .......... ..........  3% 3.26M 19m35s
#17 47.05 228400K .......... .......... .......... .......... ..........  3% 11.6M 19m35s
#17 47.06 228450K .......... .......... .......... .......... ..........  3% 4.35M 19m35s
#17 47.07 228500K .......... .......... .......... .......... ..........  3% 4.99M 19m35s
#17 47.08 228550K .......... .......... .......... .......... ..........  3% 8.28M 19m35s
#17 47.08 228600K .......... .......... .......... .......... ..........  3% 11.7M 19m34s
#17 47.09 228650K .......... .......... .......... .......... ..........  3% 5.62M 19m34s
#17 47.10 228700K .......... .......... .......... .......... ..........  3% 6.52M 19m34s
#17 47.11 228750K .......... .......... .......... .......... ..........  3% 5.20M 19m34s
#17 47.11 228800K .......... .......... .......... .......... ..........  3% 9.47M 19m34s
#17 47.12 228850K .......... .......... .......... .......... ..........  3% 6.16M 19m34s
#17 47.13 228900K .......... .......... .......... .......... ..........  3% 5.78M 19m34s
#17 47.13 228950K .......... .......... .......... .......... ..........  3% 8.00M 19m34s
#17 47.14 229000K .......... .......... .......... .......... ..........  3% 6.52M 19m34s
#17 47.15 229050K .......... .......... .......... .......... ..........  3% 4.41M 19m34s
#17 47.16 229100K .......... .......... .......... .......... ..........  3% 6.94M 19m34s
#17 47.17 229150K .......... .......... .......... .......... ..........  3% 6.91M 19m34s
#17 47.17 229200K .......... .......... .......... .......... ..........  3% 4.30M 19m34s
#17 47.18 229250K .......... .......... .......... .......... ..........  3% 4.58M 19m34s
#17 47.20 229300K .......... .......... .......... .......... ..........  3% 13.4M 19m34s
#17 47.20 229350K .......... .......... .......... .......... ..........  3% 5.37M 19m34s
#17 47.21 229400K .......... .......... .......... .......... ..........  3% 8.67M 19m34s
#17 47.22 229450K .......... .......... .......... .......... ..........  3% 12.4M 19m34s
#17 47.22 229500K .......... .......... .......... .......... ..........  3% 5.28M 19m34s
#17 47.23 229550K .......... .......... .......... .......... ..........  3% 3.54M 19m34s
#17 47.24 229600K .......... .......... .......... .......... ..........  3% 3.15M 19m34s
#17 47.26 229650K .......... .......... .......... .......... ..........  3% 12.5M 19m34s
#17 47.26 229700K .......... .......... .......... .......... ..........  3% 10.4M 19m34s
#17 47.27 229750K .......... .......... .......... .......... ..........  3% 10.5M 19m34s
#17 47.27 229800K .......... .......... .......... .......... ..........  3% 14.7M 19m33s
#17 47.27 229850K .......... .......... .......... .......... ..........  3% 2.99M 19m34s
#17 47.29 229900K .......... .......... .......... .......... ..........  3% 7.56M 19m34s
#17 47.30 229950K .......... .......... .......... .......... ..........  3% 5.83M 19m34s
#17 47.30 230000K .......... .......... .......... .......... ..........  3% 1.82M 19m34s
#17 47.33 230050K .......... .......... .......... .......... ..........  3% 3.38M 19m34s
#17 47.34 230100K .......... .......... .......... .......... ..........  3% 8.29M 19m34s
#17 47.35 230150K .......... .......... .......... .......... ..........  3% 5.61M 19m34s
#17 47.36 230200K .......... .......... .......... .......... ..........  3% 5.32M 19m34s
#17 47.37 230250K .......... .......... .......... .......... ..........  3% 8.10M 19m34s
#17 47.37 230300K .......... .......... .......... .......... ..........  3% 6.34M 19m34s
#17 47.38 230350K .......... .......... .......... .......... ..........  3% 5.59M 19m34s
#17 47.39 230400K .......... .......... .......... .......... ..........  3% 5.28M 19m34s
#17 47.40 230450K .......... .......... .......... .......... ..........  3% 27.9M 19m34s
#17 47.40 230500K .......... .......... .......... .......... ..........  3% 4.45M 19m34s
#17 47.41 230550K .......... .......... .......... .......... ..........  3% 6.82M 19m34s
#17 47.42 230600K .......... .......... .......... .......... ..........  3% 5.01M 19m34s
#17 47.43 230650K .......... .......... .......... .......... ..........  3% 6.53M 19m34s
#17 47.44 230700K .......... .......... .......... .......... ..........  3% 5.36M 19m34s
#17 47.45 230750K .......... .......... .......... .......... ..........  3% 5.14M 19m34s
#17 47.46 230800K .......... .......... .......... .......... ..........  3% 6.29M 19m34s
#17 47.46 230850K .......... .......... .......... .......... ..........  3% 5.31M 19m34s
#17 47.47 230900K .......... .......... .......... .......... ..........  3% 10.5M 19m33s
#17 47.49 230950K .......... .......... .......... .......... ..........  3% 3.05M 19m34s
#17 47.49 231000K .......... .......... .......... .......... ..........  3% 17.5M 19m33s
#17 47.50 231050K .......... .......... .......... .......... ..........  3% 8.62M 19m33s
#17 47.50 231100K .......... .......... .......... .......... ..........  3% 8.02M 19m33s
#17 47.51 231150K .......... .......... .......... .......... ..........  3% 6.36M 19m33s
#17 47.52 231200K .......... .......... .......... .......... ..........  3% 5.04M 19m33s
#17 47.53 231250K .......... .......... .......... .......... ..........  3% 4.82M 19m33s
#17 47.54 231300K .......... .......... .......... .......... ..........  3% 8.27M 19m33s
#17 47.54 231350K .......... .......... .......... .......... ..........  3% 7.41M 19m33s
#17 47.55 231400K .......... .......... .......... .......... ..........  3% 5.26M 19m33s
#17 47.56 231450K .......... .......... .......... .......... ..........  3% 6.37M 19m33s
#17 47.57 231500K .......... .......... .......... .......... ..........  3% 5.78M 19m33s
#17 47.57 231550K .......... .......... .......... .......... ..........  3% 8.73M 19m33s
#17 47.58 231600K .......... .......... .......... .......... ..........  3% 6.74M 19m33s
#17 47.59 231650K .......... .......... .......... .......... ..........  3% 6.90M 19m33s
#17 47.59 231700K .......... .......... .......... .......... ..........  3% 5.51M 19m33s
#17 47.60 231750K .......... .......... .......... .......... ..........  3% 6.03M 19m33s
#17 47.61 231800K .......... .......... .......... .......... ..........  3% 5.81M 19m33s
#17 47.62 231850K .......... .......... .......... .......... ..........  3% 3.87M 19m33s
#17 47.63 231900K .......... .......... .......... .......... ..........  3% 8.50M 19m33s
#17 47.64 231950K .......... .......... .......... .......... ..........  3% 4.56M 19m33s
#17 47.65 232000K .......... .......... .......... .......... ..........  3% 6.76M 19m33s
#17 47.66 232050K .......... .......... .......... .......... ..........  3% 6.12M 19m33s
#17 47.66 232100K .......... .......... .......... .......... ..........  3% 8.01M 19m33s
#17 47.67 232150K .......... .......... .......... .......... ..........  3% 6.86M 19m33s
#17 47.68 232200K .......... .......... .......... .......... ..........  3% 10.4M 19m32s
#17 47.68 232250K .......... .......... .......... .......... ..........  3% 4.64M 19m32s
#17 47.69 232300K .......... .......... .......... .......... ..........  3% 5.90M 19m32s
#17 47.70 232350K .......... .......... .......... .......... ..........  3% 4.13M 19m32s
#17 47.71 232400K .......... .......... .......... .......... ..........  3% 4.89M 19m32s
#17 47.72 232450K .......... .......... .......... .......... ..........  3% 6.18M 19m32s
#17 47.73 232500K .......... .......... .......... .......... ..........  3% 5.98M 19m32s
#17 47.74 232550K .......... .......... .......... .......... ..........  3% 9.05M 19m32s
#17 47.74 232600K .......... .......... .......... .......... ..........  3% 7.62M 19m32s
#17 47.75 232650K .......... .......... .......... .......... ..........  3% 5.72M 19m32s
#17 47.76 232700K .......... .......... .......... .......... ..........  3% 6.09M 19m32s
#17 47.77 232750K .......... .......... .......... .......... ..........  3% 6.49M 19m32s
#17 47.77 232800K .......... .......... .......... .......... ..........  3% 11.1M 19m32s
#17 47.78 232850K .......... .......... .......... .......... ..........  3% 3.21M 19m32s
#17 47.79 232900K .......... .......... .......... .......... ..........  3% 5.02M 19m32s
#17 47.81 232950K .......... .......... .......... .......... ..........  3% 4.16M 19m32s
#17 47.81 233000K .......... .......... .......... .......... ..........  3% 11.9M 19m32s
#17 47.82 233050K .......... .......... .......... .......... ..........  3% 5.82M 19m32s
#17 47.83 233100K .......... .......... .......... .......... ..........  3% 7.49M 19m32s
#17 47.84 233150K .......... .......... .......... .......... ..........  3% 5.90M 19m32s
#17 47.84 233200K .......... .......... .......... .......... ..........  3% 7.12M 19m32s
#17 47.85 233250K .......... .......... .......... .......... ..........  3% 5.91M 19m32s
#17 47.86 233300K .......... .......... .......... .......... ..........  3% 9.78M 19m32s
#17 47.86 233350K .......... .......... .......... .......... ..........  3% 5.65M 19m32s
#17 47.87 233400K .......... .......... .......... .......... ..........  3% 5.35M 19m32s
#17 47.88 233450K .......... .......... .......... .......... ..........  3% 5.37M 19m32s
#17 47.89 233500K .......... .......... .......... .......... ..........  3% 7.08M 19m32s
#17 47.90 233550K .......... .......... .......... .......... ..........  3% 4.59M 19m32s
#17 47.91 233600K .......... .......... .......... .......... ..........  3% 6.15M 19m32s
#17 47.91 233650K .......... .......... .......... .......... ..........  3% 4.82M 19m32s
#17 47.92 233700K .......... .......... .......... .......... ..........  3% 13.7M 19m32s
#17 47.93 233750K .......... .......... .......... .......... ..........  3% 3.88M 19m32s
#17 47.94 233800K .......... .......... .......... .......... ..........  3% 5.91M 19m32s
#17 47.95 233850K .......... .......... .......... .......... ..........  3% 4.19M 19m32s
#17 47.96 233900K .......... .......... .......... .......... ..........  3% 5.70M 19m32s
#17 47.97 233950K .......... .......... .......... .......... ..........  3% 5.94M 19m32s
#17 47.98 234000K .......... .......... .......... .......... ..........  3% 8.28M 19m31s
#17 47.98 234050K .......... .......... .......... .......... ..........  3% 3.50M 19m32s
#17 48.00 234100K .......... .......... .......... .......... ..........  3% 7.22M 19m32s
#17 48.00 234150K .......... .......... .......... .......... ..........  3% 6.15M 19m32s
#17 48.01 234200K .......... .......... .......... .......... ..........  3% 7.31M 19m31s
#17 48.02 234250K .......... .......... .......... .......... ..........  3% 5.54M 19m31s
#17 48.03 234300K .......... .......... .......... .......... ..........  3% 6.97M 19m31s
#17 48.03 234350K .......... .......... .......... .......... ..........  3% 9.63M 19m31s
#17 48.04 234400K .......... .......... .......... .......... ..........  3% 5.93M 19m31s
#17 48.05 234450K .......... .......... .......... .......... ..........  3% 9.00M 19m31s
#17 48.05 234500K .......... .......... .......... .......... ..........  3% 4.00M 19m31s
#17 48.06 234550K .......... .......... .......... .......... ..........  3% 6.29M 19m31s
#17 48.07 234600K .......... .......... .......... .......... ..........  3% 6.92M 19m31s
#17 48.08 234650K .......... .......... .......... .......... ..........  3% 6.53M 19m31s
#17 48.09 234700K .......... .......... .......... .......... ..........  3% 4.67M 19m31s
#17 48.10 234750K .......... .......... .......... .......... ..........  3% 5.47M 19m31s
#17 48.11 234800K .......... .......... .......... .......... ..........  3% 6.35M 19m31s
#17 48.11 234850K .......... .......... .......... .......... ..........  3% 8.84M 19m31s
#17 48.12 234900K .......... .......... .......... .......... ..........  3% 3.96M 19m31s
#17 48.13 234950K .......... .......... .......... .......... ..........  3% 8.76M 19m31s
#17 48.14 235000K .......... .......... .......... .......... ..........  3% 11.6M 19m31s
#17 48.14 235050K .......... .......... .......... .......... ..........  3% 6.04M 19m31s
#17 48.15 235100K .......... .......... .......... .......... ..........  3% 6.91M 19m31s
#17 48.16 235150K .......... .......... .......... .......... ..........  3% 7.43M 19m31s
#17 48.16 235200K .......... .......... .......... .......... ..........  3% 7.70M 19m31s
#17 48.17 235250K .......... .......... .......... .......... ..........  3% 5.26M 19m31s
#17 48.18 235300K .......... .......... .......... .......... ..........  3% 3.86M 19m31s
#17 48.19 235350K .......... .......... .......... .......... ..........  3% 4.81M 19m31s
#17 48.20 235400K .......... .......... .......... .......... ..........  3% 3.64M 19m31s
#17 48.22 235450K .......... .......... .......... .......... ..........  3% 8.40M 19m31s
#17 48.22 235500K .......... .......... .......... .......... ..........  3% 6.30M 19m31s
#17 48.23 235550K .......... .......... .......... .......... ..........  3% 9.01M 19m30s
#17 48.23 235600K .......... .......... .......... .......... ..........  3% 4.93M 19m31s
#17 48.25 235650K .......... .......... .......... .......... ..........  3% 2.37M 19m31s
#17 48.27 235700K .......... .......... .......... .......... ..........  3% 67.5M 19m31s
#17 48.27 235750K .......... .......... .......... .......... ..........  3% 5.17M 19m31s
#17 48.28 235800K .......... .......... .......... .......... ..........  3% 4.46M 19m31s
#17 48.29 235850K .......... .......... .......... .......... ..........  3% 5.27M 19m31s
#17 48.30 235900K .......... .......... .......... .......... ..........  3% 7.66M 19m31s
#17 48.30 235950K .......... .......... .......... .......... ..........  3% 6.18M 19m31s
#17 48.31 236000K .......... .......... .......... .......... ..........  3% 9.83M 19m30s
#17 48.32 236050K .......... .......... .......... .......... ..........  3% 5.72M 19m30s
#17 48.32 236100K .......... .......... .......... .......... ..........  3% 6.80M 19m30s
#17 48.33 236150K .......... .......... .......... .......... ..........  3% 7.64M 19m30s
#17 48.34 236200K .......... .......... .......... .......... ..........  3% 5.10M 19m30s
#17 48.35 236250K .......... .......... .......... .......... ..........  3% 5.34M 19m30s
#17 48.36 236300K .......... .......... .......... .......... ..........  3% 5.75M 19m30s
#17 48.37 236350K .......... .......... .......... .......... ..........  3% 8.45M 19m30s
#17 48.37 236400K .......... .......... .......... .......... ..........  3% 4.40M 19m30s
#17 48.38 236450K .......... .......... .......... .......... ..........  3% 7.07M 19m30s
#17 48.39 236500K .......... .......... .......... .......... ..........  3% 4.43M 19m30s
#17 48.40 236550K .......... .......... .......... .......... ..........  3% 6.74M 19m30s
#17 48.41 236600K .......... .......... .......... .......... ..........  3% 7.90M 19m30s
#17 48.41 236650K .......... .......... .......... .......... ..........  3% 5.45M 19m30s
#17 48.42 236700K .......... .......... .......... .......... ..........  3% 5.90M 19m30s
#17 48.43 236750K .......... .......... .......... .......... ..........  3% 10.6M 19m30s
#17 48.43 236800K .......... .......... .......... .......... ..........  3% 4.81M 19m30s
#17 48.44 236850K .......... .......... .......... .......... ..........  3% 8.27M 19m30s
#17 48.45 236900K .......... .......... .......... .......... ..........  3% 4.68M 19m30s
#17 48.46 236950K .......... .......... .......... .......... ..........  3% 5.78M 19m30s
#17 48.47 237000K .......... .......... .......... .......... ..........  3% 4.67M 19m30s
#17 48.48 237050K .......... .......... .......... .......... ..........  3% 15.5M 19m30s
#17 48.48 237100K .......... .......... .......... .......... ..........  3% 6.05M 19m30s
#17 48.49 237150K .......... .......... .......... .......... ..........  3% 6.36M 19m30s
#17 48.50 237200K .......... .......... .......... .......... ..........  3% 5.27M 19m30s
#17 48.51 237250K .......... .......... .......... .......... ..........  3% 5.30M 19m30s
#17 48.52 237300K .......... .......... .......... .......... ..........  3% 4.22M 19m30s
#17 48.53 237350K .......... .......... .......... .......... ..........  3% 7.53M 19m30s
#17 48.54 237400K .......... .......... .......... .......... ..........  3% 6.43M 19m30s
#17 48.54 237450K .......... .......... .......... .......... ..........  3% 8.19M 19m29s
#17 48.55 237500K .......... .......... .......... .......... ..........  3% 6.12M 19m29s
#17 48.56 237550K .......... .......... .......... .......... ..........  3% 4.07M 19m29s
#17 48.57 237600K .......... .......... .......... .......... ..........  3% 5.88M 19m29s
#17 48.58 237650K .......... .......... .......... .......... ..........  3% 6.17M 19m29s
#17 48.58 237700K .......... .......... .......... .......... ..........  3% 6.73M 19m29s
#17 48.59 237750K .......... .......... .......... .......... ..........  3% 5.01M 19m29s
#17 48.60 237800K .......... .......... .......... .......... ..........  3% 7.85M 19m29s
#17 48.61 237850K .......... .......... .......... .......... ..........  3% 10.9M 19m29s
#17 48.61 237900K .......... .......... .......... .......... ..........  3% 7.56M 19m29s
#17 48.62 237950K .......... .......... .......... .......... ..........  3% 3.69M 19m29s
#17 48.63 238000K .......... .......... .......... .......... ..........  3% 7.56M 19m29s
#17 48.64 238050K .......... .......... .......... .......... ..........  3% 4.14M 19m29s
#17 48.65 238100K .......... .......... .......... .......... ..........  3% 4.19M 19m29s
#17 48.66 238150K .......... .......... .......... .......... ..........  3% 6.23M 19m29s
#17 48.67 238200K .......... .......... .......... .......... ..........  3% 11.6M 19m29s
#17 48.67 238250K .......... .......... .......... .......... ..........  3% 5.32M 19m29s
#17 48.68 238300K .......... .......... .......... .......... ..........  3% 9.61M 19m29s
#17 48.69 238350K .......... .......... .......... .......... ..........  3% 8.78M 19m29s
#17 48.69 238400K .......... .......... .......... .......... ..........  3% 6.72M 19m29s
#17 48.70 238450K .......... .......... .......... .......... ..........  3% 6.53M 19m29s
#17 48.71 238500K .......... .......... .......... .......... ..........  3% 5.19M 19m29s
#17 48.72 238550K .......... .......... .......... .......... ..........  3% 4.44M 19m29s
#17 48.73 238600K .......... .......... .......... .......... ..........  3% 8.29M 19m29s
#17 48.74 238650K .......... .......... .......... .......... ..........  3% 6.22M 19m29s
#17 48.75 238700K .......... .......... .......... .......... ..........  3% 5.67M 19m29s
#17 48.75 238750K .......... .......... .......... .......... ..........  3% 6.03M 19m29s
#17 48.76 238800K .......... .......... .......... .......... ..........  3% 5.60M 19m29s
#17 48.77 238850K .......... .......... .......... .......... ..........  3% 5.60M 19m29s
#17 48.78 238900K .......... .......... .......... .......... ..........  3% 5.83M 19m29s
#17 48.79 238950K .......... .......... .......... .......... ..........  3% 10.1M 19m28s
#17 48.79 239000K .......... .......... .......... .......... ..........  3% 5.74M 19m28s
#17 48.80 239050K .......... .......... .......... .......... ..........  3% 6.72M 19m28s
#17 48.81 239100K .......... .......... .......... .......... ..........  3% 6.65M 19m28s
#17 48.81 239150K .......... .......... .......... .......... ..........  3% 5.62M 19m28s
#17 48.82 239200K .......... .......... .......... .......... ..........  3% 6.26M 19m28s
#17 48.83 239250K .......... .......... .......... .......... ..........  3% 7.02M 19m28s
#17 48.84 239300K .......... .......... .......... .......... ..........  3% 3.25M 19m28s
#17 48.85 239350K .......... .......... .......... .......... ..........  3% 4.98M 19m28s
#17 48.86 239400K .......... .......... .......... .......... ..........  3% 17.8M 19m28s
#17 48.86 239450K .......... .......... .......... .......... ..........  3% 6.66M 19m28s
#17 48.87 239500K .......... .......... .......... .......... ..........  3% 7.67M 19m28s
#17 48.88 239550K .......... .......... .......... .......... ..........  3% 5.02M 19m28s
#17 48.89 239600K .......... .......... .......... .......... ..........  3% 8.38M 19m28s
#17 48.89 239650K .......... .......... .......... .......... ..........  3% 11.9M 19m28s
#17 48.90 239700K .......... .......... .......... .......... ..........  3% 4.71M 19m28s
#17 48.91 239750K .......... .......... .......... .......... ..........  3% 4.75M 19m28s
#17 48.92 239800K .......... .......... .......... .......... ..........  3% 6.32M 19m28s
#17 48.93 239850K .......... .......... .......... .......... ..........  3% 6.33M 19m28s
#17 48.93 239900K .......... .......... .......... .......... ..........  3% 4.30M 19m28s
#17 48.95 239950K .......... .......... .......... .......... ..........  3% 7.43M 19m28s
#17 48.95 240000K .......... .......... .......... .......... ..........  3% 5.52M 19m28s
#17 48.96 240050K .......... .......... .......... .......... ..........  3% 16.4M 19m28s
#17 48.96 240100K .......... .......... .......... .......... ..........  3% 1.02M 19m29s
#17 49.01 240150K .......... .......... .......... .......... ..........  3% 3.93M 19m29s
#17 49.02 240200K .......... .......... .......... .......... ..........  3% 3.93M 19m29s
#17 49.04 240250K .......... .......... .......... .......... ..........  3% 5.87M 19m29s
#17 49.04 240300K .......... .......... .......... .......... ..........  3% 43.3M 19m29s
#17 49.05 240350K .......... .......... .......... .......... ..........  3% 4.61M 19m29s
#17 49.06 240400K .......... .......... .......... .......... ..........  3% 4.35M 19m29s
#17 49.07 240450K .......... .......... .......... .......... ..........  3% 8.34M 19m29s
#17 49.07 240500K .......... .......... .......... .......... ..........  3% 5.92M 19m29s
#17 49.08 240550K .......... .......... .......... .......... ..........  3% 8.50M 19m28s
#17 49.09 240600K .......... .......... .......... .......... ..........  3% 10.8M 19m28s
#17 49.10 240650K .......... .......... .......... .......... ..........  3% 21.1M 19m28s
#17 49.10 240700K .......... .......... .......... .......... ..........  3% 20.1M 19m28s
#17 49.10 240750K .......... .......... .......... .......... ..........  3% 10.5M 19m28s
#17 49.10 240800K .......... .......... .......... .......... ..........  3% 5.61M 19m28s
#17 49.11 240850K .......... .......... .......... .......... ..........  3% 4.38M 19m28s
#17 49.12 240900K .......... .......... .......... .......... ..........  3% 3.94M 19m28s
#17 49.13 240950K .......... .......... .......... .......... ..........  3% 2.72M 19m28s
#17 49.15 241000K .......... .......... .......... .......... ..........  3% 7.46M 19m28s
#17 49.16 241050K .......... .......... .......... .......... ..........  3% 5.66M 19m28s
#17 49.17 241100K .......... .......... .......... .......... ..........  3% 9.11M 19m28s
#17 49.17 241150K .......... .......... .......... .......... ..........  3% 11.0M 19m28s
#17 49.18 241200K .......... .......... .......... .......... ..........  3% 9.01M 19m28s
#17 49.18 241250K .......... .......... .......... .......... ..........  3% 3.39M 19m28s
#17 49.20 241300K .......... .......... .......... .......... ..........  3% 10.4M 19m28s
#17 49.20 241350K .......... .......... .......... .......... ..........  3% 6.61M 19m28s
#17 49.21 241400K .......... .......... .......... .......... ..........  3% 8.84M 19m28s
#17 49.21 241450K .......... .......... .......... .......... ..........  3% 5.23M 19m28s
#17 49.22 241500K .......... .......... .......... .......... ..........  3% 9.09M 19m28s
#17 49.23 241550K .......... .......... .......... .......... ..........  3% 7.49M 19m27s
#17 49.23 241600K .......... .......... .......... .......... ..........  3% 4.55M 19m27s
#17 49.25 241650K .......... .......... .......... .......... ..........  3% 5.08M 19m27s
#17 49.26 241700K .......... .......... .......... .......... ..........  3% 15.7M 19m27s
#17 49.26 241750K .......... .......... .......... .......... ..........  3% 7.99M 19m27s
#17 49.26 241800K .......... .......... .......... .......... ..........  3% 9.53M 19m27s
#17 49.27 241850K .......... .......... .......... .......... ..........  3% 6.45M 19m27s
#17 49.28 241900K .......... .......... .......... .......... ..........  3% 4.05M 19m27s
#17 49.29 241950K .......... .......... .......... .......... ..........  3% 2.72M 19m27s
#17 49.31 242000K .......... .......... .......... .......... ..........  3% 40.9M 19m27s
#17 49.31 242050K .......... .......... .......... .......... ..........  3% 4.39M 19m27s
#17 49.32 242100K .......... .......... .......... .......... ..........  3% 3.36M 19m27s
#17 49.33 242150K .......... .......... .......... .......... ..........  3% 7.41M 19m27s
#17 49.34 242200K .......... .......... .......... .......... ..........  3% 6.72M 19m27s
#17 49.35 242250K .......... .......... .......... .......... ..........  3% 5.64M 19m27s
#17 49.36 242300K .......... .......... .......... .......... ..........  3% 6.47M 19m27s
#17 49.36 242350K .......... .......... .......... .......... ..........  3% 3.99M 19m27s
#17 49.38 242400K .......... .......... .......... .......... ..........  3% 16.9M 19m27s
#17 49.38 242450K .......... .......... .......... .......... ..........  3% 2.89M 19m27s
#17 49.40 242500K .......... .......... .......... .......... ..........  3% 3.86M 19m27s
#17 49.41 242550K .......... .......... .......... .......... ..........  3% 2.51M 19m28s
#17 49.43 242600K .......... .......... .......... .......... ..........  3% 1.90M 19m28s
#17 49.45 242650K .......... .......... .......... .......... ..........  3% 3.94M 19m28s
#17 49.47 242700K .......... .......... .......... .......... ..........  3% 3.88M 19m28s
#17 49.48 242750K .......... .......... .......... .......... ..........  3% 2.61M 19m29s
#17 49.50 242800K .......... .......... .......... .......... ..........  3% 2.81M 19m29s
#17 49.52 242850K .......... .......... .......... .......... ..........  3% 1.36M 19m29s
#17 49.55 242900K .......... .......... .......... .......... ..........  3% 2.27M 19m30s
#17 49.57 242950K .......... .......... .......... .......... ..........  3% 1.99M 19m30s
#17 49.60 243000K .......... .......... .......... .......... ..........  3% 2.94M 19m30s
#17 49.61 243050K .......... .......... .......... .......... ..........  3% 3.60M 19m30s
#17 49.63 243100K .......... .......... .......... .......... ..........  3% 3.74M 19m31s
#17 49.64 243150K .......... .......... .......... .......... ..........  3% 8.59M 19m31s
#17 49.65 243200K .......... .......... .......... .......... ..........  3% 7.97M 19m30s
#17 49.65 243250K .......... .......... .......... .......... ..........  3% 4.04M 19m30s
#17 49.66 243300K .......... .......... .......... .......... ..........  3% 6.59M 19m30s
#17 49.67 243350K .......... .......... .......... .......... ..........  3% 6.54M 19m30s
#17 49.68 243400K .......... .......... .......... .......... ..........  3% 5.10M 19m30s
#17 49.69 243450K .......... .......... .......... .......... ..........  3% 2.86M 19m31s
#17 49.71 243500K .......... .......... .......... .......... ..........  3% 1.53M 19m31s
#17 49.74 243550K .......... .......... .......... .......... ..........  3% 1.74M 19m32s
#17 49.77 243600K .......... .......... .......... .......... ..........  3% 2.00M 19m32s
#17 49.85 243650K .......... .......... .......... .......... ..........  3%  380K 19m35s
#17 49.92 243700K .......... .......... .......... .......... ..........  3% 3.32M 19m36s
#17 49.94 243750K .......... .......... .......... .......... ..........  3% 3.03M 19m36s
#17 49.96 243800K .......... .......... .......... .......... ..........  3% 2.74M 19m36s
#17 49.97 243850K .......... .......... .......... .......... ..........  3% 3.69M 19m36s
#17 49.98 243900K .......... .......... .......... .......... ..........  3% 3.48M 19m36s
#17 50.00 243950K .......... .......... .......... .......... ..........  3% 4.83M 19m36s
#17 50.01 244000K .......... .......... .......... .......... ..........  3% 15.9M 19m36s
#17 50.01 244050K .......... .......... .......... .......... ..........  3% 4.05M 19m36s
#17 50.02 244100K .......... .......... .......... .......... ..........  3% 6.53M 19m36s
#17 50.03 244150K .......... .......... .......... .......... ..........  3% 4.35M 19m36s
#17 50.04 244200K .......... .......... .......... .......... ..........  3% 6.62M 19m36s
#17 50.05 244250K .......... .......... .......... .......... ..........  3% 4.72M 19m36s
#17 50.06 244300K .......... .......... .......... .......... ..........  3% 2.98M 19m36s
#17 50.08 244350K .......... .......... .......... .......... ..........  3% 3.39M 19m36s
#17 50.09 244400K .......... .......... .......... .......... ..........  3% 4.08M 19m36s
#17 50.11 244450K .......... .......... .......... .......... ..........  3% 1.23M 19m37s
#17 50.14 244500K .......... .......... .......... .......... ..........  3% 4.86M 19m37s
#17 50.15 244550K .......... .......... .......... .......... ..........  3% 3.83M 19m37s
#17 50.16 244600K .......... .......... .......... .......... ..........  3% 3.70M 19m38s
#17 50.18 244650K .......... .......... .......... .......... ..........  3% 3.94M 19m38s
#17 50.19 244700K .......... .......... .......... .......... ..........  3% 3.90M 19m38s
#17 50.20 244750K .......... .......... .......... .......... ..........  3% 4.36M 19m38s
#17 50.21 244800K .......... .......... .......... .......... ..........  3% 4.13M 19m38s
#17 50.23 244850K .......... .......... .......... .......... ..........  3% 2.43M 19m38s
#17 50.25 244900K .......... .......... .......... .......... ..........  3% 3.85M 19m38s
#17 50.26 244950K .......... .......... .......... .......... ..........  3% 4.25M 19m38s
#17 50.27 245000K .......... .......... .......... .......... ..........  3% 3.87M 19m38s
#17 50.28 245050K .......... .......... .......... .......... ..........  3% 4.49M 19m38s
#17 50.29 245100K .......... .......... .......... .......... ..........  3% 3.47M 19m38s
#17 50.31 245150K .......... .......... .......... .......... ..........  3% 3.84M 19m39s
#17 50.32 245200K .......... .......... .......... .......... ..........  3% 3.44M 19m39s
#17 50.34 245250K .......... .......... .......... .......... ..........  3% 2.69M 19m39s
#17 50.35 245300K .......... .......... .......... .......... ..........  3% 3.92M 19m39s
#17 50.37 245350K .......... .......... .......... .......... ..........  3% 3.87M 19m39s
#17 50.38 245400K .......... .......... .......... .......... ..........  3% 2.64M 19m39s
#17 50.40 245450K .......... .......... .......... .......... ..........  3% 4.20M 19m39s
#17 50.41 245500K .......... .......... .......... .......... ..........  3% 3.38M 19m40s
#17 50.42 245550K .......... .......... .......... .......... ..........  3% 4.04M 19m40s
#17 50.43 245600K .......... .......... .......... .......... ..........  3% 3.89M 19m40s
#17 50.45 245650K .......... .......... .......... .......... ..........  3% 3.25M 19m40s
#17 50.46 245700K .......... .......... .......... .......... ..........  3% 4.31M 19m40s
#17 50.47 245750K .......... .......... .......... .......... ..........  3% 3.78M 19m40s
#17 50.49 245800K .......... .......... .......... .......... ..........  3% 5.19M 19m40s
#17 50.50 245850K .......... .......... .......... .......... ..........  3% 4.09M 19m40s
#17 50.51 245900K .......... .......... .......... .......... ..........  3% 1.21M 19m41s
#17 50.55 245950K .......... .......... .......... .......... ..........  3% 4.32M 19m41s
#17 50.56 246000K .......... .......... .......... .......... ..........  3% 4.59M 19m41s
#17 50.57 246050K .......... .......... .......... .......... ..........  3% 3.10M 19m41s
#17 50.59 246100K .......... .......... .......... .......... ..........  3% 4.76M 19m41s
#17 50.60 246150K .......... .......... .......... .......... ..........  3% 4.02M 19m41s
#17 50.61 246200K .......... .......... .......... .......... ..........  3% 3.34M 19m41s
#17 50.62 246250K .......... .......... .......... .......... ..........  3% 4.26M 19m41s
#17 50.63 246300K .......... .......... .......... .......... ..........  3% 2.80M 19m42s
#17 50.65 246350K .......... .......... .......... .......... ..........  3% 4.57M 19m42s
#17 50.66 246400K .......... .......... .......... .......... ..........  3% 3.94M 19m42s
#17 50.68 246450K .......... .......... .......... .......... ..........  3% 3.55M 19m42s
#17 50.69 246500K .......... .......... .......... .......... ..........  3% 3.66M 19m42s
#17 50.70 246550K .......... .......... .......... .......... ..........  3% 3.44M 19m42s
#17 50.72 246600K .......... .......... .......... .......... ..........  3% 4.36M 19m42s
#17 50.73 246650K .......... .......... .......... .......... ..........  3% 4.30M 19m42s
#17 50.74 246700K .......... .......... .......... .......... ..........  3% 4.66M 19m42s
#17 50.75 246750K .......... .......... .......... .......... ..........  3% 4.57M 19m42s
#17 50.76 246800K .......... .......... .......... .......... ..........  3% 4.94M 19m42s
#17 50.77 246850K .......... .......... .......... .......... ..........  3% 3.88M 19m42s
#17 50.78 246900K .......... .......... .......... .......... ..........  3% 3.89M 19m42s
#17 50.79 246950K .......... .......... .......... .......... ..........  3% 3.97M 19m43s
#17 50.81 247000K .......... .......... .......... .......... ..........  3% 3.53M 19m43s
#17 50.82 247050K .......... .......... .......... .......... ..........  3% 5.38M 19m43s
#17 50.83 247100K .......... .......... .......... .......... ..........  3% 4.80M 19m43s
#17 50.84 247150K .......... .......... .......... .......... ..........  3% 3.96M 19m43s
#17 50.85 247200K .......... .......... .......... .......... ..........  3% 4.09M 19m43s
#17 50.87 247250K .......... .......... .......... .......... ..........  3% 3.70M 19m43s
#17 50.88 247300K .......... .......... .......... .......... ..........  3% 3.25M 19m43s
#17 50.89 247350K .......... .......... .......... .......... ..........  3% 1.35M 19m44s
#17 50.93 247400K .......... .......... .......... .......... ..........  3% 3.49M 19m44s
#17 50.94 247450K .......... .......... .......... .......... ..........  3% 5.98M 19m44s
#17 50.95 247500K .......... .......... .......... .......... ..........  3% 4.15M 19m44s
#17 50.96 247550K .......... .......... .......... .......... ..........  3% 3.43M 19m44s
#17 50.98 247600K .......... .......... .......... .......... ..........  3% 4.66M 19m44s
#17 50.99 247650K .......... .......... .......... .......... ..........  3% 1.64M 19m45s
#17 51.02 247700K .......... .......... .......... .......... ..........  3% 2.57M 19m45s
#17 51.04 247750K .......... .......... .......... .......... ..........  3% 4.76M 19m45s
#17 51.05 247800K .......... .......... .......... .......... ..........  3% 4.95M 19m45s
#17 51.06 247850K .......... .......... .......... .......... ..........  3% 2.84M 19m45s
#17 51.07 247900K .......... .......... .......... .......... ..........  3% 2.78M 19m45s
#17 51.09 247950K .......... .......... .......... .......... ..........  3% 3.24M 19m45s
#17 51.11 248000K .......... .......... .......... .......... ..........  3% 5.87M 19m45s
#17 51.13 248050K .......... .......... .......... .......... ..........  3% 2.18M 19m46s
#17 51.14 248100K .......... .......... .......... .......... ..........  3% 11.6M 19m46s
#17 51.14 248150K .......... .......... .......... .......... ..........  3% 4.05M 19m46s
#17 51.15 248200K .......... .......... .......... .......... ..........  3% 3.91M 19m46s
#17 51.17 248250K .......... .......... .......... .......... ..........  3% 3.42M 19m46s
#17 51.18 248300K .......... .......... .......... .......... ..........  3% 3.99M 19m46s
#17 51.19 248350K .......... .......... .......... .......... ..........  3% 4.83M 19m46s
#17 51.20 248400K .......... .......... .......... .......... ..........  3% 4.13M 19m46s
#17 51.22 248450K .......... .......... .......... .......... ..........  3% 4.03M 19m46s
#17 51.23 248500K .......... .......... .......... .......... ..........  3% 3.49M 19m46s
#17 51.24 248550K .......... .......... .......... .......... ..........  3% 5.42M 19m46s
#17 51.25 248600K .......... .......... .......... .......... ..........  3% 3.86M 19m46s
#17 51.26 248650K .......... .......... .......... .......... ..........  3% 3.66M 19m46s
#17 51.28 248700K .......... .......... .......... .......... ..........  3% 4.20M 19m46s
#17 51.29 248750K .......... .......... .......... .......... ..........  3% 5.20M 19m46s
#17 51.30 248800K .......... .......... .......... .......... ..........  3% 4.63M 19m46s
#17 51.31 248850K .......... .......... .......... .......... ..........  3% 3.21M 19m47s
#17 51.32 248900K .......... .......... .......... .......... ..........  3% 5.08M 19m47s
#17 51.33 248950K .......... .......... .......... .......... ..........  3% 5.12M 19m47s
#17 51.34 249000K .......... .......... .......... .......... ..........  3% 4.57M 19m47s
#17 51.35 249050K .......... .......... .......... .......... ..........  3% 5.30M 19m47s
#17 51.36 249100K .......... .......... .......... .......... ..........  3% 3.91M 19m47s
#17 51.37 249150K .......... .......... .......... .......... ..........  3% 4.03M 19m47s
#17 51.39 249200K .......... .......... .......... .......... ..........  3% 5.47M 19m47s
#17 51.39 249250K .......... .......... .......... .......... ..........  3% 4.13M 19m47s
#17 51.41 249300K .......... .......... .......... .......... ..........  3% 4.44M 19m47s
#17 51.42 249350K .......... .......... .......... .......... ..........  3% 3.91M 19m47s
#17 51.43 249400K .......... .......... .......... .......... ..........  3% 8.29M 19m47s
#17 51.44 249450K .......... .......... .......... .......... ..........  3% 3.41M 19m47s
#17 51.45 249500K .......... .......... .......... .......... ..........  3% 5.58M 19m47s
#17 51.46 249550K .......... .......... .......... .......... ..........  3% 4.09M 19m47s
#17 51.47 249600K .......... .......... .......... .......... ..........  3% 3.38M 19m47s
#17 51.48 249650K .......... .......... .......... .......... ..........  3% 4.36M 19m47s
#17 51.50 249700K .......... .......... .......... .......... ..........  3% 4.81M 19m47s
#17 51.51 249750K .......... .......... .......... .......... ..........  3% 4.14M 19m47s
#17 51.52 249800K .......... .......... .......... .......... ..........  3% 5.27M 19m47s
#17 51.53 249850K .......... .......... .......... .......... ..........  3% 4.92M 19m47s
#17 51.54 249900K .......... .......... .......... .......... ..........  3% 5.11M 19m47s
#17 51.55 249950K .......... .......... .......... .......... ..........  3% 4.58M 19m47s
#17 51.56 250000K .......... .......... .......... .......... ..........  3% 3.73M 19m47s
#17 51.57 250050K .......... .......... .......... .......... ..........  3% 4.32M 19m48s
#17 51.58 250100K .......... .......... .......... .......... ..........  3% 4.22M 19m48s
#17 51.59 250150K .......... .......... .......... .......... ..........  3% 5.00M 19m48s
#17 51.60 250200K .......... .......... .......... .......... ..........  3% 5.60M 19m48s
#17 51.61 250250K .......... .......... .......... .......... ..........  3% 4.60M 19m48s
#17 51.62 250300K .......... .......... .......... .......... ..........  3% 3.29M 19m48s
#17 51.64 250350K .......... .......... .......... .......... ..........  3% 6.04M 19m48s
#17 51.65 250400K .......... .......... .......... .......... ..........  3% 3.89M 19m48s
#17 51.66 250450K .......... .......... .......... .......... ..........  3% 3.33M 19m48s
#17 51.67 250500K .......... .......... .......... .......... ..........  3% 3.72M 19m48s
#17 51.69 250550K .......... .......... .......... .......... ..........  3% 6.38M 19m48s
#17 51.69 250600K .......... .......... .......... .......... ..........  3% 5.77M 19m48s
#17 51.70 250650K .......... .......... .......... .......... ..........  3% 4.22M 19m48s
#17 51.71 250700K .......... .......... .......... .......... ..........  3% 4.46M 19m48s
#17 51.72 250750K .......... .......... .......... .......... ..........  3% 3.82M 19m48s
#17 51.74 250800K .......... .......... .......... .......... ..........  3% 3.45M 19m48s
#17 51.75 250850K .......... .......... .......... .......... ..........  3% 3.59M 19m48s
#17 51.77 250900K .......... .......... .......... .......... ..........  3% 6.09M 19m48s
#17 51.77 250950K .......... .......... .......... .......... ..........  3% 3.77M 19m48s
#17 51.79 251000K .......... .......... .......... .......... ..........  3% 7.29M 19m48s
#17 51.79 251050K .......... .......... .......... .......... ..........  3% 3.92M 19m48s
#17 51.80 251100K .......... .......... .......... .......... ..........  3% 3.08M 19m49s
#17 51.82 251150K .......... .......... .......... .......... ..........  3% 3.24M 19m49s
#17 51.84 251200K .......... .......... .......... .......... ..........  3% 4.01M 19m49s
#17 51.85 251250K .......... .......... .......... .......... ..........  3% 3.92M 19m49s
#17 51.86 251300K .......... .......... .......... .......... ..........  3% 4.48M 19m49s
#17 51.87 251350K .......... .......... .......... .......... ..........  3% 4.31M 19m49s
#17 51.88 251400K .......... .......... .......... .......... ..........  3% 4.64M 19m49s
#17 51.89 251450K .......... .......... .......... .......... ..........  3% 4.02M 19m49s
#17 51.91 251500K .......... .......... .......... .......... ..........  3% 4.60M 19m49s
#17 51.92 251550K .......... .......... .......... .......... ..........  3% 2.50M 19m49s
#17 51.94 251600K .......... .......... .......... .......... ..........  3% 4.69M 19m49s
#17 51.95 251650K .......... .......... .......... .......... ..........  3% 1.51M 19m50s
#17 51.98 251700K .......... .......... .......... .......... ..........  3% 2.19M 19m50s
#17 52.00 251750K .......... .......... .......... .......... ..........  3% 5.82M 19m50s
#17 52.01 251800K .......... .......... .......... .......... ..........  3% 6.25M 19m50s
#17 52.02 251850K .......... .......... .......... .......... ..........  3% 4.04M 19m50s
#17 52.03 251900K .......... .......... .......... .......... ..........  3% 4.37M 19m50s
#17 52.04 251950K .......... .......... .......... .......... ..........  3% 5.08M 19m50s
#17 52.05 252000K .......... .......... .......... .......... ..........  3% 5.83M 19m50s
#17 52.06 252050K .......... .......... .......... .......... ..........  3% 3.10M 19m50s
#17 52.07 252100K .......... .......... .......... .......... ..........  3% 4.41M 19m51s
#17 52.08 252150K .......... .......... .......... .......... ..........  3% 5.54M 19m50s
#17 52.09 252200K .......... .......... .......... .......... ..........  3% 4.23M 19m51s
#17 52.11 252250K .......... .......... .......... .......... ..........  3% 3.70M 19m51s
#17 52.12 252300K .......... .......... .......... .......... ..........  3% 4.71M 19m51s
#17 52.13 252350K .......... .......... .......... .......... ..........  3% 5.49M 19m51s
#17 52.14 252400K .......... .......... .......... .......... ..........  3% 4.16M 19m51s
#17 52.15 252450K .......... .......... .......... .......... ..........  3% 3.30M 19m51s
#17 52.16 252500K .......... .......... .......... .......... ..........  3% 4.96M 19m51s
#17 52.17 252550K .......... .......... .......... .......... ..........  3% 5.94M 19m51s
#17 52.18 252600K .......... .......... .......... .......... ..........  3% 4.37M 19m51s
#17 52.19 252650K .......... .......... .......... .......... ..........  3% 4.73M 19m51s
#17 52.20 252700K .......... .......... .......... .......... ..........  3% 4.04M 19m51s
#17 52.22 252750K .......... .......... .......... .......... ..........  3% 3.76M 19m51s
#17 52.23 252800K .......... .......... .......... .......... ..........  3% 6.93M 19m51s
#17 52.24 252850K .......... .......... .......... .......... ..........  3% 2.71M 19m51s
#17 52.26 252900K .......... .......... .......... .......... ..........  3% 4.67M 19m51s
#17 52.26 252950K .......... .......... .......... .......... ..........  3% 3.89M 19m51s
#17 52.28 253000K .......... .......... .......... .......... ..........  3% 4.06M 19m51s
#17 52.29 253050K .......... .......... .......... .......... ..........  3% 4.29M 19m51s
#17 52.30 253100K .......... .......... .......... .......... ..........  3% 3.44M 19m52s
#17 52.31 253150K .......... .......... .......... .......... ..........  3% 5.23M 19m52s
#17 52.32 253200K .......... .......... .......... .......... ..........  3% 4.20M 19m52s
#17 52.34 253250K .......... .......... .......... .......... ..........  3% 3.60M 19m52s
#17 52.35 253300K .......... .......... .......... .......... ..........  3% 5.58M 19m52s
#17 52.36 253350K .......... .......... .......... .......... ..........  3% 4.98M 19m52s
#17 52.37 253400K .......... .......... .......... .......... ..........  3% 5.45M 19m52s
#17 52.38 253450K .......... .......... .......... .......... ..........  3% 3.90M 19m52s
#17 52.39 253500K .......... .......... .......... .......... ..........  3% 4.02M 19m52s
#17 52.40 253550K .......... .......... .......... .......... ..........  3% 4.21M 19m52s
#17 52.41 253600K .......... .......... .......... .......... ..........  3% 4.46M 19m52s
#17 52.42 253650K .......... .......... .......... .......... ..........  3% 3.54M 19m52s
#17 52.44 253700K .......... .......... .......... .......... ..........  3% 7.39M 19m52s
#17 52.44 253750K .......... .......... .......... .......... ..........  3% 4.40M 19m52s
#17 52.46 253800K .......... .......... .......... .......... ..........  3% 4.91M 19m52s
#17 52.47 253850K .......... .......... .......... .......... ..........  3% 4.72M 19m52s
#17 52.48 253900K .......... .......... .......... .......... ..........  3% 4.57M 19m52s
#17 52.49 253950K .......... .......... .......... .......... ..........  3% 4.78M 19m52s
#17 52.51 254000K .......... .......... .......... .......... ..........  3% 1.74M 19m53s
#17 52.53 254050K .......... .......... .......... .......... ..........  3% 19.5M 19m52s
#17 52.53 254100K .......... .......... .......... .......... ..........  3% 4.60M 19m52s
#17 52.54 254150K .......... .......... .......... .......... ..........  3% 6.03M 19m52s
#17 52.55 254200K .......... .......... .......... .......... ..........  3% 3.53M 19m52s
#17 52.56 254250K .......... .......... .......... .......... ..........  3% 6.75M 19m52s
#17 52.57 254300K .......... .......... .......... .......... ..........  3% 4.68M 19m52s
#17 52.58 254350K .......... .......... .......... .......... ..........  3% 4.39M 19m52s
#17 52.59 254400K .......... .......... .......... .......... ..........  3% 3.57M 19m53s
#17 52.60 254450K .......... .......... .......... .......... ..........  3% 4.46M 19m53s
#17 52.61 254500K .......... .......... .......... .......... ..........  3% 1.16M 19m53s
#17 52.66 254550K .......... .......... .......... .......... ..........  3% 4.86M 19m53s
#17 52.67 254600K .......... .......... .......... .......... ..........  3% 5.88M 19m53s
#17 52.67 254650K .......... .......... .......... .......... ..........  3% 4.06M 19m54s
#17 52.69 254700K .......... .......... .......... .......... ..........  3% 3.45M 19m54s
#17 52.70 254750K .......... .......... .......... .......... ..........  3% 3.77M 19m54s
#17 52.72 254800K .......... .......... .......... .......... ..........  3% 2.99M 19m54s
#17 52.73 254850K .......... .......... .......... .......... ..........  3% 5.35M 19m54s
#17 52.74 254900K .......... .......... .......... .......... ..........  3% 4.91M 19m54s
#17 52.75 254950K .......... .......... .......... .......... ..........  3% 3.98M 19m54s
#17 52.76 255000K .......... .......... .......... .......... ..........  3% 5.14M 19m54s
#17 52.77 255050K .......... .......... .......... .......... ..........  3% 4.24M 19m54s
#17 52.78 255100K .......... .......... .......... .......... ..........  3% 3.28M 19m54s
#17 52.80 255150K .......... .......... .......... .......... ..........  3% 4.47M 19m54s
#17 52.81 255200K .......... .......... .......... .......... ..........  3% 5.54M 19m54s
#17 52.82 255250K .......... .......... .......... .......... ..........  3% 5.34M 19m54s
#17 52.83 255300K .......... .......... .......... .......... ..........  3% 4.17M 19m54s
#17 52.84 255350K .......... .......... .......... .......... ..........  3% 5.98M 19m54s
#17 52.85 255400K .......... .......... .......... .......... ..........  3%  225K 20m0s
#17 53.07 255450K .......... .......... .......... .......... ..........  3% 2.54M 20m0s
#17 53.09 255500K .......... .......... .......... .......... ..........  3% 4.45M 20m0s
#17 53.10 255550K .......... .......... .......... .......... ..........  3% 5.17M 20m0s
#17 53.11 255600K .......... .......... .......... .......... ..........  3% 4.43M 20m0s
#17 53.12 255650K .......... .......... .......... .......... ..........  3% 4.51M 20m0s
#17 53.13 255700K .......... .......... .......... .......... ..........  3% 3.16M 20m0s
#17 53.14 255750K .......... .......... .......... .......... ..........  3% 4.52M 20m0s
#17 53.16 255800K .......... .......... .......... .......... ..........  3% 2.78M 20m0s
#17 53.17 255850K .......... .......... .......... .......... ..........  3% 8.19M 20m0s
#17 53.18 255900K .......... .......... .......... .......... ..........  3% 5.69M 20m0s
#17 53.19 255950K .......... .......... .......... .......... ..........  3% 6.54M 20m0s
#17 53.19 256000K .......... .......... .......... .......... ..........  3% 5.27M 20m0s
#17 53.20 256050K .......... .......... .......... .......... ..........  3% 7.54M 20m0s
#17 53.21 256100K .......... .......... .......... .......... ..........  3% 1.29M 20m1s
#17 53.25 256150K .......... .......... .......... .......... ..........  3% 3.31M 20m1s
#17 53.26 256200K .......... .......... .......... .......... ..........  3% 3.45M 20m1s
#17 53.28 256250K .......... .......... .......... .......... ..........  3% 5.22M 20m1s
#17 53.29 256300K .......... .......... .......... .......... ..........  3% 3.43M 20m1s
#17 53.30 256350K .......... .......... .......... .......... ..........  3% 6.39M 20m1s
#17 53.31 256400K .......... .......... .......... .......... ..........  3% 2.34M 20m1s
#17 53.33 256450K .......... .......... .......... .......... ..........  3% 4.47M 20m1s
#17 53.34 256500K .......... .......... .......... .......... ..........  3% 2.94M 20m2s
#17 53.36 256550K .......... .......... .......... .......... ..........  3% 6.35M 20m2s
#17 53.36 256600K .......... .......... .......... .......... ..........  3% 4.53M 20m2s
#17 53.38 256650K .......... .......... .......... .......... ..........  3% 5.16M 20m2s
#17 53.39 256700K .......... .......... .......... .......... ..........  3% 3.94M 20m2s
#17 53.40 256750K .......... .......... .......... .......... ..........  3% 5.49M 20m2s
#17 53.41 256800K .......... .......... .......... .......... ..........  3% 6.15M 20m2s
#17 53.41 256850K .......... .......... .......... .......... ..........  3% 4.90M 20m2s
#17 53.42 256900K .......... .......... .......... .......... ..........  3% 5.64M 20m2s
#17 53.43 256950K .......... .......... .......... .......... ..........  3% 5.18M 20m2s
#17 53.44 257000K .......... .......... .......... .......... ..........  3% 3.98M 20m2s
#17 53.45 257050K .......... .......... .......... .......... ..........  3% 5.06M 20m2s
#17 53.46 257100K .......... .......... .......... .......... ..........  3% 11.0M 20m2s
#17 53.47 257150K .......... .......... .......... .......... ..........  3% 5.74M 20m2s
#17 53.48 257200K .......... .......... .......... .......... ..........  3% 6.07M 20m1s
#17 53.49 257250K .......... .......... .......... .......... ..........  3% 8.31M 20m1s
#17 53.49 257300K .......... .......... .......... .......... ..........  3% 6.94M 20m1s
#17 53.50 257350K .......... .......... .......... .......... ..........  3% 4.02M 20m1s
#17 53.51 257400K .......... .......... .......... .......... ..........  3% 5.80M 20m1s
#17 53.52 257450K .......... .......... .......... .......... ..........  3% 4.38M 20m1s
#17 53.53 257500K .......... .......... .......... .......... ..........  3% 2.78M 20m2s
#17 53.55 257550K .......... .......... .......... .......... ..........  3% 2.66M 20m2s
#17 53.57 257600K .......... .......... .......... .......... ..........  3% 2.28M 20m2s
#17 53.59 257650K .......... .......... .......... .......... ..........  3% 4.38M 20m2s
#17 53.60 257700K .......... .......... .......... .......... ..........  3% 4.98M 20m2s
#17 53.61 257750K .......... .......... .......... .......... ..........  3% 8.46M 20m2s
#17 53.61 257800K .......... .......... .......... .......... ..........  3% 3.96M 20m2s
#17 53.63 257850K .......... .......... .......... .......... ..........  3% 4.24M 20m2s
#17 53.64 257900K .......... .......... .......... .......... ..........  3% 7.41M 20m2s
#17 53.64 257950K .......... .......... .......... .......... ..........  3% 6.28M 20m2s
#17 53.65 258000K .......... .......... .......... .......... ..........  3% 6.87M 20m2s
#17 53.66 258050K .......... .......... .......... .......... ..........  3% 6.61M 20m2s
#17 53.67 258100K .......... .......... .......... .......... ..........  3% 6.54M 20m2s
#17 53.67 258150K .......... .......... .......... .......... ..........  3% 5.36M 20m2s
#17 53.69 258200K .......... .......... .......... .......... ..........  3% 3.97M 20m2s
#17 53.70 258250K .......... .......... .......... .......... ..........  3% 8.00M 20m2s
#17 53.70 258300K .......... .......... .......... .......... ..........  3% 5.99M 20m2s
#17 53.71 258350K .......... .......... .......... .......... ..........  3% 5.52M 20m2s
#17 53.72 258400K .......... .......... .......... .......... ..........  3% 4.25M 20m2s
#17 53.73 258450K .......... .......... .......... .......... ..........  3% 5.94M 20m2s
#17 53.74 258500K .......... .......... .......... .......... ..........  3% 2.64M 20m2s
#17 53.76 258550K .......... .......... .......... .......... ..........  3% 3.09M 20m2s
#17 53.77 258600K .......... .......... .......... .......... ..........  3% 4.03M 20m2s
#17 53.78 258650K .......... .......... .......... .......... ..........  3% 4.27M 20m2s
#17 53.80 258700K .......... .......... .......... .......... ..........  3% 6.24M 20m2s
#17 53.80 258750K .......... .......... .......... .......... ..........  3% 5.40M 20m2s
#17 53.81 258800K .......... .......... .......... .......... ..........  3% 4.54M 20m2s
#17 53.83 258850K .......... .......... .......... .......... ..........  3% 7.81M 20m2s
#17 53.83 258900K .......... .......... .......... .......... ..........  3% 5.33M 20m2s
#17 53.84 258950K .......... .......... .......... .......... ..........  3% 8.17M 20m2s
#17 53.85 259000K .......... .......... .......... .......... ..........  3% 8.70M 20m2s
#17 53.85 259050K .......... .......... .......... .......... ..........  3% 5.88M 20m2s
#17 53.86 259100K .......... .......... .......... .......... ..........  3% 7.34M 20m2s
#17 53.87 259150K .......... .......... .......... .......... ..........  3% 4.72M 20m2s
#17 53.88 259200K .......... .......... .......... .......... ..........  3% 4.41M 20m2s
#17 53.89 259250K .......... .......... .......... .......... ..........  3% 1.98M 20m2s
#17 53.91 259300K .......... .......... .......... .......... ..........  3% 3.42M 20m2s
#17 53.93 259350K .......... .......... .......... .......... ..........  3% 3.32M 20m3s
#17 53.94 259400K .......... .......... .......... .......... ..........  3% 6.10M 20m3s
#17 53.95 259450K .......... .......... .......... .......... ..........  3% 5.74M 20m3s
#17 53.96 259500K .......... .......... .......... .......... ..........  3% 8.99M 20m2s
#17 53.96 259550K .......... .......... .......... .......... ..........  3% 4.49M 20m2s
#17 53.97 259600K .......... .......... .......... .......... ..........  3% 5.51M 20m2s
#17 53.98 259650K .......... .......... .......... .......... ..........  3% 5.74M 20m2s
#17 53.99 259700K .......... .......... .......... .......... ..........  3% 4.55M 20m2s
#17 54.00 259750K .......... .......... .......... .......... ..........  3% 4.54M 20m2s
#17 54.01 259800K .......... .......... .......... .......... ..........  3% 5.06M 20m2s
#17 54.02 259850K .......... .......... .......... .......... ..........  3% 5.41M 20m2s
#17 54.03 259900K .......... .......... .......... .......... ..........  3% 5.12M 20m2s
#17 54.04 259950K .......... .......... .......... .......... ..........  3% 7.82M 20m2s
#17 54.05 260000K .......... .......... .......... .......... ..........  3% 13.6M 20m2s
#17 54.05 260050K .......... .......... .......... .......... ..........  3% 6.28M 20m2s
#17 54.06 260100K .......... .......... .......... .......... ..........  3% 6.29M 20m2s
#17 54.07 260150K .......... .......... .......... .......... ..........  3% 4.28M 20m2s
#17 54.08 260200K .......... .......... .......... .......... ..........  3% 6.83M 20m2s
#17 54.08 260250K .......... .......... .......... .......... ..........  3% 5.79M 20m2s
#17 54.09 260300K .......... .......... .......... .......... ..........  3% 3.66M 20m2s
#17 54.11 260350K .......... .......... .......... .......... ..........  3% 5.24M 20m2s
#17 54.12 260400K .......... .......... .......... .......... ..........  3% 5.93M 20m2s
#17 54.12 260450K .......... .......... .......... .......... ..........  3% 8.45M 20m2s
#17 54.13 260500K .......... .......... .......... .......... ..........  3% 6.21M 20m2s
#17 54.14 260550K .......... .......... .......... .......... ..........  3% 4.36M 20m2s
#17 54.15 260600K .......... .......... .......... .......... ..........  3% 12.1M 20m2s
#17 54.15 260650K .......... .......... .......... .......... ..........  3% 6.53M 20m2s
#17 54.16 260700K .......... .......... .......... .......... ..........  3% 3.41M 20m2s
#17 54.17 260750K .......... .......... .......... .......... ..........  3% 1.13M 20m3s
#17 54.22 260800K .......... .......... .......... .......... ..........  3% 2.40M 20m3s
#17 54.24 260850K .......... .......... .......... .......... ..........  3% 9.19M 20m3s
#17 54.24 260900K .......... .......... .......... .......... ..........  3% 5.54M 20m3s
#17 54.25 260950K .......... .......... .......... .......... ..........  3% 3.28M 20m3s
#17 54.27 261000K .......... .......... .......... .......... ..........  3% 5.75M 20m3s
#17 54.28 261050K .......... .......... .......... .......... ..........  3% 2.64M 20m3s
#17 54.29 261100K .......... .......... .......... .......... ..........  3% 7.04M 20m3s
#17 54.30 261150K .......... .......... .......... .......... ..........  3% 4.05M 20m3s
#17 54.31 261200K .......... .......... .......... .......... ..........  3% 3.15M 20m3s
#17 54.33 261250K .......... .......... .......... .......... ..........  3% 5.97M 20m3s
#17 54.34 261300K .......... .......... .......... .......... ..........  3% 5.31M 20m3s
#17 54.35 261350K .......... .......... .......... .......... ..........  3% 5.99M 20m3s
#17 54.36 261400K .......... .......... .......... .......... ..........  3% 4.59M 20m3s
#17 54.36 261450K .......... .......... .......... .......... ..........  3% 4.18M 20m3s
#17 54.38 261500K .......... .......... .......... .......... ..........  3% 3.52M 20m3s
#17 54.39 261550K .......... .......... .......... .......... ..........  3% 4.02M 20m4s
#17 54.40 261600K .......... .......... .......... .......... ..........  3% 7.29M 20m3s
#17 54.41 261650K .......... .......... .......... .......... ..........  3% 6.83M 20m3s
#17 54.42 261700K .......... .......... .......... .......... ..........  3% 6.20M 20m3s
#17 54.42 261750K .......... .......... .......... .......... ..........  3% 6.58M 20m3s
#17 54.43 261800K .......... .......... .......... .......... ..........  3% 5.35M 20m3s
#17 54.44 261850K .......... .......... .......... .......... ..........  3% 4.90M 20m3s
#17 54.45 261900K .......... .......... .......... .......... ..........  3% 6.69M 20m3s
#17 54.46 261950K .......... .......... .......... .......... ..........  3% 3.64M 20m3s
#17 54.47 262000K .......... .......... .......... .......... ..........  3% 3.88M 20m3s
#17 54.48 262050K .......... .......... .......... .......... ..........  3% 7.83M 20m3s
#17 54.49 262100K .......... .......... .......... .......... ..........  3% 3.25M 20m3s
#17 54.51 262150K .......... .......... .......... .......... ..........  3% 8.80M 20m3s
#17 54.51 262200K .......... .......... .......... .......... ..........  3% 5.74M 20m3s
#17 54.52 262250K .......... .......... .......... .......... ..........  3% 7.45M 20m3s
#17 54.53 262300K .......... .......... .......... .......... ..........  3% 6.66M 20m3s
#17 54.53 262350K .......... .......... .......... .......... ..........  3% 3.60M 20m3s
#17 54.55 262400K .......... .......... .......... .......... ..........  3% 5.62M 20m3s
#17 54.56 262450K .......... .......... .......... .......... ..........  3% 4.69M 20m3s
#17 54.57 262500K .......... .......... .......... .......... ..........  3% 4.04M 20m3s
#17 54.58 262550K .......... .......... .......... .......... ..........  3% 6.50M 20m3s
#17 54.59 262600K .......... .......... .......... .......... ..........  3% 5.39M 20m3s
#17 54.59 262650K .......... .......... .......... .......... ..........  3% 6.73M 20m3s
#17 54.60 262700K .......... .......... .......... .......... ..........  3% 5.08M 20m3s
#17 54.61 262750K .......... .......... .......... .......... ..........  3% 4.41M 20m3s
#17 54.62 262800K .......... .......... .......... .......... ..........  3% 3.94M 20m3s
#17 54.63 262850K .......... .......... .......... .......... ..........  3% 6.86M 20m3s
#17 54.64 262900K .......... .......... .......... .......... ..........  3% 3.15M 20m3s
#17 54.66 262950K .......... .......... .......... .......... ..........  3% 4.14M 20m3s
#17 54.67 263000K .......... .......... .......... .......... ..........  3% 5.29M 20m3s
#17 54.68 263050K .......... .......... .......... .......... ..........  3% 7.23M 20m3s
#17 54.69 263100K .......... .......... .......... .......... ..........  3% 5.01M 20m3s
#17 54.70 263150K .......... .......... .......... .......... ..........  3% 5.24M 20m3s
#17 54.70 263200K .......... .......... .......... .......... ..........  3% 5.81M 20m3s
#17 54.71 263250K .......... .......... .......... .......... ..........  3% 4.51M 20m3s
#17 54.72 263300K .......... .......... .......... .......... ..........  3% 4.15M 20m3s
#17 54.74 263350K .......... .......... .......... .......... ..........  3% 7.71M 20m3s
#17 54.74 263400K .......... .......... .......... .......... ..........  3% 4.48M 20m3s
#17 54.75 263450K .......... .......... .......... .......... ..........  3% 5.59M 20m3s
#17 54.76 263500K .......... .......... .......... .......... ..........  3% 5.04M 20m3s
#17 54.77 263550K .......... .......... .......... .......... ..........  3% 5.15M 20m3s
#17 54.78 263600K .......... .......... .......... .......... ..........  3% 4.79M 20m3s
#17 54.79 263650K .......... .......... .......... .......... ..........  3% 5.96M 20m3s
#17 54.80 263700K .......... .......... .......... .......... ..........  3% 6.27M 20m3s
#17 54.81 263750K .......... .......... .......... .......... ..........  3% 6.25M 20m3s
#17 54.81 263800K .......... .......... .......... .......... ..........  3% 4.79M 20m3s
#17 54.82 263850K .......... .......... .......... .......... ..........  3% 5.15M 20m3s
#17 54.83 263900K .......... .......... .......... .......... ..........  3% 5.39M 20m3s
#17 54.84 263950K .......... .......... .......... .......... ..........  3% 2.67M 20m3s
#17 54.86 264000K .......... .......... .......... .......... ..........  3% 6.14M 20m3s
#17 54.87 264050K .......... .......... .......... .......... ..........  3% 6.79M 20m3s
#17 54.88 264100K .......... .......... .......... .......... ..........  3% 5.21M 20m3s
#17 54.89 264150K .......... .......... .......... .......... ..........  3% 6.40M 20m3s
#17 54.89 264200K .......... .......... .......... .......... ..........  3% 5.14M 20m3s
#17 54.90 264250K .......... .......... .......... .......... ..........  3% 6.09M 20m3s
#17 54.91 264300K .......... .......... .......... .......... ..........  3% 3.62M 20m3s
#17 54.92 264350K .......... .......... .......... .......... ..........  3% 7.16M 20m3s
#17 54.93 264400K .......... .......... .......... .......... ..........  3% 6.06M 20m3s
#17 54.94 264450K .......... .......... .......... .......... ..........  3% 3.69M 20m3s
#17 54.95 264500K .......... .......... .......... .......... ..........  3% 5.26M 20m3s
#17 54.96 264550K .......... .......... .......... .......... ..........  3% 3.65M 20m3s
#17 54.98 264600K .......... .......... .......... .......... ..........  3% 5.81M 20m3s
#17 54.98 264650K .......... .......... .......... .......... ..........  3% 4.21M 20m3s
#17 55.00 264700K .......... .......... .......... .......... ..........  3% 7.13M 20m3s
#17 55.00 264750K .......... .......... .......... .......... ..........  3% 4.57M 20m3s
#17 55.01 264800K .......... .......... .......... .......... ..........  3% 5.36M 20m3s
#17 55.02 264850K .......... .......... .......... .......... ..........  3% 5.54M 20m3s
#17 55.03 264900K .......... .......... .......... .......... ..........  3% 3.38M 20m4s
#17 55.05 264950K .......... .......... .......... .......... ..........  3% 5.69M 20m3s
#17 55.06 265000K .......... .......... .......... .......... ..........  3% 6.90M 20m3s
#17 55.06 265050K .......... .......... .......... .......... ..........  3% 6.26M 20m3s
#17 55.07 265100K .......... .......... .......... .......... ..........  3% 7.12M 20m3s
#17 55.08 265150K .......... .......... .......... .......... ..........  3% 5.58M 20m3s
#17 55.08 265200K .......... .......... .......... .......... ..........  3% 8.37M 20m3s
#17 55.09 265250K .......... .......... .......... .......... ..........  3% 7.62M 20m3s
#17 55.10 265300K .......... .......... .......... .......... ..........  3% 4.04M 20m3s
#17 55.11 265350K .......... .......... .......... .......... ..........  3% 7.24M 20m3s
#17 55.12 265400K .......... .......... .......... .......... ..........  3% 5.45M 20m3s
#17 55.12 265450K .......... .......... .......... .......... ..........  3% 4.33M 20m3s
#17 55.14 265500K .......... .......... .......... .......... ..........  3% 2.97M 20m3s
#17 55.15 265550K .......... .......... .......... .......... ..........  3% 50.8M 20m3s
#17 55.15 265600K .......... .......... .......... .......... ..........  3% 7.42M 20m3s
#17 55.16 265650K .......... .......... .......... .......... ..........  3% 5.24M 20m3s
#17 55.17 265700K .......... .......... .......... .......... ..........  3% 6.59M 20m3s
#17 55.18 265750K .......... .......... .......... .......... ..........  3% 5.59M 20m3s
#17 55.19 265800K .......... .......... .......... .......... ..........  3% 6.63M 20m3s
#17 55.19 265850K .......... .......... .......... .......... ..........  3% 5.90M 20m3s
#17 55.20 265900K .......... .......... .......... .......... ..........  3% 2.12M 20m3s
#17 55.22 265950K .......... .......... .......... .......... ..........  3% 5.69M 20m3s
#17 55.24 266000K .......... .......... .......... .......... ..........  3% 18.2M 20m3s
#17 55.24 266050K .......... .......... .......... .......... ..........  3% 19.2M 20m3s
#17 55.24 266100K .......... .......... .......... .......... ..........  3% 6.69M 20m3s
#17 55.25 266150K .......... .......... .......... .......... ..........  3% 5.70M 20m3s
#17 55.25 266200K .......... .......... .......... .......... ..........  3% 6.15M 20m3s
#17 55.26 266250K .......... .......... .......... .......... ..........  3% 4.81M 20m3s
#17 55.27 266300K .......... .......... .......... .......... ..........  3% 10.1M 20m3s
#17 55.28 266350K .......... .......... .......... .......... ..........  3% 7.48M 20m3s
#17 55.28 266400K .......... .......... .......... .......... ..........  3% 4.29M 20m3s
#17 55.29 266450K .......... .......... .......... .......... ..........  3% 6.50M 20m3s
#17 55.30 266500K .......... .......... .......... .......... ..........  3% 4.49M 20m3s
#17 55.31 266550K .......... .......... .......... .......... ..........  3% 4.11M 20m3s
#17 55.32 266600K .......... .......... .......... .......... ..........  3% 6.34M 20m3s
#17 55.33 266650K .......... .......... .......... .......... ..........  3% 3.74M 20m3s
#17 55.35 266700K .......... .......... .......... .......... ..........  3% 48.3M 20m2s
#17 55.35 266750K .......... .......... .......... .......... ..........  3% 7.73M 20m2s
#17 55.35 266800K .......... .......... .......... .......... ..........  3% 4.61M 20m2s
#17 55.37 266850K .......... .......... .......... .......... ..........  3% 8.63M 20m2s
#17 55.37 266900K .......... .......... .......... .......... ..........  3% 3.54M 20m2s
#17 55.38 266950K .......... .......... .......... .......... ..........  3% 6.18M 20m2s
#17 55.39 267000K .......... .......... .......... .......... ..........  3% 5.91M 20m2s
#17 55.40 267050K .......... .......... .......... .......... ..........  3% 6.01M 20m2s
#17 55.41 267100K .......... .......... .......... .......... ..........  3% 4.32M 20m2s
#17 55.42 267150K .......... .......... .......... .......... ..........  3% 6.30M 20m2s
#17 55.43 267200K .......... .......... .......... .......... ..........  3% 3.95M 20m2s
#17 55.44 267250K .......... .......... .......... .......... ..........  3% 8.67M 20m2s
#17 55.44 267300K .......... .......... .......... .......... ..........  3% 5.16M 20m2s
#17 55.45 267350K .......... .......... .......... .......... ..........  3% 6.60M 20m2s
#17 55.46 267400K .......... .......... .......... .......... ..........  3% 6.49M 20m2s
#17 55.47 267450K .......... .......... .......... .......... ..........  3% 8.86M 20m2s
#17 55.47 267500K .......... .......... .......... .......... ..........  3% 6.21M 20m2s
#17 55.48 267550K .......... .......... .......... .......... ..........  3% 5.73M 20m2s
#17 55.49 267600K .......... .......... .......... .......... ..........  3% 6.64M 20m2s
#17 55.50 267650K .......... .......... .......... .......... ..........  3% 3.48M 20m2s
#17 55.51 267700K .......... .......... .......... .......... ..........  3% 6.23M 20m2s
#17 55.52 267750K .......... .......... .......... .......... ..........  3% 5.42M 20m2s
#17 55.53 267800K .......... .......... .......... .......... ..........  3% 5.13M 20m2s
#17 55.54 267850K .......... .......... .......... .......... ..........  3% 10.2M 20m2s
#17 55.55 267900K .......... .......... .......... .......... ..........  3% 5.58M 20m2s
#17 55.55 267950K .......... .......... .......... .......... ..........  3% 6.73M 20m2s
#17 55.56 268000K .......... .......... .......... .......... ..........  3% 6.36M 20m2s
#17 55.57 268050K .......... .......... .......... .......... ..........  3% 5.11M 20m2s
#17 55.58 268100K .......... .......... .......... .......... ..........  3% 5.87M 20m2s
#17 55.59 268150K .......... .......... .......... .......... ..........  3% 5.19M 20m2s
#17 55.59 268200K .......... .......... .......... .......... ..........  3% 5.13M 20m2s
#17 55.60 268250K .......... .......... .......... .......... ..........  3% 3.15M 20m2s
#17 55.62 268300K .......... .......... .......... .......... ..........  3% 5.62M 20m2s
#17 55.63 268350K .......... .......... .......... .......... ..........  3% 5.24M 20m2s
#17 55.64 268400K .......... .......... .......... .......... ..........  3% 10.7M 20m2s
#17 55.64 268450K .......... .......... .......... .......... ..........  3% 5.64M 20m2s
#17 55.65 268500K .......... .......... .......... .......... ..........  3% 6.38M 20m2s
#17 55.66 268550K .......... .......... .......... .......... ..........  3% 6.01M 20m2s
#17 55.67 268600K .......... .......... .......... .......... ..........  3% 6.05M 20m1s
#17 55.67 268650K .......... .......... .......... .......... ..........  3% 5.15M 20m1s
#17 55.68 268700K .......... .......... .......... .......... ..........  3% 6.07M 20m1s
#17 55.70 268750K .......... .......... .......... .......... ..........  3% 2.93M 20m2s
#17 55.71 268800K .......... .......... .......... .......... ..........  3% 6.11M 20m2s
#17 55.72 268850K .......... .......... .......... .......... ..........  3% 9.48M 20m1s
#17 55.72 268900K .......... .......... .......... .......... ..........  3% 6.45M 20m1s
#17 55.73 268950K .......... .......... .......... .......... ..........  3% 7.30M 20m1s
#17 55.74 269000K .......... .......... .......... .......... ..........  3% 5.16M 20m1s
#17 55.75 269050K .......... .......... .......... .......... ..........  3% 7.03M 20m1s
#17 55.75 269100K .......... .......... .......... .......... ..........  3% 5.99M 20m1s
#17 55.76 269150K .......... .......... .......... .......... ..........  3% 3.27M 20m1s
#17 55.78 269200K .......... .......... .......... .......... ..........  3% 3.35M 20m2s
#17 55.79 269250K .......... .......... .......... .......... ..........  3% 6.78M 20m1s
#17 55.80 269300K .......... .......... .......... .......... ..........  3% 6.20M 20m1s
#17 55.81 269350K .......... .......... .......... .......... ..........  3% 6.77M 20m1s
#17 55.81 269400K .......... .......... .......... .......... ..........  3% 6.09M 20m1s
#17 55.82 269450K .......... .......... .......... .......... ..........  3% 6.32M 20m1s
#17 55.83 269500K .......... .......... .......... .......... ..........  3% 5.21M 20m1s
#17 55.84 269550K .......... .......... .......... .......... ..........  3% 5.77M 20m1s
#17 55.85 269600K .......... .......... .......... .......... ..........  3% 10.1M 20m1s
#17 55.85 269650K .......... .......... .......... .......... ..........  3% 3.69M 20m1s
#17 55.86 269700K .......... .......... .......... .......... ..........  3% 9.14M 20m1s
#17 55.87 269750K .......... .......... .......... .......... ..........  3% 5.35M 20m1s
#17 55.88 269800K .......... .......... .......... .......... ..........  3% 4.65M 20m1s
#17 55.89 269850K .......... .......... .......... .......... ..........  3% 6.29M 20m1s
#17 55.90 269900K .......... .......... .......... .......... ..........  3% 6.93M 20m1s
#17 55.91 269950K .......... .......... .......... .......... ..........  3% 5.43M 20m1s
#17 55.91 270000K .......... .......... .......... .......... ..........  3% 8.97M 20m1s
#17 55.92 270050K .......... .......... .......... .......... ..........  3% 5.76M 20m1s
#17 55.93 270100K .......... .......... .......... .......... ..........  3% 8.43M 20m1s
#17 55.93 270150K .......... .......... .......... .......... ..........  3% 5.63M 20m1s
#17 55.94 270200K .......... .......... .......... .......... ..........  3% 11.7M 20m1s
#17 55.95 270250K .......... .......... .......... .......... ..........  3% 4.73M 20m1s
#17 55.96 270300K .......... .......... .......... .......... ..........  3% 4.36M 20m1s
#17 55.97 270350K .......... .......... .......... .......... ..........  3% 4.95M 20m1s
#17 55.98 270400K .......... .......... .......... .......... ..........  3% 5.94M 20m1s
#17 55.98 270450K .......... .......... .......... .......... ..........  3% 8.07M 20m1s
#17 55.99 270500K .......... .......... .......... .......... ..........  3% 5.29M 20m1s
#17 56.00 270550K .......... .......... .......... .......... ..........  3% 11.3M 20m0s
#17 56.00 270600K .......... .......... .......... .......... ..........  3% 8.17M 20m0s
#17 56.01 270650K .......... .......... .......... .......... ..........  3% 7.34M 20m0s
#17 56.02 270700K .......... .......... .......... .......... ..........  3% 6.97M 20m0s
#17 56.02 270750K .......... .......... .......... .......... ..........  3% 7.89M 20m0s
#17 56.03 270800K .......... .......... .......... .......... ..........  3% 3.13M 20m0s
#17 56.05 270850K .......... .......... .......... .......... ..........  3% 18.3M 20m0s
#17 56.05 270900K .......... .......... .......... .......... ..........  3% 5.52M 20m0s
#17 56.06 270950K .......... .......... .......... .......... ..........  3% 4.92M 20m0s
#17 56.07 271000K .......... .......... .......... .......... ..........  4% 5.94M 20m0s
#17 56.08 271050K .......... .......... .......... .......... ..........  4% 4.89M 20m0s
#17 56.08 271100K .......... .......... .......... .......... ..........  4% 11.2M 20m0s
#17 56.09 271150K .......... .......... .......... .......... ..........  4% 6.90M 20m0s
#17 56.10 271200K .......... .......... .......... .......... ..........  4% 4.88M 20m0s
#17 56.11 271250K .......... .......... .......... .......... ..........  4% 4.38M 20m0s
#17 56.12 271300K .......... .......... .......... .......... ..........  4% 2.62M 20m0s
#17 56.14 271350K .......... .......... .......... .......... ..........  4% 1.45M 20m1s
#17 56.17 271400K .......... .......... .......... .......... ..........  4% 2.34M 20m1s
#17 56.19 271450K .......... .......... .......... .......... ..........  4% 1.76M 20m1s
#17 56.22 271500K .......... .......... .......... .......... ..........  4% 2.03M 20m2s
#17 56.24 271550K .......... .......... .......... .......... ..........  4% 1.92M 20m2s
#17 56.27 271600K .......... .......... .......... .......... ..........  4% 4.08M 20m2s
#17 56.28 271650K .......... .......... .......... .......... ..........  4% 2.25M 20m2s
#17 56.30 271700K .......... .......... .......... .......... ..........  4% 1.92M 20m3s
#17 56.33 271750K .......... .......... .......... .......... ..........  4% 1.52M 20m3s
#17 56.36 271800K .......... .......... .......... .......... ..........  4% 3.05M 20m4s
#17 56.38 271850K .......... .......... .......... .......... ..........  4% 2.53M 20m4s
#17 56.39 271900K .......... .......... .......... .......... ..........  4%  623K 20m5s
#17 56.47 271950K .......... .......... .......... .......... ..........  4% 3.98M 20m6s
#17 56.49 272000K .......... .......... .......... .......... ..........  4% 2.07M 20m6s
#17 56.51 272050K .......... .......... .......... .......... ..........  4% 3.40M 20m6s
#17 56.53 272100K .......... .......... .......... .......... ..........  4% 47.9M 20m6s
#17 56.53 272150K .......... .......... .......... .......... ..........  4% 1.97M 20m6s
#17 56.55 272200K .......... .......... .......... .......... ..........  4% 2.84M 20m6s
#17 56.57 272250K .......... .......... .......... .......... ..........  4% 3.76M 20m6s
#17 56.58 272300K .......... .......... .......... .......... ..........  4% 1.91M 20m7s
#17 56.61 272350K .......... .......... .......... .......... ..........  4% 2.13M 20m7s
#17 56.63 272400K .......... .......... .......... .......... ..........  4% 3.02M 20m7s
#17 56.65 272450K .......... .......... .......... .......... ..........  4% 3.68M 20m7s
#17 56.66 272500K .......... .......... .......... .......... ..........  4% 5.43M 20m7s
#17 56.67 272550K .......... .......... .......... .......... ..........  4% 3.46M 20m7s
#17 56.68 272600K .......... .......... .......... .......... ..........  4% 2.28M 20m8s
#17 56.70 272650K .......... .......... .......... .......... ..........  4% 2.68M 20m8s
#17 56.72 272700K .......... .......... .......... .......... ..........  4% 3.05M 20m8s
#17 56.74 272750K .......... .......... .......... .......... ..........  4% 3.90M 20m8s
#17 56.75 272800K .......... .......... .......... .......... ..........  4% 3.42M 20m8s
#17 56.76 272850K .......... .......... .......... .......... ..........  4% 4.31M 20m8s
#17 56.78 272900K .......... .......... .......... .......... ..........  4% 3.80M 20m8s
#17 56.79 272950K .......... .......... .......... .......... ..........  4% 4.20M 20m8s
#17 56.80 273000K .......... .......... .......... .......... ..........  4% 3.48M 20m8s
#17 56.81 273050K .......... .......... .......... .......... ..........  4% 4.39M 20m9s
#17 56.83 273100K .......... .......... .......... .......... ..........  4% 3.68M 20m9s
#17 56.84 273150K .......... .......... .......... .......... ..........  4% 3.50M 20m9s
#17 56.85 273200K .......... .......... .......... .......... ..........  4% 5.26M 20m9s
#17 56.86 273250K .......... .......... .......... .......... ..........  4% 4.51M 20m9s
#17 56.87 273300K .......... .......... .......... .......... ..........  4% 5.02M 20m9s
#17 56.88 273350K .......... .......... .......... .......... ..........  4% 2.58M 20m9s
#17 56.90 273400K .......... .......... .......... .......... ..........  4% 4.50M 20m9s
#17 56.91 273450K .......... .......... .......... .......... ..........  4% 3.42M 20m9s
#17 56.93 273500K .......... .......... .......... .......... ..........  4% 4.51M 20m9s
#17 56.94 273550K .......... .......... .......... .......... ..........  4% 4.16M 20m9s
#17 56.95 273600K .......... .......... .......... .......... ..........  4% 3.23M 20m9s
#17 56.96 273650K .......... .......... .......... .......... ..........  4% 4.01M 20m9s
#17 56.98 273700K .......... .......... .......... .......... ..........  4% 4.39M 20m9s
#17 56.99 273750K .......... .......... .......... .......... ..........  4% 3.59M 20m9s
#17 57.00 273800K .......... .......... .......... .......... ..........  4% 3.41M 20m10s
#17 57.02 273850K .......... .......... .......... .......... ..........  4% 3.19M 20m10s
#17 57.03 273900K .......... .......... .......... .......... ..........  4% 3.43M 20m10s
#17 57.05 273950K .......... .......... .......... .......... ..........  4% 4.34M 20m10s
#17 57.06 274000K .......... .......... .......... .......... ..........  4% 3.91M 20m10s
#17 57.07 274050K .......... .......... .......... .......... ..........  4% 3.02M 20m10s
#17 57.09 274100K .......... .......... .......... .......... ..........  4% 3.18M 20m10s
#17 57.10 274150K .......... .......... .......... .......... ..........  4% 3.84M 20m10s
#17 57.11 274200K .......... .......... .......... .......... ..........  4% 4.62M 20m10s
#17 57.12 274250K .......... .......... .......... .......... ..........  4% 3.56M 20m10s
#17 57.14 274300K .......... .......... .......... .......... ..........  4% 3.99M 20m10s
#17 57.15 274350K .......... .......... .......... .......... ..........  4% 3.36M 20m11s
#17 57.16 274400K .......... .......... .......... .......... ..........  4% 4.72M 20m11s
#17 57.17 274450K .......... .......... .......... .......... ..........  4% 3.82M 20m11s
#17 57.19 274500K .......... .......... .......... .......... ..........  4% 3.63M 20m11s
#17 57.20 274550K .......... .......... .......... .......... ..........  4% 4.58M 20m11s
#17 57.21 274600K .......... .......... .......... .......... ..........  4% 4.81M 20m11s
#17 57.23 274650K .......... .......... .......... .......... ..........  4% 2.87M 20m11s
#17 57.24 274700K .......... .......... .......... .......... ..........  4% 4.91M 20m11s
#17 57.25 274750K .......... .......... .......... .......... ..........  4% 4.75M 20m11s
#17 57.26 274800K .......... .......... .......... .......... ..........  4% 3.82M 20m11s
#17 57.27 274850K .......... .......... .......... .......... ..........  4% 2.42M 20m11s
#17 57.29 274900K .......... .......... .......... .......... ..........  4% 4.16M 20m11s
#17 57.30 274950K .......... .......... .......... .......... ..........  4% 3.95M 20m11s
#17 57.32 275000K .......... .......... .......... .......... ..........  4% 6.82M 20m11s
#17 57.33 275050K .......... .......... .......... .......... ..........  4% 3.31M 20m11s
#17 57.34 275100K .......... .......... .......... .......... ..........  4% 5.99M 20m11s
#17 57.35 275150K .......... .......... .......... .......... ..........  4% 4.64M 20m11s
#17 57.36 275200K .......... .......... .......... .......... ..........  4% 5.40M 20m11s
#17 57.37 275250K .......... .......... .......... .......... ..........  4% 3.78M 20m12s
#17 57.38 275300K .......... .......... .......... .......... ..........  4% 4.96M 20m12s
#17 57.39 275350K .......... .......... .......... .......... ..........  4% 4.35M 20m12s
#17 57.40 275400K .......... .......... .......... .......... ..........  4% 2.27M 20m12s
#17 57.46 275450K .......... .......... .......... .......... ..........  4%  946K 20m13s
#17 57.47 275500K .......... .......... .......... .......... ..........  4% 4.45M 20m13s
#17 57.48 275550K .......... .......... .......... .......... ..........  4% 4.81M 20m13s
#17 57.50 275600K .......... .......... .......... .......... ..........  4% 5.13M 20m13s
#17 57.50 275650K .......... .......... .......... .......... ..........  4% 4.97M 20m13s
#17 57.51 275700K .......... .......... .......... .......... ..........  4% 4.56M 20m13s
#17 57.53 275750K .......... .......... .......... .......... ..........  4% 5.33M 20m13s
#17 57.53 275800K .......... .......... .......... .......... ..........  4% 3.90M 20m13s
#17 57.55 275850K .......... .......... .......... .......... ..........  4% 2.58M 20m13s
#17 57.57 275900K .......... .......... .......... .......... ..........  4% 2.71M 20m13s
#17 57.58 275950K .......... .......... .......... .......... ..........  4% 4.39M 20m13s
#17 57.60 276000K .......... .......... .......... .......... ..........  4% 7.56M 20m13s
#17 57.60 276050K .......... .......... .......... .......... ..........  4% 5.11M 20m13s
#17 57.61 276100K .......... .......... .......... .......... ..........  4% 7.11M 20m13s
#17 57.62 276150K .......... .......... .......... .......... ..........  4% 5.20M 20m13s
#17 57.63 276200K .......... .......... .......... .......... ..........  4% 8.26M 20m13s
#17 57.64 276250K .......... .......... .......... .......... ..........  4% 4.07M 20m13s
#17 57.65 276300K .......... .......... .......... .......... ..........  4% 6.70M 20m13s
#17 57.65 276350K .......... .......... .......... .......... ..........  4% 2.79M 20m13s
#17 57.67 276400K .......... .......... .......... .......... ..........  4% 5.47M 20m13s
#17 57.68 276450K .......... .......... .......... .......... ..........  4% 6.66M 20m13s
#17 57.69 276500K .......... .......... .......... .......... ..........  4% 6.64M 20m13s
#17 57.69 276550K .......... .......... .......... .......... ..........  4% 1.47M 20m14s
#17 57.73 276600K .......... .......... .......... .......... ..........  4% 4.26M 20m14s
#17 57.74 276650K .......... .......... .......... .......... ..........  4% 4.24M 20m14s
#17 57.75 276700K .......... .......... .......... .......... ..........  4% 4.90M 20m14s
#17 57.76 276750K .......... .......... .......... .......... ..........  4% 4.82M 20m14s
#17 57.77 276800K .......... .......... .......... .......... ..........  4% 5.06M 20m14s
#17 57.78 276850K .......... .......... .......... .......... ..........  4% 5.78M 20m14s
#17 57.79 276900K .......... .......... .......... .......... ..........  4% 4.47M 20m14s
#17 57.80 276950K .......... .......... .......... .......... ..........  4% 7.90M 20m14s
#17 57.81 277000K .......... .......... .......... .......... ..........  4% 5.15M 20m14s
#17 57.82 277050K .......... .......... .......... .......... ..........  4% 4.46M 20m14s
#17 57.83 277100K .......... .......... .......... .......... ..........  4% 3.78M 20m14s
#17 57.84 277150K .......... .......... .......... .......... ..........  4% 6.23M 20m14s
#17 57.85 277200K .......... .......... .......... .......... ..........  4% 3.95M 20m14s
#17 57.86 277250K .......... .......... .......... .......... ..........  4% 9.28M 20m14s
#17 57.86 277300K .......... .......... .......... .......... ..........  4% 5.16M 20m14s
#17 57.87 277350K .......... .......... .......... .......... ..........  4% 7.03M 20m14s
#17 57.88 277400K .......... .......... .......... .......... ..........  4% 7.47M 20m14s
#17 57.89 277450K .......... .......... .......... .......... ..........  4% 5.36M 20m14s
#17 57.90 277500K .......... .......... .......... .......... ..........  4% 4.54M 20m14s
#17 57.91 277550K .......... .......... .......... .......... ..........  4% 6.56M 20m14s
#17 57.91 277600K .......... .......... .......... .......... ..........  4% 4.53M 20m14s
#17 57.92 277650K .......... .......... .......... .......... ..........  4% 5.29M 20m14s
#17 57.93 277700K .......... .......... .......... .......... ..........  4% 5.12M 20m14s
#17 57.94 277750K .......... .......... .......... .......... ..........  4% 4.32M 20m14s
#17 57.96 277800K .......... .......... .......... .......... ..........  4% 8.12M 20m14s
#17 57.96 277850K .......... .......... .......... .......... ..........  4% 6.19M 20m14s
#17 57.97 277900K .......... .......... .......... .......... ..........  4% 2.26M 20m14s
#17 57.99 277950K .......... .......... .......... .......... ..........  4% 82.6M 20m14s
#17 57.99 278000K .......... .......... .......... .......... ..........  4% 4.37M 20m14s
#17 58.00 278050K .......... .......... .......... .......... ..........  4% 64.3M 20m13s
#17 58.00 278100K .......... .......... .......... .......... ..........  4% 3.90M 20m13s
#17 58.02 278150K .......... .......... .......... .......... ..........  4% 25.8M 20m13s
#17 58.02 278200K .......... .......... .......... .......... ..........  4% 6.71M 20m13s
#17 58.03 278250K .......... .......... .......... .......... ..........  4% 5.23M 20m13s
#17 58.03 278300K .......... .......... .......... .......... ..........  4% 4.22M 20m13s
#17 58.05 278350K .......... .......... .......... .......... ..........  4% 4.53M 20m13s
#17 58.06 278400K .......... .......... .......... .......... ..........  4% 7.97M 20m13s
#17 58.06 278450K .......... .......... .......... .......... ..........  4% 7.02M 20m13s
#17 58.07 278500K .......... .......... .......... .......... ..........  4% 10.6M 20m13s
#17 58.07 278550K .......... .......... .......... .......... ..........  4% 9.71M 20m13s
#17 58.08 278600K .......... .......... .......... .......... ..........  4% 5.34M 20m13s
#17 58.09 278650K .......... .......... .......... .......... ..........  4% 5.40M 20m13s
#17 58.10 278700K .......... .......... .......... .......... ..........  4% 11.2M 20m13s
#17 58.10 278750K .......... .......... .......... .......... ..........  4% 5.37M 20m13s
#17 58.11 278800K .......... .......... .......... .......... ..........  4% 5.80M 20m13s
#17 58.12 278850K .......... .......... .......... .......... ..........  4% 5.61M 20m13s
#17 58.13 278900K .......... .......... .......... .......... ..........  4% 7.48M 20m13s
#17 58.13 278950K .......... .......... .......... .......... ..........  4% 7.24M 20m13s
#17 58.14 279000K .......... .......... .......... .......... ..........  4% 7.78M 20m12s
#17 58.15 279050K .......... .......... .......... .......... ..........  4% 5.79M 20m12s
#17 58.16 279100K .......... .......... .......... .......... ..........  4% 7.28M 20m12s
#17 58.17 279150K .......... .......... .......... .......... ..........  4% 5.53M 20m12s
#17 58.17 279200K .......... .......... .......... .......... ..........  4% 6.30M 20m12s
#17 58.18 279250K .......... .......... .......... .......... ..........  4% 6.19M 20m12s
#17 58.19 279300K .......... .......... .......... .......... ..........  4% 6.65M 20m12s
#17 58.19 279350K .......... .......... .......... .......... ..........  4% 6.10M 20m12s
#17 58.20 279400K .......... .......... .......... .......... ..........  4% 6.20M 20m12s
#17 58.21 279450K .......... .......... .......... .......... ..........  4% 3.92M 20m12s
#17 58.22 279500K .......... .......... .......... .......... ..........  4% 5.85M 20m12s
#17 58.23 279550K .......... .......... .......... .......... ..........  4% 5.63M 20m12s
#17 58.24 279600K .......... .......... .......... .......... ..........  4% 7.51M 20m12s
#17 58.25 279650K .......... .......... .......... .......... ..........  4% 4.75M 20m12s
#17 58.26 279700K .......... .......... .......... .......... ..........  4% 8.85M 20m12s
#17 58.26 279750K .......... .......... .......... .......... ..........  4% 7.73M 20m12s
#17 58.27 279800K .......... .......... .......... .......... ..........  4% 6.49M 20m12s
#17 58.28 279850K .......... .......... .......... .......... ..........  4% 6.01M 20m12s
#17 58.28 279900K .......... .......... .......... .......... ..........  4% 6.42M 20m12s
#17 58.29 279950K .......... .......... .......... .......... ..........  4% 4.47M 20m12s
#17 58.30 280000K .......... .......... .......... .......... ..........  4% 6.28M 20m12s
#17 58.31 280050K .......... .......... .......... .......... ..........  4% 6.10M 20m12s
#17 58.32 280100K .......... .......... .......... .......... ..........  4% 5.01M 20m12s
#17 58.33 280150K .......... .......... .......... .......... ..........  4% 6.56M 20m12s
#17 58.34 280200K .......... .......... .......... .......... ..........  4% 10.8M 20m12s
#17 58.35 280250K .......... .......... .......... .......... ..........  4% 3.32M 20m12s
#17 58.35 280300K .......... .......... .......... .......... ..........  4% 21.4M 20m11s
#17 58.36 280350K .......... .......... .......... .......... ..........  4% 5.06M 20m11s
#17 58.37 280400K .......... .......... .......... .......... ..........  4% 5.63M 20m11s
#17 58.38 280450K .......... .......... .......... .......... ..........  4% 4.91M 20m11s
#17 58.38 280500K .......... .......... .......... .......... ..........  4% 5.25M 20m11s
#17 58.39 280550K .......... .......... .......... .......... ..........  4% 5.09M 20m11s
#17 58.40 280600K .......... .......... .......... .......... ..........  4% 6.14M 20m11s
#17 58.42 280650K .......... .......... .......... .......... ..........  4% 3.73M 20m11s
#17 58.43 280700K .......... .......... .......... .......... ..........  4% 8.23M 20m11s
#17 58.43 280750K .......... .......... .......... .......... ..........  4% 5.77M 20m11s
#17 58.44 280800K .......... .......... .......... .......... ..........  4% 5.59M 20m11s
#17 58.45 280850K .......... .......... .......... .......... ..........  4% 6.33M 20m11s
#17 58.46 280900K .......... .......... .......... .......... ..........  4% 6.16M 20m11s
#17 58.46 280950K .......... .......... .......... .......... ..........  4% 11.3M 20m11s
#17 58.47 281000K .......... .......... .......... .......... ..........  4% 5.71M 20m11s
#17 58.48 281050K .......... .......... .......... .......... ..........  4% 4.87M 20m11s
#17 58.49 281100K .......... .......... .......... .......... ..........  4% 5.18M 20m11s
#17 58.50 281150K .......... .......... .......... .......... ..........  4% 5.83M 20m11s
#17 58.51 281200K .......... .......... .......... .......... ..........  4% 6.87M 20m11s
#17 58.51 281250K .......... .......... .......... .......... ..........  4% 4.96M 20m11s
#17 58.52 281300K .......... .......... .......... .......... ..........  4% 9.31M 20m11s
#17 58.53 281350K .......... .......... .......... .......... ..........  4% 2.70M 20m11s
#17 58.54 281400K .......... .......... .......... .......... ..........  4% 1.84M 20m11s
#17 58.58 281450K .......... .......... .......... .......... ..........  4% 2.88M 20m12s
#17 58.59 281500K .......... .......... .......... .......... ..........  4% 1.64M 20m12s
#17 58.62 281550K .......... .......... .......... .......... ..........  4% 6.67M 20m12s
#17 58.63 281600K .......... .......... .......... .......... ..........  4% 5.09M 20m12s
#17 58.64 281650K .......... .......... .......... .......... ..........  4% 6.03M 20m12s
#17 58.64 281700K .......... .......... .......... .......... ..........  4% 8.60M 20m12s
#17 58.65 281750K .......... .......... .......... .......... ..........  4% 7.09M 20m12s
#17 58.66 281800K .......... .......... .......... .......... ..........  4% 5.56M 20m12s
#17 58.66 281850K .......... .......... .......... .......... ..........  4% 4.70M 20m12s
#17 58.67 281900K .......... .......... .......... .......... ..........  4% 8.20M 20m12s
#17 58.68 281950K .......... .......... .......... .......... ..........  4% 4.64M 20m12s
#17 58.69 282000K .......... .......... .......... .......... ..........  4% 6.74M 20m12s
#17 58.70 282050K .......... .......... .......... .......... ..........  4% 4.61M 20m12s
#17 58.71 282100K .......... .......... .......... .......... ..........  4% 7.17M 20m12s
#17 58.72 282150K .......... .......... .......... .......... ..........  4% 3.12M 20m12s
#17 58.73 282200K .......... .......... .......... .......... ..........  4% 17.5M 20m12s
#17 58.73 282250K .......... .......... .......... .......... ..........  4% 12.1M 20m11s
#17 58.74 282300K .......... .......... .......... .......... ..........  4% 6.64M 20m11s
#17 58.75 282350K .......... .......... .......... .......... ..........  4% 4.90M 20m11s
#17 58.76 282400K .......... .......... .......... .......... ..........  4% 13.8M 20m11s
#17 58.76 282450K .......... .......... .......... .......... ..........  4% 5.22M 20m11s
#17 58.77 282500K .......... .......... .......... .......... ..........  4% 5.08M 20m11s
#17 58.78 282550K .......... .......... .......... .......... ..........  4% 4.82M 20m11s
#17 58.79 282600K .......... .......... .......... .......... ..........  4% 5.77M 20m11s
#17 58.80 282650K .......... .......... .......... .......... ..........  4% 6.59M 20m11s
#17 58.80 282700K .......... .......... .......... .......... ..........  4% 5.88M 20m11s
#17 58.81 282750K .......... .......... .......... .......... ..........  4% 10.2M 20m11s
#17 58.82 282800K .......... .......... .......... .......... ..........  4% 6.16M 20m11s
#17 58.83 282850K .......... .......... .......... .......... ..........  4% 5.56M 20m11s
#17 58.84 282900K .......... .......... .......... .......... ..........  4% 5.97M 20m11s
#17 58.84 282950K .......... .......... .......... .......... ..........  4% 7.45M 20m11s
#17 58.85 283000K .......... .......... .......... .......... ..........  4% 8.69M 20m11s
#17 58.85 283050K .......... .......... .......... .......... ..........  4% 4.60M 20m11s
#17 58.87 283100K .......... .......... .......... .......... ..........  4% 5.83M 20m11s
#17 58.87 283150K .......... .......... .......... .......... ..........  4% 6.00M 20m11s
#17 58.88 283200K .......... .......... .......... .......... ..........  4% 4.25M 20m11s
#17 58.89 283250K .......... .......... .......... .......... ..........  4% 7.95M 20m11s
#17 58.90 283300K .......... .......... .......... .......... ..........  4% 5.93M 20m11s
#17 58.91 283350K .......... .......... .......... .......... ..........  4% 7.06M 20m11s
#17 58.91 283400K .......... .......... .......... .......... ..........  4% 4.33M 20m11s
#17 58.93 283450K .......... .......... .......... .......... ..........  4% 6.92M 20m11s
#17 58.93 283500K .......... .......... .......... .......... ..........  4% 6.37M 20m11s
#17 58.94 283550K .......... .......... .......... .......... ..........  4% 11.6M 20m10s
#17 58.94 283600K .......... .......... .......... .......... ..........  4% 5.41M 20m10s
#17 58.95 283650K .......... .......... .......... .......... ..........  4% 8.46M 20m10s
#17 58.96 283700K .......... .......... .......... .......... ..........  4% 4.06M 20m10s
#17 58.97 283750K .......... .......... .......... .......... ..........  4% 6.87M 20m10s
#17 58.98 283800K .......... .......... .......... .......... ..........  4% 4.55M 20m10s
#17 58.99 283850K .......... .......... .......... .......... ..........  4% 5.33M 20m10s
#17 59.00 283900K .......... .......... .......... .......... ..........  4% 6.73M 20m10s
#17 59.01 283950K .......... .......... .......... .......... ..........  4% 9.08M 20m10s
#17 59.01 284000K .......... .......... .......... .......... ..........  4% 6.04M 20m10s
#17 59.02 284050K .......... .......... .......... .......... ..........  4% 7.55M 20m10s
#17 59.03 284100K .......... .......... .......... .......... ..........  4% 5.39M 20m10s
#17 59.04 284150K .......... .......... .......... .......... ..........  4% 7.40M 20m10s
#17 59.04 284200K .......... .......... .......... .......... ..........  4% 1.95M 20m10s
#17 59.07 284250K .......... .......... .......... .......... ..........  4% 24.0M 20m10s
#17 59.07 284300K .......... .......... .......... .......... ..........  4% 60.1M 20m10s
#17 59.07 284350K .......... .......... .......... .......... ..........  4% 6.68M 20m10s
#17 59.08 284400K .......... .......... .......... .......... ..........  4% 7.84M 20m10s
#17 59.08 284450K .......... .......... .......... .......... ..........  4% 8.66M 20m10s
#17 59.09 284500K .......... .......... .......... .......... ..........  4% 4.14M 20m10s
#17 59.10 284550K .......... .......... .......... .......... ..........  4% 7.23M 20m10s
#17 59.11 284600K .......... .......... .......... .......... ..........  4% 8.34M 20m10s
#17 59.11 284650K .......... .......... .......... .......... ..........  4% 5.24M 20m10s
#17 59.12 284700K .......... .......... .......... .......... ..........  4% 7.00M 20m10s
#17 59.13 284750K .......... .......... .......... .......... ..........  4% 6.38M 20m9s
#17 59.14 284800K .......... .......... .......... .......... ..........  4% 7.39M 20m9s
#17 59.14 284850K .......... .......... .......... .......... ..........  4% 7.61M 20m9s
#17 59.15 284900K .......... .......... .......... .......... ..........  4% 3.88M 20m9s
#17 59.16 284950K .......... .......... .......... .......... ..........  4% 4.19M 20m9s
#17 59.17 285000K .......... .......... .......... .......... ..........  4% 6.79M 20m9s
#17 59.18 285050K .......... .......... .......... .......... ..........  4% 8.64M 20m9s
#17 59.19 285100K .......... .......... .......... .......... ..........  4% 6.82M 20m9s
#17 59.19 285150K .......... .......... .......... .......... ..........  4% 6.34M 20m9s
#17 59.21 285200K .......... .......... .......... .......... ..........  4% 9.18M 20m9s
#17 59.21 285250K .......... .......... .......... .......... ..........  4% 12.1M 20m9s
#17 59.22 285300K .......... .......... .......... .......... ..........  4% 4.26M 20m9s
#17 59.22 285350K .......... .......... .......... .......... ..........  4% 5.74M 20m9s
#17 59.23 285400K .......... .......... .......... .......... ..........  4% 4.68M 20m9s
#17 59.24 285450K .......... .......... .......... .......... ..........  4% 7.79M 20m9s
#17 59.25 285500K .......... .......... .......... .......... ..........  4% 5.38M 20m9s
#17 59.26 285550K .......... .......... .......... .......... ..........  4% 6.14M 20m9s
#17 59.26 285600K .......... .......... .......... .......... ..........  4% 6.51M 20m9s
#17 59.27 285650K .......... .......... .......... .......... ..........  4% 7.04M 20m9s
#17 59.28 285700K .......... .......... .......... .......... ..........  4% 5.12M 20m9s
#17 59.29 285750K .......... .......... .......... .......... ..........  4% 9.14M 20m9s
#17 59.29 285800K .......... .......... .......... .......... ..........  4% 5.31M 20m9s
#17 59.30 285850K .......... .......... .......... .......... ..........  4% 9.13M 20m9s
#17 59.31 285900K .......... .......... .......... .......... ..........  4% 5.55M 20m8s
#17 59.32 285950K .......... .......... .......... .......... ..........  4% 21.6M 20m8s
#17 59.32 286000K .......... .......... .......... .......... ..........  4% 4.27M 20m8s
#17 59.33 286050K .......... .......... .......... .......... ..........  4% 8.61M 20m8s
#17 59.34 286100K .......... .......... .......... .......... ..........  4% 4.88M 20m8s
#17 59.35 286150K .......... .......... .......... .......... ..........  4% 8.07M 20m8s
#17 59.35 286200K .......... .......... .......... .......... ..........  4% 3.92M 20m8s
#17 59.37 286250K .......... .......... .......... .......... ..........  4% 33.2M 20m8s
#17 59.37 286300K .......... .......... .......... .......... ..........  4% 5.92M 20m8s
#17 59.37 286350K .......... .......... .......... .......... ..........  4% 11.0M 20m8s
#17 59.38 286400K .......... .......... .......... .......... ..........  4% 5.88M 20m8s
#17 59.39 286450K .......... .......... .......... .......... ..........  4% 9.67M 20m8s
#17 59.39 286500K .......... .......... .......... .......... ..........  4% 4.52M 20m8s
#17 59.40 286550K .......... .......... .......... .......... ..........  4% 11.3M 20m8s
#17 59.41 286600K .......... .......... .......... .......... ..........  4% 7.78M 20m8s
#17 59.41 286650K .......... .......... .......... .......... ..........  4% 4.75M 20m8s
#17 59.42 286700K .......... .......... .......... .......... ..........  4% 6.87M 20m8s
#17 59.43 286750K .......... .......... .......... .......... ..........  4% 9.95M 20m7s
#17 59.44 286800K .......... .......... .......... .......... ..........  4% 5.76M 20m7s
#17 59.45 286850K .......... .......... .......... .......... ..........  4% 4.84M 20m7s
#17 59.45 286900K .......... .......... .......... .......... ..........  4% 5.33M 20m7s
#17 59.46 286950K .......... .......... .......... .......... ..........  4% 10.2M 20m7s
#17 59.47 287000K .......... .......... .......... .......... ..........  4% 10.6M 20m7s
#17 59.47 287050K .......... .......... .......... .......... ..........  4% 6.25M 20m7s
#17 59.48 287100K .......... .......... .......... .......... ..........  4% 7.86M 20m7s
#17 59.49 287150K .......... .......... .......... .......... ..........  4% 6.87M 20m7s
#17 59.49 287200K .......... .......... .......... .......... ..........  4% 7.09M 20m7s
#17 59.50 287250K .......... .......... .......... .......... ..........  4% 12.9M 20m7s
#17 59.51 287300K .......... .......... .......... .......... ..........  4% 6.53M 20m7s
#17 59.51 287350K .......... .......... .......... .......... ..........  4% 5.00M 20m7s
#17 59.53 287400K .......... .......... .......... .......... ..........  4% 6.68M 20m7s
#17 59.53 287450K .......... .......... .......... .......... ..........  4% 5.75M 20m7s
#17 59.54 287500K .......... .......... .......... .......... ..........  4% 4.94M 20m7s
#17 59.55 287550K .......... .......... .......... .......... ..........  4% 7.81M 20m7s
#17 59.55 287600K .......... .......... .......... .......... ..........  4% 12.5M 20m6s
#17 59.56 287650K .......... .......... .......... .......... ..........  4% 5.59M 20m6s
#17 59.57 287700K .......... .......... .......... .......... ..........  4% 8.35M 20m6s
#17 59.57 287750K .......... .......... .......... .......... ..........  4% 6.05M 20m6s
#17 59.58 287800K .......... .......... .......... .......... ..........  4% 5.32M 20m6s
#17 59.59 287850K .......... .......... .......... .......... ..........  4% 6.93M 20m6s
#17 59.60 287900K .......... .......... .......... .......... ..........  4% 6.57M 20m6s
#17 59.61 287950K .......... .......... .......... .......... ..........  4% 6.96M 20m6s
#17 59.61 288000K .......... .......... .......... .......... ..........  4% 7.19M 20m6s
#17 59.62 288050K .......... .......... .......... .......... ..........  4% 3.08M 20m6s
#17 59.63 288100K .......... .......... .......... .......... ..........  4% 3.05M 20m6s
#17 59.65 288150K .......... .......... .......... .......... ..........  4% 40.5M 20m6s
#17 59.65 288200K .......... .......... .......... .......... ..........  4% 3.59M 20m6s
#17 59.67 288250K .......... .......... .......... .......... ..........  4% 15.5M 20m6s
#17 59.67 288300K .......... .......... .......... .......... ..........  4% 7.42M 20m6s
#17 59.67 288350K .......... .......... .......... .......... ..........  4% 5.27M 20m6s
#17 59.68 288400K .......... .......... .......... .......... ..........  4% 8.54M 20m6s
#17 59.69 288450K .......... .......... .......... .......... ..........  4% 5.60M 20m6s
#17 59.70 288500K .......... .......... .......... .......... ..........  4% 5.44M 20m6s
#17 59.71 288550K .......... .......... .......... .......... ..........  4% 2.87M 20m6s
#17 59.73 288600K .......... .......... .......... .......... ..........  4% 2.68M 20m6s
#17 59.74 288650K .......... .......... .......... .......... ..........  4% 5.55M 20m6s
#17 59.75 288700K .......... .......... .......... .......... ..........  4% 5.08M 20m6s
#17 59.76 288750K .......... .......... .......... .......... ..........  4% 7.25M 20m6s
#17 59.77 288800K .......... .......... .......... .......... ..........  4% 4.88M 20m6s
#17 59.78 288850K .......... .......... .......... .......... ..........  4% 4.92M 20m6s
#17 59.79 288900K .......... .......... .......... .......... ..........  4% 6.08M 20m6s
#17 59.80 288950K .......... .......... .......... .......... ..........  4% 4.17M 20m6s
#17 59.81 289000K .......... .......... .......... .......... ..........  4% 5.47M 20m6s
#17 59.82 289050K .......... .......... .......... .......... ..........  4% 5.39M 20m6s
#17 59.83 289100K .......... .......... .......... .......... ..........  4% 4.84M 20m6s
#17 59.84 289150K .......... .......... .......... .......... ..........  4% 8.21M 20m6s
#17 59.84 289200K .......... .......... .......... .......... ..........  4% 3.88M 20m6s
#17 59.86 289250K .......... .......... .......... .......... ..........  4% 8.74M 20m6s
#17 59.86 289300K .......... .......... .......... .......... ..........  4% 5.50M 20m6s
#17 59.87 289350K .......... .......... .......... .......... ..........  4% 9.41M 20m6s
#17 59.88 289400K .......... .......... .......... .......... ..........  4% 6.20M 20m6s
#17 59.88 289450K .......... .......... .......... .......... ..........  4% 9.99M 20m6s
#17 59.89 289500K .......... .......... .......... .......... ..........  4% 4.58M 20m6s
#17 59.90 289550K .......... .......... .......... .......... ..........  4% 6.39M 20m6s
#17 59.91 289600K .......... .......... .......... .......... ..........  4% 5.43M 20m6s
#17 59.91 289650K .......... .......... .......... .......... ..........  4% 9.10M 20m6s
#17 59.92 289700K .......... .......... .......... .......... ..........  4% 5.91M 20m6s
#17 59.93 289750K .......... .......... .......... .......... ..........  4% 8.32M 20m6s
#17 59.94 289800K .......... .......... .......... .......... ..........  4% 5.00M 20m6s
#17 59.94 289850K .......... .......... .......... .......... ..........  4% 7.45M 20m5s
#17 59.95 289900K .......... .......... .......... .......... ..........  4% 7.58M 20m5s
#17 59.96 289950K .......... .......... .......... .......... ..........  4% 6.56M 20m5s
#17 59.96 290000K .......... .......... .......... .......... ..........  4% 8.46M 20m5s
#17 59.97 290050K .......... .......... .......... .......... ..........  4% 7.79M 20m5s
#17 59.98 290100K .......... .......... .......... .......... ..........  4% 1.51M 20m6s
#17 60.01 290150K .......... .......... .......... .......... ..........  4% 3.27M 20m6s
#17 60.03 290200K .......... .......... .......... .......... ..........  4% 5.64M 20m6s
#17 60.03 290250K .......... .......... .......... .......... ..........  4% 7.33M 20m6s
#17 60.04 290300K .......... .......... .......... .......... ..........  4% 6.50M 20m6s
#17 60.05 290350K .......... .......... .......... .......... ..........  4% 6.86M 20m6s
#17 60.05 290400K .......... .......... .......... .......... ..........  4% 6.32M 20m6s
#17 60.06 290450K .......... .......... .......... .......... ..........  4% 4.74M 20m6s
#17 60.09 290500K .......... .......... .......... .......... ..........  4% 7.18M 20m5s
#17 60.09 290550K .......... .......... .......... .......... ..........  4% 3.74M 20m6s
#17 60.09 290600K .......... .......... .......... .......... ..........  4% 22.3M 20m5s
#17 60.09 290650K .......... .......... .......... .......... ..........  4% 6.13M 20m5s
#17 60.10 290700K .......... .......... .......... .......... ..........  4% 8.10M 20m5s
#17 60.11 290750K .......... .......... .......... .......... ..........  4% 5.64M 20m5s
#17 60.12 290800K .......... .......... .......... .......... ..........  4% 9.40M 20m5s
#17 60.12 290850K .......... .......... .......... .......... ..........  4% 7.38M 20m5s
#17 60.13 290900K .......... .......... .......... .......... ..........  4% 5.74M 20m5s
#17 60.14 290950K .......... .......... .......... .......... ..........  4% 4.23M 20m5s
#17 60.15 291000K .......... .......... .......... .......... ..........  4% 7.91M 20m5s
#17 60.16 291050K .......... .......... .......... .......... ..........  4% 4.38M 20m5s
#17 60.16 291100K .......... .......... .......... .......... ..........  4% 9.40M 20m5s
#17 60.17 291150K .......... .......... .......... .......... ..........  4% 7.83M 20m5s
#17 60.18 291200K .......... .......... .......... .......... ..........  4% 5.99M 20m5s
#17 60.18 291250K .......... .......... .......... .......... ..........  4% 8.95M 20m5s
#17 60.19 291300K .......... .......... .......... .......... ..........  4% 1016K 20m6s
#17 60.24 291350K .......... .......... .......... .......... ..........  4% 3.37M 20m6s
#17 60.26 291400K .......... .......... .......... .......... ..........  4% 3.55M 20m6s
#17 60.27 291450K .......... .......... .......... .......... ..........  4% 3.32M 20m6s
#17 60.28 291500K .......... .......... .......... .......... ..........  4% 9.00M 20m6s
#17 60.29 291550K .......... .......... .......... .......... ..........  4% 5.31M 20m6s
#17 60.30 291600K .......... .......... .......... .......... ..........  4% 12.4M 20m6s
#17 60.30 291650K .......... .......... .......... .......... ..........  4% 6.33M 20m6s
#17 60.31 291700K .......... .......... .......... .......... ..........  4% 7.36M 20m6s
#17 60.31 291750K .......... .......... .......... .......... ..........  4% 3.36M 20m6s
#17 60.33 291800K .......... .......... .......... .......... ..........  4% 4.66M 20m6s
#17 60.34 291850K .......... .......... .......... .......... ..........  4% 3.16M 20m6s
#17 60.36 291900K .......... .......... .......... .......... ..........  4% 4.62M 20m6s
#17 60.37 291950K .......... .......... .......... .......... ..........  4% 8.19M 20m6s
#17 60.37 292000K .......... .......... .......... .......... ..........  4% 5.43M 20m6s
#17 60.38 292050K .......... .......... .......... .......... ..........  4% 4.96M 20m6s
#17 60.39 292100K .......... .......... .......... .......... ..........  4% 6.69M 20m6s
#17 60.40 292150K .......... .......... .......... .......... ..........  4% 5.14M 20m6s
#17 60.41 292200K .......... .......... .......... .......... ..........  4% 6.10M 20m6s
#17 60.42 292250K .......... .......... .......... .......... ..........  4% 1.28M 20m6s
#17 60.45 292300K .......... .......... .......... .......... ..........  4% 2.75M 20m6s
#17 60.47 292350K .......... .......... .......... .......... ..........  4% 4.18M 20m7s
#17 60.48 292400K .......... .......... .......... .......... ..........  4% 8.24M 20m6s
#17 60.49 292450K .......... .......... .......... .......... ..........  4% 5.79M 20m6s
#17 60.50 292500K .......... .......... .......... .......... ..........  4% 5.93M 20m6s
#17 60.51 292550K .......... .......... .......... .......... ..........  4% 6.29M 20m6s
#17 60.52 292600K .......... .......... .......... .......... ..........  4% 5.40M 20m6s
#17 60.52 292650K .......... .......... .......... .......... ..........  4% 5.34M 20m6s
#17 60.53 292700K .......... .......... .......... .......... ..........  4% 6.62M 20m6s
#17 60.54 292750K .......... .......... .......... .......... ..........  4% 5.25M 20m6s
#17 60.55 292800K .......... .......... .......... .......... ..........  4% 5.47M 20m6s
#17 60.56 292850K .......... .......... .......... .......... ..........  4% 3.90M 20m6s
#17 60.57 292900K .......... .......... .......... .......... ..........  4% 6.73M 20m6s
#17 60.58 292950K .......... .......... .......... .......... ..........  4% 5.64M 20m6s
#17 60.59 293000K .......... .......... .......... .......... ..........  4% 5.09M 20m6s
#17 60.60 293050K .......... .......... .......... .......... ..........  4% 6.16M 20m6s
#17 60.60 293100K .......... .......... .......... .......... ..........  4% 9.74M 20m6s
#17 60.61 293150K .......... .......... .......... .......... ..........  4% 4.55M 20m6s
#17 60.62 293200K .......... .......... .......... .......... ..........  4% 6.27M 20m6s
#17 60.63 293250K .......... .......... .......... .......... ..........  4% 4.18M 20m6s
#17 60.64 293300K .......... .......... .......... .......... ..........  4% 7.63M 20m6s
#17 60.65 293350K .......... .......... .......... .......... ..........  4% 5.69M 20m6s
#17 60.66 293400K .......... .......... .......... .......... ..........  4% 6.17M 20m6s
#17 60.66 293450K .......... .......... .......... .......... ..........  4% 4.39M 20m6s
#17 60.67 293500K .......... .......... .......... .......... ..........  4% 4.05M 20m6s
#17 60.69 293550K .......... .......... .......... .......... ..........  4% 5.66M 20m6s
#17 60.69 293600K .......... .......... .......... .......... ..........  4% 10.5M 20m6s
#17 60.70 293650K .......... .......... .......... .......... ..........  4% 7.01M 20m6s
#17 60.70 293700K .......... .......... .......... .......... ..........  4% 4.70M 20m6s
#17 60.72 293750K .......... .......... .......... .......... ..........  4% 6.43M 20m6s
#17 60.73 293800K .......... .......... .......... .......... ..........  4% 5.25M 20m6s
#17 60.73 293850K .......... .......... .......... .......... ..........  4% 4.95M 20m6s
#17 60.74 293900K .......... .......... .......... .......... ..........  4% 6.11M 20m6s
#17 60.75 293950K .......... .......... .......... .......... ..........  4% 4.44M 20m6s
#17 60.76 294000K .......... .......... .......... .......... ..........  4% 4.23M 20m6s
#17 60.77 294050K .......... .......... .......... .......... ..........  4% 6.76M 20m6s
#17 60.78 294100K .......... .......... .......... .......... ..........  4% 8.68M 20m6s
#17 60.79 294150K .......... .......... .......... .......... ..........  4% 5.75M 20m6s
#17 60.80 294200K .......... .......... .......... .......... ..........  4% 6.22M 20m6s
#17 60.80 294250K .......... .......... .......... .......... ..........  4% 5.70M 20m6s
#17 60.81 294300K .......... .......... .......... .......... ..........  4% 4.45M 20m6s
#17 60.82 294350K .......... .......... .......... .......... ..........  4% 11.5M 20m5s
#17 60.83 294400K .......... .......... .......... .......... ..........  4% 6.22M 20m5s
#17 60.83 294450K .......... .......... .......... .......... ..........  4% 4.35M 20m5s
#17 60.85 294500K .......... .......... .......... .......... ..........  4% 2.63M 20m6s
#17 60.86 294550K .......... .......... .......... .......... ..........  4% 6.95M 20m6s
#17 60.87 294600K .......... .......... .......... .......... ..........  4% 7.52M 20m6s
#17 60.88 294650K .......... .......... .......... .......... ..........  4% 5.60M 20m6s
#17 60.89 294700K .......... .......... .......... .......... ..........  4% 8.07M 20m5s
#17 60.89 294750K .......... .......... .......... .......... ..........  4% 6.64M 20m5s
#17 60.90 294800K .......... .......... .......... .......... ..........  4% 5.77M 20m5s
#17 60.91 294850K .......... .......... .......... .......... ..........  4% 5.60M 20m5s
#17 60.92 294900K .......... .......... .......... .......... ..........  4% 4.93M 20m5s
#17 60.93 294950K .......... .......... .......... .......... ..........  4% 5.01M 20m5s
#17 60.94 295000K .......... .......... .......... .......... ..........  4% 5.27M 20m5s
#17 60.94 295050K .......... .......... .......... .......... ..........  4% 4.42M 20m5s
#17 60.96 295100K .......... .......... .......... .......... ..........  4% 7.30M 20m5s
#17 60.96 295150K .......... .......... .......... .......... ..........  4% 6.24M 20m5s
#17 60.97 295200K .......... .......... .......... .......... ..........  4% 10.3M 20m5s
#17 60.97 295250K .......... .......... .......... .......... ..........  4% 6.29M 20m5s
#17 60.99 295300K .......... .......... .......... .......... ..........  4% 5.15M 20m5s
#17 60.99 295350K .......... .......... .......... .......... ..........  4% 5.78M 20m5s
#17 61.00 295400K .......... .......... .......... .......... ..........  4% 12.9M 20m5s
#17 61.01 295450K .......... .......... .......... .......... ..........  4% 4.51M 20m5s
#17 61.02 295500K .......... .......... .......... .......... ..........  4% 4.58M 20m5s
#17 61.03 295550K .......... .......... .......... .......... ..........  4% 4.69M 20m5s
#17 61.04 295600K .......... .......... .......... .......... ..........  4% 8.06M 20m5s
#17 61.04 295650K .......... .......... .......... .......... ..........  4% 4.99M 20m5s
#17 61.06 295700K .......... .......... .......... .......... ..........  4% 3.86M 20m5s
#17 61.07 295750K .......... .......... .......... .......... ..........  4% 5.95M 20m5s
#17 61.08 295800K .......... .......... .......... .......... ..........  4% 5.58M 20m5s
#17 61.08 295850K .......... .......... .......... .......... ..........  4% 10.4M 20m5s
#17 61.09 295900K .......... .......... .......... .......... ..........  4% 5.76M 20m5s
#17 61.10 295950K .......... .......... .......... .......... ..........  4% 8.07M 20m5s
#17 61.10 296000K .......... .......... .......... .......... ..........  4% 5.25M 20m5s
#17 61.11 296050K .......... .......... .......... .......... ..........  4% 3.93M 20m5s
#17 61.12 296100K .......... .......... .......... .......... ..........  4% 7.40M 20m5s
#17 61.13 296150K .......... .......... .......... .......... ..........  4% 6.97M 20m5s
#17 61.14 296200K .......... .......... .......... .......... ..........  4% 4.74M 20m5s
#17 61.15 296250K .......... .......... .......... .......... ..........  4% 4.28M 20m5s
#17 61.16 296300K .......... .......... .......... .......... ..........  4% 7.49M 20m5s
#17 61.17 296350K .......... .......... .......... .......... ..........  4% 8.29M 20m5s
#17 61.17 296400K .......... .......... .......... .......... ..........  4% 8.05M 20m4s
#17 61.18 296450K .......... .......... .......... .......... ..........  4% 4.34M 20m4s
#17 61.19 296500K .......... .......... .......... .......... ..........  4% 10.8M 20m4s
#17 61.19 296550K .......... .......... .......... .......... ..........  4% 6.20M 20m4s
#17 61.20 296600K .......... .......... .......... .......... ..........  4% 5.08M 20m4s
#17 61.21 296650K .......... .......... .......... .......... ..........  4% 6.39M 20m4s
#17 61.22 296700K .......... .......... .......... .......... ..........  4% 5.60M 20m4s
#17 61.23 296750K .......... .......... .......... .......... ..........  4% 6.40M 20m4s
#17 61.23 296800K .......... .......... .......... .......... ..........  4% 1.63M 20m5s
#17 61.26 296850K .......... .......... .......... .......... ..........  4% 4.46M 20m5s
#17 61.28 296900K .......... .......... .......... .......... ..........  4% 5.81M 20m5s
#17 61.28 296950K .......... .......... .......... .......... ..........  4% 11.5M 20m5s
#17 61.29 297000K .......... .......... .......... .......... ..........  4% 6.53M 20m4s
#17 61.30 297050K .......... .......... .......... .......... ..........  4% 4.98M 20m4s
#17 61.30 297100K .......... .......... .......... .......... ..........  4% 5.94M 20m4s
#17 61.31 297150K .......... .......... .......... .......... ..........  4% 5.27M 20m4s
#17 61.32 297200K .......... .......... .......... .......... ..........  4% 6.05M 20m4s
#17 61.33 297250K .......... .......... .......... .......... ..........  4% 5.34M 20m4s
#17 61.34 297300K .......... .......... .......... .......... ..........  4% 4.60M 20m4s
#17 61.35 297350K .......... .......... .......... .......... ..........  4% 9.45M 20m4s
#17 61.36 297400K .......... .......... .......... .......... ..........  4% 11.2M 20m4s
#17 61.36 297450K .......... .......... .......... .......... ..........  4% 5.12M 20m4s
#17 61.37 297500K .......... .......... .......... .......... ..........  4% 4.50M 20m4s
#17 61.38 297550K .......... .......... .......... .......... ..........  4% 5.98M 20m4s
#17 61.39 297600K .......... .......... .......... .......... ..........  4% 6.33M 20m4s
#17 61.40 297650K .......... .......... .......... .......... ..........  4% 7.41M 20m4s
#17 61.40 297700K .......... .......... .......... .......... ..........  4% 5.01M 20m4s
#17 61.41 297750K .......... .......... .......... .......... ..........  4% 2.28M 20m4s
#17 61.43 297800K .......... .......... .......... .......... ..........  4% 1.58M 20m5s
#17 61.46 297850K .......... .......... .......... .......... ..........  4% 7.07M 20m5s
#17 61.47 297900K .......... .......... .......... .......... ..........  4% 4.61M 20m5s
#17 61.48 297950K .......... .......... .......... .......... ..........  4% 4.25M 20m5s
#17 61.49 298000K .......... .......... .......... .......... ..........  4% 25.3M 20m5s
#17 61.50 298050K .......... .......... .......... .......... ..........  4% 2.81M 20m5s
#17 61.51 298100K .......... .......... .......... .......... ..........  4% 4.48M 20m5s
#17 61.52 298150K .......... .......... .......... .......... ..........  4% 4.92M 20m5s
#17 61.53 298200K .......... .......... .......... .......... ..........  4% 5.46M 20m5s
#17 61.54 298250K .......... .......... .......... .......... ..........  4% 4.75M 20m5s
#17 61.55 298300K .......... .......... .......... .......... ..........  4% 6.97M 20m5s
#17 61.56 298350K .......... .......... .......... .......... ..........  4% 7.59M 20m5s
#17 61.57 298400K .......... .......... .......... .......... ..........  4% 6.14M 20m5s
#17 61.57 298450K .......... .......... .......... .......... ..........  4% 8.33M 20m5s
#17 61.58 298500K .......... .......... .......... .......... ..........  4% 3.50M 20m5s
#17 61.60 298550K .......... .......... .......... .......... ..........  4% 5.78M 20m5s
#17 61.60 298600K .......... .......... .......... .......... ..........  4% 5.14M 20m5s
#17 61.61 298650K .......... .......... .......... .......... ..........  4% 7.58M 20m5s
#17 61.62 298700K .......... .......... .......... .......... ..........  4% 3.56M 20m5s
#17 61.63 298750K .......... .......... .......... .......... ..........  4% 14.9M 20m4s
#17 61.64 298800K .......... .......... .......... .......... ..........  4% 6.06M 20m4s
#17 61.64 298850K .......... .......... .......... .......... ..........  4% 6.67M 20m4s
#17 61.66 298900K .......... .......... .......... .......... ..........  4% 7.71M 20m4s
#17 61.66 298950K .......... .......... .......... .......... ..........  4% 6.83M 20m4s
#17 61.66 299000K .......... .......... .......... .......... ..........  4% 7.73M 20m4s
#17 61.67 299050K .......... .......... .......... .......... ..........  4% 5.19M 20m4s
#17 61.68 299100K .......... .......... .......... .......... ..........  4% 6.26M 20m4s
#17 61.69 299150K .......... .......... .......... .......... ..........  4% 5.59M 20m4s
#17 61.70 299200K .......... .......... .......... .......... ..........  4% 5.56M 20m4s
#17 61.71 299250K .......... .......... .......... .......... ..........  4% 5.09M 20m4s
#17 61.72 299300K .......... .......... .......... .......... ..........  4% 3.46M 20m4s
#17 61.73 299350K .......... .......... .......... .......... ..........  4% 7.96M 20m4s
#17 61.74 299400K .......... .......... .......... .......... ..........  4% 4.62M 20m4s
#17 61.75 299450K .......... .......... .......... .......... ..........  4% 7.03M 20m4s
#17 61.76 299500K .......... .......... .......... .......... ..........  4% 8.59M 20m4s
#17 61.76 299550K .......... .......... .......... .......... ..........  4% 8.80M 20m4s
#17 61.76 299600K .......... .......... .......... .......... ..........  4% 4.54M 20m4s
#17 61.77 299650K .......... .......... .......... .......... ..........  4% 7.20M 20m4s
#17 61.78 299700K .......... .......... .......... .......... ..........  4% 4.71M 20m4s
#17 61.79 299750K .......... .......... .......... .......... ..........  4% 4.66M 20m4s
#17 61.80 299800K .......... .......... .......... .......... ..........  4% 6.19M 20m4s
#17 61.81 299850K .......... .......... .......... .......... ..........  4% 8.44M 20m4s
#17 61.82 299900K .......... .......... .......... .......... ..........  4% 4.52M 20m4s
#17 61.83 299950K .......... .......... .......... .......... ..........  4% 8.06M 20m4s
#17 61.83 300000K .......... .......... .......... .......... ..........  4% 5.70M 20m4s
#17 61.84 300050K .......... .......... .......... .......... ..........  4% 11.1M 20m4s
#17 61.85 300100K .......... .......... .......... .......... ..........  4% 4.90M 20m4s
#17 61.86 300150K .......... .......... .......... .......... ..........  4% 4.30M 20m4s
#17 61.87 300200K .......... .......... .......... .......... ..........  4% 4.78M 20m4s
#17 61.88 300250K .......... .......... .......... .......... ..........  4% 6.27M 20m4s
#17 61.89 300300K .......... .......... .......... .......... ..........  4% 3.53M 20m4s
#17 61.90 300350K .......... .......... .......... .......... ..........  4% 12.3M 20m4s
#17 61.90 300400K .......... .......... .......... .......... ..........  4% 4.62M 20m4s
#17 61.91 300450K .......... .......... .......... .......... ..........  4% 5.10M 20m4s
#17 61.93 300500K .......... .......... .......... .......... ..........  4% 6.84M 20m3s
#17 61.93 300550K .......... .......... .......... .......... ..........  4% 8.18M 20m3s
#17 61.94 300600K .......... .......... .......... .......... ..........  4% 4.29M 20m3s
#17 61.95 300650K .......... .......... .......... .......... ..........  4% 4.07M 20m3s
#17 61.96 300700K .......... .......... .......... .......... ..........  4% 4.90M 20m3s
#17 61.97 300750K .......... .......... .......... .......... ..........  4% 5.39M 20m3s
#17 61.98 300800K .......... .......... .......... .......... ..........  4% 5.01M 20m3s
#17 61.99 300850K .......... .......... .......... .......... ..........  4% 5.89M 20m3s
#17 62.00 300900K .......... .......... .......... .......... ..........  4% 3.45M 20m4s
#17 62.01 300950K .......... .......... .......... .......... ..........  4% 15.2M 20m3s
#17 62.01 301000K .......... .......... .......... .......... ..........  4% 7.53M 20m3s
#17 62.02 301050K .......... .......... .......... .......... ..........  4% 2.61M 20m4s
#17 62.04 301100K .......... .......... .......... .......... ..........  4% 7.28M 20m3s
#17 62.05 301150K .......... .......... .......... .......... ..........  4% 4.13M 20m4s
#17 62.06 301200K .......... .......... .......... .......... ..........  4% 3.94M 20m4s
#17 62.07 301250K .......... .......... .......... .......... ..........  4% 4.33M 20m4s
#17 62.08 301300K .......... .......... .......... .......... ..........  4% 3.95M 20m4s
#17 62.10 301350K .......... .......... .......... .......... ..........  4% 9.66M 20m4s
#17 62.10 301400K .......... .......... .......... .......... ..........  4% 3.64M 20m4s
#17 62.11 301450K .......... .......... .......... .......... ..........  4% 7.32M 20m4s
#17 62.12 301500K .......... .......... .......... .......... ..........  4% 5.10M 20m4s
#17 62.13 301550K .......... .......... .......... .......... ..........  4% 4.18M 20m4s
#17 62.14 301600K .......... .......... .......... .......... ..........  4% 5.40M 20m4s
#17 62.15 301650K .......... .......... .......... .......... ..........  4% 4.67M 20m4s
#17 62.16 301700K .......... .......... .......... .......... ..........  4% 2.92M 20m4s
#17 62.18 301750K .......... .......... .......... .......... ..........  4% 1.74M 20m4s
#17 62.20 301800K .......... .......... .......... .......... ..........  4% 3.13M 20m4s
#17 62.22 301850K .......... .......... .......... .......... ..........  4% 22.0M 20m4s
#17 62.22 301900K .......... .......... .......... .......... ..........  4% 4.97M 20m4s
#17 62.23 301950K .......... .......... .......... .......... ..........  4% 3.74M 20m4s
#17 62.24 302000K .......... .......... .......... .......... ..........  4% 4.59M 20m4s
#17 62.26 302050K .......... .......... .......... .......... ..........  4% 6.72M 20m4s
#17 62.27 302100K .......... .......... .......... .......... ..........  4% 2.61M 20m4s
#17 62.28 302150K .......... .......... .......... .......... ..........  4% 2.36M 20m5s
#17 62.30 302200K .......... .......... .......... .......... ..........  4% 3.33M 20m5s
#17 62.32 302250K .......... .......... .......... .......... ..........  4% 14.5M 20m5s
#17 62.32 302300K .......... .......... .......... .......... ..........  4% 6.11M 20m5s
#17 62.33 302350K .......... .......... .......... .......... ..........  4% 3.93M 20m5s
#17 62.34 302400K .......... .......... .......... .......... ..........  4% 1.78M 20m5s
#17 62.37 302450K .......... .......... .......... .......... ..........  4% 5.28M 20m5s
#17 62.38 302500K .......... .......... .......... .......... ..........  4% 4.08M 20m5s
#17 62.39 302550K .......... .......... .......... .......... ..........  4% 5.60M 20m5s
#17 62.40 302600K .......... .......... .......... .......... ..........  4% 5.04M 20m5s
#17 62.41 302650K .......... .......... .......... .......... ..........  4% 3.03M 20m5s
#17 62.42 302700K .......... .......... .......... .......... ..........  4% 2.08M 20m5s
#17 62.45 302750K .......... .......... .......... .......... ..........  4% 41.3M 20m5s
#17 62.45 302800K .......... .......... .......... .......... ..........  4% 3.39M 20m5s
#17 62.46 302850K .......... .......... .......... .......... ..........  4% 4.82M 20m5s
#17 62.47 302900K .......... .......... .......... .......... ..........  4% 4.45M 20m5s
#17 62.48 302950K .......... .......... .......... .......... ..........  4% 5.16M 20m5s
#17 62.49 303000K .......... .......... .......... .......... ..........  4% 8.44M 20m5s
#17 62.50 303050K .......... .......... .......... .......... ..........  4% 9.04M 20m5s
#17 62.50 303100K .......... .......... .......... .......... ..........  4% 4.74M 20m5s
#17 62.52 303150K .......... .......... .......... .......... ..........  4% 6.20M 20m5s
#17 62.53 303200K .......... .......... .......... .......... ..........  4% 4.21M 20m5s
#17 62.53 303250K .......... .......... .......... .......... ..........  4% 5.22M 20m5s
#17 62.54 303300K .......... .......... .......... .......... ..........  4% 3.99M 20m5s
#17 62.56 303350K .......... .......... .......... .......... ..........  4% 3.39M 20m5s
#17 62.57 303400K .......... .......... .......... .......... ..........  4% 3.95M 20m5s
#17 62.58 303450K .......... .......... .......... .......... ..........  4% 6.11M 20m5s
#17 62.59 303500K .......... .......... .......... .......... ..........  4% 4.07M 20m5s
#17 62.60 303550K .......... .......... .......... .......... ..........  4% 6.61M 20m5s
#17 62.62 303600K .......... .......... .......... .......... ..........  4% 3.11M 20m5s
#17 62.63 303650K .......... .......... .......... .......... ..........  4% 5.31M 20m5s
#17 62.64 303700K .......... .......... .......... .......... ..........  4% 3.30M 20m6s
#17 62.65 303750K .......... .......... .......... .......... ..........  4% 4.46M 20m6s
#17 62.66 303800K .......... .......... .......... .......... ..........  4% 8.61M 20m5s
#17 62.67 303850K .......... .......... .......... .......... ..........  4% 6.74M 20m5s
#17 62.68 303900K .......... .......... .......... .......... ..........  4% 5.87M 20m5s
#17 62.68 303950K .......... .......... .......... .......... ..........  4% 5.70M 20m5s
#17 62.69 304000K .......... .......... .......... .......... ..........  4% 5.37M 20m5s
#17 62.70 304050K .......... .......... .......... .......... ..........  4% 5.83M 20m5s
#17 62.71 304100K .......... .......... .......... .......... ..........  4% 7.56M 20m5s
#17 62.72 304150K .......... .......... .......... .......... ..........  4% 4.91M 20m5s
#17 62.72 304200K .......... .......... .......... .......... ..........  4% 5.65M 20m5s
#17 62.73 304250K .......... .......... .......... .......... ..........  4% 4.29M 20m5s
#17 62.74 304300K .......... .......... .......... .......... ..........  4% 4.06M 20m5s
#17 62.76 304350K .......... .......... .......... .......... ..........  4% 8.80M 20m5s
#17 62.76 304400K .......... .......... .......... .......... ..........  4% 7.36M 20m5s
#17 62.77 304450K .......... .......... .......... .......... ..........  4% 5.67M 20m5s
#17 62.78 304500K .......... .......... .......... .......... ..........  4% 3.35M 20m5s
#17 62.79 304550K .......... .......... .......... .......... ..........  4% 3.75M 20m5s
#17 62.81 304600K .......... .......... .......... .......... ..........  4% 2.02M 20m6s
#17 62.83 304650K .......... .......... .......... .......... ..........  4% 3.77M 20m6s
#17 62.84 304700K .......... .......... .......... .......... ..........  4% 15.5M 20m6s
#17 62.85 304750K .......... .......... .......... .......... ..........  4% 6.97M 20m6s
#17 62.86 304800K .......... .......... .......... .......... ..........  4% 4.60M 20m6s
#17 62.86 304850K .......... .......... .......... .......... ..........  4% 10.5M 20m5s
#17 62.87 304900K .......... .......... .......... .......... ..........  4% 7.28M 20m5s
#17 62.88 304950K .......... .......... .......... .......... ..........  4% 5.62M 20m5s
#17 62.88 305000K .......... .......... .......... .......... ..........  4% 7.30M 20m5s
#17 62.89 305050K .......... .......... .......... .......... ..........  4% 4.29M 20m5s
#17 62.90 305100K .......... .......... .......... .......... ..........  4% 8.41M 20m5s
#17 62.91 305150K .......... .......... .......... .......... ..........  4% 4.17M 20m5s
#17 62.92 305200K .......... .......... .......... .......... ..........  4% 3.65M 20m5s
#17 62.93 305250K .......... .......... .......... .......... ..........  4% 7.01M 20m5s
#17 62.94 305300K .......... .......... .......... .......... ..........  4% 6.94M 20m5s
#17 62.95 305350K .......... .......... .......... .......... ..........  4% 6.75M 20m5s
#17 62.95 305400K .......... .......... .......... .......... ..........  4% 7.01M 20m5s
#17 62.96 305450K .......... .......... .......... .......... ..........  4% 7.27M 20m5s
#17 62.97 305500K .......... .......... .......... .......... ..........  4% 5.13M 20m5s
#17 62.98 305550K .......... .......... .......... .......... ..........  4% 7.47M 20m5s
#17 62.98 305600K .......... .......... .......... .......... ..........  4% 4.26M 20m5s
#17 62.99 305650K .......... .......... .......... .......... ..........  4% 6.76M 20m5s
#17 63.00 305700K .......... .......... .......... .......... ..........  4% 4.90M 20m5s
#17 63.01 305750K .......... .......... .......... .......... ..........  4% 3.66M 20m5s
#17 63.03 305800K .......... .......... .......... .......... ..........  4% 9.80M 20m5s
#17 63.03 305850K .......... .......... .......... .......... ..........  4% 6.11M 20m5s
#17 63.04 305900K .......... .......... .......... .......... ..........  4% 6.31M 20m5s
#17 63.05 305950K .......... .......... .......... .......... ..........  4% 5.88M 20m5s
#17 63.05 306000K .......... .......... .......... .......... ..........  4% 5.65M 20m5s
#17 63.06 306050K .......... .......... .......... .......... ..........  4% 6.58M 20m5s
#17 63.07 306100K .......... .......... .......... .......... ..........  4% 6.37M 20m5s
#17 63.08 306150K .......... .......... .......... .......... ..........  4% 5.34M 20m5s
#17 63.09 306200K .......... .......... .......... .......... ..........  4% 5.41M 20m5s
#17 63.10 306250K .......... .......... .......... .......... ..........  4% 5.80M 20m5s
#17 63.10 306300K .......... .......... .......... .......... ..........  4% 5.35M 20m5s
#17 63.11 306350K .......... .......... .......... .......... ..........  4% 6.83M 20m5s
#17 63.12 306400K .......... .......... .......... .......... ..........  4% 4.24M 20m5s
#17 63.13 306450K .......... .......... .......... .......... ..........  4% 4.40M 20m5s
#17 63.14 306500K .......... .......... .......... .......... ..........  4% 5.20M 20m5s
#17 63.15 306550K .......... .......... .......... .......... ..........  4% 2.54M 20m5s
#17 63.17 306600K .......... .......... .......... .......... ..........  4% 2.18M 20m5s
#17 63.19 306650K .......... .......... .......... .......... ..........  4% 3.44M 20m5s
#17 63.21 306700K .......... .......... .......... .......... ..........  4% 7.26M 20m5s
#17 63.22 306750K .......... .......... .......... .......... ..........  4% 6.81M 20m5s
#17 63.23 306800K .......... .......... .......... .......... ..........  4% 5.06M 20m5s
#17 63.23 306850K .......... .......... .......... .......... ..........  4% 6.57M 20m5s
#17 63.24 306900K .......... .......... .......... .......... ..........  4% 7.40M 20m5s
#17 63.25 306950K .......... .......... .......... .......... ..........  4% 5.13M 20m5s
#17 63.26 307000K .......... .......... .......... .......... ..........  4% 5.52M 20m5s
#17 63.26 307050K .......... .......... .......... .......... ..........  4% 3.64M 20m5s
#17 63.28 307100K .......... .......... .......... .......... ..........  4% 3.10M 20m5s
#17 63.29 307150K .......... .......... .......... .......... ..........  4% 3.00M 20m5s
#17 63.31 307200K .......... .......... .......... .......... ..........  4% 3.71M 20m5s
#17 63.32 307250K .......... .......... .......... .......... ..........  4% 3.94M 20m5s
#17 63.34 307300K .......... .......... .......... .......... ..........  4% 2.79M 20m6s
#17 63.35 307350K .......... .......... .......... .......... ..........  4% 1.61M 20m6s
#17 63.38 307400K .......... .......... .......... .......... ..........  4% 1.34M 20m7s
#17 63.42 307450K .......... .......... .......... .......... ..........  4% 2.82M 20m7s
#17 63.44 307500K .......... .......... .......... .......... ..........  4% 1.71M 20m7s
#17 63.47 307550K .......... .......... .......... .......... ..........  4% 1.94M 20m7s
#17 63.50 307600K .......... .......... .......... .......... ..........  4% 2.21M 20m8s
#17 63.51 307650K .......... .......... .......... .......... ..........  4% 3.77M 20m8s
#17 63.53 307700K .......... .......... .......... .......... ..........  4% 3.10M 20m8s
#17 63.54 307750K .......... .......... .......... .......... ..........  4% 2.43M 20m8s
#17 63.56 307800K .......... .......... .......... .......... ..........  4% 2.06M 20m8s
#17 63.59 307850K .......... .......... .......... .......... ..........  4% 2.45M 20m9s
#17 63.60 307900K .......... .......... .......... .......... ..........  4% 5.97M 20m9s
#17 63.61 307950K .......... .......... .......... .......... ..........  4% 3.29M 20m9s
#17 63.63 308000K .......... .......... .......... .......... ..........  4% 2.86M 20m9s
#17 63.64 308050K .......... .......... .......... .......... ..........  4% 2.79M 20m9s
#17 63.66 308100K .......... .......... .......... .......... ..........  4% 3.91M 20m9s
#17 63.67 308150K .......... .......... .......... .......... ..........  4% 4.78M 20m9s
#17 63.69 308200K .......... .......... .......... .......... ..........  4% 5.61M 20m9s
#17 63.69 308250K .......... .......... .......... .......... ..........  4% 8.07M 20m9s
#17 63.70 308300K .......... .......... .......... .......... ..........  4% 4.12M 20m9s
#17 63.71 308350K .......... .......... .......... .......... ..........  4% 5.27M 20m9s
#17 63.73 308400K .......... .......... .......... .......... ..........  4% 3.80M 20m9s
#17 63.73 308450K .......... .......... .......... .......... ..........  4% 3.30M 20m9s
#17 63.75 308500K .......... .......... .......... .......... ..........  4% 6.18M 20m9s
#17 63.76 308550K .......... .......... .......... .......... ..........  4% 5.45M 20m9s
#17 63.77 308600K .......... .......... .......... .......... ..........  4% 2.93M 20m9s
#17 63.78 308650K .......... .......... .......... .......... ..........  4% 3.11M 20m9s
#17 63.80 308700K .......... .......... .......... .......... ..........  4% 99.6M 20m9s
#17 63.80 308750K .......... .......... .......... .......... ..........  4% 7.32M 20m9s
#17 63.81 308800K .......... .......... .......... .......... ..........  4% 6.98M 20m9s
#17 63.81 308850K .......... .......... .......... .......... ..........  4% 5.02M 20m9s
#17 63.82 308900K .......... .......... .......... .......... ..........  4% 5.25M 20m9s
#17 63.83 308950K .......... .......... .......... .......... ..........  4% 5.33M 20m9s
#17 63.84 309000K .......... .......... .......... .......... ..........  4% 5.73M 20m9s
#17 63.85 309050K .......... .......... .......... .......... ..........  4% 4.31M 20m9s
#17 63.86 309100K .......... .......... .......... .......... ..........  4% 4.56M 20m9s
#17 63.87 309150K .......... .......... .......... .......... ..........  4% 1.35M 20m10s
#17 63.91 309200K .......... .......... .......... .......... ..........  4% 2.12M 20m10s
#17 63.93 309250K .......... .......... .......... .......... ..........  4% 3.98M 20m10s
#17 63.94 309300K .......... .......... .......... .......... ..........  4% 6.91M 20m10s
#17 63.95 309350K .......... .......... .......... .......... ..........  4% 4.66M 20m10s
#17 63.96 309400K .......... .......... .......... .......... ..........  4% 4.52M 20m10s
#17 63.97 309450K .......... .......... .......... .......... ..........  4% 4.21M 20m10s
#17 63.98 309500K .......... .......... .......... .......... ..........  4% 11.2M 20m10s
#17 63.99 309550K .......... .......... .......... .......... ..........  4% 6.46M 20m10s
#17 64.00 309600K .......... .......... .......... .......... ..........  4% 3.97M 20m10s
#17 64.01 309650K .......... .......... .......... .......... ..........  4% 7.75M 20m10s
#17 64.01 309700K .......... .......... .......... .......... ..........  4% 4.67M 20m10s
#17 64.02 309750K .......... .......... .......... .......... ..........  4% 4.65M 20m10s
#17 64.03 309800K .......... .......... .......... .......... ..........  4% 4.60M 20m10s
#17 64.04 309850K .......... .......... .......... .......... ..........  4% 4.23M 20m10s
#17 64.06 309900K .......... .......... .......... .......... ..........  4% 6.07M 20m10s
#17 64.06 309950K .......... .......... .......... .......... ..........  4% 6.01M 20m10s
#17 64.07 310000K .......... .......... .......... .......... ..........  4% 4.94M 20m10s
#17 64.08 310050K .......... .......... .......... .......... ..........  4% 7.21M 20m10s
#17 64.09 310100K .......... .......... .......... .......... ..........  4% 5.76M 20m10s
#17 64.10 310150K .......... .......... .......... .......... ..........  4% 5.60M 20m10s
#17 64.11 310200K .......... .......... .......... .......... ..........  4% 5.84M 20m10s
#17 64.11 310250K .......... .......... .......... .......... ..........  4% 4.96M 20m10s
#17 64.12 310300K .......... .......... .......... .......... ..........  4% 5.15M 20m10s
#17 64.13 310350K .......... .......... .......... .......... ..........  4% 4.70M 20m10s
#17 64.15 310400K .......... .......... .......... .......... ..........  4% 3.88M 20m10s
#17 64.16 310450K .......... .......... .......... .......... ..........  4% 6.36M 20m10s
#17 64.17 310500K .......... .......... .......... .......... ..........  4% 8.06M 20m10s
#17 64.17 310550K .......... .......... .......... .......... ..........  4% 4.97M 20m10s
#17 64.18 310600K .......... .......... .......... .......... ..........  4% 4.80M 20m10s
#17 64.19 310650K .......... .......... .......... .......... ..........  4% 6.60M 20m10s
#17 64.20 310700K .......... .......... .......... .......... ..........  4% 8.26M 20m9s
#17 64.20 310750K .......... .......... .......... .......... ..........  4% 5.63M 20m9s
#17 64.22 310800K .......... .......... .......... .......... ..........  4% 2.93M 20m10s
#17 64.23 310850K .......... .......... .......... .......... ..........  4% 3.56M 20m10s
#17 64.24 310900K .......... .......... .......... .......... ..........  4% 7.60M 20m10s
#17 64.25 310950K .......... .......... .......... .......... ..........  4% 5.15M 20m10s
#17 64.26 311000K .......... .......... .......... .......... ..........  4% 6.39M 20m10s
#17 64.27 311050K .......... .......... .......... .......... ..........  4% 6.52M 20m9s
#17 64.27 311100K .......... .......... .......... .......... ..........  4% 5.46M 20m9s
#17 64.28 311150K .......... .......... .......... .......... ..........  4% 6.82M 20m9s
#17 64.30 311200K .......... .......... .......... .......... ..........  4% 4.15M 20m9s
#17 64.30 311250K .......... .......... .......... .......... ..........  4% 5.33M 20m9s
#17 64.31 311300K .......... .......... .......... .......... ..........  4% 6.03M 20m9s
#17 64.32 311350K .......... .......... .......... .......... ..........  4% 4.95M 20m9s
#17 64.33 311400K .......... .......... .......... .......... ..........  4% 6.63M 20m9s
#17 64.34 311450K .......... .......... .......... .......... ..........  4% 4.88M 20m9s
#17 64.35 311500K .......... .......... .......... .......... ..........  4% 8.07M 20m9s
#17 64.35 311550K .......... .......... .......... .......... ..........  4% 5.31M 20m9s
#17 64.36 311600K .......... .......... .......... .......... ..........  4% 5.25M 20m9s
#17 64.37 311650K .......... .......... .......... .......... ..........  4% 8.09M 20m9s
#17 64.38 311700K .......... .......... .......... .......... ..........  4% 6.77M 20m9s
#17 64.38 311750K .......... .......... .......... .......... ..........  4% 6.88M 20m9s
#17 64.39 311800K .......... .......... .......... .......... ..........  4% 4.50M 20m9s
#17 64.40 311850K .......... .......... .......... .......... ..........  4% 7.65M 20m9s
#17 64.41 311900K .......... .......... .......... .......... ..........  4% 4.48M 20m9s
#17 64.42 311950K .......... .......... .......... .......... ..........  4% 5.28M 20m9s
#17 64.43 312000K .......... .......... .......... .......... ..........  4% 4.15M 20m9s
#17 64.44 312050K .......... .......... .......... .......... ..........  4% 6.73M 20m9s
#17 64.45 312100K .......... .......... .......... .......... ..........  4% 7.56M 20m9s
#17 64.45 312150K .......... .......... .......... .......... ..........  4% 4.97M 20m9s
#17 64.47 312200K .......... .......... .......... .......... ..........  4% 6.97M 20m9s
#17 64.47 312250K .......... .......... .......... .......... ..........  4% 5.08M 20m9s
#17 64.48 312300K .......... .......... .......... .......... ..........  4% 16.2M 20m9s
#17 64.48 312350K .......... .......... .......... .......... ..........  4% 4.69M 20m9s
#17 64.50 312400K .......... .......... .......... .......... ..........  4% 4.12M 20m9s
#17 64.51 312450K .......... .......... .......... .......... ..........  4% 6.33M 20m9s
#17 64.51 312500K .......... .......... .......... .......... ..........  4% 3.98M 20m9s
#17 64.53 312550K .......... .......... .......... .......... ..........  4% 10.8M 20m9s
#17 64.53 312600K .......... .......... .......... .......... ..........  4% 6.79M 20m9s
#17 64.54 312650K .......... .......... .......... .......... ..........  4% 6.47M 20m9s
#17 64.54 312700K .......... .......... .......... .......... ..........  4% 4.36M 20m9s
#17 64.56 312750K .......... .......... .......... .......... ..........  4% 8.05M 20m9s
#17 64.56 312800K .......... .......... .......... .......... ..........  4% 6.79M 20m8s
#17 64.57 312850K .......... .......... .......... .......... ..........  4% 5.76M 20m8s
#17 64.58 312900K .......... .......... .......... .......... ..........  4% 4.57M 20m8s
#17 64.59 312950K .......... .......... .......... .......... ..........  4% 6.24M 20m8s
#17 64.60 313000K .......... .......... .......... .......... ..........  4% 5.42M 20m8s
#17 64.61 313050K .......... .......... .......... .......... ..........  4% 3.66M 20m8s
#17 64.62 313100K .......... .......... .......... .......... ..........  4% 5.21M 20m8s
#17 64.63 313150K .......... .......... .......... .......... ..........  4% 7.23M 20m8s
#17 64.64 313200K .......... .......... .......... .......... ..........  4% 4.44M 20m8s
#17 64.65 313250K .......... .......... .......... .......... ..........  4% 6.53M 20m8s
#17 64.65 313300K .......... .......... .......... .......... ..........  4% 4.56M 20m8s
#17 64.66 313350K .......... .......... .......... .......... ..........  4% 8.20M 20m8s
#17 64.67 313400K .......... .......... .......... .......... ..........  4% 3.91M 20m8s
#17 64.68 313450K .......... .......... .......... .......... ..........  4% 5.55M 20m8s
#17 64.69 313500K .......... .......... .......... .......... ..........  4% 7.75M 20m8s
#17 64.70 313550K .......... .......... .......... .......... ..........  4% 6.74M 20m8s
#17 64.71 313600K .......... .......... .......... .......... ..........  4% 1.26M 20m9s
#17 64.75 313650K .......... .......... .......... .......... ..........  4% 1.65M 20m9s
#17 64.78 313700K .......... .......... .......... .......... ..........  4% 13.7M 20m9s
#17 64.78 313750K .......... .......... .......... .......... ..........  4% 6.70M 20m9s
#17 64.78 313800K .......... .......... .......... .......... ..........  4% 3.16M 20m9s
#17 64.80 313850K .......... .......... .......... .......... ..........  4% 2.98M 20m9s
#17 64.82 313900K .......... .......... .......... .......... ..........  4% 7.04M 20m9s
#17 64.82 313950K .......... .......... .......... .......... ..........  4% 15.7M 20m9s
#17 64.84 314000K .......... .......... .......... .......... ..........  4% 2.25M 20m9s
#17 64.85 314050K .......... .......... .......... .......... ..........  4% 44.9M 20m9s
#17 64.85 314100K .......... .......... .......... .......... ..........  4% 54.1M 20m9s
#17 64.85 314150K .......... .......... .......... .......... ..........  4% 5.49M 20m9s
#17 64.86 314200K .......... .......... .......... .......... ..........  4% 9.66M 20m9s
#17 64.87 314250K .......... .......... .......... .......... ..........  4% 15.6M 20m9s
#17 64.87 314300K .......... .......... .......... .......... ..........  4% 8.12M 20m9s
#17 64.87 314350K .......... .......... .......... .......... ..........  4% 5.86M 20m9s
#17 64.88 314400K .......... .......... .......... .......... ..........  4% 42.5M 20m8s
#17 64.88 314450K .......... .......... .......... .......... ..........  4% 4.97M 20m8s
#17 64.89 314500K .......... .......... .......... .......... ..........  4% 7.50M 20m8s
#17 64.90 314550K .......... .......... .......... .......... ..........  4% 13.1M 20m8s
#17 64.90 314600K .......... .......... .......... .......... ..........  4% 4.10M 20m8s
#17 64.91 314650K .......... .......... .......... .......... ..........  4% 9.25M 20m8s
#17 64.92 314700K .......... .......... .......... .......... ..........  4% 9.99M 20m8s
#17 64.92 314750K .......... .......... .......... .......... ..........  4% 5.74M 20m8s
#17 64.93 314800K .......... .......... .......... .......... ..........  4% 11.2M 20m8s
#17 64.94 314850K .......... .......... .......... .......... ..........  4% 2.60M 20m8s
#17 64.96 314900K .......... .......... .......... .......... ..........  4% 39.7M 20m8s
#17 64.96 314950K .......... .......... .......... .......... ..........  4% 3.67M 20m8s
#17 64.97 315000K .......... .......... .......... .......... ..........  4% 69.7M 20m8s
#17 64.97 315050K .......... .......... .......... .......... ..........  4% 7.65M 20m8s
#17 64.99 315100K .......... .......... .......... .......... ..........  4% 4.80M 20m8s
#17 64.99 315150K .......... .......... .......... .......... ..........  4% 21.0M 20m8s
#17 64.99 315200K .......... .......... .......... .......... ..........  4% 13.0M 20m8s
#17 64.99 315250K .......... .......... .......... .......... ..........  4% 10.6M 20m7s
#17 65.00 315300K .......... .......... .......... .......... ..........  4% 9.53M 20m7s
#17 65.00 315350K .......... .......... .......... .......... ..........  4% 5.02M 20m7s
#17 65.01 315400K .......... .......... .......... .......... ..........  4% 7.33M 20m7s
#17 65.02 315450K .......... .......... .......... .......... ..........  4% 5.69M 20m7s
#17 65.03 315500K .......... .......... .......... .......... ..........  4% 3.53M 20m7s
#17 65.04 315550K .......... .......... .......... .......... ..........  4% 6.47M 20m7s
#17 65.05 315600K .......... .......... .......... .......... ..........  4% 5.35M 20m7s
#17 65.06 315650K .......... .......... .......... .......... ..........  4% 8.67M 20m7s
#17 65.06 315700K .......... .......... .......... .......... ..........  4% 6.09M 20m7s
#17 65.07 315750K .......... .......... .......... .......... ..........  4% 4.61M 20m7s
#17 65.08 315800K .......... .......... .......... .......... ..........  4% 6.84M 20m7s
#17 65.09 315850K .......... .......... .......... .......... ..........  4% 5.95M 20m7s
#17 65.10 315900K .......... .......... .......... .......... ..........  4% 3.01M 20m7s
#17 65.11 315950K .......... .......... .......... .......... ..........  4% 7.42M 20m7s
#17 65.12 316000K .......... .......... .......... .......... ..........  4% 6.18M 20m7s
#17 65.13 316050K .......... .......... .......... .......... ..........  4% 5.90M 20m7s
#17 65.14 316100K .......... .......... .......... .......... ..........  4% 3.56M 20m7s
#17 65.15 316150K .......... .......... .......... .......... ..........  4% 41.0M 20m7s
#17 65.15 316200K .......... .......... .......... .......... ..........  4% 10.9M 20m7s
#17 65.16 316250K .......... .......... .......... .......... ..........  4% 5.87M 20m7s
#17 65.17 316300K .......... .......... .......... .......... ..........  4% 4.14M 20m7s
#17 65.18 316350K .......... .......... .......... .......... ..........  4% 3.73M 20m7s
#17 65.19 316400K .......... .......... .......... .......... ..........  4% 9.52M 20m7s
#17 65.20 316450K .......... .......... .......... .......... ..........  4% 5.65M 20m7s
#17 65.20 316500K .......... .......... .......... .......... ..........  4% 7.61M 20m7s
#17 65.21 316550K .......... .......... .......... .......... ..........  4% 10.1M 20m7s
#17 65.22 316600K .......... .......... .......... .......... ..........  4% 5.27M 20m7s
#17 65.22 316650K .......... .......... .......... .......... ..........  4% 23.5M 20m6s
#17 65.23 316700K .......... .......... .......... .......... ..........  4% 4.40M 20m7s
#17 65.24 316750K .......... .......... .......... .......... ..........  4% 13.0M 20m6s
#17 65.24 316800K .......... .......... .......... .......... ..........  4% 6.56M 20m6s
#17 65.25 316850K .......... .......... .......... .......... ..........  4% 5.38M 20m6s
#17 65.26 316900K .......... .......... .......... .......... ..........  4% 5.06M 20m6s
#17 65.27 316950K .......... .......... .......... .......... ..........  4% 5.10M 20m6s
#17 65.28 317000K .......... .......... .......... .......... ..........  4% 5.20M 20m6s
#17 65.29 317050K .......... .......... .......... .......... ..........  4% 9.70M 20m6s
#17 65.29 317100K .......... .......... .......... .......... ..........  4% 4.95M 20m6s
#17 65.30 317150K .......... .......... .......... .......... ..........  4% 9.59M 20m6s
#17 65.31 317200K .......... .......... .......... .......... ..........  4% 6.23M 20m6s
#17 65.31 317250K .......... .......... .......... .......... ..........  4% 4.46M 20m6s
#17 65.33 317300K .......... .......... .......... .......... ..........  4% 6.40M 20m6s
#17 65.34 317350K .......... .......... .......... .......... ..........  4% 6.37M 20m6s
#17 65.34 317400K .......... .......... .......... .......... ..........  4% 10.8M 20m6s
#17 65.35 317450K .......... .......... .......... .......... ..........  4% 11.8M 20m6s
#17 65.35 317500K .......... .......... .......... .......... ..........  4% 3.18M 20m6s
#17 65.37 317550K .......... .......... .......... .......... ..........  4% 5.82M 20m6s
#17 65.37 317600K .......... .......... .......... .......... ..........  4% 6.98M 20m6s
#17 65.38 317650K .......... .......... .......... .......... ..........  4% 7.67M 20m6s
#17 65.39 317700K .......... .......... .......... .......... ..........  4% 4.58M 20m6s
#17 65.40 317750K .......... .......... .......... .......... ..........  4% 7.10M 20m6s
#17 65.40 317800K .......... .......... .......... .......... ..........  4% 8.16M 20m6s
#17 65.41 317850K .......... .......... .......... .......... ..........  4% 31.8M 20m5s
#17 65.41 317900K .......... .......... .......... .......... ..........  4% 3.76M 20m6s
#17 65.43 317950K .......... .......... .......... .......... ..........  4% 14.4M 20m5s
#17 65.43 318000K .......... .......... .......... .......... ..........  4% 2.12M 20m6s
#17 65.45 318050K .......... .......... .......... .......... ..........  4% 2.85M 20m6s
#17 65.47 318100K .......... .......... .......... .......... ..........  4% 4.38M 20m6s
#17 65.48 318150K .......... .......... .......... .......... ..........  4% 4.78M 20m6s
#17 65.49 318200K .......... .......... .......... .......... ..........  4% 1.12M 20m7s
#17 65.53 318250K .......... .......... .......... .......... ..........  4% 3.40M 20m7s
#17 65.55 318300K .......... .......... .......... .......... ..........  4% 4.01M 20m7s
#17 65.56 318350K .......... .......... .......... .......... ..........  4% 6.80M 20m7s
#17 65.57 318400K .......... .......... .......... .......... ..........  4% 6.84M 20m7s
#17 65.57 318450K .......... .......... .......... .......... ..........  4% 7.33M 20m7s
#17 65.58 318500K .......... .......... .......... .......... ..........  4% 6.06M 20m6s
#17 65.59 318550K .......... .......... .......... .......... ..........  4% 5.94M 20m6s
#17 65.60 318600K .......... .......... .......... .......... ..........  4% 6.20M 20m6s
#17 65.61 318650K .......... .......... .......... .......... ..........  4% 10.6M 20m6s
#17 65.61 318700K .......... .......... .......... .......... ..........  4% 4.35M 20m6s
#17 65.63 318750K .......... .......... .......... .......... ..........  4% 1.25M 20m7s
#17 65.66 318800K .......... .......... .......... .......... ..........  4% 3.59M 20m7s
#17 65.67 318850K .......... .......... .......... .......... ..........  4% 9.40M 20m7s
#17 65.68 318900K .......... .......... .......... .......... ..........  4% 3.59M 20m7s
#17 65.70 318950K .......... .......... .......... .......... ..........  4% 4.76M 20m7s
#17 65.70 319000K .......... .......... .......... .......... ..........  4% 1.91M 20m7s
#17 65.73 319050K .......... .......... .......... .......... ..........  4%  569K 20m9s
#17 65.82 319100K .......... .......... .......... .......... ..........  4%  883K 20m10s
#17 65.87 319150K .......... .......... .......... .......... ..........  4% 1000K 20m11s
#17 65.94 319200K .......... .......... .......... .......... ..........  4% 1.43M 20m11s
#17 65.96 319250K .......... .......... .......... .......... ..........  4%  632K 20m13s
#17 66.04 319300K .......... .......... .......... .......... ..........  4%  880K 20m13s
#17 66.11 319350K .......... .......... .......... .......... ..........  4% 1.11M 20m14s
#17 66.16 319400K .......... .......... .......... .......... ..........  4% 1.11M 20m15s
#17 66.21 319450K .......... .......... .......... .......... ..........  4%  632K 20m16s
#17 66.26 319500K .......... .......... .......... .......... ..........  4%  974K 20m17s
#17 66.31 319550K .......... .......... .......... .......... ..........  4% 1.31M 20m18s
#17 66.35 319600K .......... .......... .......... .......... ..........  4% 2.52M 20m18s
#17 66.37 319650K .......... .......... .......... .......... ..........  4% 1.39M 20m18s
#17 66.40 319700K .......... .......... .......... .......... ..........  4% 2.45M 20m19s
#17 66.42 319750K .......... .......... .......... .......... ..........  4% 4.69M 20m19s
#17 66.43 319800K .......... .......... .......... .......... ..........  4% 2.48M 20m19s
#17 66.45 319850K .......... .......... .......... .......... ..........  4% 5.75M 20m19s
#17 66.46 319900K .......... .......... .......... .......... ..........  4% 3.01M 20m19s
#17 66.48 319950K .......... .......... .......... .......... ..........  4% 2.51M 20m19s
#17 66.50 320000K .......... .......... .......... .......... ..........  4% 2.76M 20m19s
#17 66.51 320050K .......... .......... .......... .......... ..........  4% 2.81M 20m19s
#17 66.53 320100K .......... .......... .......... .......... ..........  4% 7.61M 20m19s
#17 66.54 320150K .......... .......... .......... .......... ..........  4% 3.42M 20m19s
#17 66.55 320200K .......... .......... .......... .......... ..........  4% 3.25M 20m19s
#17 66.57 320250K .......... .......... .......... .......... ..........  4% 3.40M 20m20s
#17 66.58 320300K .......... .......... .......... .......... ..........  4% 2.59M 20m20s
#17 66.61 320350K .......... .......... .......... .......... ..........  4% 5.42M 20m20s
#17 66.61 320400K .......... .......... .......... .......... ..........  4% 4.03M 20m20s
#17 66.62 320450K .......... .......... .......... .......... ..........  4% 3.27M 20m20s
#17 66.64 320500K .......... .......... .......... .......... ..........  4% 4.69M 20m20s
#17 66.65 320550K .......... .......... .......... .......... ..........  4% 7.90M 20m20s
#17 66.66 320600K .......... .......... .......... .......... ..........  4% 2.92M 20m20s
#17 66.67 320650K .......... .......... .......... .......... ..........  4% 7.64M 20m20s
#17 66.68 320700K .......... .......... .......... .......... ..........  4% 3.48M 20m20s
#17 66.69 320750K .......... .......... .......... .......... ..........  4% 3.10M 20m20s
#17 66.71 320800K .......... .......... .......... .......... ..........  4% 3.54M 20m20s
#17 66.73 320850K .......... .......... .......... .......... ..........  4% 9.50M 20m20s
#17 66.73 320900K .......... .......... .......... .......... ..........  4% 4.07M 20m20s
#17 66.74 320950K .......... .......... .......... .......... ..........  4% 4.71M 20m20s
#17 66.75 321000K .......... .......... .......... .......... ..........  4% 2.20M 20m20s
#17 66.77 321050K .......... .......... .......... .......... ..........  4% 2.90M 20m21s
#17 66.79 321100K .......... .......... .......... .......... ..........  4% 73.0M 20m20s
#17 66.79 321150K .......... .......... .......... .......... ..........  4% 2.78M 20m20s
#17 66.80 321200K .......... .......... .......... .......... ..........  4% 2.64M 20m21s
#17 66.83 321250K .......... .......... .......... .......... ..........  4% 3.94M 20m21s
#17 66.84 321300K .......... .......... .......... .......... ..........  4% 57.0M 20m21s
#17 66.84 321350K .......... .......... .......... .......... ..........  4% 3.43M 20m21s
#17 66.85 321400K .......... .......... .......... .......... ..........  4% 8.03M 20m21s
#17 66.86 321450K .......... .......... .......... .......... ..........  4% 4.16M 20m21s
#17 66.87 321500K .......... .......... .......... .......... ..........  4% 4.35M 20m21s
#17 66.88 321550K .......... .......... .......... .......... ..........  4% 3.38M 20m21s
#17 66.89 321600K .......... .......... .......... .......... ..........  4% 4.77M 20m21s
#17 66.90 321650K .......... .......... .......... .......... ..........  4% 5.14M 20m21s
#17 66.91 321700K .......... .......... .......... .......... ..........  4% 4.00M 20m21s
#17 66.93 321750K .......... .......... .......... .......... ..........  4% 3.78M 20m21s
#17 66.94 321800K .......... .......... .......... .......... ..........  4% 2.95M 20m21s
#17 66.96 321850K .......... .......... .......... .......... ..........  4% 4.33M 20m21s
#17 66.97 321900K .......... .......... .......... .......... ..........  4% 4.19M 20m21s
#17 66.98 321950K .......... .......... .......... .......... ..........  4% 4.55M 20m21s
#17 66.99 322000K .......... .......... .......... .......... ..........  4% 4.69M 20m21s
#17 67.00 322050K .......... .......... .......... .......... ..........  4% 4.41M 20m21s
#17 67.01 322100K .......... .......... .......... .......... ..........  4% 4.13M 20m21s
#17 67.03 322150K .......... .......... .......... .......... ..........  4% 3.56M 20m21s
#17 67.04 322200K .......... .......... .......... .......... ..........  4% 3.32M 20m21s
#17 67.05 322250K .......... .......... .......... .......... ..........  4% 3.37M 20m21s
#17 67.07 322300K .......... .......... .......... .......... ..........  4% 5.59M 20m21s
#17 67.07 322350K .......... .......... .......... .......... ..........  4% 4.36M 20m21s
#17 67.09 322400K .......... .......... .......... .......... ..........  4% 3.17M 20m21s
#17 67.10 322450K .......... .......... .......... .......... ..........  4% 5.87M 20m21s
#17 67.11 322500K .......... .......... .......... .......... ..........  4% 4.92M 20m21s
#17 67.12 322550K .......... .......... .......... .......... ..........  4% 3.70M 20m21s
#17 67.13 322600K .......... .......... .......... .......... ..........  4% 3.25M 20m22s
#17 67.15 322650K .......... .......... .......... .......... ..........  4% 3.50M 20m22s
#17 67.16 322700K .......... .......... .......... .......... ..........  4% 6.31M 20m22s
#17 67.17 322750K .......... .......... .......... .......... ..........  4% 5.24M 20m22s
#17 67.18 322800K .......... .......... .......... .......... ..........  4% 4.80M 20m22s
#17 67.19 322850K .......... .......... .......... .......... ..........  4% 5.66M 20m22s
#17 67.20 322900K .......... .......... .......... .......... ..........  4% 4.67M 20m22s
#17 67.21 322950K .......... .......... .......... .......... ..........  4% 3.50M 20m22s
#17 67.22 323000K .......... .......... .......... .......... ..........  4% 3.88M 20m22s
#17 67.23 323050K .......... .......... .......... .......... ..........  4% 4.98M 20m22s
#17 67.24 323100K .......... .......... .......... .......... ..........  4% 4.07M 20m22s
#17 67.26 323150K .......... .......... .......... .......... ..........  4% 5.24M 20m22s
#17 67.27 323200K .......... .......... .......... .......... ..........  4% 3.62M 20m22s
#17 67.28 323250K .......... .......... .......... .......... ..........  4% 5.31M 20m22s
#17 67.29 323300K .......... .......... .......... .......... ..........  4% 6.22M 20m22s
#17 67.30 323350K .......... .......... .......... .......... ..........  4% 3.77M 20m22s
#17 67.31 323400K .......... .......... .......... .......... ..........  4% 4.55M 20m22s
#17 67.32 323450K .......... .......... .......... .......... ..........  4% 2.63M 20m22s
#17 67.34 323500K .......... .......... .......... .......... ..........  4% 3.63M 20m22s
#17 67.35 323550K .......... .......... .......... .......... ..........  4% 6.16M 20m22s
#17 67.36 323600K .......... .......... .......... .......... ..........  4% 3.89M 20m22s
#17 67.37 323650K .......... .......... .......... .......... ..........  4% 3.71M 20m22s
#17 67.38 323700K .......... .......... .......... .......... ..........  4% 8.67M 20m22s
#17 67.39 323750K .......... .......... .......... .......... ..........  4% 3.51M 20m22s
#17 67.41 323800K .......... .......... .......... .......... ..........  4% 5.98M 20m22s
#17 67.41 323850K .......... .......... .......... .......... ..........  4% 13.3M 20m22s
#17 67.42 323900K .......... .......... .......... .......... ..........  4% 2.37M 20m22s
#17 67.44 323950K .......... .......... .......... .......... ..........  4% 7.29M 20m22s
#17 67.44 324000K .......... .......... .......... .......... ..........  4% 4.84M 20m22s
#17 67.45 324050K .......... .......... .......... .......... ..........  4% 5.09M 20m22s
#17 67.46 324100K .......... .......... .......... .......... ..........  4% 3.98M 20m22s
#17 67.48 324150K .......... .......... .......... .......... ..........  4% 4.70M 20m22s
#17 67.49 324200K .......... .......... .......... .......... ..........  4% 3.59M 20m22s
#17 67.50 324250K .......... .......... .......... .......... ..........  4% 5.57M 20m22s
#17 67.51 324300K .......... .......... .......... .......... ..........  4% 5.73M 20m22s
#17 67.52 324350K .......... .......... .......... .......... ..........  4% 15.5M 20m22s
#17 67.52 324400K .......... .......... .......... .......... ..........  4% 3.33M 20m22s
#17 67.53 324450K .......... .......... .......... .......... ..........  4% 5.82M 20m22s
#17 67.54 324500K .......... .......... .......... .......... ..........  4% 4.54M 20m22s
#17 67.55 324550K .......... .......... .......... .......... ..........  4% 9.42M 20m22s
#17 67.56 324600K .......... .......... .......... .......... ..........  4% 4.85M 20m22s
#17 67.57 324650K .......... .......... .......... .......... ..........  4% 4.20M 20m22s
#17 67.58 324700K .......... .......... .......... .......... ..........  4% 5.67M 20m22s
#17 67.59 324750K .......... .......... .......... .......... ..........  4% 4.47M 20m22s
#17 67.60 324800K .......... .......... .......... .......... ..........  4% 5.02M 20m22s
#17 67.61 324850K .......... .......... .......... .......... ..........  4% 2.66M 20m22s
#17 67.63 324900K .......... .......... .......... .......... ..........  4% 15.9M 20m22s
#17 67.63 324950K .......... .......... .......... .......... ..........  4% 7.70M 20m22s
#17 67.64 325000K .......... .......... .......... .......... ..........  4% 6.17M 20m22s
#17 67.65 325050K .......... .......... .......... .......... ..........  4% 3.40M 20m22s
#17 67.66 325100K .......... .......... .......... .......... ..........  4% 6.80M 20m22s
#17 67.67 325150K .......... .......... .......... .......... ..........  4% 87.2M 20m22s
#17 67.67 325200K .......... .......... .......... .......... ..........  4% 4.59M 20m22s
#17 67.68 325250K .......... .......... .......... .......... ..........  4% 7.40M 20m22s
#17 67.68 325300K .......... .......... .......... .......... ..........  4% 6.19M 20m22s
#17 67.69 325350K .......... .......... .......... .......... ..........  4% 4.05M 20m22s
#17 67.70 325400K .......... .......... .......... .......... ..........  4% 3.38M 20m22s
#17 67.72 325450K .......... .......... .......... .......... ..........  4% 2.66M 20m22s
#17 67.74 325500K .......... .......... .......... .......... ..........  4% 4.41M 20m22s
#17 67.75 325550K .......... .......... .......... .......... ..........  4% 15.2M 20m22s
#17 67.75 325600K .......... .......... .......... .......... ..........  4% 8.22M 20m22s
#17 67.76 325650K .......... .......... .......... .......... ..........  4% 5.76M 20m22s
#17 67.77 325700K .......... .......... .......... .......... ..........  4% 6.22M 20m22s
#17 67.77 325750K .......... .......... .......... .......... ..........  4% 5.66M 20m22s
#17 67.78 325800K .......... .......... .......... .......... ..........  4% 6.92M 20m22s
#17 67.79 325850K .......... .......... .......... .......... ..........  4% 3.20M 20m22s
#17 67.81 325900K .......... .......... .......... .......... ..........  4% 5.87M 20m22s
#17 67.81 325950K .......... .......... .......... .......... ..........  4% 5.56M 20m22s
#17 67.82 326000K .......... .......... .......... .......... ..........  4% 6.45M 20m22s
#17 67.83 326050K .......... .......... .......... .......... ..........  4% 7.65M 20m22s
#17 67.84 326100K .......... .......... .......... .......... ..........  4% 5.75M 20m22s
#17 67.85 326150K .......... .......... .......... .......... ..........  4% 5.64M 20m22s
#17 67.85 326200K .......... .......... .......... .......... ..........  4% 8.89M 20m21s
#17 67.86 326250K .......... .......... .......... .......... ..........  4% 4.72M 20m21s
#17 67.87 326300K .......... .......... .......... .......... ..........  4% 4.09M 20m22s
#17 67.88 326350K .......... .......... .......... .......... ..........  4% 9.72M 20m21s
#17 67.89 326400K .......... .......... .......... .......... ..........  4% 5.56M 20m21s
#17 67.89 326450K .......... .......... .......... .......... ..........  4% 4.04M 20m21s
#17 67.91 326500K .......... .......... .......... .......... ..........  4% 5.87M 20m21s
#17 67.92 326550K .......... .......... .......... .......... ..........  4% 7.75M 20m21s
#17 67.92 326600K .......... .......... .......... .......... ..........  4% 8.97M 20m21s
#17 67.93 326650K .......... .......... .......... .......... ..........  4% 5.52M 20m21s
#17 67.94 326700K .......... .......... .......... .......... ..........  4% 7.27M 20m21s
#17 67.94 326750K .......... .......... .......... .......... ..........  4% 5.90M 20m21s
#17 67.95 326800K .......... .......... .......... .......... ..........  4% 4.80M 20m21s
#17 67.96 326850K .......... .......... .......... .......... ..........  4% 5.42M 20m21s
#17 67.97 326900K .......... .......... .......... .......... ..........  4% 2.91M 20m21s
#17 67.99 326950K .......... .......... .......... .......... ..........  4% 18.9M 20m21s
#17 67.99 327000K .......... .......... .......... .......... ..........  4% 50.1M 20m21s
#17 67.99 327050K .......... .......... .......... .......... ..........  4% 3.37M 20m21s
#17 68.01 327100K .......... .......... .......... .......... ..........  4% 6.73M 20m21s
#17 68.01 327150K .......... .......... .......... .......... ..........  4% 8.14M 20m21s
#17 68.02 327200K .......... .......... .......... .......... ..........  4% 7.44M 20m21s
#17 68.03 327250K .......... .......... .......... .......... ..........  4% 14.2M 20m21s
#17 68.03 327300K .......... .......... .......... .......... ..........  4% 5.48M 20m21s
#17 68.04 327350K .......... .......... .......... .......... ..........  4% 5.30M 20m21s
#17 68.05 327400K .......... .......... .......... .......... ..........  4% 12.0M 20m21s
#17 68.05 327450K .......... .......... .......... .......... ..........  4% 3.95M 20m21s
#17 68.06 327500K .......... .......... .......... .......... ..........  4% 7.08M 20m21s
#17 68.07 327550K .......... .......... .......... .......... ..........  4% 5.28M 20m21s
#17 68.08 327600K .......... .......... .......... .......... ..........  4% 2.83M 20m21s
#17 68.10 327650K .......... .......... .......... .......... ..........  4% 5.43M 20m21s
#17 68.11 327700K .......... .......... .......... .......... ..........  4% 7.93M 20m21s
#17 68.11 327750K .......... .......... .......... .......... ..........  4% 19.4M 20m20s
#17 68.11 327800K .......... .......... .......... .......... ..........  4% 2.27M 20m21s
#17 68.14 327850K .......... .......... .......... .......... ..........  4% 9.46M 20m21s
#17 68.14 327900K .......... .......... .......... .......... ..........  4% 10.3M 20m20s
#17 68.15 327950K .......... .......... .......... .......... ..........  4% 3.14M 20m21s
#17 68.16 328000K .......... .......... .......... .......... ..........  4% 6.75M 20m21s
#17 68.17 328050K .......... .......... .......... .......... ..........  4% 7.36M 20m20s
#17 68.17 328100K .......... .......... .......... .......... ..........  4% 2.55M 20m21s
#17 68.19 328150K .......... .......... .......... .......... ..........  4% 8.88M 20m21s
#17 68.20 328200K .......... .......... .......... .......... ..........  4% 4.26M 20m21s
#17 68.21 328250K .......... .......... .......... .......... ..........  4% 3.47M 20m21s
#17 68.23 328300K .......... .......... .......... .......... ..........  4% 4.78M 20m21s
#17 68.24 328350K .......... .......... .......... .......... ..........  4% 7.10M 20m21s
#17 68.24 328400K .......... .......... .......... .......... ..........  4% 3.85M 20m21s
#17 68.26 328450K .......... .......... .......... .......... ..........  4% 8.74M 20m21s
#17 68.26 328500K .......... .......... .......... .......... ..........  4% 5.15M 20m21s
#17 68.27 328550K .......... .......... .......... .......... ..........  4% 4.46M 20m21s
#17 68.28 328600K .......... .......... .......... .......... ..........  4% 5.64M 20m21s
#17 68.29 328650K .......... .......... .......... .......... ..........  4% 6.80M 20m20s
#17 68.30 328700K .......... .......... .......... .......... ..........  4% 11.8M 20m20s
#17 68.30 328750K .......... .......... .......... .......... ..........  4% 6.74M 20m20s
#17 68.31 328800K .......... .......... .......... .......... ..........  4% 9.51M 20m20s
#17 68.31 328850K .......... .......... .......... .......... ..........  4% 4.57M 20m20s
#17 68.32 328900K .......... .......... .......... .......... ..........  4% 8.99M 20m20s
#17 68.33 328950K .......... .......... .......... .......... ..........  4% 3.77M 20m20s
#17 68.34 329000K .......... .......... .......... .......... ..........  4% 5.69M 20m20s
#17 68.35 329050K .......... .......... .......... .......... ..........  4% 1.32M 20m21s
#17 68.39 329100K .......... .......... .......... .......... ..........  4% 2.98M 20m21s
#17 68.40 329150K .......... .......... .......... .......... ..........  4% 6.58M 20m21s
#17 68.41 329200K .......... .......... .......... .......... ..........  4% 5.90M 20m21s
#17 68.42 329250K .......... .......... .......... .......... ..........  4% 3.76M 20m21s
#17 68.43 329300K .......... .......... .......... .......... ..........  4% 5.51M 20m21s
#17 68.44 329350K .......... .......... .......... .......... ..........  4% 8.16M 20m21s
#17 68.45 329400K .......... .......... .......... .......... ..........  4% 4.93M 20m21s
#17 68.46 329450K .......... .......... .......... .......... ..........  4% 19.6M 20m21s
#17 68.46 329500K .......... .......... .......... .......... ..........  4% 5.79M 20m21s
#17 68.47 329550K .......... .......... .......... .......... ..........  4% 7.26M 20m20s
#17 68.48 329600K .......... .......... .......... .......... ..........  4% 5.94M 20m20s
#17 68.48 329650K .......... .......... .......... .......... ..........  4% 4.73M 20m20s
#17 68.49 329700K .......... .......... .......... .......... ..........  4% 9.00M 20m20s
#17 68.50 329750K .......... .......... .......... .......... ..........  4% 5.99M 20m20s
#17 68.51 329800K .......... .......... .......... .......... ..........  4% 9.25M 20m20s
#17 68.51 329850K .......... .......... .......... .......... ..........  4% 5.24M 20m20s
#17 68.52 329900K .......... .......... .......... .......... ..........  4% 3.94M 20m20s
#17 68.53 329950K .......... .......... .......... .......... ..........  4% 6.83M 20m20s
#17 68.54 330000K .......... .......... .......... .......... ..........  4% 3.51M 20m20s
#17 68.56 330050K .......... .......... .......... .......... ..........  4% 3.15M 20m20s
#17 68.57 330100K .......... .......... .......... .......... ..........  4%  114M 20m20s
#17 68.57 330150K .......... .......... .......... .......... ..........  4% 5.01M 20m20s
#17 68.58 330200K .......... .......... .......... .......... ..........  4% 9.30M 20m20s
#17 68.59 330250K .......... .......... .......... .......... ..........  4% 4.65M 20m20s
#17 68.60 330300K .......... .......... .......... .......... ..........  4% 12.4M 20m20s
#17 68.60 330350K .......... .......... .......... .......... ..........  4% 3.95M 20m20s
#17 68.62 330400K .......... .......... .......... .......... ..........  4% 15.2M 20m20s
#17 68.62 330450K .......... .......... .......... .......... ..........  4% 4.11M 20m20s
#17 68.63 330500K .......... .......... .......... .......... ..........  4% 3.46M 20m20s
#17 68.64 330550K .......... .......... .......... .......... ..........  4% 7.73M 20m20s
#17 68.65 330600K .......... .......... .......... .......... ..........  4% 5.31M 20m20s
#17 68.66 330650K .......... .......... .......... .......... ..........  4% 6.81M 20m20s
#17 68.66 330700K .......... .......... .......... .......... ..........  4% 4.26M 20m20s
#17 68.68 330750K .......... .......... .......... .......... ..........  4% 7.02M 20m20s
#17 68.68 330800K .......... .......... .......... .......... ..........  4% 9.92M 20m20s
#17 68.69 330850K .......... .......... .......... .......... ..........  4% 4.40M 20m20s
#17 68.70 330900K .......... .......... .......... .......... ..........  4% 23.5M 20m20s
#17 68.70 330950K .......... .......... .......... .......... ..........  4% 7.75M 20m20s
#17 68.71 331000K .......... .......... .......... .......... ..........  4% 6.22M 20m20s
#17 68.72 331050K .......... .......... .......... .......... ..........  4% 3.03M 20m20s
#17 68.73 331100K .......... .......... .......... .......... ..........  4% 4.76M 20m20s
#17 68.74 331150K .......... .......... .......... .......... ..........  4% 3.63M 20m20s
#17 68.76 331200K .......... .......... .......... .......... ..........  4% 3.46M 20m20s
#17 68.77 331250K .......... .......... .......... .......... ..........  4% 10.9M 20m20s
#17 68.77 331300K .......... .......... .......... .......... ..........  4% 9.18M 20m20s
#17 68.78 331350K .......... .......... .......... .......... ..........  4% 4.39M 20m20s
#17 68.79 331400K .......... .......... .......... .......... ..........  4% 72.6M 20m19s
#17 68.79 331450K .......... .......... .......... .......... ..........  4% 5.20M 20m19s
#17 68.80 331500K .......... .......... .......... .......... ..........  4% 7.48M 20m19s
#17 68.81 331550K .......... .......... .......... .......... ..........  4% 6.67M 20m19s
#17 68.81 331600K .......... .......... .......... .......... ..........  4% 4.25M 20m19s
#17 68.83 331650K .......... .......... .......... .......... ..........  4% 12.7M 20m19s
#17 68.83 331700K .......... .......... .......... .......... ..........  4% 3.97M 20m19s
#17 68.84 331750K .......... .......... .......... .......... ..........  4% 7.66M 20m19s
#17 68.85 331800K .......... .......... .......... .......... ..........  4% 3.93M 20m19s
#17 68.86 331850K .......... .......... .......... .......... ..........  4% 10.4M 20m19s
#17 68.87 331900K .......... .......... .......... .......... ..........  4% 7.03M 20m19s
#17 68.87 331950K .......... .......... .......... .......... ..........  4% 4.44M 20m19s
#17 68.88 332000K .......... .......... .......... .......... ..........  4% 6.85M 20m19s
#17 68.89 332050K .......... .......... .......... .......... ..........  4% 7.28M 20m19s
#17 68.90 332100K .......... .......... .......... .......... ..........  4% 5.83M 20m19s
#17 68.91 332150K .......... .......... .......... .......... ..........  4% 4.57M 20m19s
#17 68.92 332200K .......... .......... .......... .......... ..........  4% 2.46M 20m19s
#17 68.94 332250K .......... .......... .......... .......... ..........  4% 3.97M 20m19s
#17 68.95 332300K .......... .......... .......... .......... ..........  4% 7.05M 20m19s
#17 68.96 332350K .......... .......... .......... .......... ..........  4% 5.50M 20m19s
#17 68.96 332400K .......... .......... .......... .......... ..........  4% 5.09M 20m19s
#17 68.98 332450K .......... .......... .......... .......... ..........  4% 5.39M 20m19s
#17 68.98 332500K .......... .......... .......... .......... ..........  4% 4.86M 20m19s
#17 68.99 332550K .......... .......... .......... .......... ..........  4% 13.7M 20m19s
#17 69.00 332600K .......... .......... .......... .......... ..........  4% 12.7M 20m19s
#17 69.00 332650K .......... .......... .......... .......... ..........  4% 6.48M 20m19s
#17 69.01 332700K .......... .......... .......... .......... ..........  4% 6.80M 20m19s
#17 69.01 332750K .......... .......... .......... .......... ..........  4% 3.83M 20m19s
#17 69.03 332800K .......... .......... .......... .......... ..........  4% 4.09M 20m19s
#17 69.04 332850K .......... .......... .......... .......... ..........  4% 30.1M 20m19s
#17 69.04 332900K .......... .......... .......... .......... ..........  4% 4.51M 20m19s
#17 69.05 332950K .......... .......... .......... .......... ..........  4% 9.64M 20m19s
#17 69.06 333000K .......... .......... .......... .......... ..........  4% 4.98M 20m19s
#17 69.07 333050K .......... .......... .......... .......... ..........  4% 3.69M 20m19s
#17 69.08 333100K .......... .......... .......... .......... ..........  4% 5.29M 20m19s
#17 69.09 333150K .......... .......... .......... .......... ..........  4% 2.35M 20m19s
#17 69.11 333200K .......... .......... .......... .......... ..........  4% 14.7M 20m19s
#17 69.11 333250K .......... .......... .......... .......... ..........  4% 15.4M 20m19s
#17 69.12 333300K .......... .......... .......... .......... ..........  4% 4.09M 20m19s
#17 69.13 333350K .......... .......... .......... .......... ..........  4% 4.68M 20m19s
#17 69.14 333400K .......... .......... .......... .......... ..........  4% 8.46M 20m19s
#17 69.15 333450K .......... .......... .......... .......... ..........  4% 57.5M 20m18s
#17 69.15 333500K .......... .......... .......... .......... ..........  4% 6.27M 20m18s
#17 69.15 333550K .......... .......... .......... .......... ..........  4% 4.21M 20m18s
#17 69.17 333600K .......... .......... .......... .......... ..........  4% 17.3M 20m18s
#17 69.17 333650K .......... .......... .......... .......... ..........  4% 4.53M 20m18s
#17 69.18 333700K .......... .......... .......... .......... ..........  4% 11.7M 20m18s
#17 69.19 333750K .......... .......... .......... .......... ..........  4% 2.48M 20m18s
#17 69.20 333800K .......... .......... .......... .......... ..........  4% 8.94M 20m18s
#17 69.21 333850K .......... .......... .......... .......... ..........  4% 3.83M 20m18s
#17 69.22 333900K .......... .......... .......... .......... ..........  4% 6.45M 20m18s
#17 69.23 333950K .......... .......... .......... .......... ..........  4% 4.48M 20m18s
#17 69.24 334000K .......... .......... .......... .......... ..........  4% 11.6M 20m18s
#17 69.24 334050K .......... .......... .......... .......... ..........  4% 4.09M 20m18s
#17 69.26 334100K .......... .......... .......... .......... ..........  4% 4.61M 20m18s
#17 69.27 334150K .......... .......... .......... .......... ..........  4% 9.11M 20m18s
#17 69.27 334200K .......... .......... .......... .......... ..........  4% 3.67M 20m18s
#17 69.28 334250K .......... .......... .......... .......... ..........  4% 10.5M 20m18s
#17 69.29 334300K .......... .......... .......... .......... ..........  4% 2.46M 20m18s
#17 69.31 334350K .......... .......... .......... .......... ..........  4% 3.36M 20m18s
#17 69.32 334400K .......... .......... .......... .......... ..........  4% 3.01M 20m19s
#17 69.34 334450K .......... .......... .......... .......... ..........  4% 9.74M 20m18s
#17 69.35 334500K .......... .......... .......... .......... ..........  4% 8.68M 20m18s
#17 69.35 334550K .......... .......... .......... .......... ..........  4% 4.09M 20m18s
#17 69.36 334600K .......... .......... .......... .......... ..........  4% 20.3M 20m18s
#17 69.37 334650K .......... .......... .......... .......... ..........  4% 6.30M 20m18s
#17 69.37 334700K .......... .......... .......... .......... ..........  4% 5.34M 20m18s
#17 69.38 334750K .......... .......... .......... .......... ..........  4% 8.48M 20m18s
#17 69.39 334800K .......... .......... .......... .......... ..........  4% 6.28M 20m18s
#17 69.40 334850K .......... .......... .......... .......... ..........  4% 2.97M 20m18s
#17 69.41 334900K .......... .......... .......... .......... ..........  4% 7.29M 20m18s
#17 69.42 334950K .......... .......... .......... .......... ..........  4% 11.8M 20m18s
#17 69.42 335000K .......... .......... .......... .......... ..........  4% 5.88M 20m18s
#17 69.43 335050K .......... .......... .......... .......... ..........  4% 4.99M 20m18s
#17 69.44 335100K .......... .......... .......... .......... ..........  4% 4.23M 20m18s
#17 69.45 335150K .......... .......... .......... .......... ..........  4% 5.90M 20m18s
#17 69.46 335200K .......... .......... .......... .......... ..........  4% 5.25M 20m18s
#17 69.47 335250K .......... .......... .......... .......... ..........  4% 4.82M 20m18s
#17 69.48 335300K .......... .......... .......... .......... ..........  4% 9.18M 20m18s
#17 69.49 335350K .......... .......... .......... .......... ..........  4% 3.48M 20m18s
#17 69.50 335400K .......... .......... .......... .......... ..........  4% 2.64M 20m18s
#17 69.52 335450K .......... .......... .......... .......... ..........  4% 3.98M 20m18s
#17 69.53 335500K .......... .......... .......... .......... ..........  4% 3.16M 20m18s
#17 69.55 335550K .......... .......... .......... .......... ..........  4% 8.68M 20m18s
#17 69.55 335600K .......... .......... .......... .......... ..........  4% 7.54M 20m18s
#17 69.56 335650K .......... .......... .......... .......... ..........  4% 35.7M 20m18s
#17 69.56 335700K .......... .......... .......... .......... ..........  4% 17.3M 20m18s
#17 69.56 335750K .......... .......... .......... .......... ..........  4% 3.63M 20m18s
#17 69.58 335800K .......... .......... .......... .......... ..........  4% 52.6M 20m18s
#17 69.58 335850K .......... .......... .......... .......... ..........  4% 52.3M 20m18s
#17 69.58 335900K .......... .......... .......... .......... ..........  4% 63.3M 20m17s
#17 69.58 335950K .......... .......... .......... .......... ..........  4% 4.40M 20m17s
#17 69.59 336000K .......... .......... .......... .......... ..........  4% 4.44M 20m17s
#17 69.60 336050K .......... .......... .......... .......... ..........  4% 6.36M 20m17s
#17 69.61 336100K .......... .......... .......... .......... ..........  4% 11.2M 20m17s
#17 69.61 336150K .......... .......... .......... .......... ..........  4% 5.90M 20m17s
#17 69.62 336200K .......... .......... .......... .......... ..........  4% 9.66M 20m17s
#17 69.63 336250K .......... .......... .......... .......... ..........  4% 7.05M 20m17s
#17 69.63 336300K .......... .......... .......... .......... ..........  4% 4.88M 20m17s
#17 69.64 336350K .......... .......... .......... .......... ..........  4% 4.00M 20m17s
#17 69.65 336400K .......... .......... .......... .......... ..........  4% 5.20M 20m17s
#17 69.66 336450K .......... .......... .......... .......... ..........  4% 12.5M 20m17s
#17 69.67 336500K .......... .......... .......... .......... ..........  4% 5.63M 20m17s
#17 69.68 336550K .......... .......... .......... .......... ..........  4% 5.18M 20m17s
#17 69.69 336600K .......... .......... .......... .......... ..........  4% 5.22M 20m17s
#17 69.70 336650K .......... .......... .......... .......... ..........  4% 4.21M 20m17s
#17 69.71 336700K .......... .......... .......... .......... ..........  4% 20.0M 20m17s
#17 69.71 336750K .......... .......... .......... .......... ..........  4%  192K 20m22s
#17 70.35 336800K .......... .......... .......... .......... ..........  4% 6.84M 20m22s
#17 70.35 336850K .......... .......... .......... .......... ..........  4% 4.34M 20m22s
#17 70.37 336900K .......... .......... .......... .......... ..........  4% 6.08M 20m22s
#17 70.37 336950K .......... .......... .......... .......... ..........  4% 12.3M 20m21s
#17 70.38 337000K .......... .......... .......... .......... ..........  4% 5.01M 20m21s
#17 70.39 337050K .......... .......... .......... .......... ..........  4% 54.5M 20m21s
#17 70.39 337100K .......... .......... .......... .......... ..........  4% 5.74M 20m21s
#17 70.40 337150K .......... .......... .......... .......... ..........  4% 3.70M 20m21s
#17 70.41 337200K .......... .......... .......... .......... ..........  4% 5.35M 20m21s
#17 70.42 337250K .......... .......... .......... .......... ..........  4% 10.3M 20m21s
#17 70.42 337300K .......... .......... .......... .......... ..........  4% 7.18M 20m21s
#17 70.43 337350K .......... .......... .......... .......... ..........  4% 3.12M 20m21s
#17 70.45 337400K .......... .......... .......... .......... ..........  4% 9.43M 20m21s
#17 70.45 337450K .......... .......... .......... .......... ..........  4% 5.20M 20m21s
#17 70.46 337500K .......... .......... .......... .......... ..........  4% 6.04M 20m21s
#17 70.47 337550K .......... .......... .......... .......... ..........  4% 8.49M 20m21s
#17 70.48 337600K .......... .......... .......... .......... ..........  4% 3.85M 20m21s
#17 70.49 337650K .......... .......... .......... .......... ..........  4% 5.46M 20m21s
#17 70.50 337700K .......... .......... .......... .......... ..........  4% 3.87M 20m21s
#17 70.51 337750K .......... .......... .......... .......... ..........  4% 4.80M 20m21s
#17 70.52 337800K .......... .......... .......... .......... ..........  4% 23.4M 20m21s
#17 70.52 337850K .......... .......... .......... .......... ..........  4% 7.09M 20m21s
#17 70.53 337900K .......... .......... .......... .......... ..........  4% 7.44M 20m21s
#17 70.54 337950K .......... .......... .......... .......... ..........  4% 3.82M 20m21s
#17 70.55 338000K .......... .......... .......... .......... ..........  4% 4.84M 20m21s
#17 70.56 338050K .......... .......... .......... .......... ..........  4% 8.98M 20m21s
#17 70.56 338100K .......... .......... .......... .......... ..........  4% 4.26M 20m21s
#17 70.58 338150K .......... .......... .......... .......... ..........  4% 7.64M 20m21s
#17 70.58 338200K .......... .......... .......... .......... ..........  4% 6.67M 20m21s
#17 70.60 338250K .......... .......... .......... .......... ..........  4% 7.32M 20m21s
#17 70.60 338300K .......... .......... .......... .......... ..........  4% 18.7M 20m21s
#17 70.60 338350K .......... .......... .......... .......... ..........  4% 5.31M 20m21s
#17 70.61 338400K .......... .......... .......... .......... ..........  4% 25.6M 20m20s
#17 70.61 338450K .......... .......... .......... .......... ..........  4% 8.08M 20m20s
#17 70.62 338500K .......... .......... .......... .......... ..........  4% 10.5M 20m20s
#17 70.62 338550K .......... .......... .......... .......... ..........  4% 4.06M 20m20s
#17 70.63 338600K .......... .......... .......... .......... ..........  4% 4.50M 20m20s
#17 70.64 338650K .......... .......... .......... .......... ..........  4% 3.82M 20m20s
#17 70.66 338700K .......... .......... .......... .......... ..........  4% 4.70M 20m20s
#17 70.67 338750K .......... .......... .......... .......... ..........  5% 3.21M 20m20s
#17 70.68 338800K .......... .......... .......... .......... ..........  5% 11.3M 20m20s
#17 70.69 338850K .......... .......... .......... .......... ..........  5% 54.2M 20m20s
#17 70.69 338900K .......... .......... .......... .......... ..........  5% 4.95M 20m20s
#17 70.70 338950K .......... .......... .......... .......... ..........  5% 43.9M 20m20s
#17 70.70 339000K .......... .......... .......... .......... ..........  5% 6.86M 20m20s
#17 70.70 339050K .......... .......... .......... .......... ..........  5% 3.28M 20m20s
#17 70.72 339100K .......... .......... .......... .......... ..........  5% 3.60M 20m20s
#17 72.93 339150K .......... .......... .......... .......... ..........  5% 3.35M 20m20s
#17 72.94 339200K .......... .......... .......... .......... ..........  5% 6.84M 20m20s
#17 72.95 339250K .......... .......... .......... .......... ..........  5% 6.06M 20m20s
#17 72.96 339300K .......... .......... .......... .......... ..........  5% 4.38M 20m20s
#17 72.97 339350K .......... .......... .......... .......... ..........  5% 47.5M 20m20s
#17 72.97 339400K .......... .......... .......... .......... ..........  5% 2.62M 20m20s
#17 72.99 339450K .......... .......... .......... .......... ..........  5% 24.5M 20m20s
#17 72.99 339500K .......... .......... .......... .......... ..........  5% 28.3M 20m20s
#17 72.99 339550K .......... .......... .......... .......... ..........  5% 1.45M 20m20s
#17 73.03 339600K .......... .......... .......... .......... ..........  5% 6.07M 20m20s
#17 73.03 339650K .......... .......... .......... .......... ..........  5% 3.68M 20m20s
#17 73.05 339700K .......... .......... .......... .......... ..........  5% 3.03M 20m20s
#17 73.06 339750K .......... .......... .......... .......... ..........  5% 2.64M 20m21s
#17 73.08 339800K .......... .......... .......... .......... ..........  5% 49.1M 20m20s
#17 73.08 339850K .......... .......... .......... .......... ..........  5% 60.8M 20m20s
#17 73.08 339900K .......... .......... .......... .......... ..........  5% 3.95M 20m20s
#17 73.10 339950K .......... .......... .......... .......... ..........  5% 2.54M 20m20s
#17 73.11 340000K .......... .......... .......... .......... ..........  5% 5.67M 20m20s
#17 73.12 340050K .......... .......... .......... .......... ..........  5% 4.15M 20m20s
#17 73.14 340100K .......... .......... .......... .......... ..........  5% 11.1M 20m20s
#17 73.15 340150K .......... .......... .......... .......... ..........  5% 9.34M 20m20s
#17 73.15 340200K .......... .......... .......... .......... ..........  5% 28.1M 20m20s
#17 73.15 340250K .......... .......... .......... .......... ..........  5% 6.75M 20m20s
#17 73.15 340300K .......... .......... .......... .......... ..........  5% 35.3M 20m20s
#17 73.16 340350K .......... .......... .......... .......... ..........  5% 7.13M 20m20s
#17 73.16 340400K .......... .......... .......... .......... ..........  5% 50.2M 20m20s
#17 73.16 340450K .......... .......... .......... .......... ..........  5% 10.0M 20m19s
#17 73.17 340500K .......... .......... .......... .......... ..........  5% 64.7M 20m19s
#17 73.17 340550K .......... .......... .......... .......... ..........  5% 29.4M 20m19s
#17 73.17 340600K .......... .......... .......... .......... ..........  5% 5.70M 20m19s
#17 73.18 340650K .......... .......... .......... .......... ..........  5% 13.9M 20m19s
#17 73.18 340700K .......... .......... .......... .......... ..........  5% 12.8M 20m19s
#17 73.19 340750K .......... .......... .......... .......... ..........  5% 2.30M 20m19s
#17 73.21 340800K .......... .......... .......... .......... ..........  5% 7.50M 20m19s
#17 73.21 340850K .......... .......... .......... .......... ..........  5% 4.13M 20m19s
#17 73.23 340900K .......... .......... .......... .......... ..........  5% 3.64M 20m19s
#17 73.24 340950K .......... .......... .......... .......... ..........  5% 4.92M 20m19s
#17 73.25 341000K .......... .......... .......... .......... ..........  5% 12.1M 20m19s
#17 73.25 341050K .......... .......... .......... .......... ..........  5% 4.20M 20m19s
#17 73.26 341100K .......... .......... .......... .......... ..........  5% 12.5M 20m19s
#17 73.27 341150K .......... .......... .......... .......... ..........  5% 3.26M 20m19s
#17 73.29 341200K .......... .......... .......... .......... ..........  5% 24.4M 20m19s
#17 73.29 341250K .......... .......... .......... .......... ..........  5% 29.4M 20m19s
#17 73.29 341300K .......... .......... .......... .......... ..........  5% 6.24M 20m19s
#17 73.30 341350K .......... .......... .......... .......... ..........  5% 33.3M 20m19s
#17 73.30 341400K .......... .......... .......... .......... ..........  5% 6.51M 20m18s
#17 73.30 341450K .......... .......... .......... .......... ..........  5% 2.50M 20m19s
#17 73.32 341500K .......... .......... .......... .......... ..........  5% 4.42M 20m19s
#17 73.34 341550K .......... .......... .......... .......... ..........  5% 7.48M 20m19s
#17 73.34 341600K .......... .......... .......... .......... ..........  5% 3.21M 20m19s
#17 73.36 341650K .......... .......... .......... .......... ..........  5% 5.23M 20m19s
#17 73.37 341700K .......... .......... .......... .......... ..........  5% 7.52M 20m19s
#17 73.37 341750K .......... .......... .......... .......... ..........  5% 3.48M 20m19s
#17 73.39 341800K .......... .......... .......... .......... ..........  5% 10.9M 20m19s
#17 73.39 341850K .......... .......... .......... .......... ..........  5% 7.65M 20m19s
#17 73.40 341900K .......... .......... .......... .......... ..........  5% 16.7M 20m18s
#17 73.40 341950K .......... .......... .......... .......... ..........  5% 80.5M 20m18s
#17 73.40 342000K .......... .......... .......... .......... ..........  5% 80.8M 20m18s
#17 73.40 342050K .......... .......... .......... .......... ..........  5% 4.50M 20m18s
#17 73.41 342100K .......... .......... .......... .......... ..........  5% 4.70M 20m18s
#17 73.42 342150K .......... .......... .......... .......... ..........  5% 10.8M 20m18s
#17 73.43 342200K .......... .......... .......... .......... ..........  5% 9.53M 20m18s
#17 73.43 342250K .......... .......... .......... .......... ..........  5% 3.74M 20m18s
#17 73.45 342300K .......... .......... .......... .......... ..........  5% 10.7M 20m18s
#17 73.45 342350K .......... .......... .......... .......... ..........  5% 13.5M 20m18s
#17 73.46 342400K .......... .......... .......... .......... ..........  5% 14.3M 20m18s
#17 73.46 342450K .......... .......... .......... .......... ..........  5% 11.4M 20m18s
#17 73.46 342500K .......... .......... .......... .......... ..........  5% 4.96M 20m18s
#17 73.47 342550K .......... .......... .......... .......... ..........  5% 30.2M 20m17s
#17 73.47 342600K .......... .......... .......... .......... ..........  5% 52.5M 20m17s
#17 73.47 342650K .......... .......... .......... .......... ..........  5% 4.98M 20m17s
#17 73.48 342700K .......... .......... .......... .......... ..........  5% 3.68M 20m17s
#17 73.50 342750K .......... .......... .......... .......... ..........  5% 7.11M 20m17s
#17 73.50 342800K .......... .......... .......... .......... ..........  5% 36.6M 20m17s
#17 73.51 342850K .......... .......... .......... .......... ..........  5% 1.39M 20m17s
#17 73.54 342900K .......... .......... .......... .......... ..........  5% 2.91M 20m18s
#17 73.56 342950K .......... .......... .......... .......... ..........  5% 16.7M 20m17s
#17 73.56 343000K .......... .......... .......... .......... ..........  5% 1.58M 20m18s
#17 73.59 343050K .......... .......... .......... .......... ..........  5% 16.4M 20m18s
#17 73.60 343100K .......... .......... .......... .......... ..........  5% 5.10M 20m18s
#17 73.60 343150K .......... .......... .......... .......... ..........  5% 49.0M 20m18s
#17 73.60 343200K .......... .......... .......... .......... ..........  5% 8.86M 20m17s
#17 73.61 343250K .......... .......... .......... .......... ..........  5% 3.94M 20m18s
#17 73.62 343300K .......... .......... .......... .......... ..........  5% 93.9M 20m17s
#17 73.62 343350K .......... .......... .......... .......... ..........  5% 5.71M 20m17s
#17 73.63 343400K .......... .......... .......... .......... ..........  5% 16.3M 20m17s
#17 73.63 343450K .......... .......... .......... .......... ..........  5% 2.96M 20m17s
#17 73.65 343500K .......... .......... .......... .......... ..........  5% 10.2M 20m17s
#17 73.66 343550K .......... .......... .......... .......... ..........  5% 49.3M 20m17s
#17 73.66 343600K .......... .......... .......... .......... ..........  5% 22.8M 20m17s
#17 73.66 343650K .......... .......... .......... .......... ..........  5% 4.88M 20m17s
#17 73.67 343700K .......... .......... .......... .......... ..........  5% 3.63M 20m17s
#17 73.68 343750K .......... .......... .......... .......... ..........  5% 2.71M 20m17s
#17 73.70 343800K .......... .......... .......... .......... ..........  5% 2.66M 20m17s
#17 73.72 343850K .......... .......... .......... .......... ..........  5% 2.48M 20m17s
#17 73.74 343900K .......... .......... .......... .......... ..........  5% 2.55M 20m18s
#17 73.76 343950K .......... .......... .......... .......... ..........  5% 2.44M 20m18s
#17 73.78 344000K .......... .......... .......... .......... ..........  5% 4.77M 20m18s
#17 73.79 344050K .......... .......... .......... .......... ..........  5% 4.19M 20m18s
#17 73.80 344100K .......... .......... .......... .......... ..........  5% 12.9M 20m18s
#17 73.80 344150K .......... .......... .......... .......... ..........  5% 4.22M 20m18s
#17 73.81 344200K .......... .......... .......... .......... ..........  5% 6.02M 20m18s
#17 73.82 344250K .......... .......... .......... .......... ..........  5% 5.80M 20m18s
#17 73.83 344300K .......... .......... .......... .......... ..........  5% 3.91M 20m18s
#17 73.84 344350K .......... .......... .......... .......... ..........  5% 3.21M 20m18s
#17 73.86 344400K .......... .......... .......... .......... ..........  5% 2.78M 20m18s
#17 73.88 344450K .......... .......... .......... .......... ..........  5% 6.20M 20m18s
#17 73.88 344500K .......... .......... .......... .......... ..........  5% 45.0M 20m18s
#17 73.88 344550K .......... .......... .......... .......... ..........  5% 5.34M 20m18s
#17 73.89 344600K .......... .......... .......... .......... ..........  5% 71.4M 20m18s
#17 73.89 344650K .......... .......... .......... .......... ..........  5% 2.40M 20m18s
#17 73.92 344700K .......... .......... .......... .......... ..........  5% 46.1M 20m18s
#17 73.92 344750K .......... .......... .......... .......... ..........  5% 1.31M 20m18s
#17 73.95 344800K .......... .......... .......... .......... ..........  5% 2.11M 20m18s
#17 73.98 344850K .......... .......... .......... .......... ..........  5% 1.38M 20m19s
#17 74.01 344900K .......... .......... .......... .......... ..........  5% 1.65M 20m19s
#17 74.04 344950K .......... .......... .......... .......... ..........  5% 1.71M 20m20s
#17 74.07 345000K .......... .......... .......... .......... ..........  5% 7.78M 20m20s
#17 74.08 345050K .......... .......... .......... .......... ..........  5% 8.73M 20m19s
#17 74.08 345100K .......... .......... .......... .......... ..........  5% 78.5M 20m19s
#17 74.08 345150K .......... .......... .......... .......... ..........  5% 11.9M 20m19s
#17 74.09 345200K .......... .......... .......... .......... ..........  5% 49.9M 20m19s
#17 74.09 345250K .......... .......... .......... .......... ..........  5% 22.2M 20m19s
#17 74.10 345300K .......... .......... .......... .......... ..........  5% 5.53M 20m19s
#17 74.10 345350K .......... .......... .......... .......... ..........  5% 8.24M 20m19s
#17 74.10 345400K .......... .......... .......... .......... ..........  5% 11.6M 20m19s
#17 74.11 345450K .......... .......... .......... .......... ..........  5% 5.38M 20m19s
#17 74.12 345500K .......... .......... .......... .......... ..........  5% 17.6M 20m18s
#17 74.12 345550K .......... .......... .......... .......... ..........  5% 20.6M 20m18s
#17 74.12 345600K .......... .......... .......... .......... ..........  5% 10.2M 20m18s
#17 74.13 345650K .......... .......... .......... .......... ..........  5% 3.50M 20m18s
#17 74.14 345700K .......... .......... .......... .......... ..........  5% 73.3M 20m18s
#17 74.14 345750K .......... .......... .......... .......... ..........  5% 45.9M 20m18s
#17 74.14 345800K .......... .......... .......... .......... ..........  5% 3.08M 20m18s
#17 74.17 345850K .......... .......... .......... .......... ..........  5% 20.5M 20m18s
#17 74.17 345900K .......... .......... .......... .......... ..........  5% 69.1M 20m18s
#17 74.17 345950K .......... .......... .......... .......... ..........  5% 14.9M 20m18s
#17 74.17 346000K .......... .......... .......... .......... ..........  5% 18.5M 20m18s
#17 74.17 346050K .......... .......... .......... .......... ..........  5% 17.7M 20m17s
#17 74.17 346100K .......... .......... .......... .......... ..........  5% 5.75M 20m17s
#17 74.18 346150K .......... .......... .......... .......... ..........  5% 5.27M 20m17s
#17 74.19 346200K .......... .......... .......... .......... ..........  5% 8.85M 20m17s
#17 74.19 346250K .......... .......... .......... .......... ..........  5% 5.42M 20m17s
#17 74.20 346300K .......... .......... .......... .......... ..........  5% 3.85M 20m17s
#17 74.22 346350K .......... .......... .......... .......... ..........  5% 4.53M 20m17s
#17 74.23 346400K .......... .......... .......... .......... ..........  5% 6.74M 20m17s
#17 74.23 346450K .......... .......... .......... .......... ..........  5% 5.51M 20m17s
#17 74.24 346500K .......... .......... .......... .......... ..........  5% 7.23M 20m17s
#17 74.25 346550K .......... .......... .......... .......... ..........  5% 6.89M 20m17s
#17 74.26 346600K .......... .......... .......... .......... ..........  5% 5.82M 20m17s
#17 74.27 346650K .......... .......... .......... .......... ..........  5% 5.34M 20m17s
#17 74.27 346700K .......... .......... .......... .......... ..........  5% 9.33M 20m17s
#17 74.28 346750K .......... .......... .......... .......... ..........  5% 5.18M 20m17s
#17 74.29 346800K .......... .......... .......... .......... ..........  5% 6.21M 20m17s
#17 74.30 346850K .......... .......... .......... .......... ..........  5% 4.15M 20m17s
#17 74.31 346900K .......... .......... .......... .......... ..........  5% 6.08M 20m17s
#17 74.32 346950K .......... .......... .......... .......... ..........  5% 4.56M 20m17s
#17 74.33 347000K .......... .......... .......... .......... ..........  5% 4.33M 20m17s
#17 74.34 347050K .......... .......... .......... .......... ..........  5% 4.14M 20m17s
#17 74.35 347100K .......... .......... .......... .......... ..........  5% 5.50M 20m17s
#17 74.36 347150K .......... .......... .......... .......... ..........  5% 3.41M 20m17s
#17 74.37 347200K .......... .......... .......... .......... ..........  5% 57.3M 20m17s
#17 74.37 347250K .......... .......... .......... .......... ..........  5% 4.40M 20m17s
#17 74.39 347300K .......... .......... .......... .......... ..........  5% 4.73M 20m17s
#17 74.40 347350K .......... .......... .......... .......... ..........  5% 6.23M 20m17s
#17 74.40 347400K .......... .......... .......... .......... ..........  5% 5.29M 20m17s
#17 74.41 347450K .......... .......... .......... .......... ..........  5% 5.10M 20m17s
#17 74.43 347500K .......... .......... .......... .......... ..........  5% 3.10M 20m17s
#17 74.44 347550K .......... .......... .......... .......... ..........  5% 3.11M 20m17s
#17 74.45 347600K .......... .......... .......... .......... ..........  5% 4.73M 20m17s
#17 74.47 347650K .......... .......... .......... .......... ..........  5% 4.27M 20m17s
#17 74.48 347700K .......... .......... .......... .......... ..........  5% 5.50M 20m17s
#17 74.49 347750K .......... .......... .......... .......... ..........  5% 47.5M 20m17s
#17 74.49 347800K .......... .......... .......... .......... ..........  5% 3.53M 20m17s
#17 74.50 347850K .......... .......... .......... .......... ..........  5% 49.5M 20m17s
#17 74.50 347900K .......... .......... .......... .......... ..........  5% 10.3M 20m17s
#17 74.51 347950K .......... .......... .......... .......... ..........  5% 2.27M 20m17s
#17 74.53 348000K .......... .......... .......... .......... ..........  5% 43.7M 20m17s
#17 74.53 348050K .......... .......... .......... .......... ..........  5% 39.4M 20m17s
#17 74.53 348100K .......... .......... .......... .......... ..........  5% 60.5M 20m16s
#17 74.53 348150K .......... .......... .......... .......... ..........  5% 6.17M 20m16s
#17 74.54 348200K .......... .......... .......... .......... ..........  5% 1.88M 20m17s
#17 74.56 348250K .......... .......... .......... .......... ..........  5% 3.03M 20m17s
#17 74.58 348300K .......... .......... .......... .......... ..........  5% 3.75M 20m17s
#17 74.59 348350K .......... .......... .......... .......... ..........  5% 6.38M 20m17s
#17 74.60 348400K .......... .......... .......... .......... ..........  5% 9.77M 20m17s
#17 74.61 348450K .......... .......... .......... .......... ..........  5% 3.59M 20m17s
#17 74.62 348500K .......... .......... .......... .......... ..........  5% 5.73M 20m17s
#17 74.63 348550K .......... .......... .......... .......... ..........  5% 6.74M 20m17s
#17 74.64 348600K .......... .......... .......... .......... ..........  5% 5.49M 20m17s
#17 74.64 348650K .......... .......... .......... .......... ..........  5% 1.12M 20m17s
#17 74.69 348700K .......... .......... .......... .......... ..........  5% 3.45M 20m17s
#17 74.70 348750K .......... .......... .......... .......... ..........  5% 6.89M 20m17s
#17 74.71 348800K .......... .......... .......... .......... ..........  5% 7.67M 20m17s
#17 74.72 348850K .......... .......... .......... .......... ..........  5% 3.39M 20m17s
#17 74.73 348900K .......... .......... .......... .......... ..........  5% 8.88M 20m17s
#17 74.74 348950K .......... .......... .......... .......... ..........  5% 9.04M 20m17s
#17 74.74 349000K .......... .......... .......... .......... ..........  5% 4.29M 20m17s
#17 74.75 349050K .......... .......... .......... .......... ..........  5% 9.57M 20m17s
#17 74.76 349100K .......... .......... .......... .......... ..........  5% 4.61M 20m17s
#17 74.77 349150K .......... .......... .......... .......... ..........  5% 6.04M 20m17s
#17 74.78 349200K .......... .......... .......... .......... ..........  5% 3.00M 20m17s
#17 74.79 349250K .......... .......... .......... .......... ..........  5% 3.47M 20m17s
#17 74.81 349300K .......... .......... .......... .......... ..........  5% 4.94M 20m17s
#17 74.82 349350K .......... .......... .......... .......... ..........  5% 13.8M 20m17s
#17 74.82 349400K .......... .......... .......... .......... ..........  5% 10.9M 20m17s
#17 74.82 349450K .......... .......... .......... .......... ..........  5% 6.66M 20m17s
#17 74.83 349500K .......... .......... .......... .......... ..........  5% 8.42M 20m17s
#17 74.84 349550K .......... .......... .......... .......... ..........  5% 5.39M 20m17s
#17 74.85 349600K .......... .......... .......... .......... ..........  5% 8.04M 20m17s
#17 74.85 349650K .......... .......... .......... .......... ..........  5% 4.17M 20m17s
#17 74.87 349700K .......... .......... .......... .......... ..........  5% 6.51M 20m17s
#17 74.87 349750K .......... .......... .......... .......... ..........  5% 6.83M 20m17s
#17 74.88 349800K .......... .......... .......... .......... ..........  5% 3.55M 20m17s
#17 74.89 349850K .......... .......... .......... .......... ..........  5% 3.91M 20m17s
#17 74.91 349900K .......... .......... .......... .......... ..........  5% 9.50M 20m17s
#17 74.91 349950K .......... .......... .......... .......... ..........  5% 5.76M 20m17s
#17 74.92 350000K .......... .......... .......... .......... ..........  5% 18.4M 20m17s
#17 74.92 350050K .......... .......... .......... .......... ..........  5% 1.22M 20m17s
#17 74.97 350100K .......... .......... .......... .......... ..........  5% 4.31M 20m17s
#17 74.97 350150K .......... .......... .......... .......... ..........  5% 4.39M 20m17s
#17 74.98 350200K .......... .......... .......... .......... ..........  5% 7.64M 20m17s
#17 74.99 350250K .......... .......... .......... .......... ..........  5% 4.65M 20m17s
#17 75.00 350300K .......... .......... .......... .......... ..........  5% 5.05M 20m17s
#17 75.01 350350K .......... .......... .......... .......... ..........  5% 5.85M 20m17s
#17 75.02 350400K .......... .......... .......... .......... ..........  5% 13.4M 20m17s
#17 75.02 350450K .......... .......... .......... .......... ..........  5% 7.17M 20m17s
#17 75.03 350500K .......... .......... .......... .......... ..........  5% 2.89M 20m17s
#17 75.05 350550K .......... .......... .......... .......... ..........  5% 5.65M 20m17s
#17 75.05 350600K .......... .......... .......... .......... ..........  5% 3.82M 20m17s
#17 75.07 350650K .......... .......... .......... .......... ..........  5% 4.50M 20m17s
#17 75.08 350700K .......... .......... .......... .......... ..........  5% 5.68M 20m17s
#17 75.09 350750K .......... .......... .......... .......... ..........  5% 5.89M 20m17s
#17 75.10 350800K .......... .......... .......... .......... ..........  5% 5.45M 20m17s
#17 75.10 350850K .......... .......... .......... .......... ..........  5% 5.80M 20m17s
#17 75.12 350900K .......... .......... .......... .......... ..........  5% 6.30M 20m17s
#17 75.12 350950K .......... .......... .......... .......... ..........  5% 6.95M 20m17s
#17 75.13 351000K .......... .......... .......... .......... ..........  5% 6.09M 20m17s
#17 75.14 351050K .......... .......... .......... .......... ..........  5% 4.18M 20m17s
#17 75.15 351100K .......... .......... .......... .......... ..........  5% 5.69M 20m17s
#17 75.16 351150K .......... .......... .......... .......... ..........  5% 5.80M 20m17s
#17 75.16 351200K .......... .......... .......... .......... ..........  5% 3.33M 20m17s
#17 75.18 351250K .......... .......... .......... .......... ..........  5% 6.30M 20m17s
#17 75.19 351300K .......... .......... .......... .......... ..........  5% 4.19M 20m17s
#17 75.20 351350K .......... .......... .......... .......... ..........  5% 5.85M 20m17s
#17 75.21 351400K .......... .......... .......... .......... ..........  5% 4.08M 20m17s
#17 75.22 351450K .......... .......... .......... .......... ..........  5% 7.00M 20m17s
#17 75.23 351500K .......... .......... .......... .......... ..........  5% 5.40M 20m17s
#17 75.23 351550K .......... .......... .......... .......... ..........  5% 7.14M 20m17s
#17 75.24 351600K .......... .......... .......... .......... ..........  5% 6.60M 20m17s
#17 75.25 351650K .......... .......... .......... .......... ..........  5% 4.93M 20m17s
#17 75.26 351700K .......... .......... .......... .......... ..........  5% 3.42M 20m17s
#17 75.27 351750K .......... .......... .......... .......... ..........  5% 5.41M 20m17s
#17 75.28 351800K .......... .......... .......... .......... ..........  5% 3.38M 20m17s
#17 75.30 351850K .......... .......... .......... .......... ..........  5% 5.95M 20m17s
#17 75.31 351900K .......... .......... .......... .......... ..........  5% 3.40M 20m17s
#17 75.33 351950K .......... .......... .......... .......... ..........  5% 21.3M 20m17s
#17 75.33 352000K .......... .......... .......... .......... ..........  5% 12.7M 20m17s
#17 75.33 352050K .......... .......... .......... .......... ..........  5% 5.17M 20m17s
#17 75.34 352100K .......... .......... .......... .......... ..........  5% 6.91M 20m17s
#17 75.34 352150K .......... .......... .......... .......... ..........  5% 3.82M 20m17s
#17 75.35 352200K .......... .......... .......... .......... ..........  5% 2.38M 20m17s
#17 75.38 352250K .......... .......... .......... .......... ..........  5% 11.9M 20m17s
#17 75.38 352300K .......... .......... .......... .......... ..........  5% 28.8M 20m17s
#17 75.38 352350K .......... .......... .......... .......... ..........  5% 3.30M 20m17s
#17 75.40 352400K .......... .......... .......... .......... ..........  5% 11.1M 20m17s
#17 75.40 352450K .......... .......... .......... .......... ..........  5% 4.59M 20m17s
#17 75.41 352500K .......... .......... .......... .......... ..........  5% 4.36M 20m17s
#17 75.43 352550K .......... .......... .......... .......... ..........  5% 6.30M 20m17s
#17 75.43 352600K .......... .......... .......... .......... ..........  5% 3.56M 20m17s
#17 75.44 352650K .......... .......... .......... .......... ..........  5% 12.9M 20m17s
#17 75.45 352700K .......... .......... .......... .......... ..........  5% 10.0M 20m16s
#17 75.45 352750K .......... .......... .......... .......... ..........  5% 3.99M 20m17s
#17 75.46 352800K .......... .......... .......... .......... ..........  5% 5.17M 20m17s
#17 75.48 352850K .......... .......... .......... .......... ..........  5% 4.50M 20m17s
#17 75.49 352900K .......... .......... .......... .......... ..........  5% 3.35M 20m17s
#17 75.50 352950K .......... .......... .......... .......... ..........  5% 5.90M 20m17s
#17 75.51 353000K .......... .......... .......... .......... ..........  5% 9.48M 20m17s
#17 75.51 353050K .......... .......... .......... .......... ..........  5% 4.27M 20m17s
#17 75.52 353100K .......... .......... .......... .......... ..........  5% 8.19M 20m16s
#17 75.53 353150K .......... .......... .......... .......... ..........  5% 4.65M 20m16s
#17 75.55 353200K .......... .......... .......... .......... ..........  5% 10.1M 20m16s
#17 75.55 353250K .......... .......... .......... .......... ..........  5% 8.19M 20m16s
#17 75.56 353300K .......... .......... .......... .......... ..........  5% 3.48M 20m16s
#17 75.56 353350K .......... .......... .......... .......... ..........  5% 5.26M 20m16s
#17 75.57 353400K .......... .......... .......... .......... ..........  5% 6.26M 20m16s
#17 75.58 353450K .......... .......... .......... .......... ..........  5% 3.11M 20m16s
#17 75.60 353500K .......... .......... .......... .......... ..........  5% 4.24M 20m16s
#17 75.61 353550K .......... .......... .......... .......... ..........  5% 8.48M 20m16s
#17 75.61 353600K .......... .......... .......... .......... ..........  5% 3.48M 20m16s
#17 75.63 353650K .......... .......... .......... .......... ..........  5% 3.43M 20m17s
#17 75.65 353700K .......... .......... .......... .......... ..........  5% 4.01M 20m17s
#17 75.66 353750K .......... .......... .......... .......... ..........  5% 7.89M 20m16s
#17 75.67 353800K .......... .......... .......... .......... ..........  5% 9.87M 20m16s
#17 75.67 353850K .......... .......... .......... .......... ..........  5% 13.1M 20m16s
#17 75.67 353900K .......... .......... .......... .......... ..........  5% 5.12M 20m16s
#17 75.68 353950K .......... .......... .......... .......... ..........  5% 4.28M 20m16s
#17 75.69 354000K .......... .......... .......... .......... ..........  5% 5.36M 20m16s
#17 75.70 354050K .......... .......... .......... .......... ..........  5% 6.38M 20m16s
#17 75.71 354100K .......... .......... .......... .......... ..........  5% 2.74M 20m16s
#17 75.73 354150K .......... .......... .......... .......... ..........  5% 5.39M 20m16s
#17 75.73 354200K .......... .......... .......... .......... ..........  5% 6.89M 20m16s
#17 75.74 354250K .......... .......... .......... .......... ..........  5% 6.48M 20m16s
#17 75.75 354300K .......... .......... .......... .......... ..........  5% 4.08M 20m16s
#17 75.76 354350K .......... .......... .......... .......... ..........  5% 5.60M 20m16s
#17 75.77 354400K .......... .......... .......... .......... ..........  5% 4.24M 20m16s
#17 75.78 354450K .......... .......... .......... .......... ..........  5% 7.71M 20m16s
#17 75.79 354500K .......... .......... .......... .......... ..........  5% 2.98M 20m16s
#17 75.81 354550K .......... .......... .......... .......... ..........  5% 6.26M 20m16s
#17 75.81 354600K .......... .......... .......... .......... ..........  5% 7.49M 20m16s
#17 75.82 354650K .......... .......... .......... .......... ..........  5% 5.16M 20m16s
#17 75.83 354700K .......... .......... .......... .......... ..........  5% 4.78M 20m16s
#17 75.84 354750K .......... .......... .......... .......... ..........  5% 9.06M 20m16s
#17 75.84 354800K .......... .......... .......... .......... ..........  5% 7.19M 20m16s
#17 75.85 354850K .......... .......... .......... .......... ..........  5% 5.19M 20m16s
#17 75.87 354900K .......... .......... .......... .......... ..........  5% 3.52M 20m16s
#17 75.87 354950K .......... .......... .......... .......... ..........  5% 5.19M 20m16s
#17 75.88 355000K .......... .......... .......... .......... ..........  5% 3.61M 20m16s
#17 75.90 355050K .......... .......... .......... .......... ..........  5% 6.67M 20m16s
#17 75.90 355100K .......... .......... .......... .......... ..........  5% 5.81M 20m16s
#17 75.91 355150K .......... .......... .......... .......... ..........  5% 7.37M 20m16s
#17 75.92 355200K .......... .......... .......... .......... ..........  5% 2.98M 20m16s
#17 75.94 355250K .......... .......... .......... .......... ..........  5% 5.97M 20m16s
#17 75.95 355300K .......... .......... .......... .......... ..........  5% 7.96M 20m16s
#17 75.95 355350K .......... .......... .......... .......... ..........  5% 4.60M 20m16s
#17 75.96 355400K .......... .......... .......... .......... ..........  5% 9.05M 20m16s
#17 75.97 355450K .......... .......... .......... .......... ..........  5% 4.62M 20m16s
#17 75.98 355500K .......... .......... .......... .......... ..........  5% 5.90M 20m16s
#17 75.98 355550K .......... .......... .......... .......... ..........  5% 6.43M 20m16s
#17 75.99 355600K .......... .......... .......... .......... ..........  5% 3.74M 20m16s
#17 76.01 355650K .......... .......... .......... .......... ..........  5% 8.07M 20m16s
#17 76.01 355700K .......... .......... .......... .......... ..........  5% 6.97M 20m16s
#17 76.02 355750K .......... .......... .......... .......... ..........  5% 5.64M 20m16s
#17 76.03 355800K .......... .......... .......... .......... ..........  5% 6.56M 20m16s
#17 76.03 355850K .......... .......... .......... .......... ..........  5% 3.28M 20m16s
#17 76.05 355900K .......... .......... .......... .......... ..........  5% 44.3M 20m16s
#17 76.05 355950K .......... .......... .......... .......... ..........  5% 10.5M 20m16s
#17 76.06 356000K .......... .......... .......... .......... ..........  5% 6.14M 20m16s
#17 76.06 356050K .......... .......... .......... .......... ..........  5% 4.41M 20m16s
#17 76.08 356100K .......... .......... .......... .......... ..........  5% 5.15M 20m16s
#17 76.09 356150K .......... .......... .......... .......... ..........  5% 6.09M 20m16s
#17 76.09 356200K .......... .......... .......... .......... ..........  5% 4.31M 20m16s
#17 76.10 356250K .......... .......... .......... .......... ..........  5% 6.25M 20m16s
#17 76.11 356300K .......... .......... .......... .......... ..........  5% 6.87M 20m16s
#17 76.12 356350K .......... .......... .......... .......... ..........  5% 5.64M 20m16s
#17 76.13 356400K .......... .......... .......... .......... ..........  5% 7.91M 20m15s
#17 76.13 356450K .......... .......... .......... .......... ..........  5% 6.81M 20m15s
#17 76.14 356500K .......... .......... .......... .......... ..........  5% 5.59M 20m15s
#17 76.15 356550K .......... .......... .......... .......... ..........  5% 4.52M 20m15s
#17 76.16 356600K .......... .......... .......... .......... ..........  5% 7.63M 20m15s
#17 76.17 356650K .......... .......... .......... .......... ..........  5% 4.97M 20m15s
#17 76.18 356700K .......... .......... .......... .......... ..........  5% 5.85M 20m15s
#17 76.18 356750K .......... .......... .......... .......... ..........  5% 4.32M 20m15s
#17 76.20 356800K .......... .......... .......... .......... ..........  5% 2.76M 20m15s
#17 76.21 356850K .......... .......... .......... .......... ..........  5% 7.05M 20m15s
#17 76.22 356900K .......... .......... .......... .......... ..........  5% 11.4M 20m15s
#17 76.23 356950K .......... .......... .......... .......... ..........  5% 4.07M 20m15s
#17 76.24 357000K .......... .......... .......... .......... ..........  5% 7.85M 20m15s
#17 76.24 357050K .......... .......... .......... .......... ..........  5% 6.70M 20m15s
#17 76.25 357100K .......... .......... .......... .......... ..........  5% 7.93M 20m15s
#17 76.26 357150K .......... .......... .......... .......... ..........  5% 5.10M 20m15s
#17 76.27 357200K .......... .......... .......... .......... ..........  5% 18.8M 20m15s
#17 76.27 357250K .......... .......... .......... .......... ..........  5% 3.11M 20m15s
#17 76.28 357300K .......... .......... .......... .......... ..........  5% 7.34M 20m15s
#17 76.29 357350K .......... .......... .......... .......... ..........  5% 5.32M 20m15s
#17 76.30 357400K .......... .......... .......... .......... ..........  5% 5.05M 20m15s
#17 76.31 357450K .......... .......... .......... .......... ..........  5% 5.87M 20m15s
#17 76.32 357500K .......... .......... .......... .......... ..........  5% 6.35M 20m15s
#17 76.33 357550K .......... .......... .......... .......... ..........  5% 6.92M 20m15s
#17 76.33 357600K .......... .......... .......... .......... ..........  5% 5.69M 20m15s
#17 76.34 357650K .......... .......... .......... .......... ..........  5% 2.81M 20m15s
#17 76.36 357700K .......... .......... .......... .......... ..........  5% 4.05M 20m15s
#17 76.38 357750K .......... .......... .......... .......... ..........  5% 3.85M 20m15s
#17 76.38 357800K .......... .......... .......... .......... ..........  5% 4.53M 20m15s
#17 76.39 357850K .......... .......... .......... .......... ..........  5% 5.58M 20m15s
#17 76.40 357900K .......... .......... .......... .......... ..........  5% 4.25M 20m15s
#17 76.41 357950K .......... .......... .......... .......... ..........  5% 7.59M 20m15s
#17 76.42 358000K .......... .......... .......... .......... ..........  5% 5.35M 20m15s
#17 76.43 358050K .......... .......... .......... .......... ..........  5% 15.0M 20m15s
#17 76.43 358100K .......... .......... .......... .......... ..........  5% 7.50M 20m15s
#17 76.44 358150K .......... .......... .......... .......... ..........  5% 5.29M 20m15s
#17 76.45 358200K .......... .......... .......... .......... ..........  5% 4.96M 20m15s
#17 76.46 358250K .......... .......... .......... .......... ..........  5% 8.20M 20m15s
#17 76.47 358300K .......... .......... .......... .......... ..........  5% 4.95M 20m15s
#17 76.47 358350K .......... .......... .......... .......... ..........  5% 5.72M 20m15s
#17 76.48 358400K .......... .......... .......... .......... ..........  5% 4.62M 20m15s
#17 76.49 358450K .......... .......... .......... .......... ..........  5% 1.56M 20m15s
#17 76.54 358500K .......... .......... .......... .......... ..........  5% 3.43M 20m15s
#17 76.54 358550K .......... .......... .......... .......... ..........  5% 12.0M 20m15s
#17 76.54 358600K .......... .......... .......... .......... ..........  5% 8.91M 20m15s
#17 76.55 358650K .......... .......... .......... .......... ..........  5% 11.0M 20m15s
#17 76.55 358700K .......... .......... .......... .......... ..........  5% 6.53M 20m15s
#17 76.56 358750K .......... .......... .......... .......... ..........  5% 5.86M 20m15s
#17 76.57 358800K .......... .......... .......... .......... ..........  5% 6.04M 20m15s
#17 76.58 358850K .......... .......... .......... .......... ..........  5% 6.32M 20m15s
#17 76.58 358900K .......... .......... .......... .......... ..........  5% 9.86M 20m15s
#17 76.59 358950K .......... .......... .......... .......... ..........  5% 4.39M 20m15s
#17 76.60 359000K .......... .......... .......... .......... ..........  5% 4.73M 20m15s
#17 76.61 359050K .......... .......... .......... .......... ..........  5% 5.00M 20m15s
#17 76.62 359100K .......... .......... .......... .......... ..........  5% 5.42M 20m15s
#17 76.63 359150K .......... .......... .......... .......... ..........  5% 9.08M 20m15s
#17 76.63 359200K .......... .......... .......... .......... ..........  5% 5.64M 20m15s
#17 76.64 359250K .......... .......... .......... .......... ..........  5% 5.26M 20m15s
#17 76.65 359300K .......... .......... .......... .......... ..........  5% 11.5M 20m14s
#17 76.66 359350K .......... .......... .......... .......... ..........  5% 4.97M 20m14s
#17 76.67 359400K .......... .......... .......... .......... ..........  5% 8.62M 20m14s
#17 76.67 359450K .......... .......... .......... .......... ..........  5% 5.70M 20m14s
#17 76.68 359500K .......... .......... .......... .......... ..........  5% 4.87M 20m14s
#17 76.69 359550K .......... .......... .......... .......... ..........  5% 9.70M 20m14s
#17 76.70 359600K .......... .......... .......... .......... ..........  5% 4.66M 20m14s
#17 76.71 359650K .......... .......... .......... .......... ..........  5% 4.90M 20m14s
#17 76.72 359700K .......... .......... .......... .......... ..........  5% 5.96M 20m14s
#17 76.73 359750K .......... .......... .......... .......... ..........  5% 5.74M 20m14s
#17 76.73 359800K .......... .......... .......... .......... ..........  5% 4.93M 20m14s
#17 76.74 359850K .......... .......... .......... .......... ..........  5% 8.79M 20m14s
#17 76.75 359900K .......... .......... .......... .......... ..........  5% 10.4M 20m14s
#17 76.75 359950K .......... .......... .......... .......... ..........  5% 4.54M 20m14s
#17 76.76 360000K .......... .......... .......... .......... ..........  5% 19.2M 20m14s
#17 76.77 360050K .......... .......... .......... .......... ..........  5% 6.36M 20m14s
#17 76.77 360100K .......... .......... .......... .......... ..........  5% 9.25M 20m14s
#17 76.78 360150K .......... .......... .......... .......... ..........  5% 3.12M 20m14s
#17 76.80 360200K .......... .......... .......... .......... ..........  5% 9.34M 20m14s
#17 76.80 360250K .......... .......... .......... .......... ..........  5% 5.91M 20m14s
#17 76.81 360300K .......... .......... .......... .......... ..........  5% 5.29M 20m14s
#17 76.82 360350K .......... .......... .......... .......... ..........  5% 6.24M 20m14s
#17 76.83 360400K .......... .......... .......... .......... ..........  5% 5.57M 20m14s
#17 76.83 360450K .......... .......... .......... .......... ..........  5% 6.78M 20m14s
#17 76.84 360500K .......... .......... .......... .......... ..........  5% 5.56M 20m14s
#17 76.85 360550K .......... .......... .......... .......... ..........  5% 10.1M 20m14s
#17 76.86 360600K .......... .......... .......... .......... ..........  5% 5.57M 20m14s
#17 76.86 360650K .......... .......... .......... .......... ..........  5% 5.26M 20m13s
#17 76.87 360700K .......... .......... .......... .......... ..........  5% 9.24M 20m13s
#17 76.88 360750K .......... .......... .......... .......... ..........  5% 6.52M 20m13s
#17 76.89 360800K .......... .......... .......... .......... ..........  5% 7.97M 20m13s
#17 76.89 360850K .......... .......... .......... .......... ..........  5% 4.89M 20m13s
#17 76.90 360900K .......... .......... .......... .......... ..........  5% 6.30M 20m13s
#17 76.91 360950K .......... .......... .......... .......... ..........  5% 4.46M 20m13s
#17 76.92 361000K .......... .......... .......... .......... ..........  5% 4.69M 20m13s
#17 76.93 361050K .......... .......... .......... .......... ..........  5% 9.59M 20m13s
#17 76.94 361100K .......... .......... .......... .......... ..........  5% 5.18M 20m13s
#17 76.95 361150K .......... .......... .......... .......... ..........  5% 6.65M 20m13s
#17 76.96 361200K .......... .......... .......... .......... ..........  5% 10.1M 20m13s
#17 76.96 361250K .......... .......... .......... .......... ..........  5% 4.69M 20m13s
#17 76.97 361300K .......... .......... .......... .......... ..........  5% 17.4M 20m13s
#17 76.98 361350K .......... .......... .......... .......... ..........  5% 4.27M 20m13s
#17 76.98 361400K .......... .......... .......... .......... ..........  5% 6.94M 20m13s
#17 76.99 361450K .......... .......... .......... .......... ..........  5% 3.58M 20m13s
#17 77.00 361500K .......... .......... .......... .......... ..........  5% 5.60M 20m13s
#17 77.01 361550K .......... .......... .......... .......... ..........  5% 4.57M 20m13s
#17 77.02 361600K .......... .......... .......... .......... ..........  5% 6.53M 20m13s
#17 77.03 361650K .......... .......... .......... .......... ..........  5% 14.5M 20m13s
#17 77.03 361700K .......... .......... .......... .......... ..........  5% 7.59M 20m13s
#17 77.04 361750K .......... .......... .......... .......... ..........  5% 4.48M 20m13s
#17 77.05 361800K .......... .......... .......... .......... ..........  5% 7.30M 20m13s
#17 77.06 361850K .......... .......... .......... .......... ..........  5% 9.17M 20m13s
#17 77.06 361900K .......... .......... .......... .......... ..........  5% 5.54M 20m13s
#17 77.07 361950K .......... .......... .......... .......... ..........  5% 5.64M 20m13s
#17 77.08 362000K .......... .......... .......... .......... ..........  5% 28.8M 20m12s
#17 77.08 362050K .......... .......... .......... .......... ..........  5% 4.18M 20m12s
#17 77.09 362100K .......... .......... .......... .......... ..........  5% 4.96M 20m12s
#17 77.10 362150K .......... .......... .......... .......... ..........  5% 8.21M 20m12s
#17 77.11 362200K .......... .......... .......... .......... ..........  5% 4.25M 20m12s
#17 77.12 362250K .......... .......... .......... .......... ..........  5% 4.76M 20m12s
#17 77.13 362300K .......... .......... .......... .......... ..........  5% 8.18M 20m12s
#17 77.14 362350K .......... .......... .......... .......... ..........  5% 5.22M 20m12s
#17 77.15 362400K .......... .......... .......... .......... ..........  5% 28.2M 20m12s
#17 77.15 362450K .......... .......... .......... .......... ..........  5% 7.99M 20m12s
#17 77.15 362500K .......... .......... .......... .......... ..........  5% 3.74M 20m12s
#17 77.17 362550K .......... .......... .......... .......... ..........  5% 7.40M 20m12s
#17 77.17 362600K .......... .......... .......... .......... ..........  5% 11.3M 20m12s
#17 77.18 362650K .......... .......... .......... .......... ..........  5% 4.82M 20m12s
#17 77.19 362700K .......... .......... .......... .......... ..........  5% 5.08M 20m12s
#17 77.20 362750K .......... .......... .......... .......... ..........  5% 8.92M 20m12s
#17 77.20 362800K .......... .......... .......... .......... ..........  5% 8.27M 20m12s
#17 77.21 362850K .......... .......... .......... .......... ..........  5% 5.44M 20m12s
#17 77.22 362900K .......... .......... .......... .......... ..........  5% 5.64M 20m12s
#17 77.23 362950K .......... .......... .......... .......... ..........  5% 6.35M 20m12s
#17 77.24 363000K .......... .......... .......... .......... ..........  5% 5.05M 20m12s
#17 77.24 363050K .......... .......... .......... .......... ..........  5% 6.29M 20m12s
#17 77.25 363100K .......... .......... .......... .......... ..........  5% 8.36M 20m12s
#17 77.26 363150K .......... .......... .......... .......... ..........  5% 4.31M 20m12s
#17 77.27 363200K .......... .......... .......... .......... ..........  5% 4.76M 20m12s
#17 77.28 363250K .......... .......... .......... .......... ..........  5% 5.82M 20m12s
#17 77.29 363300K .......... .......... .......... .......... ..........  5% 15.2M 20m12s
#17 77.30 363350K .......... .......... .......... .......... ..........  5% 4.54M 20m12s
#17 77.30 363400K .......... .......... .......... .......... ..........  5% 3.69M 20m12s
#17 77.32 363450K .......... .......... .......... .......... ..........  5% 6.28M 20m12s
#17 77.32 363500K .......... .......... .......... .......... ..........  5% 3.98M 20m12s
#17 77.34 363550K .......... .......... .......... .......... ..........  5% 7.91M 20m12s
#17 77.34 363600K .......... .......... .......... .......... ..........  5% 7.54M 20m11s
#17 77.35 363650K .......... .......... .......... .......... ..........  5% 3.13M 20m12s
#17 77.37 363700K .......... .......... .......... .......... ..........  5% 11.5M 20m11s
#17 77.37 363750K .......... .......... .......... .......... ..........  5% 33.0M 20m11s
#17 77.37 363800K .......... .......... .......... .......... ..........  5% 6.69M 20m11s
#17 77.38 363850K .......... .......... .......... .......... ..........  5% 7.45M 20m11s
#17 77.38 363900K .......... .......... .......... .......... ..........  5% 18.0M 20m11s
#17 77.39 363950K .......... .......... .......... .......... ..........  5% 5.68M 20m11s
#17 77.39 364000K .......... .......... .......... .......... ..........  5% 4.58M 20m11s
#17 77.41 364050K .......... .......... .......... .......... ..........  5% 6.54M 20m11s
#17 77.41 364100K .......... .......... .......... .......... ..........  5% 9.00M 20m11s
#17 77.42 364150K .......... .......... .......... .......... ..........  5% 2.96M 20m11s
#17 77.43 364200K .......... .......... .......... .......... ..........  5% 7.72M 20m11s
#17 77.44 364250K .......... .......... .......... .......... ..........  5% 6.21M 20m11s
#17 77.45 364300K .......... .......... .......... .......... ..........  5% 7.86M 20m11s
#17 77.46 364350K .......... .......... .......... .......... ..........  5% 6.42M 20m11s
#17 77.46 364400K .......... .......... .......... .......... ..........  5% 5.49M 20m11s
#17 77.47 364450K .......... .......... .......... .......... ..........  5% 10.4M 20m11s
#17 77.48 364500K .......... .......... .......... .......... ..........  5% 5.38M 20m11s
#17 77.49 364550K .......... .......... .......... .......... ..........  5% 6.58M 20m11s
#17 77.49 364600K .......... .......... .......... .......... ..........  5% 5.56M 20m11s
#17 77.50 364650K .......... .......... .......... .......... ..........  5% 4.07M 20m11s
#17 77.51 364700K .......... .......... .......... .......... ..........  5% 2.65M 20m11s
#17 77.53 364750K .......... .......... .......... .......... ..........  5% 3.44M 20m11s
#17 77.55 364800K .......... .......... .......... .......... ..........  5% 77.7M 20m11s
#17 77.55 364850K .......... .......... .......... .......... ..........  5% 7.76M 20m11s
#17 77.55 364900K .......... .......... .......... .......... ..........  5% 7.77M 20m11s
#17 77.56 364950K .......... .......... .......... .......... ..........  5% 6.18M 20m11s
#17 77.57 365000K .......... .......... .......... .......... ..........  5% 5.50M 20m11s
#17 77.58 365050K .......... .......... .......... .......... ..........  5% 12.9M 20m10s
#17 77.58 365100K .......... .......... .......... .......... ..........  5% 9.36M 20m10s
#17 77.59 365150K .......... .......... .......... .......... ..........  5% 7.02M 20m10s
#17 77.59 365200K .......... .......... .......... .......... ..........  5% 6.50M 20m10s
#17 77.60 365250K .......... .......... .......... .......... ..........  5% 3.95M 20m10s
#17 77.61 365300K .......... .......... .......... .......... ..........  5% 4.59M 20m10s
#17 77.63 365350K .......... .......... .......... .......... ..........  5% 6.19M 20m10s
#17 77.63 365400K .......... .......... .......... .......... ..........  5% 5.20M 20m10s
#17 77.64 365450K .......... .......... .......... .......... ..........  5% 6.91M 20m10s
#17 77.65 365500K .......... .......... .......... .......... ..........  5% 7.00M 20m10s
#17 77.65 365550K .......... .......... .......... .......... ..........  5% 6.52M 20m10s
#17 77.66 365600K .......... .......... .......... .......... ..........  5% 9.29M 20m10s
#17 77.67 365650K .......... .......... .......... .......... ..........  5% 4.52M 20m10s
#17 77.68 365700K .......... .......... .......... .......... ..........  5% 6.41M 20m10s
#17 77.69 365750K .......... .......... .......... .......... ..........  5% 5.03M 20m10s
#17 77.70 365800K .......... .......... .......... .......... ..........  5% 13.7M 20m10s
#17 77.70 365850K .......... .......... .......... .......... ..........  5% 3.65M 20m10s
#17 77.71 365900K .......... .......... .......... .......... ..........  5% 9.76M 20m10s
#17 77.72 365950K .......... .......... .......... .......... ..........  5% 5.77M 20m10s
#17 77.73 366000K .......... .......... .......... .......... ..........  5% 7.37M 20m10s
#17 77.73 366050K .......... .......... .......... .......... ..........  5% 4.21M 20m10s
#17 77.74 366100K .......... .......... .......... .......... ..........  5% 6.57M 20m10s
#17 77.75 366150K .......... .......... .......... .......... ..........  5% 4.70M 20m10s
#17 77.76 366200K .......... .......... .......... .......... ..........  5% 13.2M 20m10s
#17 77.77 366250K .......... .......... .......... .......... ..........  5% 3.65M 20m10s
#17 77.78 366300K .......... .......... .......... .......... ..........  5% 24.9M 20m10s
#17 77.78 366350K .......... .......... .......... .......... ..........  5% 6.07M 20m10s
#17 77.79 366400K .......... .......... .......... .......... ..........  5% 7.36M 20m9s
#17 77.79 366450K .......... .......... .......... .......... ..........  5% 11.6M 20m9s
#17 77.80 366500K .......... .......... .......... .......... ..........  5% 4.33M 20m9s
#17 77.81 366550K .......... .......... .......... .......... ..........  5% 4.98M 20m9s
#17 77.82 366600K .......... .......... .......... .......... ..........  5% 7.26M 20m9s
#17 77.83 366650K .......... .......... .......... .......... ..........  5% 6.00M 20m9s
#17 77.84 366700K .......... .......... .......... .......... ..........  5% 4.81M 20m9s
#17 77.85 366750K .......... .......... .......... .......... ..........  5% 7.16M 20m9s
#17 77.85 366800K .......... .......... .......... .......... ..........  5% 6.28M 20m9s
#17 77.86 366850K .......... .......... .......... .......... ..........  5% 2.56M 20m9s
#17 77.88 366900K .......... .......... .......... .......... ..........  5% 23.7M 20m9s
#17 77.88 366950K .......... .......... .......... .......... ..........  5% 4.09M 20m9s
#17 77.89 367000K .......... .......... .......... .......... ..........  5% 6.27M 20m9s
#17 77.90 367050K .......... .......... .......... .......... ..........  5% 12.9M 20m9s
#17 77.90 367100K .......... .......... .......... .......... ..........  5% 7.48M 20m9s
#17 77.91 367150K .......... .......... .......... .......... ..........  5% 8.81M 20m9s
#17 77.92 367200K .......... .......... .......... .......... ..........  5% 7.62M 20m9s
#17 77.92 367250K .......... .......... .......... .......... ..........  5% 5.79M 20m9s
#17 77.93 367300K .......... .......... .......... .......... ..........  5% 5.29M 20m9s
#17 77.95 367350K .......... .......... .......... .......... ..........  5% 4.49M 20m9s
#17 77.95 367400K .......... .......... .......... .......... ..........  5% 5.82M 20m9s
#17 77.96 367450K .......... .......... .......... .......... ..........  5% 6.96M 20m9s
#17 77.97 367500K .......... .......... .......... .......... ..........  5% 7.85M 20m9s
#17 77.97 367550K .......... .......... .......... .......... ..........  5% 5.36M 20m9s
#17 77.98 367600K .......... .......... .......... .......... ..........  5% 13.0M 20m9s
#17 77.99 367650K .......... .......... .......... .......... ..........  5% 4.06M 20m9s
#17 78.00 367700K .......... .......... .......... .......... ..........  5% 12.0M 20m9s
#17 78.01 367750K .......... .......... .......... .......... ..........  5% 8.76M 20m9s
#17 78.01 367800K .......... .......... .......... .......... ..........  5% 4.78M 20m9s
#17 78.02 367850K .......... .......... .......... .......... ..........  5% 7.20M 20m8s
#17 78.02 367900K .......... .......... .......... .......... ..........  5% 9.91M 20m8s
#17 78.03 367950K .......... .......... .......... .......... ..........  5% 3.37M 20m8s
#17 78.04 368000K .......... .......... .......... .......... ..........  5% 7.69M 20m8s
#17 78.05 368050K .......... .......... .......... .......... ..........  5% 5.07M 20m8s
#17 78.06 368100K .......... .......... .......... .......... ..........  5% 8.36M 20m8s
#17 78.07 368150K .......... .......... .......... .......... ..........  5% 5.58M 20m8s
#17 78.08 368200K .......... .......... .......... .......... ..........  5% 9.39M 20m8s
#17 78.08 368250K .......... .......... .......... .......... ..........  5% 8.00M 20m8s
#17 78.09 368300K .......... .......... .......... .......... ..........  5% 7.84M 20m8s
#17 78.09 368350K .......... .......... .......... .......... ..........  5% 5.63M 20m8s
#17 78.10 368400K .......... .......... .......... .......... ..........  5% 7.11M 20m8s
#17 78.11 368450K .......... .......... .......... .......... ..........  5% 4.94M 20m8s
#17 78.12 368500K .......... .......... .......... .......... ..........  5% 7.24M 20m8s
#17 78.13 368550K .......... .......... .......... .......... ..........  5% 3.15M 20m8s
#17 78.14 368600K .......... .......... .......... .......... ..........  5% 11.5M 20m8s
#17 78.15 368650K .......... .......... .......... .......... ..........  5% 3.83M 20m8s
#17 78.16 368700K .......... .......... .......... .......... ..........  5% 5.56M 20m8s
#17 78.17 368750K .......... .......... .......... .......... ..........  5% 5.54M 20m8s
#17 78.18 368800K .......... .......... .......... .......... ..........  5% 5.71M 20m8s
#17 78.18 368850K .......... .......... .......... .......... ..........  5% 9.69M 20m8s
#17 78.19 368900K .......... .......... .......... .......... ..........  5% 7.13M 20m8s
#17 78.20 368950K .......... .......... .......... .......... ..........  5% 4.06M 20m8s
#17 78.21 369000K .......... .......... .......... .......... ..........  5% 8.90M 20m8s
#17 78.21 369050K .......... .......... .......... .......... ..........  5% 3.85M 20m8s
#17 78.23 369100K .......... .......... .......... .......... ..........  5% 8.43M 20m8s
#17 78.23 369150K .......... .......... .......... .......... ..........  5% 5.43M 20m8s
#17 78.24 369200K .......... .......... .......... .......... ..........  5% 6.99M 20m8s
#17 78.25 369250K .......... .......... .......... .......... ..........  5% 4.69M 20m8s
#17 78.26 369300K .......... .......... .......... .......... ..........  5% 8.13M 20m8s
#17 78.27 369350K .......... .......... .......... .......... ..........  5% 4.68M 20m8s
#17 78.27 369400K .......... .......... .......... .......... ..........  5% 5.19M 20m8s
#17 78.28 369450K .......... .......... .......... .......... ..........  5% 17.1M 20m7s
#17 78.29 369500K .......... .......... .......... .......... ..........  5% 5.42M 20m7s
#17 78.30 369550K .......... .......... .......... .......... ..........  5% 14.4M 20m7s
#17 78.30 369600K .......... .......... .......... .......... ..........  5% 6.11M 20m7s
#17 78.31 369650K .......... .......... .......... .......... ..........  5% 5.52M 20m7s
#17 78.32 369700K .......... .......... .......... .......... ..........  5% 7.10M 20m7s
#17 78.33 369750K .......... .......... .......... .......... ..........  5% 3.95M 20m7s
#17 78.33 369800K .......... .......... .......... .......... ..........  5% 6.54M 20m7s
#17 78.34 369850K .......... .......... .......... .......... ..........  5% 7.65M 20m7s
#17 78.35 369900K .......... .......... .......... .......... ..........  5% 4.22M 20m7s
#17 78.36 369950K .......... .......... .......... .......... ..........  5% 8.40M 20m7s
#17 78.37 370000K .......... .......... .......... .......... ..........  5% 6.89M 20m7s
#17 78.37 370050K .......... .......... .......... .......... ..........  5% 5.89M 20m7s
#17 78.38 370100K .......... .......... .......... .......... ..........  5% 11.3M 20m7s
#17 78.39 370150K .......... .......... .......... .......... ..........  5% 4.85M 20m7s
#17 78.40 370200K .......... .......... .......... .......... ..........  5% 9.01M 20m7s
#17 78.40 370250K .......... .......... .......... .......... ..........  5% 6.31M 20m7s
#17 78.41 370300K .......... .......... .......... .......... ..........  5% 8.69M 20m7s
#17 78.41 370350K .......... .......... .......... .......... ..........  5% 9.38M 20m7s
#17 78.42 370400K .......... .......... .......... .......... ..........  5% 3.31M 20m7s
#17 78.43 370450K .......... .......... .......... .......... ..........  5% 4.23M 20m7s
#17 78.45 370500K .......... .......... .......... .......... ..........  5% 10.1M 20m7s
#17 78.45 370550K .......... .......... .......... .......... ..........  5% 4.67M 20m7s
#17 78.46 370600K .......... .......... .......... .......... ..........  5% 6.71M 20m7s
#17 78.47 370650K .......... .......... .......... .......... ..........  5% 8.78M 20m7s
#17 78.47 370700K .......... .......... .......... .......... ..........  5% 5.06M 20m7s
#17 78.49 370750K .......... .......... .......... .......... ..........  5% 12.5M 20m6s
#17 78.49 370800K .......... .......... .......... .......... ..........  5% 6.64M 20m6s
#17 78.50 370850K .......... .......... .......... .......... ..........  5% 6.18M 20m6s
#17 78.50 370900K .......... .......... .......... .......... ..........  5% 7.27M 20m6s
#17 78.51 370950K .......... .......... .......... .......... ..........  5% 6.52M 20m6s
#17 78.52 371000K .......... .......... .......... .......... ..........  5% 5.98M 20m6s
#17 78.52 371050K .......... .......... .......... .......... ..........  5% 2.68M 20m6s
#17 78.54 371100K .......... .......... .......... .......... ..........  5% 2.14M 20m7s
#17 78.57 371150K .......... .......... .......... .......... ..........  5% 4.95M 20m7s
#17 78.58 371200K .......... .......... .......... .......... ..........  5% 6.80M 20m7s
#17 78.58 371250K .......... .......... .......... .......... ..........  5% 8.11M 20m6s
#17 78.59 371300K .......... .......... .......... .......... ..........  5% 4.85M 20m6s
#17 78.60 371350K .......... .......... .......... .......... ..........  5% 12.1M 20m6s
#17 78.60 371400K .......... .......... .......... .......... ..........  5% 6.38M 20m6s
#17 78.61 371450K .......... .......... .......... .......... ..........  5% 7.18M 20m6s
#17 78.62 371500K .......... .......... .......... .......... ..........  5% 4.83M 20m6s
#17 78.63 371550K .......... .......... .......... .......... ..........  5% 6.46M 20m6s
#17 78.64 371600K .......... .......... .......... .......... ..........  5% 4.58M 20m6s
#17 78.65 371650K .......... .......... .......... .......... ..........  5% 4.79M 20m6s
#17 78.66 371700K .......... .......... .......... .......... ..........  5% 5.89M 20m6s
#17 78.67 371750K .......... .......... .......... .......... ..........  5% 7.60M 20m6s
#17 78.67 371800K .......... .......... .......... .......... ..........  5% 6.64M 20m6s
#17 78.68 371850K .......... .......... .......... .......... ..........  5% 9.51M 20m6s
#17 78.69 371900K .......... .......... .......... .......... ..........  5% 7.51M 20m6s
#17 78.69 371950K .......... .......... .......... .......... ..........  5% 4.87M 20m6s
#17 78.70 372000K .......... .......... .......... .......... ..........  5% 6.26M 20m6s
#17 78.71 372050K .......... .......... .......... .......... ..........  5% 20.4M 20m6s
#17 78.71 372100K .......... .......... .......... .......... ..........  5% 5.39M 20m6s
#17 78.72 372150K .......... .......... .......... .......... ..........  5% 4.83M 20m6s
#17 78.73 372200K .......... .......... .......... .......... ..........  5% 6.33M 20m6s
#17 78.74 372250K .......... .......... .......... .......... ..........  5% 4.62M 20m6s
#17 78.75 372300K .......... .......... .......... .......... ..........  5% 5.20M 20m6s
#17 78.76 372350K .......... .......... .......... .......... ..........  5% 7.49M 20m6s
#17 78.76 372400K .......... .......... .......... .......... ..........  5% 5.99M 20m6s
#17 78.77 372450K .......... .......... .......... .......... ..........  5% 9.18M 20m6s
#17 78.78 372500K .......... .......... .......... .......... ..........  5% 7.50M 20m6s
#17 78.79 372550K .......... .......... .......... .......... ..........  5% 5.21M 20m6s
#17 78.79 372600K .......... .......... .......... .......... ..........  5% 7.05M 20m5s
#17 78.80 372650K .......... .......... .......... .......... ..........  5% 8.85M 20m5s
#17 78.81 372700K .......... .......... .......... .......... ..........  5% 4.42M 20m5s
#17 78.82 372750K .......... .......... .......... .......... ..........  5% 8.72M 20m5s
#17 78.82 372800K .......... .......... .......... .......... ..........  5% 9.32M 20m5s
#17 78.83 372850K .......... .......... .......... .......... ..........  5% 5.03M 20m5s
#17 78.84 372900K .......... .......... .......... .......... ..........  5% 4.24M 20m5s
#17 78.85 372950K .......... .......... .......... .......... ..........  5% 5.28M 20m5s
#17 78.86 373000K .......... .......... .......... .......... ..........  5% 4.88M 20m5s
#17 78.87 373050K .......... .......... .......... .......... ..........  5% 11.6M 20m5s
#17 78.87 373100K .......... .......... .......... .......... ..........  5% 9.29M 20m5s
#17 78.88 373150K .......... .......... .......... .......... ..........  5% 5.03M 20m5s
#17 78.89 373200K .......... .......... .......... .......... ..........  5% 10.1M 20m5s
#17 78.89 373250K .......... .......... .......... .......... ..........  5% 15.5M 20m5s
#17 78.89 373300K .......... .......... .......... .......... ..........  5% 5.41M 20m5s
#17 78.91 373350K .......... .......... .......... .......... ..........  5% 4.03M 20m5s
#17 78.92 373400K .......... .......... .......... .......... ..........  5% 8.34M 20m5s
#17 78.92 373450K .......... .......... .......... .......... ..........  5% 6.18M 20m5s
#17 78.93 373500K .......... .......... .......... .......... ..........  5% 4.46M 20m5s
#17 78.94 373550K .......... .......... .......... .......... ..........  5% 5.32M 20m5s
#17 78.95 373600K .......... .......... .......... .......... ..........  5% 4.09M 20m5s
#17 78.96 373650K .......... .......... .......... .......... ..........  5% 9.82M 20m5s
#17 78.97 373700K .......... .......... .......... .......... ..........  5% 13.0M 20m5s
#17 78.97 373750K .......... .......... .......... .......... ..........  5% 5.66M 20m5s
#17 78.98 373800K .......... .......... .......... .......... ..........  5% 5.76M 20m5s
#17 78.99 373850K .......... .......... .......... .......... ..........  5% 9.20M 20m5s
#17 78.99 373900K .......... .......... .......... .......... ..........  5% 6.44M 20m4s
#17 79.00 373950K .......... .......... .......... .......... ..........  5% 11.7M 20m4s
#17 79.00 374000K .......... .......... .......... .......... ..........  5% 5.62M 20m4s
#17 79.01 374050K .......... .......... .......... .......... ..........  5% 8.51M 20m4s
#17 79.02 374100K .......... .......... .......... .......... ..........  5% 4.46M 20m4s
#17 79.03 374150K .......... .......... .......... .......... ..........  5% 4.54M 20m4s
#17 79.04 374200K .......... .......... .......... .......... ..........  5% 9.00M 20m4s
#17 79.05 374250K .......... .......... .......... .......... ..........  5% 6.19M 20m4s
#17 79.05 374300K .......... .......... .......... .......... ..........  5% 5.90M 20m4s
#17 79.06 374350K .......... .......... .......... .......... ..........  5% 7.39M 20m4s
#17 79.07 374400K .......... .......... .......... .......... ..........  5% 9.28M 20m4s
#17 79.07 374450K .......... .......... .......... .......... ..........  5% 10.0M 20m4s
#17 79.08 374500K .......... .......... .......... .......... ..........  5% 5.51M 20m4s
#17 79.09 374550K .......... .......... .......... .......... ..........  5% 6.67M 20m4s
#17 79.10 374600K .......... .......... .......... .......... ..........  5% 6.69M 20m4s
#17 79.10 374650K .......... .......... .......... .......... ..........  5% 4.81M 20m4s
#17 79.11 374700K .......... .......... .......... .......... ..........  5% 6.63M 20m4s
#17 79.12 374750K .......... .......... .......... .......... ..........  5% 5.64M 20m4s
#17 79.13 374800K .......... .......... .......... .......... ..........  5% 6.00M 20m4s
#17 79.14 374850K .......... .......... .......... .......... ..........  5% 6.77M 20m4s
#17 79.14 374900K .......... .......... .......... .......... ..........  5% 8.39M 20m4s
#17 79.15 374950K .......... .......... .......... .......... ..........  5% 7.03M 20m4s
#17 79.16 375000K .......... .......... .......... .......... ..........  5% 5.91M 20m4s
#17 79.17 375050K .......... .......... .......... .......... ..........  5% 10.3M 20m3s
#17 79.17 375100K .......... .......... .......... .......... ..........  5% 4.77M 20m3s
#17 79.18 375150K .......... .......... .......... .......... ..........  5% 6.51M 20m3s
#17 79.19 375200K .......... .......... .......... .......... ..........  5% 6.29M 20m3s
#17 79.20 375250K .......... .......... .......... .......... ..........  5% 4.28M 20m3s
#17 79.21 375300K .......... .......... .......... .......... ..........  5% 6.36M 20m3s
#17 79.21 375350K .......... .......... .......... .......... ..........  5% 3.93M 20m3s
#17 79.23 375400K .......... .......... .......... .......... ..........  5% 15.6M 20m3s
#17 79.23 375450K .......... .......... .......... .......... ..........  5% 4.30M 20m3s
#17 79.24 375500K .......... .......... .......... .......... ..........  5% 22.8M 20m3s
#17 79.24 375550K .......... .......... .......... .......... ..........  5% 8.62M 20m3s
#17 79.25 375600K .......... .......... .......... .......... ..........  5% 5.33M 20m3s
#17 79.26 375650K .......... .......... .......... .......... ..........  5% 5.10M 20m3s
#17 79.27 375700K .......... .......... .......... .......... ..........  5% 7.97M 20m3s
#17 79.27 375750K .......... .......... .......... .......... ..........  5% 9.91M 20m3s
#17 79.28 375800K .......... .......... .......... .......... ..........  5% 4.73M 20m3s
#17 79.29 375850K .......... .......... .......... .......... ..........  5% 4.77M 20m3s
#17 79.30 375900K .......... .......... .......... .......... ..........  5% 7.97M 20m3s
#17 79.31 375950K .......... .......... .......... .......... ..........  5% 5.10M 20m3s
#17 79.32 376000K .......... .......... .......... .......... ..........  5% 5.16M 20m3s
#17 79.32 376050K .......... .......... .......... .......... ..........  5% 8.41M 20m3s
#17 79.33 376100K .......... .......... .......... .......... ..........  5% 10.9M 20m3s
#17 79.34 376150K .......... .......... .......... .......... ..........  5% 5.57M 20m3s
#17 79.34 376200K .......... .......... .......... .......... ..........  5% 4.64M 20m3s
#17 79.36 376250K .......... .......... .......... .......... ..........  5% 7.75M 20m3s
#17 79.36 376300K .......... .......... .......... .......... ..........  5% 8.80M 20m3s
#17 79.37 376350K .......... .......... .......... .......... ..........  5% 5.35M 20m3s
#17 79.38 376400K .......... .......... .......... .......... ..........  5% 9.99M 20m2s
#17 79.38 376450K .......... .......... .......... .......... ..........  5% 4.29M 20m3s
#17 79.39 376500K .......... .......... .......... .......... ..........  5% 6.13M 20m2s
#17 79.40 376550K .......... .......... .......... .......... ..........  5% 26.1M 20m2s
#17 79.40 376600K .......... .......... .......... .......... ..........  5% 3.62M 20m2s
#17 79.41 376650K .......... .......... .......... .......... ..........  5% 1.87M 20m3s
#17 79.44 376700K .......... .......... .......... .......... ..........  5% 4.43M 20m3s
#17 79.45 376750K .......... .......... .......... .......... ..........  5% 8.21M 20m3s
#17 79.46 376800K .......... .......... .......... .......... ..........  5% 7.08M 20m3s
#17 79.47 376850K .......... .......... .......... .......... ..........  5% 7.51M 20m3s
#17 79.47 376900K .......... .......... .......... .......... ..........  5% 9.43M 20m2s
#17 79.48 376950K .......... .......... .......... .......... ..........  5% 6.22M 20m2s
#17 79.48 377000K .......... .......... .......... .......... ..........  5% 3.50M 20m2s
#17 79.50 377050K .......... .......... .......... .......... ..........  5% 6.75M 20m2s
#17 79.51 377100K .......... .......... .......... .......... ..........  5% 7.81M 20m2s
#17 79.51 377150K .......... .......... .......... .......... ..........  5% 4.94M 20m2s
#17 79.52 377200K .......... .......... .......... .......... ..........  5% 5.20M 20m2s
#17 79.53 377250K .......... .......... .......... .......... ..........  5% 4.54M 20m2s
#17 79.54 377300K .......... .......... .......... .......... ..........  5% 87.3M 20m2s
#17 79.54 377350K .......... .......... .......... .......... ..........  5% 9.85M 20m2s
#17 79.55 377400K .......... .......... .......... .......... ..........  5% 7.84M 20m2s
#17 79.55 377450K .......... .......... .......... .......... ..........  5% 12.4M 20m2s
#17 79.56 377500K .......... .......... .......... .......... ..........  5% 6.56M 20m2s
#17 79.57 377550K .......... .......... .......... .......... ..........  5% 5.60M 20m2s
#17 79.57 377600K .......... .......... .......... .......... ..........  5% 11.9M 20m2s
#17 79.58 377650K .......... .......... .......... .......... ..........  5% 5.78M 20m2s
#17 79.59 377700K .......... .......... .......... .......... ..........  5% 4.22M 20m2s
#17 79.60 377750K .......... .......... .......... .......... ..........  5% 6.51M 20m2s
#17 79.61 377800K .......... .......... .......... .......... ..........  5% 6.84M 20m2s
#17 79.61 377850K .......... .......... .......... .......... ..........  5% 6.70M 20m2s
#17 79.62 377900K .......... .......... .......... .......... ..........  5% 7.98M 20m2s
#17 79.63 377950K .......... .......... .......... .......... ..........  5% 1.61M 20m2s
#17 79.66 378000K .......... .......... .......... .......... ..........  5% 4.68M 20m2s
#17 79.67 378050K .......... .......... .......... .......... ..........  5% 5.78M 20m2s
#17 79.68 378100K .......... .......... .......... .......... ..........  5% 8.17M 20m2s
#17 79.68 378150K .......... .......... .......... .......... ..........  5% 5.40M 20m2s
#17 79.69 378200K .......... .......... .......... .......... ..........  5% 4.86M 20m2s
#17 79.70 378250K .......... .......... .......... .......... ..........  5% 4.80M 20m2s
#17 79.71 378300K .......... .......... .......... .......... ..........  5% 9.91M 20m2s
#17 79.72 378350K .......... .......... .......... .......... ..........  5% 6.38M 20m2s
#17 79.72 378400K .......... .......... .......... .......... ..........  5% 8.85M 20m2s
#17 79.73 378450K .......... .......... .......... .......... ..........  5% 8.29M 20m2s
#17 79.73 378500K .......... .......... .......... .......... ..........  5% 5.72M 20m2s
#17 79.74 378550K .......... .......... .......... .......... ..........  5% 8.38M 20m1s
#17 79.75 378600K .......... .......... .......... .......... ..........  5% 3.78M 20m2s
#17 79.76 378650K .......... .......... .......... .......... ..........  5% 4.77M 20m2s
#17 79.77 378700K .......... .......... .......... .......... ..........  5% 5.63M 20m2s
#17 79.78 378750K .......... .......... .......... .......... ..........  5% 5.48M 20m1s
#17 79.79 378800K .......... .......... .......... .......... ..........  5% 6.65M 20m1s
#17 79.80 378850K .......... .......... .......... .......... ..........  5% 6.97M 20m1s
#17 79.80 378900K .......... .......... .......... .......... ..........  5% 5.07M 20m1s
#17 79.81 378950K .......... .......... .......... .......... ..........  5% 6.28M 20m1s
#17 79.82 379000K .......... .......... .......... .......... ..........  5% 6.11M 20m1s
#17 79.83 379050K .......... .......... .......... .......... ..........  5% 11.8M 20m1s
#17 79.83 379100K .......... .......... .......... .......... ..........  5% 6.42M 20m1s
#17 79.84 379150K .......... .......... .......... .......... ..........  5% 5.17M 20m1s
#17 79.85 379200K .......... .......... .......... .......... ..........  5% 6.92M 20m1s
#17 79.86 379250K .......... .......... .......... .......... ..........  5% 5.90M 20m1s
#17 79.87 379300K .......... .......... .......... .......... ..........  5% 3.74M 20m1s
#17 79.88 379350K .......... .......... .......... .......... ..........  5% 8.08M 20m1s
#17 79.88 379400K .......... .......... .......... .......... ..........  5% 4.59M 20m1s
#17 79.90 379450K .......... .......... .......... .......... ..........  5% 4.25M 20m1s
#17 79.91 379500K .......... .......... .......... .......... ..........  5% 7.65M 20m1s
#17 79.91 379550K .......... .......... .......... .......... ..........  5% 3.79M 20m1s
#17 79.93 379600K .......... .......... .......... .......... ..........  5% 40.8M 20m1s
#17 79.93 379650K .......... .......... .......... .......... ..........  5% 8.62M 20m1s
#17 79.93 379700K .......... .......... .......... .......... ..........  5% 20.7M 20m1s
#17 79.94 379750K .......... .......... .......... .......... ..........  5% 3.40M 20m1s
#17 79.95 379800K .......... .......... .......... .......... ..........  5% 4.88M 20m1s
#17 79.96 379850K .......... .......... .......... .......... ..........  5% 3.86M 20m1s
#17 79.97 379900K .......... .......... .......... .......... ..........  5% 9.91M 20m1s
#17 79.98 379950K .......... .......... .......... .......... ..........  5% 4.94M 20m1s
#17 79.99 380000K .......... .......... .......... .......... ..........  5% 8.53M 20m1s
#17 79.99 380050K .......... .......... .......... .......... ..........  5% 5.94M 20m1s
#17 80.00 380100K .......... .......... .......... .......... ..........  5% 9.04M 20m1s
#17 80.01 380150K .......... .......... .......... .......... ..........  5% 4.78M 20m1s
#17 80.02 380200K .......... .......... .......... .......... ..........  5% 12.4M 20m1s
#17 80.02 380250K .......... .......... .......... .......... ..........  5% 6.86M 20m0s
#17 80.03 380300K .......... .......... .......... .......... ..........  5% 4.55M 20m0s
#17 80.04 380350K .......... .......... .......... .......... ..........  5% 7.10M 20m0s
#17 80.05 380400K .......... .......... .......... .......... ..........  5% 5.90M 20m0s
#17 80.05 380450K .......... .......... .......... .......... ..........  5% 7.67M 20m0s
#17 80.06 380500K .......... .......... .......... .......... ..........  5% 6.33M 20m0s
#17 80.07 380550K .......... .......... .......... .......... ..........  5% 6.01M 20m0s
#17 80.08 380600K .......... .......... .......... .......... ..........  5% 8.36M 20m0s
#17 80.08 380650K .......... .......... .......... .......... ..........  5% 7.22M 20m0s
#17 80.09 380700K .......... .......... .......... .......... ..........  5% 5.61M 20m0s
#17 80.10 380750K .......... .......... .......... .......... ..........  5% 6.67M 20m0s
#17 80.10 380800K .......... .......... .......... .......... ..........  5% 15.5M 20m0s
#17 80.11 380850K .......... .......... .......... .......... ..........  5% 5.02M 20m0s
#17 80.12 380900K .......... .......... .......... .......... ..........  5% 9.07M 20m0s
#17 80.12 380950K .......... .......... .......... .......... ..........  5% 4.32M 20m0s
#17 80.13 381000K .......... .......... .......... .......... ..........  5% 8.35M 20m0s
#17 80.14 381050K .......... .......... .......... .......... ..........  5% 5.31M 20m0s
#17 80.15 381100K .......... .......... .......... .......... ..........  5% 5.37M 20m0s
#17 80.16 381150K .......... .......... .......... .......... ..........  5% 6.67M 20m0s
#17 80.17 381200K .......... .......... .......... .......... ..........  5% 5.42M 20m0s
#17 80.18 381250K .......... .......... .......... .......... ..........  5% 8.67M 20m0s
#17 80.18 381300K .......... .......... .......... .......... ..........  5% 5.53M 20m0s
#17 80.19 381350K .......... .......... .......... .......... ..........  5% 7.04M 20m0s
#17 80.20 381400K .......... .......... .......... .......... ..........  5% 11.2M 20m0s
#17 80.20 381450K .......... .......... .......... .......... ..........  5% 8.14M 19m59s
#17 80.21 381500K .......... .......... .......... .......... ..........  5% 11.9M 19m59s
#17 80.21 381550K .......... .......... .......... .......... ..........  5% 4.70M 19m59s
#17 80.22 381600K .......... .......... .......... .......... ..........  5% 5.46M 19m59s
#17 80.23 381650K .......... .......... .......... .......... ..........  5% 23.0M 19m59s
#17 80.23 381700K .......... .......... .......... .......... ..........  5% 3.82M 19m59s
#17 80.24 381750K .......... .......... .......... .......... ..........  5% 4.81M 19m59s
#17 80.25 381800K .......... .......... .......... .......... ..........  5% 6.30M 19m59s
#17 80.26 381850K .......... .......... .......... .......... ..........  5% 16.3M 19m59s
#17 80.27 381900K .......... .......... .......... .......... ..........  5% 6.38M 19m59s
#17 80.27 381950K .......... .......... .......... .......... ..........  5% 6.65M 19m59s
#17 80.28 382000K .......... .......... .......... .......... ..........  5% 9.33M 19m59s
#17 80.29 382050K .......... .......... .......... .......... ..........  5% 10.2M 19m59s
#17 80.29 382100K .......... .......... .......... .......... ..........  5% 5.78M 19m59s
#17 80.30 382150K .......... .......... .......... .......... ..........  5% 7.49M 19m59s
#17 80.31 382200K .......... .......... .......... .......... ..........  5% 5.10M 19m59s
#17 80.32 382250K .......... .......... .......... .......... ..........  5% 4.73M 19m59s
#17 80.33 382300K .......... .......... .......... .......... ..........  5% 9.31M 19m59s
#17 80.33 382350K .......... .......... .......... .......... ..........  5% 6.36M 19m59s
#17 80.34 382400K .......... .......... .......... .......... ..........  5% 4.41M 19m59s
#17 80.35 382450K .......... .......... .......... .......... ..........  5% 9.31M 19m59s
#17 80.36 382500K .......... .......... .......... .......... ..........  5% 4.44M 19m59s
#17 80.37 382550K .......... .......... .......... .......... ..........  5% 11.2M 19m59s
#17 80.37 382600K .......... .......... .......... .......... ..........  5% 9.66M 19m58s
#17 80.38 382650K .......... .......... .......... .......... ..........  5% 8.81M 19m58s
#17 80.38 382700K .......... .......... .......... .......... ..........  5% 6.07M 19m58s
#17 80.39 382750K .......... .......... .......... .......... ..........  5% 9.06M 19m58s
#17 80.39 382800K .......... .......... .......... .......... ..........  5% 5.16M 19m58s
#17 80.40 382850K .......... .......... .......... .......... ..........  5% 4.68M 19m58s
#17 80.41 382900K .......... .......... .......... .......... ..........  5% 4.47M 19m58s
#17 80.43 382950K .......... .......... .......... .......... ..........  5% 5.34M 19m58s
#17 80.44 383000K .......... .......... .......... .......... ..........  5% 4.66M 19m58s
#17 80.44 383050K .......... .......... .......... .......... ..........  5% 13.2M 19m58s
#17 80.45 383100K .......... .......... .......... .......... ..........  5% 4.97M 19m58s
#17 80.46 383150K .......... .......... .......... .......... ..........  5% 7.29M 19m58s
#17 80.47 383200K .......... .......... .......... .......... ..........  5% 15.1M 19m58s
#17 80.47 383250K .......... .......... .......... .......... ..........  5% 15.6M 19m58s
#17 80.47 383300K .......... .......... .......... .......... ..........  5% 3.58M 19m58s
#17 80.49 383350K .......... .......... .......... .......... ..........  5% 6.27M 19m58s
#17 80.49 383400K .......... .......... .......... .......... ..........  5% 9.55M 19m58s
#17 80.50 383450K .......... .......... .......... .......... ..........  5% 5.66M 19m58s
#17 80.51 383500K .......... .......... .......... .......... ..........  5% 7.24M 19m58s
#17 80.51 383550K .......... .......... .......... .......... ..........  5% 5.23M 19m58s
#17 80.52 383600K .......... .......... .......... .......... ..........  5% 5.89M 19m58s
#17 80.53 383650K .......... .......... .......... .......... ..........  5% 5.94M 19m58s
#17 80.54 383700K .......... .......... .......... .......... ..........  5% 9.04M 19m58s
#17 80.54 383750K .......... .......... .......... .......... ..........  5% 5.56M 19m58s
#17 80.55 383800K .......... .......... .......... .......... ..........  5% 11.2M 19m58s
#17 80.56 383850K .......... .......... .......... .......... ..........  5% 4.65M 19m58s
#17 80.57 383900K .......... .......... .......... .......... ..........  5% 5.59M 19m58s
#17 80.58 383950K .......... .......... .......... .......... ..........  5% 13.8M 19m57s
#17 80.58 384000K .......... .......... .......... .......... ..........  5% 21.6M 19m57s
#17 80.58 384050K .......... .......... .......... .......... ..........  5% 5.46M 19m57s
#17 80.59 384100K .......... .......... .......... .......... ..........  5% 4.07M 19m57s
#17 80.60 384150K .......... .......... .......... .......... ..........  5% 9.18M 19m57s
#17 80.61 384200K .......... .......... .......... .......... ..........  5% 6.45M 19m57s
#17 80.62 384250K .......... .......... .......... .......... ..........  5% 5.61M 19m57s
#17 80.63 384300K .......... .......... .......... .......... ..........  5% 4.97M 19m57s
#17 80.63 384350K .......... .......... .......... .......... ..........  5% 6.61M 19m57s
#17 80.64 384400K .......... .......... .......... .......... ..........  5% 8.28M 19m57s
#17 80.65 384450K .......... .......... .......... .......... ..........  5% 6.92M 19m57s
#17 80.65 384500K .......... .......... .......... .......... ..........  5% 5.26M 19m57s
#17 80.66 384550K .......... .......... .......... .......... ..........  5% 8.96M 19m57s
#17 80.67 384600K .......... .......... .......... .......... ..........  5% 5.82M 19m57s
#17 80.68 384650K .......... .......... .......... .......... ..........  5% 6.61M 19m57s
#17 80.69 384700K .......... .......... .......... .......... ..........  5% 5.06M 19m57s
#17 80.70 384750K .......... .......... .......... .......... ..........  5% 8.69M 19m57s
#17 80.70 384800K .......... .......... .......... .......... ..........  5% 6.92M 19m57s
#17 80.71 384850K .......... .......... .......... .......... ..........  5% 4.95M 19m57s
#17 80.72 384900K .......... .......... .......... .......... ..........  5% 3.98M 19m57s
#17 80.73 384950K .......... .......... .......... .......... ..........  5% 7.39M 19m57s
#17 80.74 385000K .......... .......... .......... .......... ..........  5% 6.24M 19m57s
#17 80.75 385050K .......... .......... .......... .......... ..........  5% 8.88M 19m57s
#17 80.75 385100K .......... .......... .......... .......... ..........  5% 6.25M 19m57s
#17 80.76 385150K .......... .......... .......... .......... ..........  5% 12.1M 19m56s
#17 80.76 385200K .......... .......... .......... .......... ..........  5% 7.20M 19m56s
#17 80.77 385250K .......... .......... .......... .......... ..........  5% 10.5M 19m56s
#17 80.78 385300K .......... .......... .......... .......... ..........  5% 5.75M 19m56s
#17 80.78 385350K .......... .......... .......... .......... ..........  5% 4.70M 19m56s
#17 80.79 385400K .......... .......... .......... .......... ..........  5% 9.90M 19m56s
#17 80.80 385450K .......... .......... .......... .......... ..........  5% 5.65M 19m56s
#17 80.81 385500K .......... .......... .......... .......... ..........  5% 4.53M 19m56s
#17 80.82 385550K .......... .......... .......... .......... ..........  5% 6.19M 19m56s
#17 80.83 385600K .......... .......... .......... .......... ..........  5% 7.50M 19m56s
#17 80.83 385650K .......... .......... .......... .......... ..........  5% 6.59M 19m56s
#17 80.84 385700K .......... .......... .......... .......... ..........  5% 6.39M 19m56s
#17 80.85 385750K .......... .......... .......... .......... ..........  5% 5.74M 19m56s
#17 80.85 385800K .......... .......... .......... .......... ..........  5% 6.53M 19m56s
#17 80.86 385850K .......... .......... .......... .......... ..........  5% 10.5M 19m56s
#17 80.87 385900K .......... .......... .......... .......... ..........  5% 9.09M 19m56s
#17 80.87 385950K .......... .......... .......... .......... ..........  5% 7.23M 19m56s
#17 80.88 386000K .......... .......... .......... .......... ..........  5% 5.51M 19m56s
#17 80.89 386050K .......... .......... .......... .......... ..........  5% 13.0M 19m56s
#17 80.89 386100K .......... .......... .......... .......... ..........  5% 3.18M 19m56s
#17 80.91 386150K .......... .......... .......... .......... ..........  5% 4.95M 19m56s
#17 80.92 386200K .......... .......... .......... .......... ..........  5% 13.5M 19m56s
#17 80.92 386250K .......... .......... .......... .......... ..........  5% 7.84M 19m56s
#17 80.93 386300K .......... .......... .......... .......... ..........  5% 4.06M 19m56s
#17 80.94 386350K .......... .......... .......... .......... ..........  5% 8.00M 19m56s
#17 80.95 386400K .......... .......... .......... .......... ..........  5% 66.7M 19m55s
#17 80.95 386450K .......... .......... .......... .......... ..........  5% 8.17M 19m55s
#17 80.95 386500K .......... .......... .......... .......... ..........  5% 4.55M 19m55s
#17 80.97 386550K .......... .......... .......... .......... ..........  5% 9.59M 19m55s
#17 80.97 386600K .......... .......... .......... .......... ..........  5% 7.04M 19m55s
#17 80.97 386650K .......... .......... .......... .......... ..........  5% 7.39M 19m55s
#17 80.98 386700K .......... .......... .......... .......... ..........  5% 6.65M 19m55s
#17 80.99 386750K .......... .......... .......... .......... ..........  5% 5.62M 19m55s
#17 81.00 386800K .......... .......... .......... .......... ..........  5% 6.54M 19m55s
#17 81.00 386850K .......... .......... .......... .......... ..........  5% 7.29M 19m55s
#17 81.01 386900K .......... .......... .......... .......... ..........  5% 4.46M 19m55s
#17 81.02 386950K .......... .......... .......... .......... ..........  5% 5.69M 19m55s
#17 81.03 387000K .......... .......... .......... .......... ..........  5% 7.81M 19m55s
#17 81.04 387050K .......... .......... .......... .......... ..........  5% 7.96M 19m55s
#17 81.04 387100K .......... .......... .......... .......... ..........  5% 12.5M 19m55s
#17 81.05 387150K .......... .......... .......... .......... ..........  5% 6.25M 19m55s
#17 81.05 387200K .......... .......... .......... .......... ..........  5% 8.30M 19m55s
#17 81.06 387250K .......... .......... .......... .......... ..........  5% 8.88M 19m55s
#17 81.07 387300K .......... .......... .......... .......... ..........  5% 4.78M 19m55s
#17 81.08 387350K .......... .......... .......... .......... ..........  5% 6.81M 19m55s
#17 81.08 387400K .......... .......... .......... .......... ..........  5% 6.39M 19m55s
#17 81.09 387450K .......... .......... .......... .......... ..........  5% 5.95M 19m55s
#17 81.10 387500K .......... .......... .......... .......... ..........  5% 6.30M 19m54s
#17 81.11 387550K .......... .......... .......... .......... ..........  5% 9.69M 19m54s
#17 81.11 387600K .......... .......... .......... .......... ..........  5% 7.52M 19m54s
#17 81.12 387650K .......... .......... .......... .......... ..........  5% 6.26M 19m54s
#17 81.13 387700K .......... .......... .......... .......... ..........  5% 4.83M 19m54s
#17 81.14 387750K .......... .......... .......... .......... ..........  5% 4.56M 19m54s
#17 81.15 387800K .......... .......... .......... .......... ..........  5% 40.6M 19m54s
#17 81.15 387850K .......... .......... .......... .......... ..........  5% 5.87M 19m54s
#17 81.16 387900K .......... .......... .......... .......... ..........  5% 4.54M 19m54s
#17 81.17 387950K .......... .......... .......... .......... ..........  5% 7.17M 19m54s
#17 81.17 388000K .......... .......... .......... .......... ..........  5% 7.28M 19m54s
#17 81.18 388050K .......... .......... .......... .......... ..........  5% 7.81M 19m54s
#17 81.19 388100K .......... .......... .......... .......... ..........  5% 3.50M 19m54s
#17 81.20 388150K .......... .......... .......... .......... ..........  5% 9.38M 19m54s
#17 81.21 388200K .......... .......... .......... .......... ..........  5% 9.68M 19m54s
#17 81.21 388250K .......... .......... .......... .......... ..........  5% 8.18M 19m54s
#17 81.22 388300K .......... .......... .......... .......... ..........  5% 5.39M 19m54s
#17 81.23 388350K .......... .......... .......... .......... ..........  5% 10.1M 19m54s
#17 81.23 388400K .......... .......... .......... .......... ..........  5% 7.51M 19m54s
#17 81.24 388450K .......... .......... .......... .......... ..........  5% 8.58M 19m54s
#17 81.24 388500K .......... .......... .......... .......... ..........  5% 5.16M 19m54s
#17 81.25 388550K .......... .......... .......... .......... ..........  5% 7.89M 19m54s
#17 81.26 388600K .......... .......... .......... .......... ..........  5% 7.94M 19m53s
#17 81.27 388650K .......... .......... .......... .......... ..........  5% 5.06M 19m53s
#17 81.28 388700K .......... .......... .......... .......... ..........  5% 4.69M 19m53s
#17 81.29 388750K .......... .......... .......... .......... ..........  5% 5.76M 19m53s
#17 81.29 388800K .......... .......... .......... .......... ..........  5% 11.2M 19m53s
#17 81.30 388850K .......... .......... .......... .......... ..........  5% 5.82M 19m53s
#17 81.31 388900K .......... .......... .......... .......... ..........  5% 3.81M 19m53s
#17 81.32 388950K .......... .......... .......... .......... ..........  5% 18.1M 19m53s
#17 81.32 389000K .......... .......... .......... .......... ..........  5% 4.55M 19m53s
#17 81.33 389050K .......... .......... .......... .......... ..........  5% 4.98M 19m53s
#17 81.34 389100K .......... .......... .......... .......... ..........  5% 9.49M 19m53s
#17 81.35 389150K .......... .......... .......... .......... ..........  5% 8.24M 19m53s
#17 81.35 389200K .......... .......... .......... .......... ..........  5% 9.05M 19m53s
#17 81.36 389250K .......... .......... .......... .......... ..........  5% 14.1M 19m53s
#17 81.36 389300K .......... .......... .......... .......... ..........  5% 6.19M 19m53s
#17 81.37 389350K .......... .......... .......... .......... ..........  5% 7.15M 19m53s
#17 81.38 389400K .......... .......... .......... .......... ..........  5% 6.03M 19m53s
#17 81.39 389450K .......... .......... .......... .......... ..........  5% 7.70M 19m53s
#17 81.39 389500K .......... .......... .......... .......... ..........  5% 5.34M 19m53s
#17 81.40 389550K .......... .......... .......... .......... ..........  5% 28.9M 19m53s
#17 81.40 389600K .......... .......... .......... .......... ..........  5% 6.05M 19m53s
#17 81.41 389650K .......... .......... .......... .......... ..........  5% 6.20M 19m53s
#17 81.42 389700K .......... .......... .......... .......... ..........  5% 21.6M 19m52s
#17 81.42 389750K .......... .......... .......... .......... ..........  5% 1.76M 19m53s
#17 81.45 389800K .......... .......... .......... .......... ..........  5% 4.71M 19m53s
#17 81.46 389850K .......... .......... .......... .......... ..........  5% 5.73M 19m53s
#17 81.47 389900K .......... .......... .......... .......... ..........  5% 4.96M 19m53s
#17 81.48 389950K .......... .......... .......... .......... ..........  5% 5.94M 19m53s
#17 81.49 390000K .......... .......... .......... .......... ..........  5% 9.91M 19m53s
#17 81.49 390050K .......... .......... .......... .......... ..........  5% 4.62M 19m53s
#17 81.50 390100K .......... .......... .......... .......... ..........  5% 9.01M 19m53s
#17 81.51 390150K .......... .......... .......... .......... ..........  5% 7.34M 19m53s
#17 81.51 390200K .......... .......... .......... .......... ..........  5% 9.45M 19m52s
#17 81.52 390250K .......... .......... .......... .......... ..........  5% 7.20M 19m52s
#17 81.53 390300K .......... .......... .......... .......... ..........  5% 5.56M 19m52s
#17 81.53 390350K .......... .......... .......... .......... ..........  5% 7.27M 19m52s
#17 81.54 390400K .......... .......... .......... .......... ..........  5% 5.89M 19m52s
#17 81.55 390450K .......... .......... .......... .......... ..........  5% 6.19M 19m52s
#17 81.56 390500K .......... .......... .......... .......... ..........  5% 4.20M 19m52s
#17 81.57 390550K .......... .......... .......... .......... ..........  5% 6.57M 19m52s
#17 81.58 390600K .......... .......... .......... .......... ..........  5% 7.69M 19m52s
#17 81.58 390650K .......... .......... .......... .......... ..........  5% 7.04M 19m52s
#17 81.59 390700K .......... .......... .......... .......... ..........  5% 5.59M 19m52s
#17 81.61 390750K .......... .......... .......... .......... ..........  5% 7.66M 19m52s
#17 81.61 390800K .......... .......... .......... .......... ..........  5% 19.6M 19m52s
#17 81.61 390850K .......... .......... .......... .......... ..........  5% 5.51M 19m52s
#17 81.62 390900K .......... .......... .......... .......... ..........  5% 5.01M 19m52s
#17 81.63 390950K .......... .......... .......... .......... ..........  5% 6.41M 19m52s
#17 81.63 391000K .......... .......... .......... .......... ..........  5% 8.77M 19m52s
#17 81.64 391050K .......... .......... .......... .......... ..........  5% 6.27M 19m52s
#17 81.65 391100K .......... .......... .......... .......... ..........  5% 6.85M 19m52s
#17 81.65 391150K .......... .......... .......... .......... ..........  5% 5.14M 19m52s
#17 81.66 391200K .......... .......... .......... .......... ..........  5% 6.53M 19m52s
#17 81.67 391250K .......... .......... .......... .......... ..........  5% 4.63M 19m52s
#17 81.68 391300K .......... .......... .......... .......... ..........  5% 7.29M 19m52s
#17 81.69 391350K .......... .......... .......... .......... ..........  5% 6.47M 19m52s
#17 81.70 391400K .......... .......... .......... .......... ..........  5% 9.03M 19m52s
#17 81.70 391450K .......... .......... .......... .......... ..........  5% 6.53M 19m51s
#17 81.71 391500K .......... .......... .......... .......... ..........  5% 6.41M 19m51s
#17 81.72 391550K .......... .......... .......... .......... ..........  5% 22.3M 19m51s
#17 81.72 391600K .......... .......... .......... .......... ..........  5% 7.01M 19m51s
#17 81.72 391650K .......... .......... .......... .......... ..........  5% 4.35M 19m51s
#17 81.74 391700K .......... .......... .......... .......... ..........  5% 6.47M 19m51s
#17 81.74 391750K .......... .......... .......... .......... ..........  5% 11.6M 19m51s
#17 81.75 391800K .......... .......... .......... .......... ..........  5% 3.57M 19m51s
#17 81.76 391850K .......... .......... .......... .......... ..........  5% 11.6M 19m51s
#17 81.77 391900K .......... .......... .......... .......... ..........  5% 4.08M 19m51s
#17 81.78 391950K .......... .......... .......... .......... ..........  5% 11.9M 19m51s
#17 81.78 392000K .......... .......... .......... .......... ..........  5% 15.6M 19m51s
#17 81.78 392050K .......... .......... .......... .......... ..........  5% 3.65M 19m51s
#17 81.80 392100K .......... .......... .......... .......... ..........  5% 6.73M 19m51s
#17 81.81 392150K .......... .......... .......... .......... ..........  5% 7.26M 19m51s
#17 81.81 392200K .......... .......... .......... .......... ..........  5% 10.4M 19m51s
#17 81.82 392250K .......... .......... .......... .......... ..........  5% 6.90M 19m51s
#17 81.82 392300K .......... .......... .......... .......... ..........  5% 6.15M 19m51s
#17 81.83 392350K .......... .......... .......... .......... ..........  5% 5.55M 19m51s
#17 81.84 392400K .......... .......... .......... .......... ..........  5% 4.42M 19m51s
#17 81.85 392450K .......... .......... .......... .......... ..........  5% 4.33M 19m51s
#17 81.86 392500K .......... .......... .......... .......... ..........  5% 10.4M 19m51s
#17 81.87 392550K .......... .......... .......... .......... ..........  5% 6.63M 19m51s
#17 81.88 392600K .......... .......... .......... .......... ..........  5% 9.36M 19m51s
#17 81.88 392650K .......... .......... .......... .......... ..........  5% 10.0M 19m51s
#17 81.89 392700K .......... .......... .......... .......... ..........  5% 6.65M 19m50s
#17 81.89 392750K .......... .......... .......... .......... ..........  5% 6.63M 19m50s
#17 81.90 392800K .......... .......... .......... .......... ..........  5% 9.62M 19m50s
#17 81.90 392850K .......... .......... .......... .......... ..........  5% 5.15M 19m50s
#17 81.91 392900K .......... .......... .......... .......... ..........  5% 6.68M 19m50s
#17 81.92 392950K .......... .......... .......... .......... ..........  5% 6.68M 19m50s
#17 81.93 393000K .......... .......... .......... .......... ..........  5% 6.32M 19m50s
#17 81.94 393050K .......... .......... .......... .......... ..........  5% 5.34M 19m50s
#17 81.95 393100K .......... .......... .......... .......... ..........  5% 6.07M 19m50s
#17 81.95 393150K .......... .......... .......... .......... ..........  5% 8.00M 19m50s
#17 81.96 393200K .......... .......... .......... .......... ..........  5% 7.24M 19m50s
#17 81.97 393250K .......... .......... .......... .......... ..........  5% 10.1M 19m50s
#17 81.97 393300K .......... .......... .......... .......... ..........  5% 6.81M 19m50s
#17 81.98 393350K .......... .......... .......... .......... ..........  5% 7.81M 19m50s
#17 81.99 393400K .......... .......... .......... .......... ..........  5% 6.04M 19m50s
#17 82.00 393450K .......... .......... .......... .......... ..........  5% 11.6M 19m50s
#17 82.00 393500K .......... .......... .......... .......... ..........  5% 4.00M 19m50s
#17 82.01 393550K .......... .......... .......... .......... ..........  5% 6.41M 19m50s
#17 82.02 393600K .......... .......... .......... .......... ..........  5% 8.15M 19m50s
#17 82.02 393650K .......... .......... .......... .......... ..........  5% 6.29M 19m50s
#17 82.03 393700K .......... .......... .......... .......... ..........  5% 5.59M 19m50s
#17 82.04 393750K .......... .......... .......... .......... ..........  5% 8.41M 19m50s
#17 82.05 393800K .......... .......... .......... .......... ..........  5% 7.41M 19m50s
#17 82.05 393850K .......... .......... .......... .......... ..........  5% 6.99M 19m49s
#17 82.06 393900K .......... .......... .......... .......... ..........  5% 7.99M 19m49s
#17 82.07 393950K .......... .......... .......... .......... ..........  5% 13.8M 19m49s
#17 82.07 394000K .......... .......... .......... .......... ..........  5% 6.68M 19m49s
#17 82.08 394050K .......... .......... .......... .......... ..........  5%  131K 19m55s
#17 82.46 394100K .......... .......... .......... .......... ..........  5%  224K 19m59s
#17 82.68 394150K .......... .......... .......... .......... ..........  5% 2.80M 19m59s
#17 82.70 394200K .......... .......... .......... .......... ..........  5% 2.32M 19m59s
#17 82.72 394250K .......... .......... .......... .......... ..........  5% 6.24M 19m59s
#17 82.73 394300K .......... .......... .......... .......... ..........  5% 2.38M 19m59s
#17 82.75 394350K .......... .......... .......... .......... ..........  5% 3.06M 19m59s
#17 82.76 394400K .......... .......... .......... .......... ..........  5% 4.28M 19m59s
#17 82.77 394450K .......... .......... .......... .......... ..........  5% 2.66M 19m59s
#17 82.79 394500K .......... .......... .......... .......... ..........  5% 2.92M 20m0s
#17 82.81 394550K .......... .......... .......... .......... ..........  5% 5.41M 20m0s
#17 82.83 394600K .......... .......... .......... .......... ..........  5% 3.73M 20m0s
#17 82.83 394650K .......... .......... .......... .......... ..........  5% 3.76M 20m0s
#17 82.85 394700K .......... .......... .......... .......... ..........  5% 3.01M 20m0s
#17 82.86 394750K .......... .......... .......... .......... ..........  5% 2.14M 20m0s
#17 82.88 394800K .......... .......... .......... .......... ..........  5% 2.97M 20m0s
#17 82.90 394850K .......... .......... .......... .......... ..........  5% 4.42M 20m0s
#17 82.91 394900K .......... .......... .......... .......... ..........  5% 3.61M 20m0s
#17 82.92 394950K .......... .......... .......... .......... ..........  5% 4.72M 20m0s
#17 82.94 395000K .......... .......... .......... .......... ..........  5% 4.80M 20m0s
#17 82.95 395050K .......... .......... .......... .......... ..........  5% 3.05M 20m0s
#17 82.96 395100K .......... .......... .......... .......... ..........  5% 3.69M 20m0s
#17 82.97 395150K .......... .......... .......... .......... ..........  5% 4.60M 20m0s
#17 82.99 395200K .......... .......... .......... .......... ..........  5% 3.51M 20m0s
#17 83.00 395250K .......... .......... .......... .......... ..........  5% 3.91M 20m0s
#17 83.02 395300K .......... .......... .......... .......... ..........  5% 10.6M 20m0s
#17 83.02 395350K .......... .......... .......... .......... ..........  5% 5.53M 20m0s
#17 83.03 395400K .......... .......... .......... .......... ..........  5% 4.80M 20m0s
#17 83.04 395450K .......... .......... .......... .......... ..........  5% 3.79M 20m0s
#17 83.05 395500K .......... .......... .......... .......... ..........  5% 6.13M 20m0s
#17 83.06 395550K .......... .......... .......... .......... ..........  5% 1.54M 20m1s
#17 83.09 395600K .......... .......... .......... .......... ..........  5% 3.76M 20m1s
#17 83.10 395650K .......... .......... .......... .......... ..........  5% 3.84M 20m1s
#17 83.11 395700K .......... .......... .......... .......... ..........  5% 3.98M 20m1s
#17 83.13 395750K .......... .......... .......... .......... ..........  5% 4.93M 20m1s
#17 83.14 395800K .......... .......... .......... .......... ..........  5% 2.60M 20m1s
#17 83.15 395850K .......... .......... .......... .......... ..........  5% 4.36M 20m1s
#17 83.17 395900K .......... .......... .......... .......... ..........  5% 5.57M 20m1s
#17 83.17 395950K .......... .......... .......... .......... ..........  5% 3.43M 20m1s
#17 83.19 396000K .......... .......... .......... .......... ..........  5% 5.02M 20m1s
#17 83.20 396050K .......... .......... .......... .......... ..........  5% 8.25M 20m1s
#17 83.20 396100K .......... .......... .......... .......... ..........  5% 3.56M 20m1s
#17 83.22 396150K .......... .......... .......... .......... ..........  5% 3.92M 20m1s
#17 83.23 396200K .......... .......... .......... .......... ..........  5% 3.26M 20m1s
#17 83.25 396250K .......... .......... .......... .......... ..........  5% 3.08M 20m1s
#17 83.26 396300K .......... .......... .......... .......... ..........  5% 3.82M 20m1s
#17 83.27 396350K .......... .......... .......... .......... ..........  5% 8.15M 20m1s
#17 83.28 396400K .......... .......... .......... .......... ..........  5% 4.67M 20m1s
#17 83.29 396450K .......... .......... .......... .......... ..........  5% 3.57M 20m1s
#17 83.30 396500K .......... .......... .......... .......... ..........  5% 4.19M 20m1s
#17 83.32 396550K .......... .......... .......... .......... ..........  5% 4.28M 20m1s
#17 83.33 396600K .......... .......... .......... .......... ..........  5% 3.53M 20m1s
#17 83.34 396650K .......... .......... .......... .......... ..........  5% 4.37M 20m1s
#17 83.35 396700K .......... .......... .......... .......... ..........  5% 4.90M 20m1s
#17 83.36 396750K .......... .......... .......... .......... ..........  5% 6.30M 20m1s
#17 83.37 396800K .......... .......... .......... .......... ..........  5% 4.13M 20m1s
#17 83.38 396850K .......... .......... .......... .......... ..........  5% 4.21M 20m1s
#17 83.39 396900K .......... .......... .......... .......... ..........  5% 4.12M 20m1s
#17 83.41 396950K .......... .......... .......... .......... ..........  5% 3.58M 20m1s
#17 83.42 397000K .......... .......... .......... .......... ..........  5% 5.92M 20m1s
#17 83.43 397050K .......... .......... .......... .......... ..........  5% 3.07M 20m2s
#17 83.44 397100K .......... .......... .......... .......... ..........  5% 6.11M 20m1s
#17 83.45 397150K .......... .......... .......... .......... ..........  5% 4.70M 20m2s
#17 83.46 397200K .......... .......... .......... .......... ..........  5% 4.09M 20m2s
#17 83.47 397250K .......... .......... .......... .......... ..........  5% 3.72M 20m2s
#17 83.49 397300K .......... .......... .......... .......... ..........  5% 6.34M 20m2s
#17 83.50 397350K .......... .......... .......... .......... ..........  5% 3.08M 20m2s
#17 83.51 397400K .......... .......... .......... .......... ..........  5% 5.22M 20m2s
#17 83.52 397450K .......... .......... .......... .......... ..........  5% 4.28M 20m2s
#17 83.53 397500K .......... .......... .......... .......... ..........  5% 2.86M 20m2s
#17 83.55 397550K .......... .......... .......... .......... ..........  5% 5.06M 20m2s
#17 83.56 397600K .......... .......... .......... .......... ..........  5% 4.67M 20m2s
#17 83.57 397650K .......... .......... .......... .......... ..........  5% 6.07M 20m2s
#17 83.58 397700K .......... .......... .......... .......... ..........  5% 6.28M 20m2s
#17 83.59 397750K .......... .......... .......... .......... ..........  5% 3.11M 20m2s
#17 83.60 397800K .......... .......... .......... .......... ..........  5% 4.74M 20m2s
#17 83.61 397850K .......... .......... .......... .......... ..........  5% 5.27M 20m2s
#17 83.62 397900K .......... .......... .......... .......... ..........  5% 3.49M 20m2s
#17 83.63 397950K .......... .......... .......... .......... ..........  5% 5.39M 20m2s
#17 83.64 398000K .......... .......... .......... .......... ..........  5% 4.16M 20m2s
#17 83.65 398050K .......... .......... .......... .......... ..........  5% 8.23M 20m2s
#17 83.66 398100K .......... .......... .......... .......... ..........  5% 4.79M 20m2s
#17 83.67 398150K .......... .......... .......... .......... ..........  5% 4.88M 20m2s
#17 83.68 398200K .......... .......... .......... .......... ..........  5% 5.89M 20m2s
#17 83.69 398250K .......... .......... .......... .......... ..........  5% 3.85M 20m2s
#17 83.70 398300K .......... .......... .......... .......... ..........  5% 4.68M 20m2s
#17 83.71 398350K .......... .......... .......... .......... ..........  5% 6.72M 20m2s
#17 83.72 398400K .......... .......... .......... .......... ..........  5% 3.49M 20m2s
#17 83.73 398450K .......... .......... .......... .......... ..........  5% 4.23M 20m2s
#17 83.75 398500K .......... .......... .......... .......... ..........  5% 8.10M 20m2s
#17 83.75 398550K .......... .......... .......... .......... ..........  5% 3.08M 20m2s
#17 83.77 398600K .......... .......... .......... .......... ..........  5% 4.38M 20m2s
#17 83.78 398650K .......... .......... .......... .......... ..........  5% 7.18M 20m2s
#17 83.79 398700K .......... .......... .......... .......... ..........  5% 4.45M 20m2s
#17 83.80 398750K .......... .......... .......... .......... ..........  5% 3.61M 20m2s
#17 83.81 398800K .......... .......... .......... .......... ..........  5% 4.26M 20m2s
#17 83.82 398850K .......... .......... .......... .......... ..........  5% 4.46M 20m2s
#17 83.83 398900K .......... .......... .......... .......... ..........  5% 4.76M 20m2s
#17 83.84 398950K .......... .......... .......... .......... ..........  5% 7.69M 20m2s
#17 83.85 399000K .......... .......... .......... .......... ..........  5% 5.23M 20m2s
#17 83.86 399050K .......... .......... .......... .......... ..........  5% 4.04M 20m2s
#17 83.87 399100K .......... .......... .......... .......... ..........  5% 5.20M 20m2s
#17 83.88 399150K .......... .......... .......... .......... ..........  5% 3.88M 20m2s
#17 83.89 399200K .......... .......... .......... .......... ..........  5% 5.35M 20m2s
#17 83.90 399250K .......... .......... .......... .......... ..........  5% 3.55M 20m2s
#17 83.91 399300K .......... .......... .......... .......... ..........  5% 7.40M 20m2s
#17 83.92 399350K .......... .......... .......... .......... ..........  5% 5.34M 20m2s
#17 83.93 399400K .......... .......... .......... .......... ..........  5% 5.41M 20m2s
#17 83.94 399450K .......... .......... .......... .......... ..........  5% 6.57M 20m2s
#17 83.95 399500K .......... .......... .......... .......... ..........  5% 5.40M 20m2s
#17 83.96 399550K .......... .......... .......... .......... ..........  5% 3.27M 20m2s
#17 83.97 399600K .......... .......... .......... .......... ..........  5% 6.47M 20m2s
#17 83.98 399650K .......... .......... .......... .......... ..........  5% 5.21M 20m2s
#17 83.99 399700K .......... .......... .......... .......... ..........  5% 5.75M 20m2s
#17 84.00 399750K .......... .......... .......... .......... ..........  5% 3.97M 20m2s
#17 84.01 399800K .......... .......... .......... .......... ..........  5% 4.16M 20m2s
#17 84.02 399850K .......... .......... .......... .......... ..........  5% 7.90M 20m2s
#17 84.03 399900K .......... .......... .......... .......... ..........  5% 4.63M 20m2s
#17 84.04 399950K .......... .......... .......... .......... ..........  5% 6.25M 20m2s
#17 84.05 400000K .......... .......... .......... .......... ..........  5% 5.82M 20m2s
#17 84.05 400050K .......... .......... .......... .......... ..........  5% 10.4M 20m2s
#17 84.06 400100K .......... .......... .......... .......... ..........  5% 5.30M 20m2s
#17 84.07 400150K .......... .......... .......... .......... ..........  5% 5.26M 20m2s
#17 84.08 400200K .......... .......... .......... .......... ..........  5% 7.43M 20m2s
#17 84.08 400250K .......... .......... .......... .......... ..........  5% 2.99M 20m2s
#17 84.10 400300K .......... .......... .......... .......... ..........  5% 6.90M 20m2s
#17 84.11 400350K .......... .......... .......... .......... ..........  5% 5.29M 20m2s
#17 84.12 400400K .......... .......... .......... .......... ..........  5% 5.69M 20m2s
#17 84.12 400450K .......... .......... .......... .......... ..........  5% 5.74M 20m2s
#17 84.13 400500K .......... .......... .......... .......... ..........  5% 6.95M 20m2s
#17 84.14 400550K .......... .......... .......... .......... ..........  5% 8.33M 20m2s
#17 84.14 400600K .......... .......... .......... .......... ..........  5% 4.10M 20m2s
#17 84.16 400650K .......... .......... .......... .......... ..........  5% 4.87M 20m2s
#17 84.17 400700K .......... .......... .......... .......... ..........  5% 6.66M 20m2s
#17 84.17 400750K .......... .......... .......... .......... ..........  5% 4.30M 20m2s
#17 84.19 400800K .......... .......... .......... .......... ..........  5% 3.91M 20m2s
#17 84.20 400850K .......... .......... .......... .......... ..........  5% 6.81M 20m2s
#17 84.21 400900K .......... .......... .......... .......... ..........  5% 6.37M 20m2s
#17 84.21 400950K .......... .......... .......... .......... ..........  5% 6.47M 20m1s
#17 84.22 401000K .......... .......... .......... .......... ..........  5% 4.91M 20m1s
#17 84.23 401050K .......... .......... .......... .......... ..........  5% 4.41M 20m1s
#17 84.24 401100K .......... .......... .......... .......... ..........  5% 12.5M 20m1s
#17 84.25 401150K .......... .......... .......... .......... ..........  5% 6.77M 20m1s
#17 84.25 401200K .......... .......... .......... .......... ..........  5% 4.38M 20m1s
#17 84.26 401250K .......... .......... .......... .......... ..........  5% 7.28M 20m1s
#17 84.27 401300K .......... .......... .......... .......... ..........  5% 5.13M 20m1s
#17 84.28 401350K .......... .......... .......... .......... ..........  5% 4.89M 20m1s
#17 84.29 401400K .......... .......... .......... .......... ..........  5% 7.14M 20m1s
#17 84.30 401450K .......... .......... .......... .......... ..........  5% 3.80M 20m1s
#17 84.31 401500K .......... .......... .......... .......... ..........  5% 10.1M 20m1s
#17 84.31 401550K .......... .......... .......... .......... ..........  5% 8.18M 20m1s
#17 84.32 401600K .......... .......... .......... .......... ..........  5% 6.13M 20m1s
#17 84.33 401650K .......... .......... .......... .......... ..........  5% 6.67M 20m1s
#17 84.34 401700K .......... .......... .......... .......... ..........  5% 9.25M 20m1s
#17 84.34 401750K .......... .......... .......... .......... ..........  5% 5.62M 20m1s
#17 84.35 401800K .......... .......... .......... .......... ..........  5% 5.04M 20m1s
#17 84.36 401850K .......... .......... .......... .......... ..........  5% 3.94M 20m1s
#17 84.37 401900K .......... .......... .......... .......... ..........  5% 5.14M 20m1s
#17 84.38 401950K .......... .......... .......... .......... ..........  5% 4.31M 20m1s
#17 84.39 402000K .......... .......... .......... .......... ..........  5% 9.66M 20m1s
#17 84.40 402050K .......... .......... .......... .......... ..........  5% 6.23M 20m1s
#17 84.41 402100K .......... .......... .......... .......... ..........  5% 5.87M 20m1s
#17 84.41 402150K .......... .......... .......... .......... ..........  5% 6.00M 20m1s
#17 84.42 402200K .......... .......... .......... .......... ..........  5% 13.3M 20m1s
#17 84.43 402250K .......... .......... .......... .......... ..........  5% 6.18M 20m1s
#17 84.43 402300K .......... .......... .......... .......... ..........  5% 3.21M 20m1s
#17 84.45 402350K .......... .......... .......... .......... ..........  5% 8.35M 20m1s
#17 84.46 402400K .......... .......... .......... .......... ..........  5% 5.59M 20m1s
#17 84.46 402450K .......... .......... .......... .......... ..........  5% 3.79M 20m1s
#17 84.48 402500K .......... .......... .......... .......... ..........  5% 7.82M 20m1s
#17 84.48 402550K .......... .......... .......... .......... ..........  5% 4.56M 20m1s
#17 84.49 402600K .......... .......... .......... .......... ..........  5% 12.3M 20m1s
#17 84.50 402650K .......... .......... .......... .......... ..........  5% 6.83M 20m1s
#17 84.50 402700K .......... .......... .......... .......... ..........  5% 6.21M 20m1s
#17 84.51 402750K .......... .......... .......... .......... ..........  5% 5.10M 20m1s
#17 84.52 402800K .......... .......... .......... .......... ..........  5% 7.40M 20m0s
#17 84.53 402850K .......... .......... .......... .......... ..........  5% 3.76M 20m1s
#17 84.54 402900K .......... .......... .......... .......... ..........  5% 6.09M 20m0s
#17 84.55 402950K .......... .......... .......... .......... ..........  5% 5.58M 20m0s
#17 84.56 403000K .......... .......... .......... .......... ..........  5% 5.00M 20m0s
#17 84.57 403050K .......... .......... .......... .......... ..........  5% 4.35M 20m0s
#17 84.58 403100K .......... .......... .......... .......... ..........  5% 7.30M 20m0s
#17 84.59 403150K .......... .......... .......... .......... ..........  5% 9.37M 20m0s
#17 84.59 403200K .......... .......... .......... .......... ..........  5% 5.69M 20m0s
#17 84.60 403250K .......... .......... .......... .......... ..........  5% 9.42M 20m0s
#17 84.60 403300K .......... .......... .......... .......... ..........  5% 7.09M 20m0s
#17 84.61 403350K .......... .......... .......... .......... ..........  5% 8.95M 20m0s
#17 84.62 403400K .......... .......... .......... .......... ..........  5% 6.85M 20m0s
#17 84.62 403450K .......... .......... .......... .......... ..........  5% 3.47M 20m0s
#17 84.64 403500K .......... .......... .......... .......... ..........  5% 3.59M 20m0s
#17 84.65 403550K .......... .......... .......... .......... ..........  5% 5.27M 20m0s
#17 84.66 403600K .......... .......... .......... .......... ..........  5% 3.31M 20m0s
#17 84.68 403650K .......... .......... .......... .......... ..........  5% 8.01M 20m0s
#17 84.68 403700K .......... .......... .......... .......... ..........  5% 4.42M 20m0s
#17 84.70 403750K .......... .......... .......... .......... ..........  5% 4.80M 20m0s
#17 84.70 403800K .......... .......... .......... .......... ..........  5% 8.03M 20m0s
#17 84.71 403850K .......... .......... .......... .......... ..........  5% 5.00M 20m0s
#17 84.72 403900K .......... .......... .......... .......... ..........  5% 6.74M 20m0s
#17 84.73 403950K .......... .......... .......... .......... ..........  5% 8.51M 20m0s
#17 84.73 404000K .......... .......... .......... .......... ..........  5% 5.26M 20m0s
#17 84.74 404050K .......... .......... .......... .......... ..........  5% 30.1M 20m0s
#17 84.74 404100K .......... .......... .......... .......... ..........  5% 5.11M 20m0s
#17 84.75 404150K .......... .......... .......... .......... ..........  5%  116M 20m0s
#17 84.75 404200K .......... .......... .......... .......... ..........  5% 4.92M 20m0s
#17 84.77 404250K .......... .......... .......... .......... ..........  5% 5.56M 20m0s
#17 84.77 404300K .......... .......... .......... .......... ..........  5% 9.35M 20m0s
#17 84.78 404350K .......... .......... .......... .......... ..........  5% 9.79M 20m0s
#17 84.78 404400K .......... .......... .......... .......... ..........  5% 3.30M 20m0s
#17 84.80 404450K .......... .......... .......... .......... ..........  5% 7.99M 20m0s
#17 84.80 404500K .......... .......... .......... .......... ..........  5% 11.7M 19m59s
#17 84.81 404550K .......... .......... .......... .......... ..........  5% 8.52M 19m59s
#17 84.81 404600K .......... .......... .......... .......... ..........  5% 5.60M 19m59s
#17 84.82 404650K .......... .......... .......... .......... ..........  5% 3.68M 19m59s
#17 84.84 404700K .......... .......... .......... .......... ..........  5% 4.41M 19m59s
#17 84.85 404750K .......... .......... .......... .......... ..........  5%  657K 20m1s
#17 84.92 404800K .......... .......... .......... .......... ..........  5% 2.48M 20m1s
#17 84.94 404850K .......... .......... .......... .......... ..........  5% 2.81M 20m1s
#17 84.96 404900K .......... .......... .......... .......... ..........  5% 1.76M 20m1s
#17 84.99 404950K .......... .......... .......... .......... ..........  5% 9.27M 20m1s
#17 84.99 405000K .......... .......... .......... .......... ..........  5% 4.74M 20m1s
#17 85.00 405050K .......... .......... .......... .......... ..........  5% 12.6M 20m1s
#17 85.01 405100K .......... .......... .......... .......... ..........  5% 9.14M 20m1s
#17 85.01 405150K .......... .......... .......... .......... ..........  5% 3.64M 20m1s
#17 85.02 405200K .......... .......... .......... .......... ..........  5% 7.94M 20m1s
#17 85.03 405250K .......... .......... .......... .......... ..........  5% 4.74M 20m1s
#17 85.04 405300K .......... .......... .......... .......... ..........  5% 7.99M 20m1s
#17 85.05 405350K .......... .......... .......... .......... ..........  5% 6.39M 20m1s
#17 85.06 405400K .......... .......... .......... .......... ..........  5% 4.16M 20m1s
#17 85.07 405450K .......... .......... .......... .......... ..........  5% 6.85M 20m1s
#17 85.08 405500K .......... .......... .......... .......... ..........  5% 4.20M 20m1s
#17 85.09 405550K .......... .......... .......... .......... ..........  5% 5.89M 20m1s
#17 85.09 405600K .......... .......... .......... .......... ..........  5% 6.68M 20m1s
#17 85.10 405650K .......... .......... .......... .......... ..........  5% 6.83M 20m1s
#17 85.11 405700K .......... .......... .......... .......... ..........  5% 8.12M 20m1s
#17 85.11 405750K .......... .......... .......... .......... ..........  5% 8.19M 20m0s
#17 85.12 405800K .......... .......... .......... .......... ..........  5% 12.1M 20m0s
#17 85.12 405850K .......... .......... .......... .......... ..........  5% 74.4M 20m0s
#17 85.12 405900K .......... .......... .......... .......... ..........  5% 15.8M 20m0s
#17 85.13 405950K .......... .......... .......... .......... ..........  5% 6.53M 20m0s
#17 85.14 406000K .......... .......... .......... .......... ..........  5% 7.55M 20m0s
#17 85.14 406050K .......... .......... .......... .......... ..........  5% 30.5M 20m0s
#17 85.14 406100K .......... .......... .......... .......... ..........  5% 12.7M 20m0s
#17 85.15 406150K .......... .......... .......... .......... ..........  5% 7.84M 20m0s
#17 85.15 406200K .......... .......... .......... .......... ..........  5% 7.33M 20m0s
#17 85.16 406250K .......... .......... .......... .......... ..........  5% 7.69M 20m0s
#17 85.17 406300K .......... .......... .......... .......... ..........  5% 6.17M 20m0s
#17 85.17 406350K .......... .......... .......... .......... ..........  5% 10.1M 20m0s
#17 85.18 406400K .......... .......... .......... .......... ..........  5% 7.93M 19m59s
#17 85.19 406450K .......... .......... .......... .......... ..........  5% 4.72M 19m59s
#17 85.20 406500K .......... .......... .......... .......... ..........  6% 5.97M 19m59s
#17 85.20 406550K .......... .......... .......... .......... ..........  6% 6.73M 19m59s
#17 85.21 406600K .......... .......... .......... .......... ..........  6% 6.18M 19m59s
#17 85.22 406650K .......... .......... .......... .......... ..........  6% 3.02M 19m59s
#17 85.24 406700K .......... .......... .......... .......... ..........  6% 5.24M 19m59s
#17 85.24 406750K .......... .......... .......... .......... ..........  6% 10.7M 19m59s
#17 85.25 406800K .......... .......... .......... .......... ..........  6% 9.12M 19m59s
#17 85.25 406850K .......... .......... .......... .......... ..........  6% 5.83M 19m59s
#17 85.26 406900K .......... .......... .......... .......... ..........  6% 8.76M 19m59s
#17 85.27 406950K .......... .......... .......... .......... ..........  6% 6.12M 19m59s
#17 85.28 407000K .......... .......... .......... .......... ..........  6% 8.27M 19m59s
#17 85.28 407050K .......... .......... .......... .......... ..........  6% 4.21M 19m59s
#17 85.29 407100K .......... .......... .......... .......... ..........  6% 6.02M 19m59s
#17 85.30 407150K .......... .......... .......... .......... ..........  6% 4.87M 19m59s
#17 85.31 407200K .......... .......... .......... .......... ..........  6% 4.86M 19m59s
#17 85.32 407250K .......... .......... .......... .......... ..........  6% 4.29M 19m59s
#17 85.33 407300K .......... .......... .......... .......... ..........  6% 13.2M 19m59s
#17 85.34 407350K .......... .......... .......... .......... ..........  6% 8.60M 19m59s
#17 85.34 407400K .......... .......... .......... .......... ..........  6% 6.15M 19m59s
#17 85.35 407450K .......... .......... .......... .......... ..........  6% 4.69M 19m59s
#17 85.36 407500K .......... .......... .......... .......... ..........  6% 7.82M 19m59s
#17 85.37 407550K .......... .......... .......... .......... ..........  6% 6.90M 19m59s
#17 85.37 407600K .......... .......... .......... .......... ..........  6% 5.90M 19m59s
#17 85.38 407650K .......... .......... .......... .......... ..........  6% 7.33M 19m59s
#17 85.39 407700K .......... .......... .......... .......... ..........  6% 5.75M 19m59s
#17 85.40 407750K .......... .......... .......... .......... ..........  6% 4.55M 19m59s
#17 85.41 407800K .......... .......... .......... .......... ..........  6% 9.18M 19m59s
#17 85.41 407850K .......... .......... .......... .......... ..........  6% 4.19M 19m59s
#17 85.43 407900K .......... .......... .......... .......... ..........  6% 16.4M 19m59s
#17 85.43 407950K .......... .......... .......... .......... ..........  6% 4.07M 19m59s
#17 85.44 408000K .......... .......... .......... .......... ..........  6% 43.8M 19m58s
#17 85.44 408050K .......... .......... .......... .......... ..........  6% 3.63M 19m59s
#17 85.46 408100K .......... .......... .......... .......... ..........  6% 5.58M 19m59s
#17 85.46 408150K .......... .......... .......... .......... ..........  6% 50.6M 19m58s
#17 85.47 408200K .......... .......... .......... .......... ..........  6% 7.11M 19m58s
#17 85.47 408250K .......... .......... .......... .......... ..........  6% 2.84M 19m58s
#17 85.49 408300K .......... .......... .......... .......... ..........  6% 10.5M 19m58s
#17 85.49 408350K .......... .......... .......... .......... ..........  6% 6.00M 19m58s
#17 85.50 408400K .......... .......... .......... .......... ..........  6% 4.86M 19m58s
#17 85.51 408450K .......... .......... .......... .......... ..........  6% 4.65M 19m58s
#17 85.52 408500K .......... .......... .......... .......... ..........  6% 19.1M 19m58s
#17 85.52 408550K .......... .......... .......... .......... ..........  6% 7.83M 19m58s
#17 85.53 408600K .......... .......... .......... .......... ..........  6% 7.56M 19m58s
#17 85.54 408650K .......... .......... .......... .......... ..........  6% 1.92M 19m58s
#17 85.56 408700K .......... .......... .......... .......... ..........  6% 46.5M 19m58s
#17 85.56 408750K .......... .......... .......... .......... ..........  6% 11.7M 19m58s
#17 85.57 408800K .......... .......... .......... .......... ..........  6% 12.1M 19m58s
#17 85.57 408850K .......... .......... .......... .......... ..........  6% 10.9M 19m58s
#17 85.58 408900K .......... .......... .......... .......... ..........  6% 8.06M 19m58s
#17 85.58 408950K .......... .......... .......... .......... ..........  6% 4.52M 19m58s
#17 85.59 409000K .......... .......... .......... .......... ..........  6% 5.07M 19m58s
#17 85.60 409050K .......... .......... .......... .......... ..........  6% 4.12M 19m58s
#17 85.62 409100K .......... .......... .......... .......... ..........  6% 11.5M 19m58s
#17 85.62 409150K .......... .......... .......... .......... ..........  6% 7.49M 19m58s
#17 85.63 409200K .......... .......... .......... .......... ..........  6% 7.49M 19m58s
#17 85.63 409250K .......... .......... .......... .......... ..........  6% 5.40M 19m58s
#17 85.64 409300K .......... .......... .......... .......... ..........  6% 10.3M 19m58s
#17 85.65 409350K .......... .......... .......... .......... ..........  6% 6.88M 19m58s
#17 85.65 409400K .......... .......... .......... .......... ..........  6% 6.35M 19m58s
#17 85.66 409450K .......... .......... .......... .......... ..........  6% 3.88M 19m58s
#17 85.67 409500K .......... .......... .......... .......... ..........  6% 8.61M 19m57s
#17 85.68 409550K .......... .......... .......... .......... ..........  6% 5.45M 19m57s
#17 85.69 409600K .......... .......... .......... .......... ..........  6% 5.17M 19m57s
#17 85.70 409650K .......... .......... .......... .......... ..........  6% 7.40M 19m57s
#17 85.71 409700K .......... .......... .......... .......... ..........  6% 5.90M 19m57s
#17 85.71 409750K .......... .......... .......... .......... ..........  6% 5.69M 19m57s
#17 85.72 409800K .......... .......... .......... .......... ..........  6% 8.09M 19m57s
#17 85.73 409850K .......... .......... .......... .......... ..........  6% 5.19M 19m57s
#17 85.74 409900K .......... .......... .......... .......... ..........  6% 7.96M 19m57s
#17 85.74 409950K .......... .......... .......... .......... ..........  6% 8.09M 19m57s
#17 85.75 410000K .......... .......... .......... .......... ..........  6% 6.85M 19m57s
#17 85.76 410050K .......... .......... .......... .......... ..........  6% 4.84M 19m57s
#17 85.77 410100K .......... .......... .......... .......... ..........  6% 6.93M 19m57s
#17 85.77 410150K .......... .......... .......... .......... ..........  6% 4.88M 19m57s
#17 85.78 410200K .......... .......... .......... .......... ..........  6% 4.21M 19m57s
#17 85.80 410250K .......... .......... .......... .......... ..........  6% 5.74M 19m57s
#17 85.80 410300K .......... .......... .......... .......... ..........  6% 8.33M 19m57s
#17 85.81 410350K .......... .......... .......... .......... ..........  6% 6.78M 19m57s
#17 85.82 410400K .......... .......... .......... .......... ..........  6% 5.61M 19m57s
#17 85.82 410450K .......... .......... .......... .......... ..........  6% 25.6M 19m57s
#17 85.83 410500K .......... .......... .......... .......... ..........  6% 5.20M 19m57s
#17 85.84 410550K .......... .......... .......... .......... ..........  6% 8.42M 19m57s
#17 85.84 410600K .......... .......... .......... .......... ..........  6% 3.79M 19m57s
#17 85.85 410650K .......... .......... .......... .......... ..........  6% 5.80M 19m57s
#17 85.86 410700K .......... .......... .......... .......... ..........  6% 3.90M 19m57s
#17 85.88 410750K .......... .......... .......... .......... ..........  6% 15.5M 19m57s
#17 85.88 410800K .......... .......... .......... .......... ..........  6% 4.86M 19m57s
#17 85.89 410850K .......... .......... .......... .......... ..........  6% 5.07M 19m57s
#17 85.90 410900K .......... .......... .......... .......... ..........  6% 8.09M 19m57s
#17 85.90 410950K .......... .......... .......... .......... ..........  6% 7.65M 19m57s
#17 85.91 411000K .......... .......... .......... .......... ..........  6% 6.01M 19m57s
#17 85.92 411050K .......... .......... .......... .......... ..........  6% 6.96M 19m57s
#17 85.93 411100K .......... .......... .......... .......... ..........  6% 6.53M 19m56s
#17 85.94 411150K .......... .......... .......... .......... ..........  6% 6.86M 19m56s
#17 85.94 411200K .......... .......... .......... .......... ..........  6% 4.91M 19m56s
#17 85.95 411250K .......... .......... .......... .......... ..........  6% 8.89M 19m56s
#17 85.96 411300K .......... .......... .......... .......... ..........  6% 7.96M 19m56s
#17 85.96 411350K .......... .......... .......... .......... ..........  6% 3.80M 19m56s
#17 85.98 411400K .......... .......... .......... .......... ..........  6% 6.31M 19m56s
#17 85.98 411450K .......... .......... .......... .......... ..........  6% 5.70M 19m56s
#17 85.99 411500K .......... .......... .......... .......... ..........  6% 11.8M 19m56s
#17 86.00 411550K .......... .......... .......... .......... ..........  6% 5.03M 19m56s
#17 86.01 411600K .......... .......... .......... .......... ..........  6% 11.5M 19m56s
#17 86.01 411650K .......... .......... .......... .......... ..........  6% 5.87M 19m56s
#17 86.02 411700K .......... .......... .......... .......... ..........  6% 7.47M 19m56s
#17 86.02 411750K .......... .......... .......... .......... ..........  6% 7.17M 19m56s
#17 86.03 411800K .......... .......... .......... .......... ..........  6% 4.17M 19m56s
#17 86.04 411850K .......... .......... .......... .......... ..........  6% 7.24M 19m56s
#17 86.05 411900K .......... .......... .......... .......... ..........  6% 6.16M 19m56s
#17 86.06 411950K .......... .......... .......... .......... ..........  6% 7.63M 19m56s
#17 86.06 412000K .......... .......... .......... .......... ..........  6% 2.76M 19m56s
#17 86.08 412050K .......... .......... .......... .......... ..........  6% 7.33M 19m56s
#17 86.09 412100K .......... .......... .......... .......... ..........  6% 6.98M 19m56s
#17 86.10 412150K .......... .......... .......... .......... ..........  6% 10.1M 19m56s
#17 86.10 412200K .......... .......... .......... .......... ..........  6% 4.83M 19m56s
#17 86.11 412250K .......... .......... .......... .......... ..........  6% 9.99M 19m56s
#17 86.12 412300K .......... .......... .......... .......... ..........  6% 6.55M 19m56s
#17 86.12 412350K .......... .......... .......... .......... ..........  6% 7.71M 19m56s
#17 86.13 412400K .......... .......... .......... .......... ..........  6% 4.08M 19m56s
#17 86.14 412450K .......... .......... .......... .......... ..........  6% 6.79M 19m56s
#17 86.15 412500K .......... .......... .......... .......... ..........  6% 8.30M 19m56s
#17 86.15 412550K .......... .......... .......... .......... ..........  6% 3.66M 19m56s
#17 86.17 412600K .......... .......... .......... .......... ..........  6% 4.58M 19m56s
#17 86.18 412650K .......... .......... .......... .......... ..........  6% 5.57M 19m56s
#17 86.19 412700K .......... .......... .......... .......... ..........  6% 32.3M 19m55s
#17 86.19 412750K .......... .......... .......... .......... ..........  6% 4.65M 19m55s
#17 86.20 412800K .......... .......... .......... .......... ..........  6% 13.4M 19m55s
#17 86.20 412850K .......... .......... .......... .......... ..........  6% 7.39M 19m55s
#17 86.21 412900K .......... .......... .......... .......... ..........  6% 7.47M 19m55s
#17 86.22 412950K .......... .......... .......... .......... ..........  6% 5.34M 19m55s
#17 86.23 413000K .......... .......... .......... .......... ..........  6% 5.15M 19m55s
#17 86.23 413050K .......... .......... .......... .......... ..........  6% 7.28M 19m55s
#17 86.24 413100K .......... .......... .......... .......... ..........  6% 4.52M 19m55s
#17 86.25 413150K .......... .......... .......... .......... ..........  6% 3.58M 19m55s
#17 86.27 413200K .......... .......... .......... .......... ..........  6% 9.91M 19m55s
#17 86.27 413250K .......... .......... .......... .......... ..........  6% 5.75M 19m55s
#17 86.28 413300K .......... .......... .......... .......... ..........  6% 5.57M 19m55s
#17 86.29 413350K .......... .......... .......... .......... ..........  6% 67.0M 19m55s
#17 86.29 413400K .......... .......... .......... .......... ..........  6% 5.22M 19m55s
#17 86.30 413450K .......... .......... .......... .......... ..........  6% 8.80M 19m55s
#17 86.30 413500K .......... .......... .......... .......... ..........  6% 10.3M 19m55s
#17 86.31 413550K .......... .......... .......... .......... ..........  6% 5.24M 19m55s
#17 86.32 413600K .......... .......... .......... .......... ..........  6% 1.13M 19m55s
#17 86.36 413650K .......... .......... .......... .......... ..........  6% 5.16M 19m55s
#17 86.37 413700K .......... .......... .......... .......... ..........  6% 7.69M 19m55s
#17 86.38 413750K .......... .......... .......... .......... ..........  6% 5.08M 19m55s
#17 86.39 413800K .......... .......... .......... .......... ..........  6% 7.04M 19m55s
#17 86.39 413850K .......... .......... .......... .......... ..........  6% 5.59M 19m55s
#17 86.40 413900K .......... .......... .......... .......... ..........  6% 3.07M 19m55s
#17 86.42 413950K .......... .......... .......... .......... ..........  6% 5.99M 19m55s
#17 86.43 414000K .......... .......... .......... .......... ..........  6% 3.32M 19m55s
#17 86.44 414050K .......... .......... .......... .......... ..........  6% 3.46M 19m55s
#17 86.46 414100K .......... .......... .......... .......... ..........  6% 8.55M 19m55s
#17 86.46 414150K .......... .......... .......... .......... ..........  6% 5.36M 19m55s
#17 86.47 414200K .......... .......... .......... .......... ..........  6% 4.31M 19m55s
#17 86.48 414250K .......... .......... .......... .......... ..........  6% 5.14M 19m55s
#17 86.49 414300K .......... .......... .......... .......... ..........  6% 6.00M 19m55s
#17 86.50 414350K .......... .......... .......... .......... ..........  6% 26.2M 19m55s
#17 86.50 414400K .......... .......... .......... .......... ..........  6% 8.37M 19m55s
#17 86.51 414450K .......... .......... .......... .......... ..........  6% 4.35M 19m55s
#17 86.52 414500K .......... .......... .......... .......... ..........  6% 4.92M 19m55s
#17 86.53 414550K .......... .......... .......... .......... ..........  6% 6.25M 19m55s
#17 86.54 414600K .......... .......... .......... .......... ..........  6% 4.54M 19m55s
#17 86.55 414650K .......... .......... .......... .......... ..........  6% 11.5M 19m55s
#17 86.55 414700K .......... .......... .......... .......... ..........  6% 4.52M 19m55s
#17 86.56 414750K .......... .......... .......... .......... ..........  6% 4.77M 19m55s
#17 86.57 414800K .......... .......... .......... .......... ..........  6% 9.11M 19m55s
#17 86.58 414850K .......... .......... .......... .......... ..........  6% 2.10M 19m55s
#17 86.60 414900K .......... .......... .......... .......... ..........  6% 27.9M 19m55s
#17 86.60 414950K .......... .......... .......... .......... ..........  6% 28.5M 19m55s
#17 86.60 415000K .......... .......... .......... .......... ..........  6% 8.43M 19m55s
#17 86.61 415050K .......... .......... .......... .......... ..........  6% 6.45M 19m55s
#17 86.62 415100K .......... .......... .......... .......... ..........  6% 5.66M 19m55s
#17 86.63 415150K .......... .......... .......... .......... ..........  6% 5.57M 19m55s
#17 86.63 415200K .......... .......... .......... .......... ..........  6% 4.75M 19m55s
#17 86.65 415250K .......... .......... .......... .......... ..........  6% 8.03M 19m55s
#17 86.65 415300K .......... .......... .......... .......... ..........  6% 6.26M 19m55s
#17 86.66 415350K .......... .......... .......... .......... ..........  6% 8.06M 19m55s
#17 86.66 415400K .......... .......... .......... .......... ..........  6% 5.58M 19m55s
#17 86.67 415450K .......... .......... .......... .......... ..........  6% 10.3M 19m55s
#17 86.68 415500K .......... .......... .......... .......... ..........  6% 7.47M 19m54s
#17 86.68 415550K .......... .......... .......... .......... ..........  6% 5.02M 19m54s
#17 86.69 415600K .......... .......... .......... .......... ..........  6% 5.12M 19m54s
#17 86.70 415650K .......... .......... .......... .......... ..........  6% 6.15M 19m54s
#17 86.71 415700K .......... .......... .......... .......... ..........  6% 5.08M 19m54s
#17 86.72 415750K .......... .......... .......... .......... ..........  6% 7.28M 19m54s
#17 86.73 415800K .......... .......... .......... .......... ..........  6% 5.29M 19m54s
#17 86.74 415850K .......... .......... .......... .......... ..........  6% 6.46M 19m54s
#17 86.75 415900K .......... .......... .......... .......... ..........  6% 10.7M 19m54s
#17 86.75 415950K .......... .......... .......... .......... ..........  6% 5.20M 19m54s
#17 86.76 416000K .......... .......... .......... .......... ..........  6% 4.65M 19m54s
#17 86.77 416050K .......... .......... .......... .......... ..........  6% 7.51M 19m54s
#17 86.78 416100K .......... .......... .......... .......... ..........  6% 11.4M 19m54s
#17 86.78 416150K .......... .......... .......... .......... ..........  6% 6.10M 19m54s
#17 86.79 416200K .......... .......... .......... .......... ..........  6% 5.37M 19m54s
#17 86.80 416250K .......... .......... .......... .......... ..........  6% 3.80M 19m54s
#17 86.81 416300K .......... .......... .......... .......... ..........  6% 8.63M 19m54s
#17 86.82 416350K .......... .......... .......... .......... ..........  6% 4.16M 19m54s
#17 86.83 416400K .......... .......... .......... .......... ..........  6% 6.32M 19m54s
#17 86.83 416450K .......... .......... .......... .......... ..........  6% 6.64M 19m54s
#17 86.84 416500K .......... .......... .......... .......... ..........  6% 12.3M 19m54s
#17 86.85 416550K .......... .......... .......... .......... ..........  6% 7.96M 19m54s
#17 86.85 416600K .......... .......... .......... .......... ..........  6% 6.66M 19m54s
#17 86.86 416650K .......... .......... .......... .......... ..........  6% 3.96M 19m54s
#17 86.87 416700K .......... .......... .......... .......... ..........  6% 8.48M 19m54s
#17 86.88 416750K .......... .......... .......... .......... ..........  6% 22.1M 19m54s
#17 86.88 416800K .......... .......... .......... .......... ..........  6% 5.78M 19m54s
#17 86.89 416850K .......... .......... .......... .......... ..........  6% 5.18M 19m54s
#17 86.90 416900K .......... .......... .......... .......... ..........  6% 7.10M 19m54s
#17 86.90 416950K .......... .......... .......... .......... ..........  6% 4.82M 19m54s
#17 86.91 417000K .......... .......... .......... .......... ..........  6% 5.09M 19m54s
#17 86.92 417050K .......... .......... .......... .......... ..........  6% 7.31M 19m53s
#17 86.93 417100K .......... .......... .......... .......... ..........  6% 5.33M 19m53s
#17 86.94 417150K .......... .......... .......... .......... ..........  6% 9.11M 19m53s
#17 86.95 417200K .......... .......... .......... .......... ..........  6% 7.41M 19m53s
#17 86.95 417250K .......... .......... .......... .......... ..........  6% 5.01M 19m53s
#17 86.96 417300K .......... .......... .......... .......... ..........  6% 8.07M 19m53s
#17 86.97 417350K .......... .......... .......... .......... ..........  6% 7.19M 19m53s
#17 86.97 417400K .......... .......... .......... .......... ..........  6% 9.02M 19m53s
#17 86.98 417450K .......... .......... .......... .......... ..........  6% 4.61M 19m53s
#17 86.99 417500K .......... .......... .......... .......... ..........  6% 14.0M 19m53s
#17 86.99 417550K .......... .......... .......... .......... ..........  6% 5.88M 19m53s
#17 87.00 417600K .......... .......... .......... .......... ..........  6% 5.23M 19m53s
#17 87.01 417650K .......... .......... .......... .......... ..........  6% 3.97M 19m53s
#17 87.03 417700K .......... .......... .......... .......... ..........  6% 8.19M 19m53s
#17 87.03 417750K .......... .......... .......... .......... ..........  6% 6.84M 19m53s
#17 87.04 417800K .......... .......... .......... .......... ..........  6% 7.74M 19m53s
#17 87.04 417850K .......... .......... .......... .......... ..........  6% 7.86M 19m53s
#17 87.05 417900K .......... .......... .......... .......... ..........  6% 5.38M 19m53s
#17 87.06 417950K .......... .......... .......... .......... ..........  6% 9.33M 19m53s
#17 87.07 418000K .......... .......... .......... .......... ..........  6% 5.58M 19m53s
#17 87.07 418050K .......... .......... .......... .......... ..........  6% 3.70M 19m53s
#17 87.09 418100K .......... .......... .......... .......... ..........  6% 7.24M 19m53s
#17 87.09 418150K .......... .......... .......... .......... ..........  6% 8.45M 19m53s
#17 87.10 418200K .......... .......... .......... .......... ..........  6% 5.60M 19m53s
#17 87.11 418250K .......... .......... .......... .......... ..........  6% 5.88M 19m53s
#17 87.12 418300K .......... .......... .......... .......... ..........  6% 9.23M 19m53s
#17 87.12 418350K .......... .......... .......... .......... ..........  6% 5.89M 19m53s
#17 87.13 418400K .......... .......... .......... .......... ..........  6% 4.37M 19m53s
#17 87.15 418450K .......... .......... .......... .......... ..........  6% 10.2M 19m52s
#17 87.15 418500K .......... .......... .......... .......... ..........  6% 5.13M 19m52s
#17 87.15 418550K .......... .......... .......... .......... ..........  6% 7.70M 19m52s
#17 87.16 418600K .......... .......... .......... .......... ..........  6% 7.18M 19m52s
#17 87.17 418650K .......... .......... .......... .......... ..........  6% 7.62M 19m52s
#17 87.17 418700K .......... .......... .......... .......... ..........  6% 6.45M 19m52s
#17 87.18 418750K .......... .......... .......... .......... ..........  6% 5.40M 19m52s
#17 87.19 418800K .......... .......... .......... .......... ..........  6% 6.38M 19m52s
#17 87.20 418850K .......... .......... .......... .......... ..........  6% 2.98M 19m52s
#17 87.22 418900K .......... .......... .......... .......... ..........  6% 5.21M 19m52s
#17 87.23 418950K .......... .......... .......... .......... ..........  6% 36.4M 19m52s
#17 87.23 419000K .......... .......... .......... .......... ..........  6% 6.24M 19m52s
#17 87.23 419050K .......... .......... .......... .......... ..........  6% 6.38M 19m52s
#17 87.24 419100K .......... .......... .......... .......... ..........  6% 11.1M 19m52s
#17 87.25 419150K .......... .......... .......... .......... ..........  6% 9.10M 19m52s
#17 87.25 419200K .......... .......... .......... .......... ..........  6% 5.15M 19m52s
#17 87.26 419250K .......... .......... .......... .......... ..........  6% 7.25M 19m52s
#17 87.27 419300K .......... .......... .......... .......... ..........  6% 3.41M 19m52s
#17 87.28 419350K .......... .......... .......... .......... ..........  6% 3.27M 19m52s
#17 87.30 419400K .......... .......... .......... .......... ..........  6% 4.63M 19m52s
#17 87.31 419450K .......... .......... .......... .......... ..........  6% 8.82M 19m52s
#17 87.31 419500K .......... .......... .......... .......... ..........  6% 6.31M 19m52s
#17 87.32 419550K .......... .......... .......... .......... ..........  6% 5.20M 19m52s
#17 87.33 419600K .......... .......... .......... .......... ..........  6% 8.53M 19m52s
#17 87.34 419650K .......... .......... .......... .......... ..........  6% 5.31M 19m52s
#17 87.34 419700K .......... .......... .......... .......... ..........  6% 3.58M 19m52s
#17 87.36 419750K .......... .......... .......... .......... ..........  6% 5.29M 19m52s
#17 87.37 419800K .......... .......... .......... .......... ..........  6% 6.72M 19m52s
#17 87.37 419850K .......... .......... .......... .......... ..........  6% 6.35M 19m52s
#17 87.38 419900K .......... .......... .......... .......... ..........  6% 3.42M 19m52s
#17 87.40 419950K .......... .......... .......... .......... ..........  6% 6.24M 19m52s
#17 87.40 420000K .......... .......... .......... .......... ..........  6% 5.76M 19m52s
#17 87.41 420050K .......... .......... .......... .......... ..........  6% 6.44M 19m52s
#17 87.42 420100K .......... .......... .......... .......... ..........  6% 8.68M 19m52s
#17 87.43 420150K .......... .......... .......... .......... ..........  6% 7.99M 19m52s
#17 87.43 420200K .......... .......... .......... .......... ..........  6% 9.67M 19m52s
#17 87.44 420250K .......... .......... .......... .......... ..........  6% 3.73M 19m52s
#17 87.45 420300K .......... .......... .......... .......... ..........  6% 7.67M 19m52s
#17 87.46 420350K .......... .......... .......... .......... ..........  6% 4.86M 19m52s
#17 87.47 420400K .......... .......... .......... .......... ..........  6% 4.34M 19m52s
#17 87.48 420450K .......... .......... .......... .......... ..........  6% 7.02M 19m52s
#17 87.49 420500K .......... .......... .......... .......... ..........  6% 3.47M 19m52s
#17 87.50 420550K .......... .......... .......... .......... ..........  6% 9.16M 19m52s
#17 87.50 420600K .......... .......... .......... .......... ..........  6% 10.2M 19m51s
#17 87.51 420650K .......... .......... .......... .......... ..........  6% 5.10M 19m51s
#17 87.52 420700K .......... .......... .......... .......... ..........  6% 36.2M 19m51s
#17 87.52 420750K .......... .......... .......... .......... ..........  6% 5.92M 19m51s
#17 87.53 420800K .......... .......... .......... .......... ..........  6% 14.7M 19m51s
#17 87.53 420850K .......... .......... .......... .......... ..........  6% 5.62M 19m51s
#17 87.54 420900K .......... .......... .......... .......... ..........  6% 5.75M 19m51s
#17 87.55 420950K .......... .......... .......... .......... ..........  6% 2.74M 19m51s
#17 87.57 421000K .......... .......... .......... .......... ..........  6% 36.0M 19m51s
#17 87.57 421050K .......... .......... .......... .......... ..........  6% 4.80M 19m51s
#17 87.58 421100K .......... .......... .......... .......... ..........  6% 7.67M 19m51s
#17 87.58 421150K .......... .......... .......... .......... ..........  6% 4.01M 19m51s
#17 87.60 421200K .......... .......... .......... .......... ..........  6% 14.9M 19m51s
#17 87.60 421250K .......... .......... .......... .......... ..........  6% 8.57M 19m51s
#17 87.61 421300K .......... .......... .......... .......... ..........  6% 6.50M 19m51s
#17 87.61 421350K .......... .......... .......... .......... ..........  6% 8.98M 19m51s
#17 87.62 421400K .......... .......... .......... .......... ..........  6% 7.95M 19m51s
#17 87.62 421450K .......... .......... .......... .......... ..........  6% 4.86M 19m51s
#17 87.63 421500K .......... .......... .......... .......... ..........  6% 5.46M 19m51s
#17 87.64 421550K .......... .......... .......... .......... ..........  6% 9.47M 19m51s
#17 87.65 421600K .......... .......... .......... .......... ..........  6% 6.66M 19m51s
#17 87.66 421650K .......... .......... .......... .......... ..........  6% 6.14M 19m51s
#17 87.66 421700K .......... .......... .......... .......... ..........  6% 4.71M 19m51s
#17 87.67 421750K .......... .......... .......... .......... ..........  6% 1.07M 19m51s
#17 87.72 421800K .......... .......... .......... .......... ..........  6% 64.8M 19m51s
#17 87.72 421850K .......... .......... .......... .......... ..........  6% 3.28M 19m51s
#17 87.74 421900K .......... .......... .......... .......... ..........  6% 5.49M 19m51s
#17 87.75 421950K .......... .......... .......... .......... ..........  6% 6.73M 19m51s
#17 87.75 422000K .......... .......... .......... .......... ..........  6% 6.32M 19m51s
#17 87.76 422050K .......... .......... .......... .......... ..........  6% 5.58M 19m51s
#17 87.77 422100K .......... .......... .......... .......... ..........  6% 4.98M 19m51s
#17 87.78 422150K .......... .......... .......... .......... ..........  6% 3.76M 19m51s
#17 87.79 422200K .......... .......... .......... .......... ..........  6% 9.96M 19m51s
#17 87.80 422250K .......... .......... .......... .......... ..........  6% 12.7M 19m51s
#17 87.80 422300K .......... .......... .......... .......... ..........  6% 3.62M 19m51s
#17 87.81 422350K .......... .......... .......... .......... ..........  6% 20.7M 19m51s
#17 87.82 422400K .......... .......... .......... .......... ..........  6% 14.7M 19m51s
#17 87.82 422450K .......... .......... .......... .......... ..........  6% 4.71M 19m51s
#17 87.83 422500K .......... .......... .......... .......... ..........  6% 5.79M 19m51s
#17 87.84 422550K .......... .......... .......... .......... ..........  6% 6.24M 19m51s
#17 87.85 422600K .......... .......... .......... .......... ..........  6% 5.60M 19m51s
#17 87.85 422650K .......... .......... .......... .......... ..........  6% 5.27M 19m51s
#17 87.86 422700K .......... .......... .......... .......... ..........  6% 4.43M 19m51s
#17 87.87 422750K .......... .......... .......... .......... ..........  6% 4.64M 19m51s
#17 87.89 422800K .......... .......... .......... .......... ..........  6% 9.10M 19m51s
#17 87.89 422850K .......... .......... .......... .......... ..........  6% 4.17M 19m51s
#17 87.90 422900K .......... .......... .......... .......... ..........  6% 12.2M 19m51s
#17 87.91 422950K .......... .......... .......... .......... ..........  6% 5.82M 19m51s
#17 87.92 423000K .......... .......... .......... .......... ..........  6% 6.84M 19m50s
#17 87.92 423050K .......... .......... .......... .......... ..........  6% 5.67M 19m50s
#17 87.93 423100K .......... .......... .......... .......... ..........  6% 6.11M 19m50s
#17 87.94 423150K .......... .......... .......... .......... ..........  6% 6.34M 19m50s
#17 87.95 423200K .......... .......... .......... .......... ..........  6% 2.82M 19m51s
#17 87.96 423250K .......... .......... .......... .......... ..........  6% 20.5M 19m50s
#17 87.97 423300K .......... .......... .......... .......... ..........  6% 7.56M 19m50s
#17 87.97 423350K .......... .......... .......... .......... ..........  6% 8.22M 19m50s
#17 87.98 423400K .......... .......... .......... .......... ..........  6% 5.45M 19m50s
#17 87.99 423450K .......... .......... .......... .......... ..........  6% 6.99M 19m50s
#17 87.99 423500K .......... .......... .......... .......... ..........  6% 9.82M 19m50s
#17 88.00 423550K .......... .......... .......... .......... ..........  6% 7.00M 19m50s
#17 88.01 423600K .......... .......... .......... .......... ..........  6% 4.38M 19m50s
#17 88.02 423650K .......... .......... .......... .......... ..........  6% 5.23M 19m50s
#17 88.03 423700K .......... .......... .......... .......... ..........  6% 7.58M 19m50s
#17 88.03 423750K .......... .......... .......... .......... ..........  6% 3.48M 19m50s
#17 88.05 423800K .......... .......... .......... .......... ..........  6% 5.58M 19m50s
#17 88.06 423850K .......... .......... .......... .......... ..........  6% 14.4M 19m50s
#17 88.06 423900K .......... .......... .......... .......... ..........  6% 1.96M 19m50s
#17 88.08 423950K .......... .......... .......... .......... ..........  6% 5.06M 19m50s
#17 88.10 424000K .......... .......... .......... .......... ..........  6% 5.22M 19m50s
#17 88.10 424050K .......... .......... .......... .......... ..........  6% 6.36M 19m50s
#17 88.11 424100K .......... .......... .......... .......... ..........  6% 5.10M 19m50s
#17 88.12 424150K .......... .......... .......... .......... ..........  6% 8.18M 19m50s
#17 88.13 424200K .......... .......... .......... .......... ..........  6% 4.54M 19m50s
#17 88.14 424250K .......... .......... .......... .......... ..........  6% 6.26M 19m50s
#17 88.14 424300K .......... .......... .......... .......... ..........  6% 4.89M 19m50s
#17 88.16 424350K .......... .......... .......... .......... ..........  6% 9.68M 19m50s
#17 88.16 424400K .......... .......... .......... .......... ..........  6% 5.44M 19m50s
#17 88.17 424450K .......... .......... .......... .......... ..........  6% 7.08M 19m50s
#17 88.18 424500K .......... .......... .......... .......... ..........  6% 6.55M 19m50s
#17 88.18 424550K .......... .......... .......... .......... ..........  6% 5.32M 19m50s
#17 88.19 424600K .......... .......... .......... .......... ..........  6% 16.3M 19m50s
#17 88.20 424650K .......... .......... .......... .......... ..........  6% 3.31M 19m50s
#17 88.21 424700K .......... .......... .......... .......... ..........  6% 9.59M 19m50s
#17 88.22 424750K .......... .......... .......... .......... ..........  6% 5.24M 19m50s
#17 88.22 424800K .......... .......... .......... .......... ..........  6% 7.24M 19m50s
#17 88.23 424850K .......... .......... .......... .......... ..........  6% 5.52M 19m50s
#17 88.24 424900K .......... .......... .......... .......... ..........  6% 3.94M 19m50s
#17 88.25 424950K .......... .......... .......... .......... ..........  6% 11.0M 19m50s
#17 88.26 425000K .......... .......... .......... .......... ..........  6% 5.98M 19m50s
#17 88.27 425050K .......... .......... .......... .......... ..........  6% 4.92M 19m50s
#17 88.28 425100K .......... .......... .......... .......... ..........  6% 12.4M 19m50s
#17 88.28 425150K .......... .......... .......... .......... ..........  6% 6.29M 19m50s
#17 88.29 425200K .......... .......... .......... .......... ..........  6% 6.90M 19m49s
#17 88.30 425250K .......... .......... .......... .......... ..........  6% 5.01M 19m49s
#17 88.30 425300K .......... .......... .......... .......... ..........  6% 4.73M 19m49s
#17 88.31 425350K .......... .......... .......... .......... ..........  6% 5.83M 19m49s
#17 88.32 425400K .......... .......... .......... .......... ..........  6% 3.82M 19m49s
#17 88.34 425450K .......... .......... .......... .......... ..........  6% 10.4M 19m49s
#17 88.34 425500K .......... .......... .......... .......... ..........  6% 7.54M 19m49s
#17 88.35 425550K .......... .......... .......... .......... ..........  6% 5.50M 19m49s
#17 88.36 425600K .......... .......... .......... .......... ..........  6% 4.75M 19m49s
#17 88.37 425650K .......... .......... .......... .......... ..........  6% 9.95M 19m49s
#17 88.37 425700K .......... .......... .......... .......... ..........  6% 4.36M 19m49s
#17 88.38 425750K .......... .......... .......... .......... ..........  6% 8.44M 19m49s
#17 88.39 425800K .......... .......... .......... .......... ..........  6% 7.01M 19m49s
#17 88.39 425850K .......... .......... .......... .......... ..........  6% 12.4M 19m49s
#17 88.40 425900K .......... .......... .......... .......... ..........  6% 5.18M 19m49s
#17 88.41 425950K .......... .......... .......... .......... ..........  6% 3.53M 19m49s
#17 88.42 426000K .......... .......... .......... .......... ..........  6% 5.31M 19m49s
#17 88.43 426050K .......... .......... .......... .......... ..........  6% 5.92M 19m49s
#17 88.44 426100K .......... .......... .......... .......... ..........  6% 6.18M 19m49s
#17 88.45 426150K .......... .......... .......... .......... ..........  6% 13.6M 19m49s
#17 88.45 426200K .......... .......... .......... .......... ..........  6% 5.38M 19m49s
#17 88.46 426250K .......... .......... .......... .......... ..........  6% 5.93M 19m49s
#17 88.47 426300K .......... .......... .......... .......... ..........  6% 7.46M 19m49s
#17 88.47 426350K .......... .......... .......... .......... ..........  6% 19.5M 19m49s
#17 88.48 426400K .......... .......... .......... .......... ..........  6% 4.79M 19m49s
#17 88.49 426450K .......... .......... .......... .......... ..........  6% 8.16M 19m49s
#17 88.49 426500K .......... .......... .......... .......... ..........  6% 4.64M 19m49s
#17 88.50 426550K .......... .......... .......... .......... ..........  6% 4.51M 19m49s
#17 88.51 426600K .......... .......... .......... .......... ..........  6% 7.46M 19m49s
#17 88.52 426650K .......... .......... .......... .......... ..........  6% 6.76M 19m49s
#17 88.53 426700K .......... .......... .......... .......... ..........  6% 6.99M 19m49s
#17 88.53 426750K .......... .......... .......... .......... ..........  6% 3.70M 19m49s
#17 88.55 426800K .......... .......... .......... .......... ..........  6% 14.7M 19m49s
#17 88.55 426850K .......... .......... .......... .......... ..........  6% 8.03M 19m48s
#17 88.56 426900K .......... .......... .......... .......... ..........  6% 14.5M 19m48s
#17 88.56 426950K .......... .......... .......... .......... ..........  6% 6.60M 19m48s
#17 88.57 427000K .......... .......... .......... .......... ..........  6% 4.29M 19m48s
#17 88.58 427050K .......... .......... .......... .......... ..........  6% 3.61M 19m48s
#17 88.60 427100K .......... .......... .......... .......... ..........  6% 4.91M 19m48s
#17 88.60 427150K .......... .......... .......... .......... ..........  6% 6.30M 19m48s
#17 88.61 427200K .......... .......... .......... .......... ..........  6% 13.7M 19m48s
#17 88.62 427250K .......... .......... .......... .......... ..........  6% 5.05M 19m48s
#17 88.63 427300K .......... .......... .......... .......... ..........  6% 8.18M 19m48s
#17 88.63 427350K .......... .......... .......... .......... ..........  6% 6.69M 19m48s
#17 88.64 427400K .......... .......... .......... .......... ..........  6% 7.03M 19m48s
#17 88.65 427450K .......... .......... .......... .......... ..........  6% 5.44M 19m48s
#17 88.65 427500K .......... .......... .......... .......... ..........  6% 10.1M 19m48s
#17 88.66 427550K .......... .......... .......... .......... ..........  6% 4.60M 19m48s
#17 88.67 427600K .......... .......... .......... .......... ..........  6% 6.38M 19m48s
#17 88.68 427650K .......... .......... .......... .......... ..........  6% 6.21M 19m48s
#17 88.68 427700K .......... .......... .......... .......... ..........  6% 7.72M 19m48s
#17 88.69 427750K .......... .......... .......... .......... ..........  6% 3.45M 19m48s
#17 88.70 427800K .......... .......... .......... .......... ..........  6% 8.87M 19m48s
#17 88.71 427850K .......... .......... .......... .......... ..........  6% 4.18M 19m48s
#17 88.72 427900K .......... .......... .......... .......... ..........  6% 78.6M 19m48s
#17 88.73 427950K .......... .......... .......... .......... ..........  6% 4.13M 19m48s
#17 88.73 428000K .......... .......... .......... .......... ..........  6% 9.70M 19m48s
#17 88.74 428050K .......... .......... .......... .......... ..........  6% 6.35M 19m48s
#17 88.75 428100K .......... .......... .......... .......... ..........  6% 11.9M 19m48s
#17 88.75 428150K .......... .......... .......... .......... ..........  6% 5.68M 19m48s
#17 88.76 428200K .......... .......... .......... .......... ..........  6% 4.71M 19m48s
#17 88.77 428250K .......... .......... .......... .......... ..........  6% 8.53M 19m48s
#17 88.78 428300K .......... .......... .......... .......... ..........  6% 3.75M 19m48s
#17 88.79 428350K .......... .......... .......... .......... ..........  6% 6.65M 19m48s
#17 88.80 428400K .......... .......... .......... .......... ..........  6% 5.02M 19m48s
#17 88.81 428450K .......... .......... .......... .......... ..........  6% 11.9M 19m48s
#17 88.81 428500K .......... .......... .......... .......... ..........  6% 5.46M 19m47s
#17 88.82 428550K .......... .......... .......... .......... ..........  6% 4.25M 19m48s
#17 88.83 428600K .......... .......... .......... .......... ..........  6% 33.5M 19m47s
#17 88.83 428650K .......... .......... .......... .......... ..........  6% 7.65M 19m47s
#17 88.84 428700K .......... .......... .......... .......... ..........  6% 5.50M 19m47s
#17 88.85 428750K .......... .......... .......... .......... ..........  6% 4.48M 19m47s
#17 88.86 428800K .......... .......... .......... .......... ..........  6% 5.68M 19m47s
#17 88.87 428850K .......... .......... .......... .......... ..........  6% 9.51M 19m47s
#17 88.87 428900K .......... .......... .......... .......... ..........  6% 6.28M 19m47s
#17 88.88 428950K .......... .......... .......... .......... ..........  6% 3.03M 19m47s
#17 88.90 429000K .......... .......... .......... .......... ..........  6% 8.41M 19m47s
#17 88.90 429050K .......... .......... .......... .......... ..........  6% 5.34M 19m47s
#17 88.91 429100K .......... .......... .......... .......... ..........  6% 9.67M 19m47s
#17 88.92 429150K .......... .......... .......... .......... ..........  6% 6.66M 19m47s
#17 88.92 429200K .......... .......... .......... .......... ..........  6% 9.25M 19m47s
#17 88.93 429250K .......... .......... .......... .......... ..........  6% 4.03M 19m47s
#17 88.94 429300K .......... .......... .......... .......... ..........  6% 5.88M 19m47s
#17 88.95 429350K .......... .......... .......... .......... ..........  6% 3.99M 19m47s
#17 88.96 429400K .......... .......... .......... .......... ..........  6% 3.72M 19m47s
#17 88.97 429450K .......... .......... .......... .......... ..........  6% 7.14M 19m47s
#17 88.98 429500K .......... .......... .......... .......... ..........  6% 4.91M 19m47s
#17 88.99 429550K .......... .......... .......... .......... ..........  6% 39.9M 19m47s
#17 88.99 429600K .......... .......... .......... .......... ..........  6% 6.80M 19m47s
#17 89.00 429650K .......... .......... .......... .......... ..........  6% 6.09M 19m47s
#17 89.01 429700K .......... .......... .......... .......... ..........  6% 9.27M 19m47s
#17 89.01 429750K .......... .......... .......... .......... ..........  6% 6.23M 19m47s
#17 89.02 429800K .......... .......... .......... .......... ..........  6% 7.67M 19m47s
#17 89.03 429850K .......... .......... .......... .......... ..........  6% 4.27M 19m47s
#17 89.04 429900K .......... .......... .......... .......... ..........  6% 17.0M 19m47s
#17 89.04 429950K .......... .......... .......... .......... ..........  6% 3.90M 19m47s
#17 89.05 430000K .......... .......... .......... .......... ..........  6% 6.74M 19m47s
#17 89.06 430050K .......... .......... .......... .......... ..........  6% 6.06M 19m47s
#17 89.07 430100K .......... .......... .......... .......... ..........  6% 4.12M 19m47s
#17 89.08 430150K .......... .......... .......... .......... ..........  6% 5.12M 19m47s
#17 89.09 430200K .......... .......... .......... .......... ..........  6% 8.94M 19m47s
#17 89.10 430250K .......... .......... .......... .......... ..........  6% 15.4M 19m46s
#17 89.10 430300K .......... .......... .......... .......... ..........  6% 4.50M 19m46s
#17 89.11 430350K .......... .......... .......... .......... ..........  6% 6.01M 19m46s
#17 89.12 430400K .......... .......... .......... .......... ..........  6% 10.1M 19m46s
#17 89.12 430450K .......... .......... .......... .......... ..........  6% 4.73M 19m46s
#17 89.13 430500K .......... .......... .......... .......... ..........  6% 7.81M 19m46s
#17 89.14 430550K .......... .......... .......... .......... ..........  6% 5.83M 19m46s
#17 89.15 430600K .......... .......... .......... .......... ..........  6% 4.39M 19m46s
#17 89.16 430650K .......... .......... .......... .......... ..........  6% 8.89M 19m46s
#17 89.16 430700K .......... .......... .......... .......... ..........  6% 6.49M 19m46s
#17 89.17 430750K .......... .......... .......... .......... ..........  6% 3.38M 19m46s
#17 89.19 430800K .......... .......... .......... .......... ..........  6% 6.48M 19m46s
#17 89.19 430850K .......... .......... .......... .......... ..........  6% 9.13M 19m46s
#17 89.20 430900K .......... .......... .......... .......... ..........  6% 6.31M 19m46s
#17 89.21 430950K .......... .......... .......... .......... ..........  6% 9.47M 19m46s
#17 89.21 431000K .......... .......... .......... .......... ..........  6% 7.50M 19m46s
#17 89.22 431050K .......... .......... .......... .......... ..........  6% 7.90M 19m46s
#17 89.22 431100K .......... .......... .......... .......... ..........  6% 4.09M 19m46s
#17 89.24 431150K .......... .......... .......... .......... ..........  6% 6.91M 19m46s
#17 89.24 431200K .......... .......... .......... .......... ..........  6% 6.13M 19m46s
#17 89.25 431250K .......... .......... .......... .......... ..........  6% 5.32M 19m46s
#17 89.26 431300K .......... .......... .......... .......... ..........  6% 1.05M 19m46s
#17 89.31 431350K .......... .......... .......... .......... ..........  6% 2.80M 19m47s
#17 89.32 431400K .......... .......... .......... .......... ..........  6% 4.83M 19m47s
#17 89.34 431450K .......... .......... .......... .......... ..........  6% 11.3M 19m46s
#17 89.34 431500K .......... .......... .......... .......... ..........  6% 3.52M 19m47s
#17 89.35 431550K .......... .......... .......... .......... ..........  6% 10.1M 19m46s
#17 89.36 431600K .......... .......... .......... .......... ..........  6% 4.94M 19m46s
#17 89.37 431650K .......... .......... .......... .......... ..........  6% 3.22M 19m47s
#17 89.38 431700K .......... .......... .......... .......... ..........  6% 12.8M 19m46s
#17 89.39 431750K .......... .......... .......... .......... ..........  6% 23.0M 19m46s
#17 89.39 431800K .......... .......... .......... .......... ..........  6% 7.36M 19m46s
#17 89.40 431850K .......... .......... .......... .......... ..........  6% 6.57M 19m46s
#17 89.40 431900K .......... .......... .......... .......... ..........  6% 4.56M 19m46s
#17 89.41 431950K .......... .......... .......... .......... ..........  6% 8.17M 19m46s
#17 89.42 432000K .......... .......... .......... .......... ..........  6% 5.58M 19m46s
#17 89.43 432050K .......... .......... .......... .......... ..........  6% 16.1M 19m46s
#17 89.43 432100K .......... .......... .......... .......... ..........  6% 5.69M 19m46s
#17 89.44 432150K .......... .......... .......... .......... ..........  6% 6.30M 19m46s
#17 89.45 432200K .......... .......... .......... .......... ..........  6% 4.89M 19m46s
#17 89.46 432250K .......... .......... .......... .......... ..........  6% 3.95M 19m46s
#17 89.47 432300K .......... .......... .......... .......... ..........  6% 9.52M 19m46s
#17 89.48 432350K .......... .......... .......... .......... ..........  6% 7.19M 19m46s
#17 89.48 432400K .......... .......... .......... .......... ..........  6% 1.48M 19m46s
#17 89.52 432450K .......... .......... .......... .......... ..........  6% 5.03M 19m46s
#17 89.53 432500K .......... .......... .......... .......... ..........  6% 7.40M 19m46s
#17 89.53 432550K .......... .......... .......... .......... ..........  6% 5.48M 19m46s
#17 89.54 432600K .......... .......... .......... .......... ..........  6% 5.60M 19m46s
#17 89.55 432650K .......... .......... .......... .......... ..........  6% 6.13M 19m46s
#17 89.56 432700K .......... .......... .......... .......... ..........  6% 3.88M 19m46s
#17 89.57 432750K .......... .......... .......... .......... ..........  6% 7.38M 19m46s
#17 89.58 432800K .......... .......... .......... .......... ..........  6% 6.31M 19m46s
#17 89.58 432850K .......... .......... .......... .......... ..........  6% 7.79M 19m46s
#17 89.59 432900K .......... .......... .......... .......... ..........  6% 8.34M 19m46s
#17 89.60 432950K .......... .......... .......... .......... ..........  6% 4.95M 19m46s
#17 89.61 433000K .......... .......... .......... .......... ..........  6% 4.71M 19m46s
#17 89.62 433050K .......... .......... .......... .......... ..........  6% 7.85M 19m46s
#17 89.62 433100K .......... .......... .......... .......... ..........  6% 6.74M 19m46s
#17 89.63 433150K .......... .......... .......... .......... ..........  6% 3.30M 19m46s
#17 89.65 433200K .......... .......... .......... .......... ..........  6% 7.45M 19m46s
#17 89.65 433250K .......... .......... .......... .......... ..........  6% 4.37M 19m46s
#17 89.66 433300K .......... .......... .......... .......... ..........  6% 13.4M 19m46s
#17 89.67 433350K .......... .......... .......... .......... ..........  6% 9.77M 19m46s
#17 89.67 433400K .......... .......... .......... .......... ..........  6% 5.16M 19m46s
#17 89.68 433450K .......... .......... .......... .......... ..........  6% 12.5M 19m46s
#17 89.69 433500K .......... .......... .......... .......... ..........  6% 5.11M 19m46s
#17 89.69 433550K .......... .......... .......... .......... ..........  6% 3.06M 19m46s
#17 89.71 433600K .......... .......... .......... .......... ..........  6% 5.23M 19m46s
#17 89.72 433650K .......... .......... .......... .......... ..........  6% 9.61M 19m46s
#17 89.73 433700K .......... .......... .......... .......... ..........  6% 3.69M 19m46s
#17 89.74 433750K .......... .......... .......... .......... ..........  6% 4.79M 19m46s
#17 89.75 433800K .......... .......... .......... .......... ..........  6% 7.96M 19m46s
#17 89.75 433850K .......... .......... .......... .......... ..........  6% 8.85M 19m46s
#17 89.76 433900K .......... .......... .......... .......... ..........  6% 5.33M 19m46s
#17 89.77 433950K .......... .......... .......... .......... ..........  6% 6.05M 19m46s
#17 89.78 434000K .......... .......... .......... .......... ..........  6% 8.49M 19m45s
#17 89.78 434050K .......... .......... .......... .......... ..........  6% 7.21M 19m45s
#17 89.79 434100K .......... .......... .......... .......... ..........  6% 5.50M 19m45s
#17 89.80 434150K .......... .......... .......... .......... ..........  6% 6.31M 19m45s
#17 89.81 434200K .......... .......... .......... .......... ..........  6% 4.50M 19m45s
#17 89.82 434250K .......... .......... .......... .......... ..........  6% 5.10M 19m45s
#17 89.83 434300K .......... .......... .......... .......... ..........  6% 5.94M 19m45s
#17 89.83 434350K .......... .......... .......... .......... ..........  6% 7.27M 19m45s
#17 89.84 434400K .......... .......... .......... .......... ..........  6% 4.87M 19m45s
#17 89.85 434450K .......... .......... .......... .......... ..........  6% 12.3M 19m45s
#17 89.86 434500K .......... .......... .......... .......... ..........  6% 11.1M 19m45s
#17 89.86 434550K .......... .......... .......... .......... ..........  6% 4.17M 19m45s
#17 89.87 434600K .......... .......... .......... .......... ..........  6% 6.63M 19m45s
#17 89.88 434650K .......... .......... .......... .......... ..........  6% 11.3M 19m45s
#17 89.88 434700K .......... .......... .......... .......... ..........  6% 3.73M 19m45s
#17 89.90 434750K .......... .......... .......... .......... ..........  6% 5.33M 19m45s
#17 89.91 434800K .......... .......... .......... .......... ..........  6% 6.67M 19m45s
#17 89.91 434850K .......... .......... .......... .......... ..........  6% 4.56M 19m45s
#17 89.92 434900K .......... .......... .......... .......... ..........  6% 6.09M 19m45s
#17 89.93 434950K .......... .......... .......... .......... ..........  6% 6.38M 19m45s
#17 89.94 435000K .......... .......... .......... .......... ..........  6% 7.17M 19m45s
#17 89.95 435050K .......... .......... .......... .......... ..........  6% 9.61M 19m45s
#17 89.95 435100K .......... .......... .......... .......... ..........  6% 4.65M 19m45s
#17 89.96 435150K .......... .......... .......... .......... ..........  6% 7.37M 19m45s
#17 89.97 435200K .......... .......... .......... .......... ..........  6% 7.91M 19m45s
#17 89.97 435250K .......... .......... .......... .......... ..........  6% 7.60M 19m45s
#17 89.98 435300K .......... .......... .......... .......... ..........  6% 3.98M 19m45s
#17 89.99 435350K .......... .......... .......... .......... ..........  6% 9.36M 19m45s
#17 90.00 435400K .......... .......... .......... .......... ..........  6% 6.19M 19m45s
#17 90.01 435450K .......... .......... .......... .......... ..........  6% 4.41M 19m45s
#17 90.02 435500K .......... .......... .......... .......... ..........  6% 5.86M 19m45s
#17 90.03 435550K .......... .......... .......... .......... ..........  6% 5.82M 19m45s
#17 90.03 435600K .......... .......... .......... .......... ..........  6% 10.2M 19m45s
#17 90.04 435650K .......... .......... .......... .......... ..........  6% 3.14M 19m45s
#17 90.05 435700K .......... .......... .......... .......... ..........  6%  486K 19m46s
#17 90.16 435750K .......... .......... .......... .......... ..........  6% 5.93M 19m46s
#17 90.17 435800K .......... .......... .......... .......... ..........  6% 3.30M 19m46s
#17 90.18 435850K .......... .......... .......... .......... ..........  6% 7.26M 19m46s
#17 90.19 435900K .......... .......... .......... .......... ..........  6% 3.31M 19m46s
#17 90.20 435950K .......... .......... .......... .......... ..........  6% 5.48M 19m46s
#17 90.21 436000K .......... .......... .......... .......... ..........  6% 7.47M 19m46s
#17 90.22 436050K .......... .......... .......... .......... ..........  6% 8.14M 19m46s
#17 90.22 436100K .......... .......... .......... .......... ..........  6% 6.28M 19m46s
#17 90.23 436150K .......... .......... .......... .......... ..........  6% 11.3M 19m46s
#17 90.24 436200K .......... .......... .......... .......... ..........  6% 9.05M 19m46s
#17 90.24 436250K .......... .......... .......... .......... ..........  6% 6.52M 19m46s
#17 90.25 436300K .......... .......... .......... .......... ..........  6% 6.37M 19m46s
#17 90.26 436350K .......... .......... .......... .......... ..........  6%  711K 19m47s
#17 90.33 436400K .......... .......... .......... .......... ..........  6% 5.57M 19m47s
#17 90.33 436450K .......... .......... .......... .......... ..........  6% 8.30M 19m46s
#17 90.34 436500K .......... .......... .......... .......... ..........  6% 6.11M 19m46s
#17 90.35 436550K .......... .......... .......... .......... ..........  6% 6.54M 19m46s
#17 90.36 436600K .......... .......... .......... .......... ..........  6% 8.38M 19m46s
#17 90.36 436650K .......... .......... .......... .......... ..........  6% 5.88M 19m46s
#17 90.37 436700K .......... .......... .......... .......... ..........  6% 4.72M 19m46s
#17 90.38 436750K .......... .......... .......... .......... ..........  6% 7.03M 19m46s
#17 90.39 436800K .......... .......... .......... .......... ..........  6% 6.57M 19m46s
#17 90.39 436850K .......... .......... .......... .......... ..........  6% 6.15M 19m46s
#17 90.40 436900K .......... .......... .......... .......... ..........  6% 9.71M 19m46s
#17 90.41 436950K .......... .......... .......... .......... ..........  6% 8.07M 19m46s
#17 90.41 437000K .......... .......... .......... .......... ..........  6% 8.81M 19m46s
#17 90.42 437050K .......... .......... .......... .......... ..........  6% 9.94M 19m46s
#17 90.42 437100K .......... .......... .......... .......... ..........  6% 4.29M 19m46s
#17 90.44 437150K .......... .......... .......... .......... ..........  6% 5.22M 19m46s
#17 90.45 437200K .......... .......... .......... .......... ..........  6% 10.8M 19m46s
#17 90.45 437250K .......... .......... .......... .......... ..........  6% 4.12M 19m46s
#17 90.46 437300K .......... .......... .......... .......... ..........  6% 4.14M 19m46s
#17 90.48 437350K .......... .......... .......... .......... ..........  6% 15.0M 19m46s
#17 90.48 437400K .......... .......... .......... .......... ..........  6% 5.69M 19m46s
#17 90.48 437450K .......... .......... .......... .......... ..........  6% 4.24M 19m46s
#17 90.50 437500K .......... .......... .......... .......... ..........  6% 6.41M 19m46s
#17 90.50 437550K .......... .......... .......... .......... ..........  6% 15.0M 19m46s
#17 90.51 437600K .......... .......... .......... .......... ..........  6% 4.04M 19m46s
#17 90.52 437650K .......... .......... .......... .......... ..........  6% 15.3M 19m46s
#17 90.52 437700K .......... .......... .......... .......... ..........  6% 10.6M 19m46s
#17 90.53 437750K .......... .......... .......... .......... ..........  6% 6.00M 19m46s
#17 90.54 437800K .......... .......... .......... .......... ..........  6% 9.21M 19m45s
#17 90.54 437850K .......... .......... .......... .......... ..........  6% 4.34M 19m45s
#17 90.55 437900K .......... .......... .......... .......... ..........  6% 7.89M 19m45s
#17 90.56 437950K .......... .......... .......... .......... ..........  6% 5.29M 19m45s
#17 90.57 438000K .......... .......... .......... .......... ..........  6% 6.25M 19m45s
#17 90.58 438050K .......... .......... .......... .......... ..........  6% 6.57M 19m45s
#17 90.58 438100K .......... .......... .......... .......... ..........  6% 8.54M 19m45s
#17 90.59 438150K .......... .......... .......... .......... ..........  6% 5.81M 19m45s
#17 90.60 438200K .......... .......... .......... .......... ..........  6% 17.8M 19m45s
#17 90.60 438250K .......... .......... .......... .......... ..........  6% 6.48M 19m45s
#17 90.61 438300K .......... .......... .......... .......... ..........  6% 6.98M 19m45s
#17 90.61 438350K .......... .......... .......... .......... ..........  6% 5.27M 19m45s
#17 90.63 438400K .......... .......... .......... .......... ..........  6% 7.16M 19m45s
#17 90.63 438450K .......... .......... .......... .......... ..........  6% 9.30M 19m45s
#17 90.64 438500K .......... .......... .......... .......... ..........  6% 3.46M 19m45s
#17 90.65 438550K .......... .......... .......... .......... ..........  6% 5.61M 19m45s
#17 90.66 438600K .......... .......... .......... .......... ..........  6% 4.45M 19m45s
#17 90.67 438650K .......... .......... .......... .......... ..........  6% 5.72M 19m45s
#17 90.68 438700K .......... .......... .......... .......... ..........  6% 3.83M 19m45s
#17 90.69 438750K .......... .......... .......... .......... ..........  6% 6.98M 19m45s
#17 90.70 438800K .......... .......... .......... .......... ..........  6% 8.11M 19m45s
#17 90.70 438850K .......... .......... .......... .......... ..........  6% 9.88M 19m45s
#17 90.71 438900K .......... .......... .......... .......... ..........  6% 9.27M 19m45s
#17 90.71 438950K .......... .......... .......... .......... ..........  6% 6.87M 19m45s
#17 90.72 439000K .......... .......... .......... .......... ..........  6% 13.1M 19m45s
#17 90.72 439050K .......... .......... .......... .......... ..........  6% 5.63M 19m45s
#17 90.73 439100K .......... .......... .......... .......... ..........  6% 5.13M 19m45s
#17 90.74 439150K .......... .......... .......... .......... ..........  6% 9.92M 19m45s
#17 90.75 439200K .......... .......... .......... .......... ..........  6% 5.45M 19m45s
#17 90.76 439250K .......... .......... .......... .......... ..........  6% 2.40M 19m45s
#17 90.78 439300K .......... .......... .......... .......... ..........  6% 68.3M 19m45s
#17 90.78 439350K .......... .......... .......... .......... ..........  6% 15.2M 19m44s
#17 90.78 439400K .......... .......... .......... .......... ..........  6% 9.83M 19m44s
#17 90.79 439450K .......... .......... .......... .......... ..........  6% 6.82M 19m44s
#17 90.79 439500K .......... .......... .......... .......... ..........  6% 3.54M 19m44s
#17 90.81 439550K .......... .......... .......... .......... ..........  6% 11.5M 19m44s
#17 90.81 439600K .......... .......... .......... .......... ..........  6% 1.30M 19m45s
#17 90.85 439650K .......... .......... .......... .......... ..........  6% 2.87M 19m45s
#17 90.87 439700K .......... .......... .......... .......... ..........  6% 6.15M 19m45s
#17 90.87 439750K .......... .......... .......... .......... ..........  6% 6.21M 19m45s
#17 90.88 439800K .......... .......... .......... .......... ..........  6% 5.29M 19m45s
#17 90.89 439850K .......... .......... .......... .......... ..........  6% 18.4M 19m45s
#17 90.89 439900K .......... .......... .......... .......... ..........  6% 3.63M 19m45s
#17 90.91 439950K .......... .......... .......... .......... ..........  6% 3.37M 19m45s
#17 90.92 440000K .......... .......... .......... .......... ..........  6% 5.27M 19m45s
#17 90.93 440050K .......... .......... .......... .......... ..........  6% 12.3M 19m45s
#17 90.93 440100K .......... .......... .......... .......... ..........  6% 5.57M 19m45s
#17 90.94 440150K .......... .......... .......... .......... ..........  6% 8.72M 19m45s
#17 90.95 440200K .......... .......... .......... .......... ..........  6% 5.52M 19m45s
#17 90.96 440250K .......... .......... .......... .......... ..........  6% 5.13M 19m45s
#17 90.97 440300K .......... .......... .......... .......... ..........  6% 6.87M 19m45s
#17 90.98 440350K .......... .......... .......... .......... ..........  6% 5.02M 19m45s
#17 90.98 440400K .......... .......... .......... .......... ..........  6% 13.7M 19m44s
#17 90.99 440450K .......... .......... .......... .......... ..........  6% 5.21M 19m44s
#17 91.00 440500K .......... .......... .......... .......... ..........  6% 47.7M 19m44s
#17 91.00 440550K .......... .......... .......... .......... ..........  6% 4.29M 19m44s
#17 91.01 440600K .......... .......... .......... .......... ..........  6% 6.32M 19m44s
#17 91.02 440650K .......... .......... .......... .......... ..........  6% 6.18M 19m44s
#17 91.02 440700K .......... .......... .......... .......... ..........  6% 4.42M 19m44s
#17 91.04 440750K .......... .......... .......... .......... ..........  6% 7.41M 19m44s
#17 91.04 440800K .......... .......... .......... .......... ..........  6% 5.18M 19m44s
#17 91.05 440850K .......... .......... .......... .......... ..........  6% 13.9M 19m44s
#17 91.06 440900K .......... .......... .......... .......... ..........  6% 8.46M 19m44s
#17 91.06 440950K .......... .......... .......... .......... ..........  6% 6.06M 19m44s
#17 91.07 441000K .......... .......... .......... .......... ..........  6% 4.94M 19m44s
#17 91.08 441050K .......... .......... .......... .......... ..........  6% 4.79M 19m44s
#17 91.09 441100K .......... .......... .......... .......... ..........  6% 9.03M 19m44s
#17 91.10 441150K .......... .......... .......... .......... ..........  6% 5.50M 19m44s
#17 91.10 441200K .......... .......... .......... .......... ..........  6% 8.03M 19m44s
#17 91.11 441250K .......... .......... .......... .......... ..........  6% 4.71M 19m44s
#17 91.12 441300K .......... .......... .......... .......... ..........  6% 5.10M 19m44s
#17 91.13 441350K .......... .......... .......... .......... ..........  6% 3.86M 19m44s
#17 91.14 441400K .......... .......... .......... .......... ..........  6% 7.99M 19m44s
#17 91.15 441450K .......... .......... .......... .......... ..........  6% 6.11M 19m44s
#17 91.16 441500K .......... .......... .......... .......... ..........  6% 4.71M 19m44s
#17 91.17 441550K .......... .......... .......... .......... ..........  6% 6.21M 19m44s
#17 91.18 441600K .......... .......... .......... .......... ..........  6% 10.3M 19m44s
#17 91.18 441650K .......... .......... .......... .......... ..........  6% 4.12M 19m44s
#17 91.19 441700K .......... .......... .......... .......... ..........  6% 13.8M 19m44s
#17 91.20 441750K .......... .......... .......... .......... ..........  6% 13.4M 19m44s
#17 91.20 441800K .......... .......... .......... .......... ..........  6% 4.52M 19m44s
#17 91.21 441850K .......... .......... .......... .......... ..........  6% 8.11M 19m44s
#17 91.22 441900K .......... .......... .......... .......... ..........  6% 6.16M 19m43s
#17 91.22 441950K .......... .......... .......... .......... ..........  6% 2.93M 19m44s
#17 91.24 442000K .......... .......... .......... .......... ..........  6% 4.81M 19m44s
#17 91.25 442050K .......... .......... .......... .......... ..........  6% 4.07M 19m44s
#17 91.26 442100K .......... .......... .......... .......... ..........  6% 4.18M 19m44s
#17 91.27 442150K .......... .......... .......... .......... ..........  6% 7.72M 19m44s
#17 91.28 442200K .......... .......... .......... .......... ..........  6% 5.21M 19m44s
#17 91.29 442250K .......... .......... .......... .......... ..........  6% 9.73M 19m44s
#17 91.29 442300K .......... .......... .......... .......... ..........  6% 7.99M 19m43s
#17 91.30 442350K .......... .......... .......... .......... ..........  6% 24.2M 19m43s
#17 91.30 442400K .......... .......... .......... .......... ..........  6% 9.09M 19m43s
#17 91.31 442450K .......... .......... .......... .......... ..........  6% 3.44M 19m43s
#17 91.32 442500K .......... .......... .......... .......... ..........  6% 6.53M 19m43s
#17 91.33 442550K .......... .......... .......... .......... ..........  6% 5.16M 19m43s
#17 91.34 442600K .......... .......... .......... .......... ..........  6% 5.87M 19m43s
#17 91.35 442650K .......... .......... .......... .......... ..........  6% 6.62M 19m43s
#17 91.35 442700K .......... .......... .......... .......... ..........  6% 5.09M 19m43s
#17 91.36 442750K .......... .......... .......... .......... ..........  6% 5.21M 19m43s
#17 91.37 442800K .......... .......... .......... .......... ..........  6% 32.1M 19m43s
#17 91.38 442850K .......... .......... .......... .......... ..........  6% 14.0M 19m43s
#17 91.38 442900K .......... .......... .......... .......... ..........  6% 11.3M 19m43s
#17 91.38 442950K .......... .......... .......... .......... ..........  6% 6.20M 19m43s
#17 91.39 443000K .......... .......... .......... .......... ..........  6% 4.57M 19m43s
#17 91.40 443050K .......... .......... .......... .......... ..........  6% 6.19M 19m43s
#17 91.41 443100K .......... .......... .......... .......... ..........  6% 4.51M 19m43s
#17 91.42 443150K .......... .......... .......... .......... ..........  6% 5.86M 19m43s
#17 91.43 443200K .......... .......... .......... .......... ..........  6% 5.55M 19m43s
#17 91.44 443250K .......... .......... .......... .......... ..........  6% 4.57M 19m43s
#17 91.45 443300K .......... .......... .......... .......... ..........  6% 12.3M 19m43s
#17 91.45 443350K .......... .......... .......... .......... ..........  6% 7.03M 19m43s
#17 91.46 443400K .......... .......... .......... .......... ..........  6% 38.1M 19m43s
#17 91.46 443450K .......... .......... .......... .......... ..........  6% 4.90M 19m43s
#17 91.47 443500K .......... .......... .......... .......... ..........  6% 10.9M 19m43s
#17 91.47 443550K .......... .......... .......... .......... ..........  6% 5.61M 19m43s
#17 91.48 443600K .......... .......... .......... .......... ..........  6% 6.02M 19m42s
#17 91.49 443650K .......... .......... .......... .......... ..........  6% 9.25M 19m42s
#17 91.50 443700K .......... .......... .......... .......... ..........  6% 5.86M 19m42s
#17 91.51 443750K .......... .......... .......... .......... ..........  6% 3.15M 19m42s
#17 91.52 443800K .......... .......... .......... .......... ..........  6% 6.00M 19m42s
#17 91.53 443850K .......... .......... .......... .......... ..........  6% 6.84M 19m42s
#17 91.54 443900K .......... .......... .......... .......... ..........  6% 6.67M 19m42s
#17 91.54 443950K .......... .......... .......... .......... ..........  6% 8.39M 19m42s
#17 91.55 444000K .......... .......... .......... .......... ..........  6% 9.69M 19m42s
#17 91.56 444050K .......... .......... .......... .......... ..........  6% 5.99M 19m42s
#17 91.56 444100K .......... .......... .......... .......... ..........  6% 10.8M 19m42s
#17 91.57 444150K .......... .......... .......... .......... ..........  6% 7.97M 19m42s
#17 91.57 444200K .......... .......... .......... .......... ..........  6% 7.42M 19m42s
#17 91.58 444250K .......... .......... .......... .......... ..........  6% 5.56M 19m42s
#17 91.59 444300K .......... .......... .......... .......... ..........  6% 5.69M 19m42s
#17 91.60 444350K .......... .......... .......... .......... ..........  6% 7.07M 19m42s
#17 91.60 444400K .......... .......... .......... .......... ..........  6% 5.48M 19m42s
#17 91.61 444450K .......... .......... .......... .......... ..........  6% 5.92M 19m42s
#17 91.62 444500K .......... .......... .......... .......... ..........  6% 4.96M 19m42s
#17 91.63 444550K .......... .......... .......... .......... ..........  6% 4.24M 19m42s
#17 91.64 444600K .......... .......... .......... .......... ..........  6% 6.25M 19m42s
#17 91.65 444650K .......... .......... .......... .......... ..........  6% 1.83M 19m42s
#17 91.68 444700K .......... .......... .......... .......... ..........  6% 3.62M 19m42s
#17 91.69 444750K .......... .......... .......... .......... ..........  6% 6.18M 19m42s
#17 91.70 444800K .......... .......... .......... .......... ..........  6% 3.72M 19m42s
#17 91.71 444850K .......... .......... .......... .......... ..........  6% 8.37M 19m42s
#17 91.72 444900K .......... .......... .......... .......... ..........  6% 5.59M 19m42s
#17 91.73 444950K .......... .......... .......... .......... ..........  6% 13.9M 19m42s
#17 91.73 445000K .......... .......... .......... .......... ..........  6% 6.31M 19m42s
#17 91.74 445050K .......... .......... .......... .......... ..........  6% 8.78M 19m42s
#17 91.74 445100K .......... .......... .......... .......... ..........  6% 5.79M 19m42s
#17 91.75 445150K .......... .......... .......... .......... ..........  6% 7.11M 19m42s
#17 91.76 445200K .......... .......... .......... .......... ..........  6% 10.1M 19m42s
#17 91.76 445250K .......... .......... .......... .......... ..........  6% 5.99M 19m42s
#17 91.77 445300K .......... .......... .......... .......... ..........  6% 5.96M 19m42s
#17 91.78 445350K .......... .......... .......... .......... ..........  6% 6.18M 19m42s
#17 91.79 445400K .......... .......... .......... .......... ..........  6% 5.01M 19m42s
#17 91.80 445450K .......... .......... .......... .......... ..........  6% 6.43M 19m42s
#17 91.81 445500K .......... .......... .......... .......... ..........  6% 4.15M 19m42s
#17 91.82 445550K .......... .......... .......... .......... ..........  6% 9.15M 19m42s
#17 91.83 445600K .......... .......... .......... .......... ..........  6% 9.16M 19m42s
#17 91.83 445650K .......... .......... .......... .......... ..........  6% 8.39M 19m42s
#17 91.83 445700K .......... .......... .......... .......... ..........  6% 2.89M 19m42s
#17 91.85 445750K .......... .......... .......... .......... ..........  6% 77.5M 19m41s
#17 91.85 445800K .......... .......... .......... .......... ..........  6% 2.13M 19m42s
#17 91.87 445850K .......... .......... .......... .......... ..........  6% 2.74M 19m42s
#17 91.89 445900K .......... .......... .......... .......... ..........  6% 4.02M 19m42s
#17 91.90 445950K .......... .......... .......... .......... ..........  6% 9.55M 19m42s
#17 91.91 446000K .......... .......... .......... .......... ..........  6% 3.51M 19m42s
#17 91.92 446050K .......... .......... .......... .......... ..........  6% 8.05M 19m42s
#17 91.93 446100K .......... .......... .......... .......... ..........  6% 7.11M 19m42s
#17 91.94 446150K .......... .......... .......... .......... ..........  6% 6.33M 19m42s
#17 91.94 446200K .......... .......... .......... .......... ..........  6% 6.82M 19m42s
#17 91.95 446250K .......... .......... .......... .......... ..........  6% 4.56M 19m42s
#17 91.96 446300K .......... .......... .......... .......... ..........  6% 6.32M 19m42s
#17 91.97 446350K .......... .......... .......... .......... ..........  6% 2.66M 19m42s
#17 91.99 446400K .......... .......... .......... .......... ..........  6% 3.67M 19m42s
#17 92.00 446450K .......... .......... .......... .......... ..........  6% 9.43M 19m42s
#17 92.01 446500K .......... .......... .......... .......... ..........  6% 18.2M 19m42s
#17 92.01 446550K .......... .......... .......... .......... ..........  6% 7.99M 19m42s
#17 92.01 446600K .......... .......... .......... .......... ..........  6% 13.2M 19m41s
#17 92.02 446650K .......... .......... .......... .......... ..........  6% 5.00M 19m41s
#17 92.03 446700K .......... .......... .......... .......... ..........  6% 2.08M 19m42s
#17 92.05 446750K .......... .......... .......... .......... ..........  6% 6.88M 19m42s
#17 92.06 446800K .......... .......... .......... .......... ..........  6% 5.59M 19m42s
#17 92.07 446850K .......... .......... .......... .......... ..........  6% 6.89M 19m42s
#17 92.07 446900K .......... .......... .......... .......... ..........  6% 2.50M 19m42s
#17 92.09 446950K .......... .......... .......... .......... ..........  6% 11.2M 19m42s
#17 92.10 447000K .......... .......... .......... .......... ..........  6% 7.69M 19m42s
#17 92.10 447050K .......... .......... .......... .......... ..........  6% 7.02M 19m41s
#17 92.11 447100K .......... .......... .......... .......... ..........  6% 6.62M 19m41s
#17 92.12 447150K .......... .......... .......... .......... ..........  6% 12.1M 19m41s
#17 92.12 447200K .......... .......... .......... .......... ..........  6% 7.81M 19m41s
#17 92.13 447250K .......... .......... .......... .......... ..........  6% 7.43M 19m41s
#17 92.14 447300K .......... .......... .......... .......... ..........  6% 15.2M 19m41s
#17 92.14 447350K .......... .......... .......... .......... ..........  6% 5.42M 19m41s
#17 92.15 447400K .......... .......... .......... .......... ..........  6% 6.93M 19m41s
#17 92.15 447450K .......... .......... .......... .......... ..........  6% 4.56M 19m41s
#17 92.17 447500K .......... .......... .......... .......... ..........  6% 6.39M 19m41s
#17 92.17 447550K .......... .......... .......... .......... ..........  6% 8.40M 19m41s
#17 92.18 447600K .......... .......... .......... .......... ..........  6% 7.52M 19m41s
#17 92.19 447650K .......... .......... .......... .......... ..........  6% 5.88M 19m41s
#17 92.19 447700K .......... .......... .......... .......... ..........  6% 8.66M 19m41s
#17 92.20 447750K .......... .......... .......... .......... ..........  6% 4.55M 19m41s
#17 92.21 447800K .......... .......... .......... .......... ..........  6% 6.22M 19m41s
#17 92.22 447850K .......... .......... .......... .......... ..........  6% 5.76M 19m41s
#17 92.23 447900K .......... .......... .......... .......... ..........  6% 5.92M 19m41s
#17 92.23 447950K .......... .......... .......... .......... ..........  6% 6.82M 19m41s
#17 92.24 448000K .......... .......... .......... .......... ..........  6% 4.76M 19m41s
#17 92.25 448050K .......... .......... .......... .......... ..........  6% 7.52M 19m41s
#17 92.26 448100K .......... .......... .......... .......... ..........  6% 2.96M 19m41s
#17 92.27 448150K .......... .......... .......... .......... ..........  6% 8.56M 19m41s
#17 92.28 448200K .......... .......... .......... .......... ..........  6% 6.43M 19m41s
#17 92.29 448250K .......... .......... .......... .......... ..........  6% 4.22M 19m41s
#17 92.30 448300K .......... .......... .......... .......... ..........  6% 6.93M 19m41s
#17 92.31 448350K .......... .......... .......... .......... ..........  6% 5.87M 19m41s
#17 92.32 448400K .......... .......... .......... .......... ..........  6% 5.97M 19m41s
#17 92.32 448450K .......... .......... .......... .......... ..........  6% 2.36M 19m41s
#17 92.34 448500K .......... .......... .......... .......... ..........  6%  216K 19m44s
#17 92.58 448550K .......... .......... .......... .......... ..........  6% 5.11M 19m44s
#17 92.58 448600K .......... .......... .......... .......... ..........  6% 3.44M 19m44s
#17 92.60 448650K .......... .......... .......... .......... ..........  6% 3.47M 19m44s
#17 92.61 448700K .......... .......... .......... .......... ..........  6% 7.31M 19m44s
#17 92.62 448750K .......... .......... .......... .......... ..........  6% 8.01M 19m44s
#17 92.63 448800K .......... .......... .......... .......... ..........  6% 6.79M 19m44s
#17 92.63 448850K .......... .......... .......... .......... ..........  6% 3.72M 19m44s
#17 92.65 448900K .......... .......... .......... .......... ..........  6% 4.16M 19m44s
#17 92.66 448950K .......... .......... .......... .......... ..........  6% 8.18M 19m44s
#17 92.67 449000K .......... .......... .......... .......... ..........  6% 3.25M 19m44s
#17 92.68 449050K .......... .......... .......... .......... ..........  6% 8.78M 19m44s
#17 92.69 449100K .......... .......... .......... .......... ..........  6% 7.62M 19m44s
#17 92.69 449150K .......... .......... .......... .......... ..........  6% 5.95M 19m44s
#17 92.70 449200K .......... .......... .......... .......... ..........  6% 2.96M 19m44s
#17 92.72 449250K .......... .......... .......... .......... ..........  6% 6.12M 19m44s
#17 92.73 449300K .......... .......... .......... .......... ..........  6% 3.62M 19m44s
#17 92.74 449350K .......... .......... .......... .......... ..........  6% 5.04M 19m44s
#17 92.75 449400K .......... .......... .......... .......... ..........  6% 16.3M 19m44s
#17 92.75 449450K .......... .......... .......... .......... ..........  6% 5.85M 19m44s
#17 92.76 449500K .......... .......... .......... .......... ..........  6% 7.03M 19m44s
#17 92.76 449550K .......... .......... .......... .......... ..........  6% 3.55M 19m44s
#17 92.78 449600K .......... .......... .......... .......... ..........  6% 2.17M 19m44s
#17 92.80 449650K .......... .......... .......... .......... ..........  6% 1.20M 19m44s
#17 92.84 449700K .......... .......... .......... .......... ..........  6% 3.51M 19m45s
#17 92.86 449750K .......... .......... .......... .......... ..........  6% 2.17M 19m45s
#17 92.88 449800K .......... .......... .......... .......... ..........  6% 4.70M 19m45s
#17 92.89 449850K .......... .......... .......... .......... ..........  6% 1.84M 19m45s
#17 92.92 449900K .......... .......... .......... .......... ..........  6% 2.83M 19m45s
#17 92.93 449950K .......... .......... .......... .......... ..........  6% 2.38M 19m45s
#17 92.95 450000K .......... .......... .......... .......... ..........  6% 1.86M 19m45s
#17 92.98 450050K .......... .......... .......... .......... ..........  6% 3.49M 19m45s
#17 92.99 450100K .......... .......... .......... .......... ..........  6% 1.89M 19m46s
#17 93.02 450150K .......... .......... .......... .......... ..........  6% 4.57M 19m46s
#17 93.03 450200K .......... .......... .......... .......... ..........  6% 2.04M 19m46s
#17 93.05 450250K .......... .......... .......... .......... ..........  6% 1.42M 19m46s
#17 93.09 450300K .......... .......... .......... .......... ..........  6% 5.82M 19m46s
#17 93.10 450350K .......... .......... .......... .......... ..........  6% 5.16M 19m46s
#17 93.11 450400K .......... .......... .......... .......... ..........  6% 2.40M 19m46s
#17 93.13 450450K .......... .......... .......... .......... ..........  6% 4.48M 19m46s
#17 93.14 450500K .......... .......... .......... .......... ..........  6% 4.35M 19m46s
#17 93.15 450550K .......... .......... .......... .......... ..........  6% 3.86M 19m46s
#17 93.16 450600K .......... .......... .......... .......... ..........  6% 3.66M 19m46s
#17 93.17 450650K .......... .......... .......... .......... ..........  6% 4.45M 19m46s
#17 93.19 450700K .......... .......... .......... .......... ..........  6% 4.91M 19m46s
#17 93.20 450750K .......... .......... .......... .......... ..........  6%  350K 19m48s
#17 93.34 450800K .......... .......... .......... .......... ..........  6% 2.93M 19m48s
#17 93.36 450850K .......... .......... .......... .......... ..........  6% 9.59M 19m48s
#17 93.36 450900K .......... .......... .......... .......... ..........  6% 73.4M 19m48s
#17 93.36 450950K .......... .......... .......... .......... ..........  6% 3.60M 19m48s
#17 93.37 451000K .......... .......... .......... .......... ..........  6% 7.59M 19m48s
#17 93.38 451050K .......... .......... .......... .......... ..........  6% 8.91M 19m48s
#17 93.39 451100K .......... .......... .......... .......... ..........  6% 6.33M 19m48s
#17 93.39 451150K .......... .......... .......... .......... ..........  6% 8.77M 19m48s
#17 93.40 451200K .......... .......... .......... .......... ..........  6% 13.9M 19m48s
#17 93.40 451250K .......... .......... .......... .......... ..........  6% 68.6M 19m48s
#17 93.40 451300K .......... .......... .......... .......... ..........  6% 60.9M 19m48s
#17 93.40 451350K .......... .......... .......... .......... ..........  6% 4.91M 19m48s
#17 93.41 451400K .......... .......... .......... .......... ..........  6% 11.1M 19m48s
#17 93.42 451450K .......... .......... .......... .......... ..........  6% 8.10M 19m48s
#17 93.42 451500K .......... .......... .......... .......... ..........  6% 15.8M 19m47s
#17 93.43 451550K .......... .......... .......... .......... ..........  6% 9.45M 19m47s
#17 93.43 451600K .......... .......... .......... .......... ..........  6% 19.9M 19m47s
#17 93.44 451650K .......... .......... .......... .......... ..........  6% 4.49M 19m47s
#17 93.46 451700K .......... .......... .......... .......... ..........  6% 8.89M 19m47s
#17 93.46 451750K .......... .......... .......... .......... ..........  6% 86.3M 19m47s
#17 93.46 451800K .......... .......... .......... .......... ..........  6% 3.31M 19m47s
#17 93.47 451850K .......... .......... .......... .......... ..........  6% 98.2M 19m47s
#17 93.47 451900K .......... .......... .......... .......... ..........  6% 86.0M 19m47s
#17 93.47 451950K .......... .......... .......... .......... ..........  6% 18.5M 19m47s
#17 93.47 452000K .......... .......... .......... .......... ..........  6% 5.36M 19m47s
#17 93.48 452050K .......... .......... .......... .......... ..........  6% 4.24M 19m47s
#17 93.49 452100K .......... .......... .......... .......... ..........  6% 2.70M 19m47s
#17 93.51 452150K .......... .......... .......... .......... ..........  6% 5.80M 19m47s
#17 93.52 452200K .......... .......... .......... .......... ..........  6% 6.85M 19m47s
#17 93.53 452250K .......... .......... .......... .......... ..........  6% 4.14M 19m47s
#17 93.54 452300K .......... .......... .......... .......... ..........  6% 3.04M 19m47s
#17 93.55 452350K .......... .......... .......... .......... ..........  6% 4.50M 19m47s
#17 93.56 452400K .......... .......... .......... .......... ..........  6% 4.71M 19m47s
#17 93.57 452450K .......... .......... .......... .......... ..........  6% 3.31M 19m47s
#17 93.59 452500K .......... .......... .......... .......... ..........  6% 3.85M 19m47s
#17 93.60 452550K .......... .......... .......... .......... ..........  6% 2.95M 19m47s
#17 93.62 452600K .......... .......... .......... .......... ..........  6% 5.86M 19m47s
#17 93.63 452650K .......... .......... .......... .......... ..........  6% 4.77M 19m47s
#17 93.64 452700K .......... .......... .......... .......... ..........  6% 3.28M 19m47s
#17 93.65 452750K .......... .......... .......... .......... ..........  6% 8.55M 19m47s
#17 93.66 452800K .......... .......... .......... .......... ..........  6% 2.58M 19m47s
#17 93.68 452850K .......... .......... .......... .......... ..........  6% 3.41M 19m47s
#17 93.69 452900K .......... .......... .......... .......... ..........  6% 6.70M 19m47s
#17 93.70 452950K .......... .......... .......... .......... ..........  6% 3.43M 19m47s
#17 93.71 453000K .......... .......... .......... .......... ..........  6% 5.80M 19m47s
#17 93.72 453050K .......... .......... .......... .......... ..........  6% 11.2M 19m47s
#17 93.73 453100K .......... .......... .......... .......... ..........  6% 6.45M 19m47s
#17 93.73 453150K .......... .......... .......... .......... ..........  6% 3.24M 19m47s
#17 93.75 453200K .......... .......... .......... .......... ..........  6% 2.97M 19m47s
#17 93.76 453250K .......... .......... .......... .......... ..........  6% 6.01M 19m47s
#17 93.77 453300K .......... .......... .......... .......... ..........  6% 4.13M 19m47s
#17 93.78 453350K .......... .......... .......... .......... ..........  6% 3.37M 19m47s
#17 93.80 453400K .......... .......... .......... .......... ..........  6% 6.65M 19m47s
#17 93.81 453450K .......... .......... .......... .......... ..........  6% 5.08M 19m47s
#17 93.82 453500K .......... .......... .......... .......... ..........  6% 4.03M 19m47s
#17 93.83 453550K .......... .......... .......... .......... ..........  6% 3.14M 19m47s
#17 93.84 453600K .......... .......... .......... .......... ..........  6% 14.5M 19m47s
#17 93.85 453650K .......... .......... .......... .......... ..........  6% 2.79M 19m48s
#17 93.86 453700K .......... .......... .......... .......... ..........  6% 3.42M 19m48s
#17 93.88 453750K .......... .......... .......... .......... ..........  6% 4.01M 19m48s
#17 93.89 453800K .......... .......... .......... .......... ..........  6% 9.19M 19m48s
#17 93.90 453850K .......... .......... .......... .......... ..........  6% 5.47M 19m48s
#17 93.90 453900K .......... .......... .......... .......... ..........  6% 8.94M 19m47s
#17 93.91 453950K .......... .......... .......... .......... ..........  6% 3.70M 19m47s
#17 93.92 454000K .......... .......... .......... .......... ..........  6% 6.02M 19m47s
#17 93.93 454050K .......... .......... .......... .......... ..........  6% 4.16M 19m47s
#17 93.94 454100K .......... .......... .......... .......... ..........  6% 3.40M 19m48s
#17 93.96 454150K .......... .......... .......... .......... ..........  6% 5.93M 19m48s
#17 93.97 454200K .......... .......... .......... .......... ..........  6% 4.79M 19m48s
#17 93.98 454250K .......... .......... .......... .......... ..........  6% 4.91M 19m48s
#17 93.99 454300K .......... .......... .......... .......... ..........  6% 5.13M 19m48s
#17 94.00 454350K .......... .......... .......... .......... ..........  6% 5.52M 19m47s
#17 94.00 454400K .......... .......... .......... .......... ..........  6% 3.42M 19m48s
#17 94.02 454450K .......... .......... .......... .......... ..........  6% 4.81M 19m48s
#17 94.03 454500K .......... .......... .......... .......... ..........  6% 4.46M 19m48s
#17 94.04 454550K .......... .......... .......... .......... ..........  6% 3.84M 19m48s
#17 94.05 454600K .......... .......... .......... .......... ..........  6% 3.47M 19m48s
#17 94.07 454650K .......... .......... .......... .......... ..........  6% 5.29M 19m48s
#17 94.08 454700K .......... .......... .......... .......... ..........  6% 4.76M 19m48s
#17 94.09 454750K .......... .......... .......... .......... ..........  6% 5.20M 19m48s
#17 94.10 454800K .......... .......... .......... .......... ..........  6% 4.75M 19m48s
#17 94.11 454850K .......... .......... .......... .......... ..........  6% 6.92M 19m48s
#17 94.11 454900K .......... .......... .......... .......... ..........  6% 2.56M 19m48s
#17 94.13 454950K .......... .......... .......... .......... ..........  6% 3.92M 19m48s
#17 94.14 455000K .......... .......... .......... .......... ..........  6% 6.20M 19m48s
#17 94.15 455050K .......... .......... .......... .......... ..........  6% 3.72M 19m48s
#17 94.17 455100K .......... .......... .......... .......... ..........  6% 10.3M 19m48s
#17 94.17 455150K .......... .......... .......... .......... ..........  6% 7.99M 19m48s
#17 94.18 455200K .......... .......... .......... .......... ..........  6% 2.95M 19m48s
#17 94.19 455250K .......... .......... .......... .......... ..........  6% 1.45M 19m48s
#17 94.23 455300K .......... .......... .......... .......... ..........  6% 1.82M 19m48s
#17 94.25 455350K .......... .......... .......... .......... ..........  6% 8.81M 19m48s
#17 94.26 455400K .......... .......... .......... .......... ..........  6% 5.21M 19m48s
#17 94.27 455450K .......... .......... .......... .......... ..........  6% 5.46M 19m48s
#17 94.28 455500K .......... .......... .......... .......... ..........  6% 11.1M 19m48s
#17 94.28 455550K .......... .......... .......... .......... ..........  6% 4.27M 19m48s
#17 94.29 455600K .......... .......... .......... .......... ..........  6% 4.01M 19m48s
#17 94.31 455650K .......... .......... .......... .......... ..........  6% 5.57M 19m48s
#17 94.31 455700K .......... .......... .......... .......... ..........  6% 5.21M 19m48s
#17 94.32 455750K .......... .......... .......... .......... ..........  6% 3.74M 19m48s
#17 94.34 455800K .......... .......... .......... .......... ..........  6% 6.87M 19m48s
#17 94.34 455850K .......... .......... .......... .......... ..........  6% 3.29M 19m48s
#17 94.36 455900K .......... .......... .......... .......... ..........  6% 6.61M 19m48s
#17 94.37 455950K .......... .......... .......... .......... ..........  6% 3.71M 19m48s
#17 94.38 456000K .......... .......... .......... .......... ..........  6% 4.40M 19m48s
#17 94.39 456050K .......... .......... .......... .......... ..........  6% 4.88M 19m48s
#17 94.40 456100K .......... .......... .......... .......... ..........  6% 5.26M 19m48s
#17 94.41 456150K .......... .......... .......... .......... ..........  6% 4.75M 19m48s
#17 94.42 456200K .......... .......... .......... .......... ..........  6% 4.42M 19m48s
#17 94.43 456250K .......... .......... .......... .......... ..........  6% 4.53M 19m48s
#17 94.44 456300K .......... .......... .......... .......... ..........  6% 7.63M 19m48s
#17 94.45 456350K .......... .......... .......... .......... ..........  6% 4.66M 19m48s
#17 94.46 456400K .......... .......... .......... .......... ..........  6% 4.77M 19m48s
#17 94.47 456450K .......... .......... .......... .......... ..........  6% 4.87M 19m48s
#17 94.48 456500K .......... .......... .......... .......... ..........  6% 7.37M 19m48s
#17 94.49 456550K .......... .......... .......... .......... ..........  6% 3.32M 19m48s
#17 94.50 456600K .......... .......... .......... .......... ..........  6% 5.39M 19m48s
#17 94.51 456650K .......... .......... .......... .......... ..........  6% 4.28M 19m48s
#17 94.52 456700K .......... .......... .......... .......... ..........  6% 4.75M 19m48s
#17 94.53 456750K .......... .......... .......... .......... ..........  6% 3.25M 19m48s
#17 94.55 456800K .......... .......... .......... .......... ..........  6% 4.18M 19m48s
#17 94.56 456850K .......... .......... .......... .......... ..........  6% 5.17M 19m48s
#17 94.57 456900K .......... .......... .......... .......... ..........  6% 9.16M 19m48s
#17 94.57 456950K .......... .......... .......... .......... ..........  6% 4.12M 19m48s
#17 94.58 457000K .......... .......... .......... .......... ..........  6% 7.02M 19m48s
#17 94.59 457050K .......... .......... .......... .......... ..........  6% 4.69M 19m48s
#17 94.60 457100K .......... .......... .......... .......... ..........  6% 3.62M 19m48s
#17 94.61 457150K .......... .......... .......... .......... ..........  6% 4.93M 19m48s
#17 94.63 457200K .......... .......... .......... .......... ..........  6% 6.06M 19m48s
#17 94.63 457250K .......... .......... .......... .......... ..........  6% 5.60M 19m48s
#17 94.64 457300K .......... .......... .......... .......... ..........  6% 5.74M 19m48s
#17 94.65 457350K .......... .......... .......... .......... ..........  6% 6.21M 19m48s
#17 94.66 457400K .......... .......... .......... .......... ..........  6% 4.33M 19m48s
#17 94.67 457450K .......... .......... .......... .......... ..........  6% 5.79M 19m48s
#17 94.68 457500K .......... .......... .......... .......... ..........  6% 7.02M 19m48s
#17 94.68 457550K .......... .......... .......... .......... ..........  6% 4.98M 19m48s
#17 94.69 457600K .......... .......... .......... .......... ..........  6% 2.96M 19m48s
#17 94.71 457650K .......... .......... .......... .......... ..........  6% 7.64M 19m48s
#17 94.72 457700K .......... .......... .......... .......... ..........  6% 5.42M 19m48s
#17 94.73 457750K .......... .......... .......... .......... ..........  6% 2.52M 19m48s
#17 94.75 457800K .......... .......... .......... .......... ..........  6% 47.4M 19m48s
#17 94.75 457850K .......... .......... .......... .......... ..........  6% 10.2M 19m48s
#17 94.75 457900K .......... .......... .......... .......... ..........  6% 4.97M 19m48s
#17 94.76 457950K .......... .......... .......... .......... ..........  6% 4.35M 19m48s
#17 94.77 458000K .......... .......... .......... .......... ..........  6% 6.94M 19m48s
#17 94.78 458050K .......... .......... .......... .......... ..........  6% 4.58M 19m48s
#17 94.79 458100K .......... .......... .......... .......... ..........  6%  574K 19m49s
#17 94.88 458150K .......... .......... .......... .......... ..........  6% 3.93M 19m49s
#17 94.89 458200K .......... .......... .......... .......... ..........  6% 5.95M 19m49s
#17 94.90 458250K .......... .......... .......... .......... ..........  6% 5.50M 19m49s
#17 94.91 458300K .......... .......... .......... .......... ..........  6% 6.45M 19m49s
#17 94.92 458350K .......... .......... .......... .......... ..........  6% 10.5M 19m49s
#17 94.92 458400K .......... .......... .......... .......... ..........  6% 5.88M 19m49s
#17 94.93 458450K .......... .......... .......... .......... ..........  6% 19.4M 19m49s
#17 94.93 458500K .......... .......... .......... .......... ..........  6% 5.79M 19m49s
#17 94.94 458550K .......... .......... .......... .......... ..........  6% 4.91M 19m49s
#17 94.95 458600K .......... .......... .......... .......... ..........  6% 43.0M 19m49s
#17 94.95 458650K .......... .......... .......... .......... ..........  6% 30.8M 19m49s
#17 94.95 458700K .......... .......... .......... .......... ..........  6% 7.69M 19m49s
#17 94.96 458750K .......... .......... .......... .......... ..........  6% 7.99M 19m48s
#17 94.96 458800K .......... .......... .......... .......... ..........  6% 27.7M 19m48s
#17 94.97 458850K .......... .......... .......... .......... ..........  6% 10.1M 19m48s
#17 94.97 458900K .......... .......... .......... .......... ..........  6% 10.2M 19m48s
#17 94.98 458950K .......... .......... .......... .......... ..........  6% 19.8M 19m48s
#17 94.98 459000K .......... .......... .......... .......... ..........  6% 8.35M 19m48s
#17 94.98 459050K .......... .......... .......... .......... ..........  6% 12.6M 19m48s
#17 94.99 459100K .......... .......... .......... .......... ..........  6% 28.2M 19m48s
#17 94.99 459150K .......... .......... .......... .......... ..........  6% 5.41M 19m48s
#17 95.00 459200K .......... .......... .......... .......... ..........  6% 9.08M 19m48s
#17 95.00 459250K .......... .......... .......... .......... ..........  6% 5.59M 19m48s
#17 95.01 459300K .......... .......... .......... .......... ..........  6% 6.95M 19m48s
#17 95.02 459350K .......... .......... .......... .......... ..........  6% 7.30M 19m48s
#17 95.03 459400K .......... .......... .......... .......... ..........  6% 6.01M 19m48s
#17 95.03 459450K .......... .......... .......... .......... ..........  6% 5.90M 19m48s
#17 95.04 459500K .......... .......... .......... .......... ..........  6% 7.82M 19m48s
#17 95.05 459550K .......... .......... .......... .......... ..........  6% 5.29M 19m48s
#17 95.06 459600K .......... .......... .......... .......... ..........  6% 3.79M 19m48s
#17 95.07 459650K .......... .......... .......... .......... ..........  6% 7.66M 19m48s
#17 95.08 459700K .......... .......... .......... .......... ..........  6% 3.81M 19m48s
#17 95.09 459750K .......... .......... .......... .......... ..........  6% 5.28M 19m48s
#17 95.10 459800K .......... .......... .......... .......... ..........  6% 6.13M 19m48s
#17 95.11 459850K .......... .......... .......... .......... ..........  6% 5.11M 19m48s
#17 95.12 459900K .......... .......... .......... .......... ..........  6% 4.77M 19m48s
#17 95.13 459950K .......... .......... .......... .......... ..........  6% 21.1M 19m47s
#17 95.13 460000K .......... .......... .......... .......... ..........  6% 5.02M 19m47s
#17 95.14 460050K .......... .......... .......... .......... ..........  6% 7.01M 19m47s
#17 95.15 460100K .......... .......... .......... .......... ..........  6% 2.55M 19m48s
#17 95.16 460150K .......... .......... .......... .......... ..........  6% 6.63M 19m47s
#17 95.17 460200K .......... .......... .......... .......... ..........  6% 4.84M 19m47s
#17 95.18 460250K .......... .......... .......... .......... ..........  6% 6.12M 19m47s
#17 95.19 460300K .......... .......... .......... .......... ..........  6% 6.33M 19m47s
#17 95.20 460350K .......... .......... .......... .......... ..........  6% 6.33M 19m47s
#17 95.21 460400K .......... .......... .......... .......... ..........  6% 4.94M 19m47s
#17 95.22 460450K .......... .......... .......... .......... ..........  6% 9.43M 19m47s
#17 95.22 460500K .......... .......... .......... .......... ..........  6% 4.36M 19m47s
#17 95.23 460550K .......... .......... .......... .......... ..........  6% 5.61M 19m47s
#17 95.24 460600K .......... .......... .......... .......... ..........  6% 6.58M 19m47s
#17 95.25 460650K .......... .......... .......... .......... ..........  6% 5.31M 19m47s
#17 95.26 460700K .......... .......... .......... .......... ..........  6% 5.87M 19m47s
#17 95.27 460750K .......... .......... .......... .......... ..........  6% 4.22M 19m47s
#17 95.28 460800K .......... .......... .......... .......... ..........  6% 7.63M 19m47s
#17 95.28 460850K .......... .......... .......... .......... ..........  6% 4.69M 19m47s
#17 95.30 460900K .......... .......... .......... .......... ..........  6% 4.02M 19m47s
#17 95.31 460950K .......... .......... .......... .......... ..........  6% 5.68M 19m47s
#17 95.31 461000K .......... .......... .......... .......... ..........  6% 5.17M 19m47s
#17 95.33 461050K .......... .......... .......... .......... ..........  6% 9.52M 19m47s
#17 95.33 461100K .......... .......... .......... .......... ..........  6% 4.48M 19m47s
#17 95.34 461150K .......... .......... .......... .......... ..........  6% 4.98M 19m47s
#17 95.35 461200K .......... .......... .......... .......... ..........  6% 6.90M 19m47s
#17 95.36 461250K .......... .......... .......... .......... ..........  6% 4.60M 19m47s
#17 95.37 461300K .......... .......... .......... .......... ..........  6% 4.25M 19m47s
#17 95.38 461350K .......... .......... .......... .......... ..........  6% 9.01M 19m47s
#17 95.38 461400K .......... .......... .......... .......... ..........  6% 7.35M 19m47s
#17 95.39 461450K .......... .......... .......... .......... ..........  6% 4.04M 19m47s
#17 95.40 461500K .......... .......... .......... .......... ..........  6% 13.0M 19m47s
#17 95.41 461550K .......... .......... .......... .......... ..........  6% 5.63M 19m47s
#17 95.42 461600K .......... .......... .......... .......... ..........  6% 8.05M 19m47s
#17 95.42 461650K .......... .......... .......... .......... ..........  6% 4.39M 19m47s
#17 95.44 461700K .......... .......... .......... .......... ..........  6% 5.39M 19m47s
#17 95.44 461750K .......... .......... .......... .......... ..........  6% 5.73M 19m47s
#17 95.45 461800K .......... .......... .......... .......... ..........  6% 4.69M 19m47s
#17 95.46 461850K .......... .......... .......... .......... ..........  6% 5.76M 19m47s
#17 95.47 461900K .......... .......... .......... .......... ..........  6% 5.53M 19m47s
#17 95.48 461950K .......... .......... .......... .......... ..........  6% 5.88M 19m47s
#17 95.49 462000K .......... .......... .......... .......... ..........  6% 4.41M 19m47s
#17 95.50 462050K .......... .......... .......... .......... ..........  6% 5.24M 19m47s
#17 95.51 462100K .......... .......... .......... .......... ..........  6% 2.22M 19m47s
#17 95.53 462150K .......... .......... .......... .......... ..........  6% 4.50M 19m47s
#17 95.54 462200K .......... .......... .......... .......... ..........  6% 2.53M 19m47s
#17 95.56 462250K .......... .......... .......... .......... ..........  6% 7.31M 19m47s
#17 95.57 462300K .......... .......... .......... .......... ..........  6% 6.38M 19m47s
#17 95.57 462350K .......... .......... .......... .......... ..........  6% 6.39M 19m47s
#17 95.58 462400K .......... .......... .......... .......... ..........  6% 5.53M 19m47s
#17 95.59 462450K .......... .......... .......... .......... ..........  6% 6.57M 19m47s
#17 95.60 462500K .......... .......... .......... .......... ..........  6% 5.22M 19m47s
#17 95.61 462550K .......... .......... .......... .......... ..........  6% 4.81M 19m47s
#17 95.62 462600K .......... .......... .......... .......... ..........  6% 4.15M 19m47s
#17 95.63 462650K .......... .......... .......... .......... ..........  6% 8.57M 19m47s
#17 95.63 462700K .......... .......... .......... .......... ..........  6% 6.09M 19m47s
#17 95.64 462750K .......... .......... .......... .......... ..........  6% 6.09M 19m47s
#17 95.65 462800K .......... .......... .......... .......... ..........  6% 1.80M 19m47s
#17 95.68 462850K .......... .......... .......... .......... ..........  6% 4.16M 19m47s
#17 95.69 462900K .......... .......... .......... .......... ..........  6% 7.72M 19m47s
#17 95.70 462950K .......... .......... .......... .......... ..........  6% 1.08M 19m48s
#17 95.74 463000K .......... .......... .......... .......... ..........  6% 4.73M 19m48s
#17 95.75 463050K .......... .......... .......... .......... ..........  6% 7.51M 19m47s
#17 95.76 463100K .......... .......... .......... .......... ..........  6% 8.86M 19m47s
#17 95.76 463150K .......... .......... .......... .......... ..........  6% 5.60M 19m47s
#17 95.77 463200K .......... .......... .......... .......... ..........  6% 6.09M 19m47s
#17 95.78 463250K .......... .......... .......... .......... ..........  6% 7.29M 19m47s
#17 95.79 463300K .......... .......... .......... .......... ..........  6% 5.85M 19m47s
#17 95.79 463350K .......... .......... .......... .......... ..........  6% 4.74M 19m47s
#17 95.81 463400K .......... .......... .......... .......... ..........  6% 6.42M 19m47s
#17 95.81 463450K .......... .......... .......... .......... ..........  6% 5.26M 19m47s
#17 95.82 463500K .......... .......... .......... .......... ..........  6% 3.78M 19m47s
#17 95.83 463550K .......... .......... .......... .......... ..........  6% 5.28M 19m47s
#17 95.84 463600K .......... .......... .......... .......... ..........  6% 10.0M 19m47s
#17 95.85 463650K .......... .......... .......... .......... ..........  6% 7.10M 19m47s
#17 95.86 463700K .......... .......... .......... .......... ..........  6% 4.49M 19m47s
#17 95.87 463750K .......... .......... .......... .......... ..........  6% 8.42M 19m47s
#17 95.87 463800K .......... .......... .......... .......... ..........  6% 3.26M 19m47s
#17 95.89 463850K .......... .......... .......... .......... ..........  6% 10.6M 19m47s
#17 95.89 463900K .......... .......... .......... .......... ..........  6% 3.33M 19m47s
#17 95.91 463950K .......... .......... .......... .......... ..........  6% 13.1M 19m47s
#17 95.91 464000K .......... .......... .......... .......... ..........  6% 5.15M 19m47s
#17 95.92 464050K .......... .......... .......... .......... ..........  6% 4.21M 19m47s
#17 95.93 464100K .......... .......... .......... .......... ..........  6% 5.65M 19m47s
#17 95.94 464150K .......... .......... .......... .......... ..........  6% 6.16M 19m47s
#17 95.95 464200K .......... .......... .......... .......... ..........  6% 9.27M 19m47s
#17 95.95 464250K .......... .......... .......... .......... ..........  6% 7.72M 19m47s
#17 95.96 464300K .......... .......... .......... .......... ..........  6% 5.86M 19m47s
#17 95.97 464350K .......... .......... .......... .......... ..........  6% 11.8M 19m47s
#17 95.97 464400K .......... .......... .......... .......... ..........  6% 5.50M 19m47s
#17 95.98 464450K .......... .......... .......... .......... ..........  6% 7.85M 19m47s
#17 95.99 464500K .......... .......... .......... .......... ..........  6% 3.01M 19m47s
#17 96.00 464550K .......... .......... .......... .......... ..........  6% 4.86M 19m47s
#17 96.01 464600K .......... .......... .......... .......... ..........  6% 5.58M 19m47s
#17 96.02 464650K .......... .......... .......... .......... ..........  6% 5.33M 19m47s
#17 96.03 464700K .......... .......... .......... .......... ..........  6% 8.34M 19m47s
#17 96.04 464750K .......... .......... .......... .......... ..........  6% 8.50M 19m47s
#17 96.04 464800K .......... .......... .......... .......... ..........  6% 8.73M 19m47s
#17 96.05 464850K .......... .......... .......... .......... ..........  6% 5.66M 19m47s
#17 96.06 464900K .......... .......... .......... .......... ..........  6% 6.09M 19m47s
#17 96.07 464950K .......... .......... .......... .......... ..........  6% 6.60M 19m47s
#17 96.07 465000K .......... .......... .......... .......... ..........  6% 7.40M 19m47s
#17 96.08 465050K .......... .......... .......... .......... ..........  6% 4.37M 19m47s
#17 96.09 465100K .......... .......... .......... .......... ..........  6% 6.98M 19m46s
#17 96.10 465150K .......... .......... .......... .......... ..........  6% 5.01M 19m46s
#17 96.11 465200K .......... .......... .......... .......... ..........  6% 1.01M 19m47s
#17 96.16 465250K .......... .......... .......... .......... ..........  6% 2.67M 19m47s
#17 96.17 465300K .......... .......... .......... .......... ..........  6% 2.35M 19m47s
#17 96.20 465350K .......... .......... .......... .......... ..........  6% 2.75M 19m47s
#17 96.21 465400K .......... .......... .......... .......... ..........  6% 43.5M 19m47s
#17 96.21 465450K .......... .......... .......... .......... ..........  6% 5.77M 19m47s
#17 96.22 465500K .......... .......... .......... .......... ..........  6% 1.47M 19m48s
#17 96.26 465550K .......... .......... .......... .......... ..........  6% 93.8M 19m47s
#17 96.26 465600K .......... .......... .......... .......... ..........  6%  101M 19m47s
#17 96.26 465650K .......... .......... .......... .......... ..........  6% 12.6M 19m47s
#17 96.26 465700K .......... .......... .......... .......... ..........  6% 3.48M 19m47s
#17 96.27 465750K .......... .......... .......... .......... ..........  6% 18.9M 19m47s
#17 96.28 465800K .......... .......... .......... .......... ..........  6% 8.27M 19m47s
#17 96.28 465850K .......... .......... .......... .......... ..........  6% 4.91M 19m47s
#17 96.29 465900K .......... .......... .......... .......... ..........  6% 16.7M 19m47s
#17 96.30 465950K .......... .......... .......... .......... ..........  6% 12.8M 19m47s
#17 96.30 466000K .......... .......... .......... .......... ..........  6% 4.26M 19m47s
#17 96.31 466050K .......... .......... .......... .......... ..........  6% 10.8M 19m47s
#17 96.32 466100K .......... .......... .......... .......... ..........  6% 4.75M 19m47s
#17 96.33 466150K .......... .......... .......... .......... ..........  6% 3.41M 19m47s
#17 96.34 466200K .......... .......... .......... .......... ..........  6% 5.78M 19m47s
#17 96.35 466250K .......... .......... .......... .......... ..........  6% 5.96M 19m47s
#17 96.36 466300K .......... .......... .......... .......... ..........  6% 4.73M 19m47s
#17 96.37 466350K .......... .......... .......... .......... ..........  6% 6.53M 19m47s
#17 96.37 466400K .......... .......... .......... .......... ..........  6% 7.79M 19m47s
#17 96.38 466450K .......... .......... .......... .......... ..........  6% 6.63M 19m47s
#17 96.39 466500K .......... .......... .......... .......... ..........  6% 4.20M 19m47s
#17 96.40 466550K .......... .......... .......... .......... ..........  6% 6.88M 19m47s
#17 96.41 466600K .......... .......... .......... .......... ..........  6% 6.36M 19m47s
#17 96.42 466650K .......... .......... .......... .......... ..........  6% 6.20M 19m47s
#17 96.42 466700K .......... .......... .......... .......... ..........  6% 5.91M 19m47s
#17 96.43 466750K .......... .......... .......... .......... ..........  6% 12.9M 19m47s
#17 96.44 466800K .......... .......... .......... .......... ..........  6% 5.03M 19m47s
#17 96.44 466850K .......... .......... .......... .......... ..........  6% 10.8M 19m46s
#17 96.45 466900K .......... .......... .......... .......... ..........  6% 6.63M 19m46s
#17 96.46 466950K .......... .......... .......... .......... ..........  6% 4.79M 19m46s
#17 96.47 467000K .......... .......... .......... .......... ..........  6% 7.38M 19m46s
#17 96.47 467050K .......... .......... .......... .......... ..........  6% 6.48M 19m46s
#17 96.48 467100K .......... .......... .......... .......... ..........  6% 3.23M 19m46s
#17 96.50 467150K .......... .......... .......... .......... ..........  6% 5.57M 19m46s
#17 96.50 467200K .......... .......... .......... .......... ..........  6% 5.86M 19m46s
#17 96.51 467250K .......... .......... .......... .......... ..........  6% 8.75M 19m46s
#17 96.52 467300K .......... .......... .......... .......... ..........  6% 6.77M 19m46s
#17 96.52 467350K .......... .......... .......... .......... ..........  6% 5.34M 19m46s
#17 96.54 467400K .......... .......... .......... .......... ..........  6% 6.30M 19m46s
#17 96.54 467450K .......... .......... .......... .......... ..........  6% 19.7M 19m46s
#17 96.55 467500K .......... .......... .......... .......... ..........  6% 7.56M 19m46s
#17 96.55 467550K .......... .......... .......... .......... ..........  6% 5.00M 19m46s
#17 96.56 467600K .......... .......... .......... .......... ..........  6% 2.87M 19m46s
#17 96.58 467650K .......... .......... .......... .......... ..........  6% 6.19M 19m46s
#17 96.59 467700K .......... .......... .......... .......... ..........  6% 5.19M 19m46s
#17 96.59 467750K .......... .......... .......... .......... ..........  6% 9.59M 19m46s
#17 96.60 467800K .......... .......... .......... .......... ..........  6% 8.91M 19m46s
#17 96.61 467850K .......... .......... .......... .......... ..........  6% 8.80M 19m46s
#17 96.61 467900K .......... .......... .......... .......... ..........  6% 3.90M 19m46s
#17 96.62 467950K .......... .......... .......... .......... ..........  6% 9.03M 19m46s
#17 96.63 468000K .......... .......... .......... .......... ..........  6% 7.50M 19m46s
#17 96.64 468050K .......... .......... .......... .......... ..........  6% 5.43M 19m46s
#17 96.64 468100K .......... .......... .......... .......... ..........  6% 2.38M 19m46s
#17 96.67 468150K .......... .......... .......... .......... ..........  6% 3.67M 19m46s
#17 96.68 468200K .......... .......... .......... .......... ..........  6% 3.37M 19m46s
#17 96.69 468250K .......... .......... .......... .......... ..........  6% 31.0M 19m46s
#17 96.70 468300K .......... .......... .......... .......... ..........  6% 4.82M 19m46s
#17 96.71 468350K .......... .......... .......... .......... ..........  6% 8.19M 19m46s
#17 96.71 468400K .......... .......... .......... .......... ..........  6% 9.89M 19m46s
#17 96.72 468450K .......... .......... .......... .......... ..........  6% 5.77M 19m46s
#17 96.72 468500K .......... .......... .......... .......... ..........  6% 4.01M 19m46s
#17 96.74 468550K .......... .......... .......... .......... ..........  6% 4.16M 19m46s
#17 96.75 468600K .......... .......... .......... .......... ..........  6% 8.25M 19m46s
#17 96.75 468650K .......... .......... .......... .......... ..........  6% 4.10M 19m46s
#17 96.77 468700K .......... .......... .......... .......... ..........  6% 2.93M 19m46s
#17 96.78 468750K .......... .......... .......... .......... ..........  6% 7.23M 19m46s
#17 96.79 468800K .......... .......... .......... .......... ..........  6% 5.36M 19m46s
#17 96.80 468850K .......... .......... .......... .......... ..........  6% 7.98M 19m46s
#17 96.80 468900K .......... .......... .......... .......... ..........  6% 6.84M 19m46s
#17 96.81 468950K .......... .......... .......... .......... ..........  6% 7.40M 19m46s
#17 96.82 469000K .......... .......... .......... .......... ..........  6% 6.74M 19m46s
#17 96.83 469050K .......... .......... .......... .......... ..........  6% 6.64M 19m46s
#17 96.83 469100K .......... .......... .......... .......... ..........  6% 4.90M 19m46s
#17 96.84 469150K .......... .......... .......... .......... ..........  6% 8.00M 19m46s
#17 96.85 469200K .......... .......... .......... .......... ..........  6% 6.43M 19m46s
#17 96.86 469250K .......... .......... .......... .......... ..........  6% 4.89M 19m46s
#17 96.87 469300K .......... .......... .......... .......... ..........  6% 5.27M 19m46s
#17 96.88 469350K .......... .......... .......... .......... ..........  6% 6.91M 19m45s
#17 96.88 469400K .......... .......... .......... .......... ..........  6% 3.55M 19m46s
#17 96.90 469450K .......... .......... .......... .......... ..........  6% 4.93M 19m46s
#17 96.91 469500K .......... .......... .......... .......... ..........  6% 5.87M 19m46s
#17 96.91 469550K .......... .......... .......... .......... ..........  6% 5.55M 19m45s
#17 96.92 469600K .......... .......... .......... .......... ..........  6% 5.97M 19m45s
#17 96.93 469650K .......... .......... .......... .......... ..........  6% 8.97M 19m45s
#17 96.94 469700K .......... .......... .......... .......... ..........  6% 2.99M 19m45s
#17 96.96 469750K .......... .......... .......... .......... ..........  6%  103M 19m45s
#17 96.96 469800K .......... .......... .......... .......... ..........  6% 2.90M 19m45s
#17 96.97 469850K .......... .......... .......... .......... ..........  6% 7.55M 19m45s
#17 96.98 469900K .......... .......... .......... .......... ..........  6% 5.37M 19m45s
#17 96.99 469950K .......... .......... .......... .......... ..........  6% 9.89M 19m45s
#17 96.99 470000K .......... .......... .......... .......... ..........  6% 6.16M 19m45s
#17 97.00 470050K .......... .......... .......... .......... ..........  6% 8.13M 19m45s
#17 97.01 470100K .......... .......... .......... .......... ..........  6% 5.53M 19m45s
#17 97.01 470150K .......... .......... .......... .......... ..........  6% 5.02M 19m45s
#17 97.02 470200K .......... .......... .......... .......... ..........  6% 5.40M 19m45s
#17 97.03 470250K .......... .......... .......... .......... ..........  6% 6.70M 19m45s
#17 97.04 470300K .......... .......... .......... .......... ..........  6% 3.34M 19m45s
#17 97.06 470350K .......... .......... .......... .......... ..........  6% 3.95M 19m45s
#17 97.07 470400K .......... .......... .......... .......... ..........  6% 5.13M 19m45s
#17 97.08 470450K .......... .......... .......... .......... ..........  6% 5.62M 19m45s
#17 97.09 470500K .......... .......... .......... .......... ..........  6% 7.04M 19m45s
#17 97.09 470550K .......... .......... .......... .......... ..........  6% 5.00M 19m45s
#17 97.10 470600K .......... .......... .......... .......... ..........  6% 9.16M 19m45s
#17 97.11 470650K .......... .......... .......... .......... ..........  6% 11.9M 19m45s
#17 97.11 470700K .......... .......... .......... .......... ..........  6% 5.30M 19m45s
#17 97.12 470750K .......... .......... .......... .......... ..........  6% 6.67M 19m45s
#17 97.13 470800K .......... .......... .......... .......... ..........  6% 4.88M 19m45s
#17 97.14 470850K .......... .......... .......... .......... ..........  6% 14.5M 19m45s
#17 97.14 470900K .......... .......... .......... .......... ..........  6% 4.62M 19m45s
#17 97.15 470950K .......... .......... .......... .......... ..........  6% 6.36M 19m45s
#17 97.16 471000K .......... .......... .......... .......... ..........  6% 6.23M 19m45s
#17 97.17 471050K .......... .......... .......... .......... ..........  6% 4.63M 19m45s
#17 97.18 471100K .......... .......... .......... .......... ..........  6% 11.2M 19m45s
#17 97.18 471150K .......... .......... .......... .......... ..........  6% 5.04M 19m45s
#17 97.19 471200K .......... .......... .......... .......... ..........  6% 8.93M 19m45s
#17 97.20 471250K .......... .......... .......... .......... ..........  6% 7.23M 19m45s
#17 97.20 471300K .......... .......... .......... .......... ..........  6% 4.48M 19m45s
#17 97.22 471350K .......... .......... .......... .......... ..........  6% 6.38M 19m45s
#17 97.22 471400K .......... .......... .......... .......... ..........  6% 5.81M 19m45s
#17 97.23 471450K .......... .......... .......... .......... ..........  6% 5.90M 19m45s
#17 97.24 471500K .......... .......... .......... .......... ..........  6% 3.36M 19m45s
#17 97.25 471550K .......... .......... .......... .......... ..........  6% 7.46M 19m45s
#17 97.26 471600K .......... .......... .......... .......... ..........  6% 8.10M 19m45s
#17 97.27 471650K .......... .......... .......... .......... ..........  6% 5.99M 19m45s
#17 97.28 471700K .......... .......... .......... .......... ..........  6% 9.70M 19m44s
#17 97.28 471750K .......... .......... .......... .......... ..........  6% 6.70M 19m44s
#17 97.29 471800K .......... .......... .......... .......... ..........  6% 6.46M 19m44s
#17 97.29 471850K .......... .......... .......... .......... ..........  6% 4.06M 19m44s
#17 97.31 471900K .......... .......... .......... .......... ..........  6% 4.18M 19m44s
#17 97.32 471950K .......... .......... .......... .......... ..........  6% 4.54M 19m44s
#17 97.33 472000K .......... .......... .......... .......... ..........  6% 7.43M 19m44s
#17 97.34 472050K .......... .......... .......... .......... ..........  6% 3.81M 19m44s
#17 97.35 472100K .......... .......... .......... .......... ..........  6% 20.8M 19m44s
#17 97.35 472150K .......... .......... .......... .......... ..........  6% 6.06M 19m44s
#17 97.36 472200K .......... .......... .......... .......... ..........  6% 6.11M 19m44s
#17 97.37 472250K .......... .......... .......... .......... ..........  6% 7.44M 19m44s
#17 97.37 472300K .......... .......... .......... .......... ..........  6% 9.09M 19m44s
#17 97.38 472350K .......... .......... .......... .......... ..........  6% 5.73M 19m44s
#17 97.39 472400K .......... .......... .......... .......... ..........  6% 5.05M 19m44s
#17 97.40 472450K .......... .......... .......... .......... ..........  6% 5.52M 19m44s
#17 97.41 472500K .......... .......... .......... .......... ..........  6% 10.1M 19m44s
#17 97.41 472550K .......... .......... .......... .......... ..........  6% 4.66M 19m44s
#17 97.42 472600K .......... .......... .......... .......... ..........  6% 4.08M 19m44s
#17 97.43 472650K .......... .......... .......... .......... ..........  6% 6.19M 19m44s
#17 97.44 472700K .......... .......... .......... .......... ..........  6% 5.33M 19m44s
#17 97.45 472750K .......... .......... .......... .......... ..........  6% 8.43M 19m44s
#17 97.46 472800K .......... .......... .......... .......... ..........  6% 6.39M 19m44s
#17 97.46 472850K .......... .......... .......... .......... ..........  6% 13.7M 19m44s
#17 97.47 472900K .......... .......... .......... .......... ..........  6% 4.66M 19m44s
#17 97.48 472950K .......... .......... .......... .......... ..........  6% 10.7M 19m44s
#17 97.48 473000K .......... .......... .......... .......... ..........  6% 7.18M 19m44s
#17 97.49 473050K .......... .......... .......... .......... ..........  6% 5.06M 19m44s
#17 97.50 473100K .......... .......... .......... .......... ..........  6% 5.40M 19m44s
#17 97.51 473150K .......... .......... .......... .......... ..........  6% 2.53M 19m44s
#17 97.53 473200K .......... .......... .......... .......... ..........  6% 3.90M 19m44s
#17 97.54 473250K .......... .......... .......... .......... ..........  6% 6.07M 19m44s
#17 97.55 473300K .......... .......... .......... .......... ..........  6% 10.9M 19m44s
#17 97.55 473350K .......... .......... .......... .......... ..........  6% 4.90M 19m44s
#17 97.56 473400K .......... .......... .......... .......... ..........  6% 10.5M 19m44s
#17 97.57 473450K .......... .......... .......... .......... ..........  6% 5.89M 19m44s
#17 97.58 473500K .......... .......... .......... .......... ..........  6% 7.64M 19m44s
#17 97.58 473550K .......... .......... .......... .......... ..........  6% 4.59M 19m44s
#17 97.59 473600K .......... .......... .......... .......... ..........  6% 4.25M 19m44s
#17 97.60 473650K .......... .......... .......... .......... ..........  6% 15.4M 19m44s
#17 97.61 473700K .......... .......... .......... .......... ..........  6% 4.39M 19m44s
#17 97.62 473750K .......... .......... .......... .......... ..........  6% 5.22M 19m44s
#17 97.63 473800K .......... .......... .......... .......... ..........  6% 6.36M 19m44s
#17 97.64 473850K .......... .......... .......... .......... ..........  6% 5.91M 19m44s
#17 97.65 473900K .......... .......... .......... .......... ..........  6% 3.67M 19m44s
#17 97.66 473950K .......... .......... .......... .......... ..........  6% 5.90M 19m44s
#17 97.67 474000K .......... .......... .......... .......... ..........  6% 14.1M 19m43s
#17 97.67 474050K .......... .......... .......... .......... ..........  6% 29.9M 19m43s
#17 97.67 474100K .......... .......... .......... .......... ..........  6% 5.13M 19m43s
#17 97.68 474150K .......... .......... .......... .......... ..........  6% 5.19M 19m43s
#17 97.69 474200K .......... .......... .......... .......... ..........  6% 3.48M 19m43s
#17 97.70 474250K .......... .......... .......... .......... ..........  7% 7.32M 19m43s
#17 97.71 474300K .......... .......... .......... .......... ..........  7% 4.28M 19m43s
#17 97.72 474350K .......... .......... .......... .......... ..........  7% 6.26M 19m43s
#17 97.73 474400K .......... .......... .......... .......... ..........  7% 8.11M 19m43s
#17 97.74 474450K .......... .......... .......... .......... ..........  7% 4.68M 19m43s
#17 97.75 474500K .......... .......... .......... .......... ..........  7% 4.10M 19m43s
#17 97.76 474550K .......... .......... .......... .......... ..........  7% 42.4M 19m43s
#17 97.76 474600K .......... .......... .......... .......... ..........  7% 3.92M 19m43s
#17 97.77 474650K .......... .......... .......... .......... ..........  7% 3.52M 19m43s
#17 97.78 474700K .......... .......... .......... .......... ..........  7% 10.2M 19m43s
#17 97.79 474750K .......... .......... .......... .......... ..........  7% 58.8M 19m43s
#17 97.80 474800K .......... .......... .......... .......... ..........  7% 5.13M 19m43s
#17 97.80 474850K .......... .......... .......... .......... ..........  7% 5.75M 19m43s
#17 97.82 474900K .......... .......... .......... .......... ..........  7% 4.44M 19m43s
#17 97.82 474950K .......... .......... .......... .......... ..........  7% 47.4M 19m43s
#17 97.82 475000K .......... .......... .......... .......... ..........  7% 3.27M 19m43s
#17 97.83 475050K .......... .......... .......... .......... ..........  7% 9.76M 19m43s
#17 97.84 475100K .......... .......... .......... .......... ..........  7% 3.87M 19m43s
#17 97.85 475150K .......... .......... .......... .......... ..........  7% 4.63M 19m43s
#17 97.86 475200K .......... .......... .......... .......... ..........  7% 2.92M 19m43s
#17 97.88 475250K .......... .......... .......... .......... ..........  7% 5.18M 19m43s
#17 97.89 475300K .......... .......... .......... .......... ..........  7% 47.8M 19m43s
#17 97.89 475350K .......... .......... .......... .......... ..........  7% 4.69M 19m43s
#17 97.90 475400K .......... .......... .......... .......... ..........  7% 8.73M 19m43s
#17 97.91 475450K .......... .......... .......... .......... ..........  7% 5.19M 19m43s
#17 97.92 475500K .......... .......... .......... .......... ..........  7% 4.85M 19m43s
#17 97.93 475550K .......... .......... .......... .......... ..........  7% 9.69M 19m43s
#17 97.93 475600K .......... .......... .......... .......... ..........  7% 9.37M 19m43s
#17 97.94 475650K .......... .......... .......... .......... ..........  7% 3.45M 19m43s
#17 97.96 475700K .......... .......... .......... .......... ..........  7% 77.5M 19m43s
#17 97.96 475750K .......... .......... .......... .......... ..........  7% 2.88M 19m43s
#17 97.97 475800K .......... .......... .......... .......... ..........  7% 87.0M 19m43s
#17 97.97 475850K .......... .......... .......... .......... ..........  7% 6.16M 19m43s
#17 97.98 475900K .......... .......... .......... .......... ..........  7% 5.29M 19m43s
#17 97.99 475950K .......... .......... .......... .......... ..........  7% 3.63M 19m43s
#17 98.00 476000K .......... .......... .......... .......... ..........  7% 6.82M 19m43s
#17 98.01 476050K .......... .......... .......... .......... ..........  7% 12.5M 19m42s
#17 98.01 476100K .......... .......... .......... .......... ..........  7% 6.04M 19m42s
#17 98.02 476150K .......... .......... .......... .......... ..........  7% 6.31M 19m42s
#17 98.03 476200K .......... .......... .......... .......... ..........  7% 6.86M 19m42s
#17 98.03 476250K .......... .......... .......... .......... ..........  7% 7.07M 19m42s
#17 98.04 476300K .......... .......... .......... .......... ..........  7% 7.85M 19m42s
#17 98.05 476350K .......... .......... .......... .......... ..........  7% 6.58M 19m42s
#17 98.05 476400K .......... .......... .......... .......... ..........  7% 3.91M 19m42s
#17 98.07 476450K .......... .......... .......... .......... ..........  7% 10.7M 19m42s
#17 98.07 476500K .......... .......... .......... .......... ..........  7% 3.42M 19m42s
#17 98.08 476550K .......... .......... .......... .......... ..........  7% 5.33M 19m42s
#17 98.09 476600K .......... .......... .......... .......... ..........  7% 5.18M 19m42s
#17 98.10 476650K .......... .......... .......... .......... ..........  7% 4.34M 19m42s
#17 98.12 476700K .......... .......... .......... .......... ..........  7% 12.4M 19m42s
#17 98.12 476750K .......... .......... .......... .......... ..........  7% 6.68M 19m42s
#17 98.13 476800K .......... .......... .......... .......... ..........  7% 4.33M 19m42s
#17 98.14 476850K .......... .......... .......... .......... ..........  7% 8.17M 19m42s
#17 98.14 476900K .......... .......... .......... .......... ..........  7% 4.65M 19m42s
#17 98.15 476950K .......... .......... .......... .......... ..........  7% 10.1M 19m42s
#17 98.16 477000K .......... .......... .......... .......... ..........  7% 4.60M 19m42s
#17 98.17 477050K .......... .......... .......... .......... ..........  7% 18.2M 19m42s
#17 98.17 477100K .......... .......... .......... .......... ..........  7% 6.18M 19m42s
#17 98.18 477150K .......... .......... .......... .......... ..........  7% 3.17M 19m42s
#17 98.20 477200K .......... .......... .......... .......... ..........  7% 4.38M 19m42s
#17 98.21 477250K .......... .......... .......... .......... ..........  7% 7.18M 19m42s
#17 98.21 477300K .......... .......... .......... .......... ..........  7% 17.0M 19m42s
#17 98.22 477350K .......... .......... .......... .......... ..........  7% 5.15M 19m42s
#17 98.23 477400K .......... .......... .......... .......... ..........  7% 5.19M 19m42s
#17 98.23 477450K .......... .......... .......... .......... ..........  7% 9.54M 19m42s
#17 98.24 477500K .......... .......... .......... .......... ..........  7% 5.37M 19m42s
#17 98.25 477550K .......... .......... .......... .......... ..........  7% 4.46M 19m42s
#17 98.26 477600K .......... .......... .......... .......... ..........  7% 6.09M 19m42s
#17 98.27 477650K .......... .......... .......... .......... ..........  7% 7.04M 19m42s
#17 98.27 477700K .......... .......... .......... .......... ..........  7% 3.63M 19m42s
#17 98.29 477750K .......... .......... .......... .......... ..........  7% 6.62M 19m42s
#17 98.30 477800K .......... .......... .......... .......... ..........  7% 4.71M 19m42s
#17 98.31 477850K .......... .......... .......... .......... ..........  7% 5.70M 19m42s
#17 98.32 477900K .......... .......... .......... .......... ..........  7% 4.72M 19m42s
#17 98.33 477950K .......... .......... .......... .......... ..........  7% 4.94M 19m42s
#17 98.33 478000K .......... .......... .......... .......... ..........  7% 7.64M 19m42s
#17 98.34 478050K .......... .......... .......... .......... ..........  7% 4.04M 19m42s
#17 98.35 478100K .......... .......... .......... .......... ..........  7% 8.80M 19m42s
#17 98.36 478150K .......... .......... .......... .......... ..........  7% 4.02M 19m42s
#17 98.37 478200K .......... .......... .......... .......... ..........  7% 4.81M 19m42s
#17 98.38 478250K .......... .......... .......... .......... ..........  7% 7.26M 19m42s
#17 98.40 478300K .......... .......... .......... .......... ..........  7% 4.53M 19m42s
#17 98.40 478350K .......... .......... .......... .......... ..........  7% 3.90M 19m42s
#17 98.41 478400K .......... .......... .......... .......... ..........  7% 6.45M 19m42s
#17 98.42 478450K .......... .......... .......... .......... ..........  7% 17.5M 19m42s
#17 98.42 478500K .......... .......... .......... .......... ..........  7% 4.10M 19m42s
#17 98.43 478550K .......... .......... .......... .......... ..........  7% 12.5M 19m41s
#17 98.44 478600K .......... .......... .......... .......... ..........  7% 8.57M 19m41s
#17 98.44 478650K .......... .......... .......... .......... ..........  7% 2.69M 19m42s
#17 98.47 478700K .......... .......... .......... .......... ..........  7% 2.24M 19m42s
#17 98.48 478750K .......... .......... .......... .......... ..........  7% 89.6M 19m42s
#17 98.48 478800K .......... .......... .......... .......... ..........  7% 67.0M 19m41s
#17 98.48 478850K .......... .......... .......... .......... ..........  7% 83.4M 19m41s
#17 98.48 478900K .......... .......... .......... .......... ..........  7% 4.22M 19m41s
#17 98.50 478950K .......... .......... .......... .......... ..........  7% 15.5M 19m41s
#17 98.50 479000K .......... .......... .......... .......... ..........  7% 9.23M 19m41s
#17 98.50 479050K .......... .......... .......... .......... ..........  7% 6.37M 19m41s
#17 98.51 479100K .......... .......... .......... .......... ..........  7% 7.87M 19m41s
#17 98.52 479150K .......... .......... .......... .......... ..........  7% 5.36M 19m41s
#17 98.53 479200K .......... .......... .......... .......... ..........  7% 6.10M 19m41s
#17 98.54 479250K .......... .......... .......... .......... ..........  7% 5.35M 19m41s
#17 98.55 479300K .......... .......... .......... .......... ..........  7% 5.84M 19m41s
#17 98.55 479350K .......... .......... .......... .......... ..........  7% 4.97M 19m41s
#17 98.56 479400K .......... .......... .......... .......... ..........  7% 7.79M 19m41s
#17 98.57 479450K .......... .......... .......... .......... ..........  7% 5.99M 19m41s
#17 98.58 479500K .......... .......... .......... .......... ..........  7% 5.26M 19m41s
#17 98.59 479550K .......... .......... .......... .......... ..........  7% 6.23M 19m41s
#17 98.59 479600K .......... .......... .......... .......... ..........  7% 6.25M 19m41s
#17 98.60 479650K .......... .......... .......... .......... ..........  7% 6.89M 19m41s
#17 98.61 479700K .......... .......... .......... .......... ..........  7% 12.2M 19m41s
#17 98.61 479750K .......... .......... .......... .......... ..........  7% 4.22M 19m41s
#17 98.63 479800K .......... .......... .......... .......... ..........  7% 5.85M 19m41s
#17 98.63 479850K .......... .......... .......... .......... ..........  7% 4.87M 19m41s
#17 98.65 479900K .......... .......... .......... .......... ..........  7% 3.87M 19m41s
#17 98.66 479950K .......... .......... .......... .......... ..........  7% 6.65M 19m41s
#17 98.66 480000K .......... .......... .......... .......... ..........  7% 7.88M 19m41s
#17 98.67 480050K .......... .......... .......... .......... ..........  7% 5.73M 19m41s
#17 98.68 480100K .......... .......... .......... .......... ..........  7% 9.88M 19m41s
#17 98.68 480150K .......... .......... .......... .......... ..........  7% 6.36M 19m41s
#17 98.69 480200K .......... .......... .......... .......... ..........  7% 5.56M 19m41s
#17 98.70 480250K .......... .......... .......... .......... ..........  7% 5.38M 19m41s
#17 98.71 480300K .......... .......... .......... .......... ..........  7% 3.96M 19m41s
#17 98.72 480350K .......... .......... .......... .......... ..........  7% 8.66M 19m40s
#17 98.73 480400K .......... .......... .......... .......... ..........  7% 5.56M 19m40s
#17 98.74 480450K .......... .......... .......... .......... ..........  7% 2.84M 19m41s
#17 98.75 480500K .......... .......... .......... .......... ..........  7% 9.70M 19m40s
#17 98.76 480550K .......... .......... .......... .......... ..........  7% 3.36M 19m41s
#17 98.78 480600K .......... .......... .......... .......... ..........  7% 7.86M 19m41s
#17 98.78 480650K .......... .......... .......... .......... ..........  7% 14.0M 19m40s
#17 98.79 480700K .......... .......... .......... .......... ..........  7% 4.33M 19m40s
#17 98.79 480750K .......... .......... .......... .......... ..........  7% 3.09M 19m41s
#17 98.81 480800K .......... .......... .......... .......... ..........  7% 37.8M 19m40s
#17 98.81 480850K .......... .......... .......... .......... ..........  7% 8.71M 19m40s
#17 98.82 480900K .......... .......... .......... .......... ..........  7% 2.87M 19m40s
#17 98.83 480950K .......... .......... .......... .......... ..........  7% 4.27M 19m40s
#17 98.84 481000K .......... .......... .......... .......... ..........  7% 3.17M 19m41s
#17 98.86 481050K .......... .......... .......... .......... ..........  7% 3.58M 19m41s
#17 98.88 481100K .......... .......... .......... .......... ..........  7% 2.17M 19m41s
#17 98.90 481150K .......... .......... .......... .......... ..........  7% 4.58M 19m41s
#17 98.91 481200K .......... .......... .......... .......... ..........  7% 7.62M 19m41s
#17 98.92 481250K .......... .......... .......... .......... ..........  7% 4.67M 19m41s
#17 98.92 481300K .......... .......... .......... .......... ..........  7% 43.2M 19m41s
#17 98.92 481350K .......... .......... .......... .......... ..........  7% 6.26M 19m41s
#17 98.93 481400K .......... .......... .......... .......... ..........  7% 11.5M 19m40s
#17 98.94 481450K .......... .......... .......... .......... ..........  7% 8.16M 19m40s
#17 98.94 481500K .......... .......... .......... .......... ..........  7% 5.99M 19m40s
#17 98.95 481550K .......... .......... .......... .......... ..........  7% 7.57M 19m40s
#17 98.96 481600K .......... .......... .......... .......... ..........  7% 70.3M 19m40s
#17 98.96 481650K .......... .......... .......... .......... ..........  7% 8.87M 19m40s
#17 98.96 481700K .......... .......... .......... .......... ..........  7% 32.6M 19m40s
#17 98.96 481750K .......... .......... .......... .......... ..........  7% 32.8M 19m40s
#17 98.97 481800K .......... .......... .......... .......... ..........  7% 8.99M 19m40s
#17 98.97 481850K .......... .......... .......... .......... ..........  7% 8.87M 19m40s
#17 98.99 481900K .......... .......... .......... .......... ..........  7% 2.25M 19m40s
#17 99.00 481950K .......... .......... .......... .......... ..........  7% 17.5M 19m40s
#17 99.00 482000K .......... .......... .......... .......... ..........  7% 3.51M 19m40s
#17 99.02 482050K .......... .......... .......... .......... ..........  7% 4.04M 19m40s
#17 99.03 482100K .......... .......... .......... .......... ..........  7% 10.2M 19m40s
#17 99.03 482150K .......... .......... .......... .......... ..........  7% 3.43M 19m40s
#17 99.05 482200K .......... .......... .......... .......... ..........  7% 8.77M 19m40s
#17 99.05 482250K .......... .......... .......... .......... ..........  7% 11.1M 19m40s
#17 99.06 482300K .......... .......... .......... .......... ..........  7% 8.75M 19m40s
#17 99.06 482350K .......... .......... .......... .......... ..........  7% 8.57M 19m40s
#17 99.07 482400K .......... .......... .......... .......... ..........  7% 4.36M 19m40s
#17 99.08 482450K .......... .......... .......... .......... ..........  7% 62.1M 19m40s
#17 99.08 482500K .......... .......... .......... .......... ..........  7% 8.37M 19m40s
#17 99.09 482550K .......... .......... .......... .......... ..........  7% 3.50M 19m40s
#17 99.10 482600K .......... .......... .......... .......... ..........  7% 4.73M 19m40s
#17 99.11 482650K .......... .......... .......... .......... ..........  7% 5.35M 19m40s
#17 99.12 482700K .......... .......... .......... .......... ..........  7% 4.41M 19m40s
#17 99.13 482750K .......... .......... .......... .......... ..........  7% 8.50M 19m40s
#17 99.14 482800K .......... .......... .......... .......... ..........  7% 3.83M 19m40s
#17 99.15 482850K .......... .......... .......... .......... ..........  7% 5.32M 19m40s
#17 99.16 482900K .......... .......... .......... .......... ..........  7% 6.13M 19m40s
#17 99.17 482950K .......... .......... .......... .......... ..........  7% 16.2M 19m39s
#17 99.17 483000K .......... .......... .......... .......... ..........  7% 14.4M 19m39s
#17 99.17 483050K .......... .......... .......... .......... ..........  7% 4.88M 19m39s
#17 99.18 483100K .......... .......... .......... .......... ..........  7% 3.64M 19m39s
#17 99.20 483150K .......... .......... .......... .......... ..........  7% 3.00M 19m39s
#17 99.22 483200K .......... .......... .......... .......... ..........  7% 19.2M 19m39s
#17 99.22 483250K .......... .......... .......... .......... ..........  7% 9.98M 19m39s
#17 99.22 483300K .......... .......... .......... .......... ..........  7% 4.95M 19m39s
#17 99.23 483350K .......... .......... .......... .......... ..........  7% 47.0M 19m39s
#17 99.23 483400K .......... .......... .......... .......... ..........  7% 7.87M 19m39s
#17 99.24 483450K .......... .......... .......... .......... ..........  7% 10.1M 19m39s
#17 99.25 483500K .......... .......... .......... .......... ..........  7% 4.24M 19m39s
#17 99.25 483550K .......... .......... .......... .......... ..........  7% 6.59M 19m39s
#17 99.26 483600K .......... .......... .......... .......... ..........  7% 5.53M 19m39s
#17 99.27 483650K .......... .......... .......... .......... ..........  7% 3.04M 19m39s
#17 99.29 483700K .......... .......... .......... .......... ..........  7% 9.39M 19m39s
#17 99.29 483750K .......... .......... .......... .......... ..........  7% 3.58M 19m39s
#17 99.30 483800K .......... .......... .......... .......... ..........  7% 48.1M 19m39s
#17 99.31 483850K .......... .......... .......... .......... ..........  7% 3.59M 19m39s
#17 99.32 483900K .......... .......... .......... .......... ..........  7% 8.91M 19m39s
#17 99.32 483950K .......... .......... .......... .......... ..........  7% 11.3M 19m39s
#17 99.33 484000K .......... .......... .......... .......... ..........  7% 5.09M 19m39s
#17 99.34 484050K .......... .......... .......... .......... ..........  7% 9.38M 19m39s
#17 99.34 484100K .......... .......... .......... .......... ..........  7% 6.85M 19m39s
#17 99.35 484150K .......... .......... .......... .......... ..........  7% 14.2M 19m39s
#17 99.36 484200K .......... .......... .......... .......... ..........  7% 4.88M 19m39s
#17 99.36 484250K .......... .......... .......... .......... ..........  7% 4.63M 19m39s
#17 99.38 484300K .......... .......... .......... .......... ..........  7% 6.47M 19m39s
#17 99.38 484350K .......... .......... .......... .......... ..........  7% 3.68M 19m39s
#17 99.40 484400K .......... .......... .......... .......... ..........  7% 4.98M 19m39s
#17 99.41 484450K .......... .......... .......... .......... ..........  7% 9.40M 19m39s
#17 99.41 484500K .......... .......... .......... .......... ..........  7% 7.16M 19m39s
#17 99.42 484550K .......... .......... .......... .......... ..........  7% 6.98M 19m39s
#17 99.42 484600K .......... .......... .......... .......... ..........  7% 4.33M 19m39s
#17 99.44 484650K .......... .......... .......... .......... ..........  7% 8.41M 19m38s
#17 99.44 484700K .......... .......... .......... .......... ..........  7% 7.49M 19m38s
#17 99.45 484750K .......... .......... .......... .......... ..........  7% 6.88M 19m38s
#17 99.46 484800K .......... .......... .......... .......... ..........  7% 11.2M 19m38s
#17 99.46 484850K .......... .......... .......... .......... ..........  7% 4.18M 19m38s
#17 99.47 484900K .......... .......... .......... .......... ..........  7% 6.61M 19m38s
#17 99.48 484950K .......... .......... .......... .......... ..........  7% 6.23M 19m38s
#17 99.49 485000K .......... .......... .......... .......... ..........  7% 3.62M 19m38s
#17 99.50 485050K .......... .......... .......... .......... ..........  7% 4.55M 19m38s
#17 99.51 485100K .......... .......... .......... .......... ..........  7% 4.37M 19m38s
#17 99.52 485150K .......... .......... .......... .......... ..........  7% 10.4M 19m38s
#17 99.53 485200K .......... .......... .......... .......... ..........  7% 7.23M 19m38s
#17 99.53 485250K .......... .......... .......... .......... ..........  7% 5.49M 19m38s
#17 99.54 485300K .......... .......... .......... .......... ..........  7% 8.13M 19m38s
#17 99.55 485350K .......... .......... .......... .......... ..........  7% 7.46M 19m38s
#17 99.55 485400K .......... .......... .......... .......... ..........  7% 5.12M 19m38s
#17 99.56 485450K .......... .......... .......... .......... ..........  7% 6.42M 19m38s
#17 99.58 485500K .......... .......... .......... .......... ..........  7% 4.16M 19m38s
#17 99.58 485550K .......... .......... .......... .......... ..........  7% 4.05M 19m38s
#17 99.60 485600K .......... .......... .......... .......... ..........  7% 5.15M 19m38s
#17 99.61 485650K .......... .......... .......... .......... ..........  7% 6.10M 19m38s
#17 99.61 485700K .......... .......... .......... .......... ..........  7% 4.65M 19m38s
#17 99.62 485750K .......... .......... .......... .......... ..........  7% 3.89M 19m38s
#17 99.64 485800K .......... .......... .......... .......... ..........  7% 14.4M 19m38s
#17 99.64 485850K .......... .......... .......... .......... ..........  7% 5.76M 19m38s
#17 99.65 485900K .......... .......... .......... .......... ..........  7% 4.76M 19m38s
#17 99.66 485950K .......... .......... .......... .......... ..........  7% 1.85M 19m38s
#17 99.68 486000K .......... .......... .......... .......... ..........  7% 3.39M 19m38s
#17 99.70 486050K .......... .......... .......... .......... ..........  7% 41.2M 19m38s
#17 99.70 486100K .......... .......... .......... .......... ..........  7% 55.9M 19m38s
#17 99.70 486150K .......... .......... .......... .......... ..........  7% 2.94M 19m38s
#17 99.72 486200K .......... .......... .......... .......... ..........  7% 4.53M 19m38s
#17 99.73 486250K .......... .......... .......... .......... ..........  7% 11.5M 19m38s
#17 99.73 486300K .......... .......... .......... .......... ..........  7%  102M 19m38s
#17 99.73 486350K .......... .......... .......... .......... ..........  7% 3.01M 19m38s
#17 99.75 486400K .......... .......... .......... .......... ..........  7% 50.4M 19m38s
#17 99.75 486450K .......... .......... .......... .......... ..........  7%  101M 19m38s
#17 99.75 486500K .......... .......... .......... .......... ..........  7% 4.97M 19m38s
#17 99.76 486550K .......... .......... .......... .......... ..........  7% 3.43M 19m38s
#17 99.77 486600K .......... .......... .......... .......... ..........  7% 2.30M 19m38s
#17 99.80 486650K .......... .......... .......... .......... ..........  7% 69.4M 19m38s
#17 99.80 486700K .......... .......... .......... .......... ..........  7% 9.98M 19m38s
#17 99.80 486750K .......... .......... .......... .......... ..........  7% 4.17M 19m38s
#17 99.81 486800K .......... .......... .......... .......... ..........  7% 4.90M 19m38s
#17 99.82 486850K .......... .......... .......... .......... ..........  7% 2.96M 19m38s
#17 99.84 486900K .......... .......... .......... .......... ..........  7% 7.56M 19m38s
#17 99.85 486950K .......... .......... .......... .......... ..........  7% 46.5M 19m38s
#17 99.85 487000K .......... .......... .......... .......... ..........  7% 70.0M 19m38s
#17 99.85 487050K .......... .......... .......... .......... ..........  7% 4.17M 19m38s
#17 99.86 487100K .......... .......... .......... .......... ..........  7% 5.99M 19m38s
#17 99.87 487150K .......... .......... .......... .......... ..........  7% 2.76M 19m38s
#17 99.89 487200K .......... .......... .......... .......... ..........  7% 26.9M 19m38s
#17 99.89 487250K .......... .......... .......... .......... ..........  7% 6.89M 19m38s
#17 99.89 487300K .......... .......... .......... .......... ..........  7% 7.77M 19m38s
#17 99.90 487350K .......... .......... .......... .......... ..........  7% 7.31M 19m37s
#17 99.91 487400K .......... .......... .......... .......... ..........  7% 15.0M 19m37s
#17 99.91 487450K .......... .......... .......... .......... ..........  7% 3.79M 19m37s
#17 99.92 487500K .......... .......... .......... .......... ..........  7% 4.23M 19m37s
#17 99.94 487550K .......... .......... .......... .......... ..........  7% 15.5M 19m37s
#17 99.94 487600K .......... .......... .......... .......... ..........  7% 6.62M 19m37s
#17 99.95 487650K .......... .......... .......... .......... ..........  7% 5.14M 19m37s
#17 99.96 487700K .......... .......... .......... .......... ..........  7% 5.45M 19m37s
#17 99.96 487750K .......... .......... .......... .......... ..........  7% 5.84M 19m37s
#17 99.97 487800K .......... .......... .......... .......... ..........  7% 6.89M 19m37s
#17 99.98 487850K .......... .......... .......... .......... ..........  7% 6.82M 19m37s
#17 99.99 487900K .......... .......... .......... .......... ..........  7% 67.6M 19m37s
#17 99.99 487950K .......... .......... .......... .......... ..........  7% 81.4M 19m37s
#17 99.99 488000K .......... .......... .......... .......... ..........  7% 9.21M 19m37s
#17 99.99 488050K .......... .......... .......... .......... ..........  7% 16.8M 19m37s
#17 100.00 488100K .......... .......... .......... .......... ..........  7% 7.72M 19m37s
#17 100.0 488150K .......... .......... .......... .......... ..........  7% 4.41M 19m37s
#17 100.0 488200K .......... .......... .......... .......... ..........  7% 60.1M 19m37s
#17 100.0 488250K .......... .......... .......... .......... ..........  7% 7.29M 19m37s
#17 100.0 488300K .......... .......... .......... .......... ..........  7% 4.26M 19m37s
#17 100.0 488350K .......... .......... .......... .......... ..........  7% 6.41M 19m37s
#17 100.0 488400K .......... .......... .......... .......... ..........  7% 4.73M 19m37s
#17 100.1 488450K .......... .......... .......... .......... ..........  7% 15.4M 19m36s
#17 100.1 488500K .......... .......... .......... .......... ..........  7% 5.06M 19m36s
#17 100.1 488550K .......... .......... .......... .......... ..........  7% 7.36M 19m36s
#17 100.1 488600K .......... .......... .......... .......... ..........  7% 5.32M 19m36s
#17 100.1 488650K .......... .......... .......... .......... ..........  7% 2.21M 19m37s
#17 100.1 488700K .......... .......... .......... .......... ..........  7% 8.48M 19m37s
#17 100.1 488750K .......... .......... .......... .......... ..........  7% 15.8M 19m36s
#17 100.1 488800K .......... .......... .......... .......... ..........  7% 13.7M 19m36s
#17 100.1 488850K .......... .......... .......... .......... ..........  7% 24.0M 19m36s
#17 100.1 488900K .......... .......... .......... .......... ..........  7% 10.5M 19m36s
#17 100.1 488950K .......... .......... .......... .......... ..........  7% 4.66M 19m36s
#17 100.1 489000K .......... .......... .......... .......... ..........  7% 10.2M 19m36s
#17 100.1 489050K .......... .......... .......... .......... ..........  7% 3.90M 19m36s
#17 100.1 489100K .......... .......... .......... .......... ..........  7% 5.25M 19m36s
#17 100.2 489150K .......... .......... .......... .......... ..........  7% 6.36M 19m36s
#17 100.2 489200K .......... .......... .......... .......... ..........  7% 4.34M 19m36s
#17 100.2 489250K .......... .......... .......... .......... ..........  7% 11.4M 19m36s
#17 100.2 489300K .......... .......... .......... .......... ..........  7% 8.86M 19m36s
#17 100.2 489350K .......... .......... .......... .......... ..........  7% 4.76M 19m36s
#17 100.2 489400K .......... .......... .......... .......... ..........  7% 6.22M 19m36s
#17 100.2 489450K .......... .......... .......... .......... ..........  7% 12.2M 19m36s
#17 100.2 489500K .......... .......... .......... .......... ..........  7% 12.3M 19m36s
#17 100.2 489550K .......... .......... .......... .......... ..........  7% 4.00M 19m36s
#17 100.2 489600K .......... .......... .......... .......... ..........  7% 8.08M 19m36s
#17 100.2 489650K .......... .......... .......... .......... ..........  7% 4.38M 19m36s
#17 100.2 489700K .......... .......... .......... .......... ..........  7% 3.77M 19m36s
#17 100.3 489750K .......... .......... .......... .......... ..........  7% 2.53M 19m36s
#17 100.3 489800K .......... .......... .......... .......... ..........  7% 16.1M 19m36s
#17 100.3 489850K .......... .......... .......... .......... ..........  7% 28.0M 19m36s
#17 100.3 489900K .......... .......... .......... .......... ..........  7%  813K 19m36s
#17 100.3 489950K .......... .......... .......... .......... ..........  7% 3.20M 19m36s
#17 100.4 490000K .......... .......... .......... .......... ..........  7% 2.90M 19m37s
#17 100.4 490050K .......... .......... .......... .......... ..........  7% 3.10M 19m37s
#17 100.4 490100K .......... .......... .......... .......... ..........  7% 5.71M 19m37s
#17 100.4 490150K .......... .......... .......... .......... ..........  7% 7.63M 19m37s
#17 100.4 490200K .......... .......... .......... .......... ..........  7% 5.40M 19m37s
#17 100.4 490250K .......... .......... .......... .......... ..........  7% 4.81M 19m37s
#17 100.4 490300K .......... .......... .......... .......... ..........  7% 11.1M 19m36s
#17 100.4 490350K .......... .......... .......... .......... ..........  7% 9.84M 19m36s
#17 100.4 490400K .......... .......... .......... .......... ..........  7% 5.31M 19m36s
#17 100.4 490450K .......... .......... .......... .......... ..........  7% 60.7M 19m36s
#17 100.4 490500K .......... .......... .......... .......... ..........  7% 28.8M 19m36s
#17 100.4 490550K .......... .......... .......... .......... ..........  7% 5.70M 19m36s
#17 100.5 490600K .......... .......... .......... .......... ..........  7% 15.7M 19m36s
#17 100.5 490650K .......... .......... .......... .......... ..........  7% 26.6M 19m36s
#17 100.5 490700K .......... .......... .......... .......... ..........  7% 5.51M 19m36s
#17 100.5 490750K .......... .......... .......... .......... ..........  7% 4.09M 19m36s
#17 100.5 490800K .......... .......... .......... .......... ..........  7% 40.7M 19m36s
#17 100.5 490850K .......... .......... .......... .......... ..........  7% 25.0M 19m36s
#17 100.5 490900K .......... .......... .......... .......... ..........  7% 8.09M 19m36s
#17 100.5 490950K .......... .......... .......... .......... ..........  7% 5.93M 19m36s
#17 100.5 491000K .......... .......... .......... .......... ..........  7% 3.51M 19m36s
#17 100.5 491050K .......... .......... .......... .......... ..........  7% 24.6M 19m36s
#17 100.5 491100K .......... .......... .......... .......... ..........  7% 41.3M 19m36s
#17 100.5 491150K .......... .......... .......... .......... ..........  7% 58.1M 19m35s
#17 100.5 491200K .......... .......... .......... .......... ..........  7% 25.9M 19m35s
#17 100.5 491250K .......... .......... .......... .......... ..........  7% 8.13M 19m35s
#17 100.5 491300K .......... .......... .......... .......... ..........  7% 11.6M 19m35s
#17 100.5 491350K .......... .......... .......... .......... ..........  7% 9.45M 19m35s
#17 100.5 491400K .......... .......... .......... .......... ..........  7% 8.14M 19m35s
#17 100.5 491450K .......... .......... .......... .......... ..........  7% 8.51M 19m35s
#17 100.5 491500K .......... .......... .......... .......... ..........  7% 7.58M 19m35s
#17 100.5 491550K .......... .......... .......... .......... ..........  7% 7.09M 19m35s
#17 100.6 491600K .......... .......... .......... .......... ..........  7% 15.0M 19m35s
#17 100.6 491650K .......... .......... .......... .......... ..........  7% 4.28M 19m35s
#17 100.6 491700K .......... .......... .......... .......... ..........  7% 6.27M 19m35s
#17 100.6 491750K .......... .......... .......... .......... ..........  7% 6.40M 19m35s
#17 100.6 491800K .......... .......... .......... .......... ..........  7% 9.93M 19m35s
#17 100.6 491850K .......... .......... .......... .......... ..........  7% 5.79M 19m35s
#17 100.6 491900K .......... .......... .......... .......... ..........  7% 5.23M 19m35s
#17 100.6 491950K .......... .......... .......... .......... ..........  7% 2.95M 19m35s
#17 100.6 492000K .......... .......... .......... .......... ..........  7% 6.29M 19m35s
#17 100.6 492050K .......... .......... .......... .......... ..........  7% 8.44M 19m35s
#17 100.6 492100K .......... .......... .......... .......... ..........  7% 3.03M 19m35s
#17 100.7 492150K .......... .......... .......... .......... ..........  7% 8.41M 19m35s
#17 100.7 492200K .......... .......... .......... .......... ..........  7% 5.20M 19m35s
#17 100.7 492250K .......... .......... .......... .......... ..........  7% 4.92M 19m35s
#17 100.7 492300K .......... .......... .......... .......... ..........  7% 7.13M 19m35s
#17 100.7 492350K .......... .......... .......... .......... ..........  7% 15.4M 19m35s
#17 100.7 492400K .......... .......... .......... .......... ..........  7% 23.4M 19m34s
#17 100.7 492450K .......... .......... .......... .......... ..........  7% 6.77M 19m34s
#17 100.7 492500K .......... .......... .......... .......... ..........  7% 6.55M 19m34s
#17 100.7 492550K .......... .......... .......... .......... ..........  7% 1002K 19m35s
#17 100.8 492600K .......... .......... .......... .......... ..........  7% 3.44M 19m35s
#17 100.8 492650K .......... .......... .......... .......... ..........  7% 9.23M 19m35s
#17 100.8 492700K .......... .......... .......... .......... ..........  7% 4.45M 19m35s
#17 100.8 492750K .......... .......... .......... .......... ..........  7% 3.61M 19m35s
#17 100.8 492800K .......... .......... .......... .......... ..........  7% 4.21M 19m35s
#17 100.8 492850K .......... .......... .......... .......... ..........  7% 4.82M 19m35s
#17 100.8 492900K .......... .......... .......... .......... ..........  7% 6.72M 19m35s
#17 100.8 492950K .......... .......... .......... .......... ..........  7% 21.8M 19m35s
#17 100.8 493000K .......... .......... .......... .......... ..........  7% 7.45M 19m35s
#17 100.8 493050K .......... .......... .......... .......... ..........  7% 8.67M 19m35s
#17 100.8 493100K .......... .......... .......... .......... ..........  7% 12.4M 19m35s
#17 100.8 493150K .......... .......... .......... .......... ..........  7% 5.90M 19m35s
#17 100.9 493200K .......... .......... .......... .......... ..........  7% 6.74M 19m35s
#17 100.9 493250K .......... .......... .......... .......... ..........  7% 4.85M 19m35s
#17 100.9 493300K .......... .......... .......... .......... ..........  7% 14.5M 19m35s
#17 100.9 493350K .......... .......... .......... .......... ..........  7% 3.28M 19m35s
#17 100.9 493400K .......... .......... .......... .......... ..........  7% 18.9M 19m34s
#17 100.9 493450K .......... .......... .......... .......... ..........  7% 3.21M 19m35s
#17 100.9 493500K .......... .......... .......... .......... ..........  7% 4.12M 19m35s
#17 100.9 493550K .......... .......... .......... .......... ..........  7% 12.3M 19m34s
#17 100.9 493600K .......... .......... .......... .......... ..........  7% 5.47M 19m34s
#17 100.9 493650K .......... .......... .......... .......... ..........  7% 17.8M 19m34s
#17 100.9 493700K .......... .......... .......... .......... ..........  7% 8.05M 19m34s
#17 100.9 493750K .......... .......... .......... .......... ..........  7% 7.80M 19m34s
#17 100.9 493800K .......... .......... .......... .......... ..........  7% 7.14M 19m34s
#17 101.0 493850K .......... .......... .......... .......... ..........  7% 3.05M 19m34s
#17 101.0 493900K .......... .......... .......... .......... ..........  7% 5.75M 19m34s
#17 101.0 493950K .......... .......... .......... .......... ..........  7% 4.80M 19m34s
#17 101.0 494000K .......... .......... .......... .......... ..........  7% 6.53M 19m34s
#17 101.0 494050K .......... .......... .......... .......... ..........  7% 5.60M 19m34s
#17 101.0 494100K .......... .......... .......... .......... ..........  7% 3.15M 19m34s
#17 101.0 494150K .......... .......... .......... .......... ..........  7% 68.9M 19m34s
#17 101.0 494200K .......... .......... .......... .......... ..........  7% 5.35M 19m34s
#17 101.0 494250K .......... .......... .......... .......... ..........  7% 5.16M 19m34s
#17 101.0 494300K .......... .......... .......... .......... ..........  7% 12.5M 19m34s
#17 101.0 494350K .......... .......... .......... .......... ..........  7% 7.17M 19m34s
#17 101.1 494400K .......... .......... .......... .......... ..........  7% 6.92M 19m34s
#17 101.1 494450K .......... .......... .......... .......... ..........  7% 9.63M 19m34s
#17 101.1 494500K .......... .......... .......... .......... ..........  7% 5.99M 19m34s
#17 101.1 494550K .......... .......... .......... .......... ..........  7% 6.60M 19m34s
#17 101.1 494600K .......... .......... .......... .......... ..........  7% 6.39M 19m34s
#17 101.1 494650K .......... .......... .......... .......... ..........  7% 3.79M 19m34s
#17 101.1 494700K .......... .......... .......... .......... ..........  7% 9.43M 19m34s
#17 101.1 494750K .......... .......... .......... .......... ..........  7% 6.80M 19m34s
#17 101.1 494800K .......... .......... .......... .......... ..........  7% 10.3M 19m34s
#17 101.1 494850K .......... .......... .......... .......... ..........  7% 4.98M 19m34s
#17 101.1 494900K .......... .......... .......... .......... ..........  7% 2.34M 19m34s
#17 101.1 494950K .......... .......... .......... .......... ..........  7% 5.71M 19m34s
#17 101.2 495000K .......... .......... .......... .......... ..........  7% 7.15M 19m34s
#17 101.2 495050K .......... .......... .......... .......... ..........  7% 5.29M 19m34s
#17 101.2 495100K .......... .......... .......... .......... ..........  7% 3.37M 19m34s
#17 101.2 495150K .......... .......... .......... .......... ..........  7% 3.50M 19m34s
#17 101.2 495200K .......... .......... .......... .......... ..........  7% 9.57M 19m34s
#17 101.2 495250K .......... .......... .......... .......... ..........  7% 19.8M 19m34s
#17 101.2 495300K .......... .......... .......... .......... ..........  7% 12.2M 19m34s
#17 101.2 495350K .......... .......... .......... .......... ..........  7% 8.55M 19m34s
#17 101.2 495400K .......... .......... .......... .......... ..........  7% 7.93M 19m34s
#17 101.2 495450K .......... .......... .......... .......... ..........  7% 5.62M 19m34s
#17 101.2 495500K .......... .......... .......... .......... ..........  7% 5.03M 19m34s
#17 101.2 495550K .......... .......... .......... .......... ..........  7% 7.74M 19m33s
#17 101.2 495600K .......... .......... .......... .......... ..........  7% 5.27M 19m33s
#17 101.3 495650K .......... .......... .......... .......... ..........  7% 6.53M 19m33s
#17 101.3 495700K .......... .......... .......... .......... ..........  7% 5.76M 19m33s
#17 101.3 495750K .......... .......... .......... .......... ..........  7% 4.33M 19m33s
#17 101.3 495800K .......... .......... .......... .......... ..........  7% 10.1M 19m33s
#17 101.3 495850K .......... .......... .......... .......... ..........  7% 4.33M 19m33s
#17 101.3 495900K .......... .......... .......... .......... ..........  7% 3.87M 19m33s
#17 101.3 495950K .......... .......... .......... .......... ..........  7% 10.4M 19m33s
#17 101.3 496000K .......... .......... .......... .......... ..........  7% 81.2M 19m33s
#17 101.3 496050K .......... .......... .......... .......... ..........  7% 8.60M 19m33s
#17 101.3 496100K .......... .......... .......... .......... ..........  7% 7.78M 19m33s
#17 101.3 496150K .......... .......... .......... .......... ..........  7% 6.32M 19m33s
#17 101.3 496200K .......... .......... .......... .......... ..........  7% 3.96M 19m33s
#17 101.4 496250K .......... .......... .......... .......... ..........  7% 8.80M 19m33s
#17 101.4 496300K .......... .......... .......... .......... ..........  7% 5.32M 19m33s
#17 101.4 496350K .......... .......... .......... .......... ..........  7% 4.03M 19m33s
#17 101.4 496400K .......... .......... .......... .......... ..........  7% 6.93M 19m33s
#17 101.4 496450K .......... .......... .......... .......... ..........  7% 5.25M 19m33s
#17 101.4 496500K .......... .......... .......... .......... ..........  7% 10.3M 19m33s
#17 101.4 496550K .......... .......... .......... .......... ..........  7% 3.91M 19m33s
#17 101.4 496600K .......... .......... .......... .......... ..........  7% 14.0M 19m33s
#17 101.4 496650K .......... .......... .......... .......... ..........  7% 3.62M 19m33s
#17 101.4 496700K .......... .......... .......... .......... ..........  7% 10.4M 19m33s
#17 101.4 496750K .......... .......... .......... .......... ..........  7% 6.49M 19m33s
#17 101.4 496800K .......... .......... .......... .......... ..........  7% 7.44M 19m33s
#17 101.5 496850K .......... .......... .......... .......... ..........  7% 4.74M 19m33s
#17 101.5 496900K .......... .......... .......... .......... ..........  7% 4.84M 19m33s
#17 101.5 496950K .......... .......... .......... .......... ..........  7% 6.33M 19m33s
#17 101.5 497000K .......... .......... .......... .......... ..........  7% 3.91M 19m33s
#17 101.5 497050K .......... .......... .......... .......... ..........  7% 8.91M 19m33s
#17 101.5 497100K .......... .......... .......... .......... ..........  7% 7.25M 19m33s
#17 101.5 497150K .......... .......... .......... .......... ..........  7% 9.41M 19m33s
#17 101.5 497200K .......... .......... .......... .......... ..........  7% 5.57M 19m33s
#17 101.5 497250K .......... .......... .......... .......... ..........  7% 25.0M 19m33s
#17 101.5 497300K .......... .......... .......... .......... ..........  7% 4.60M 19m33s
#17 101.5 497350K .......... .......... .......... .......... ..........  7% 9.16M 19m32s
#17 101.5 497400K .......... .......... .......... .......... ..........  7% 5.46M 19m32s
#17 101.5 497450K .......... .......... .......... .......... ..........  7% 4.01M 19m32s
#17 101.6 497500K .......... .......... .......... .......... ..........  7% 6.03M 19m32s
#17 101.6 497550K .......... .......... .......... .......... ..........  7% 5.81M 19m32s
#17 101.6 497600K .......... .......... .......... .......... ..........  7% 7.61M 19m32s
#17 101.6 497650K .......... .......... .......... .......... ..........  7% 3.78M 19m32s
#17 101.6 497700K .......... .......... .......... .......... ..........  7% 17.8M 19m32s
#17 101.6 497750K .......... .......... .......... .......... ..........  7% 7.26M 19m32s
#17 101.6 497800K .......... .......... .......... .......... ..........  7% 9.05M 19m32s
#17 101.6 497850K .......... .......... .......... .......... ..........  7% 4.90M 19m32s
#17 101.6 497900K .......... .......... .......... .......... ..........  7% 10.7M 19m32s
#17 101.6 497950K .......... .......... .......... .......... ..........  7% 5.51M 19m32s
#17 101.6 498000K .......... .......... .......... .......... ..........  7% 6.47M 19m32s
#17 101.6 498050K .......... .......... .......... .......... ..........  7% 19.1M 19m32s
#17 101.6 498100K .......... .......... .......... .......... ..........  7% 3.73M 19m32s
#17 101.7 498150K .......... .......... .......... .......... ..........  7% 4.33M 19m32s
#17 101.7 498200K .......... .......... .......... .......... ..........  7% 4.95M 19m32s
#17 101.7 498250K .......... .......... .......... .......... ..........  7% 8.23M 19m32s
#17 101.7 498300K .......... .......... .......... .......... ..........  7% 5.67M 19m32s
#17 101.7 498350K .......... .......... .......... .......... ..........  7% 28.7M 19m32s
#17 101.7 498400K .......... .......... .......... .......... ..........  7% 13.8M 19m32s
#17 101.7 498450K .......... .......... .......... .......... ..........  7% 3.33M 19m32s
#17 101.7 498500K .......... .......... .......... .......... ..........  7% 7.55M 19m32s
#17 101.7 498550K .......... .......... .......... .......... ..........  7% 50.0M 19m32s
#17 101.7 498600K .......... .......... .......... .......... ..........  7% 3.54M 19m32s
#17 101.7 498650K .......... .......... .......... .......... ..........  7% 5.27M 19m32s
#17 101.7 498700K .......... .......... .......... .......... ..........  7% 6.09M 19m32s
#17 101.7 498750K .......... .......... .......... .......... ..........  7% 7.05M 19m32s
#17 101.8 498800K .......... .......... .......... .......... ..........  7% 4.44M 19m32s
#17 101.8 498850K .......... .......... .......... .......... ..........  7% 9.09M 19m32s
#17 101.8 498900K .......... .......... .......... .......... ..........  7% 5.36M 19m32s
#17 101.8 498950K .......... .......... .......... .......... ..........  7% 8.89M 19m32s
#17 101.8 499000K .......... .......... .......... .......... ..........  7% 7.54M 19m32s
#17 101.8 499050K .......... .......... .......... .......... ..........  7% 4.35M 19m32s
#17 101.8 499100K .......... .......... .......... .......... ..........  7% 8.91M 19m31s
#17 101.8 499150K .......... .......... .......... .......... ..........  7% 3.27M 19m32s
#17 101.8 499200K .......... .......... .......... .......... ..........  7% 3.81M 19m32s
#17 101.8 499250K .......... .......... .......... .......... ..........  7% 4.63M 19m32s
#17 101.8 499300K .......... .......... .......... .......... ..........  7% 14.9M 19m31s
#17 101.8 499350K .......... .......... .......... .......... ..........  7% 14.4M 19m31s
#17 101.9 499400K .......... .......... .......... .......... ..........  7% 4.15M 19m31s
#17 101.9 499450K .......... .......... .......... .......... ..........  7% 57.6M 19m31s
#17 101.9 499500K .......... .......... .......... .......... ..........  7% 8.14M 19m31s
#17 101.9 499550K .......... .......... .......... .......... ..........  7% 4.34M 19m31s
#17 101.9 499600K .......... .......... .......... .......... ..........  7% 5.02M 19m31s
#17 101.9 499650K .......... .......... .......... .......... ..........  7% 12.3M 19m31s
#17 101.9 499700K .......... .......... .......... .......... ..........  7% 7.25M 19m31s
#17 101.9 499750K .......... .......... .......... .......... ..........  7% 5.28M 19m31s
#17 101.9 499800K .......... .......... .......... .......... ..........  7% 6.23M 19m31s
#17 101.9 499850K .......... .......... .......... .......... ..........  7% 4.28M 19m31s
#17 101.9 499900K .......... .......... .......... .......... ..........  7% 6.48M 19m31s
#17 101.9 499950K .......... .......... .......... .......... ..........  7% 6.32M 19m31s
#17 101.9 500000K .......... .......... .......... .......... ..........  7% 12.3M 19m31s
#17 101.9 500050K .......... .......... .......... .......... ..........  7% 4.14M 19m31s
#17 102.0 500100K .......... .......... .......... .......... ..........  7% 3.71M 19m31s
#17 102.0 500150K .......... .......... .......... .......... ..........  7% 55.1M 19m31s
#17 102.0 500200K .......... .......... .......... .......... ..........  7% 8.48M 19m31s
#17 102.0 500250K .......... .......... .......... .......... ..........  7% 3.58M 19m31s
#17 102.0 500300K .......... .......... .......... .......... ..........  7% 45.4M 19m31s
#17 102.0 500350K .......... .......... .......... .......... ..........  7% 15.8M 19m31s
#17 102.0 500400K .......... .......... .......... .......... ..........  7% 5.76M 19m31s
#17 102.0 500450K .......... .......... .......... .......... ..........  7% 1.45M 19m31s
#17 102.0 500500K .......... .......... .......... .......... ..........  7% 3.15M 19m31s
#17 102.1 500550K .......... .......... .......... .......... ..........  7% 3.69M 19m31s
#17 102.1 500600K .......... .......... .......... .......... ..........  7% 41.2M 19m31s
#17 102.1 500650K .......... .......... .......... .......... ..........  7% 5.14M 19m31s
#17 102.1 500700K .......... .......... .......... .......... ..........  7% 18.3M 19m31s
#17 102.1 500750K .......... .......... .......... .......... ..........  7% 15.3M 19m31s
#17 102.1 500800K .......... .......... .......... .......... ..........  7% 4.96M 19m31s
#17 102.1 500850K .......... .......... .......... .......... ..........  7% 5.41M 19m31s
#17 102.1 500900K .......... .......... .......... .......... ..........  7% 4.99M 19m31s
#17 102.1 500950K .......... .......... .......... .......... ..........  7% 6.40M 19m31s
#17 102.1 501000K .......... .......... .......... .......... ..........  7% 4.98M 19m31s
#17 102.1 501050K .......... .......... .......... .......... ..........  7% 4.84M 19m31s
#17 102.1 501100K .......... .......... .......... .......... ..........  7% 6.60M 19m31s
#17 102.2 501150K .......... .......... .......... .......... ..........  7% 10.8M 19m31s
#17 102.2 501200K .......... .......... .......... .......... ..........  7% 9.32M 19m31s
#17 102.2 501250K .......... .......... .......... .......... ..........  7% 4.42M 19m31s
#17 102.2 501300K .......... .......... .......... .......... ..........  7% 8.48M 19m31s
#17 102.2 501350K .......... .......... .......... .......... ..........  7% 14.8M 19m30s
#17 102.2 501400K .......... .......... .......... .......... ..........  7% 4.87M 19m30s
#17 102.2 501450K .......... .......... .......... .......... ..........  7% 4.31M 19m30s
#17 102.2 501500K .......... .......... .......... .......... ..........  7% 3.36M 19m31s
#17 102.2 501550K .......... .......... .......... .......... ..........  7% 2.11M 19m31s
#17 102.2 501600K .......... .......... .......... .......... ..........  7% 12.8M 19m31s
#17 102.3 501650K .......... .......... .......... .......... ..........  7% 15.9M 19m31s
#17 102.3 501700K .......... .......... .......... .......... ..........  7% 15.4M 19m30s
#17 102.3 501750K .......... .......... .......... .......... ..........  7% 15.5M 19m30s
#17 102.3 501800K .......... .......... .......... .......... ..........  7% 12.7M 19m30s
#17 102.3 501850K .......... .......... .......... .......... ..........  7% 6.12M 19m30s
#17 102.3 501900K .......... .......... .......... .......... ..........  7% 10.7M 19m30s
#17 102.3 501950K .......... .......... .......... .......... ..........  7% 11.8M 19m30s
#17 102.3 502000K .......... .......... .......... .......... ..........  7% 4.71M 19m30s
#17 102.3 502050K .......... .......... .......... .......... ..........  7% 5.04M 19m30s
#17 102.3 502100K .......... .......... .......... .......... ..........  7% 5.87M 19m30s
#17 102.3 502150K .......... .......... .......... .......... ..........  7% 3.80M 19m30s
#17 102.5 502200K .......... .......... .......... .......... ..........  7% 5.64M 19m30s
#17 102.5 502250K .......... .......... .......... .......... ..........  7% 6.21M 19m30s
#17 102.5 502300K .......... .......... .......... .......... ..........  7% 16.5M 19m30s
#17 102.5 502350K .......... .......... .......... .......... ..........  7% 5.93M 19m30s
#17 102.5 502400K .......... .......... .......... .......... ..........  7% 6.04M 19m30s
#17 102.6 502450K .......... .......... .......... .......... ..........  7% 7.12M 19m30s
#17 102.6 502500K .......... .......... .......... .......... ..........  7% 9.17M 19m30s
#17 102.6 502550K .......... .......... .......... .......... ..........  7% 5.83M 19m30s
#17 102.6 502600K .......... .......... .......... .......... ..........  7% 5.61M 19m30s
#17 102.6 502650K .......... .......... .......... .......... ..........  7% 6.49M 19m30s
#17 102.6 502700K .......... .......... .......... .......... ..........  7% 5.93M 19m30s
#17 102.6 502750K .......... .......... .......... .......... ..........  7% 4.95M 19m30s
#17 102.6 502800K .......... .......... .......... .......... ..........  7% 7.22M 19m30s
#17 102.6 502850K .......... .......... .......... .......... ..........  7% 5.33M 19m30s
#17 102.6 502900K .......... .......... .......... .......... ..........  7% 4.21M 19m30s
#17 102.6 502950K .......... .......... .......... .......... ..........  7% 2.46M 19m30s
#17 102.7 503000K .......... .......... .......... .......... ..........  7% 17.7M 19m30s
#17 102.7 503050K .......... .......... .......... .......... ..........  7% 54.7M 19m30s
#17 102.7 503100K .......... .......... .......... .......... ..........  7% 19.2M 19m30s
#17 102.7 503150K .......... .......... .......... .......... ..........  7% 6.70M 19m30s
#17 102.7 503200K .......... .......... .......... .......... ..........  7% 9.33M 19m29s
#17 102.7 503250K .......... .......... .......... .......... ..........  7% 7.18M 19m29s
#17 102.7 503300K .......... .......... .......... .......... ..........  7% 5.03M 19m29s
#17 102.7 503350K .......... .......... .......... .......... ..........  7% 7.59M 19m29s
#17 102.7 503400K .......... .......... .......... .......... ..........  7% 3.97M 19m29s
#17 102.7 503450K .......... .......... .......... .......... ..........  7% 3.54M 19m29s
#17 102.7 503500K .......... .......... .......... .......... ..........  7% 14.6M 19m29s
#17 102.7 503550K .......... .......... .......... .......... ..........  7% 12.6M 19m29s
#17 102.7 503600K .......... .......... .......... .......... ..........  7% 7.73M 19m29s
#17 102.7 503650K .......... .......... .......... .......... ..........  7% 5.38M 19m29s
#17 102.7 503700K .......... .......... .......... .......... ..........  7% 3.16M 19m29s
#17 102.8 503750K .......... .......... .......... .......... ..........  7% 7.66M 19m29s
#17 102.8 503800K .......... .......... .......... .......... ..........  7% 5.40M 19m29s
#17 102.8 503850K .......... .......... .......... .......... ..........  7% 37.0M 19m29s
#17 102.8 503900K .......... .......... .......... .......... ..........  7% 4.09M 19m29s
#17 102.8 503950K .......... .......... .......... .......... ..........  7% 12.6M 19m29s
#17 102.8 504000K .......... .......... .......... .......... ..........  7% 4.23M 19m29s
#17 102.8 504050K .......... .......... .......... .......... ..........  7% 4.31M 19m29s
#17 102.8 504100K .......... .......... .......... .......... ..........  7% 25.3M 19m29s
#17 102.8 504150K .......... .......... .......... .......... ..........  7% 7.30M 19m29s
#17 102.8 504200K .......... .......... .......... .......... ..........  7% 4.07M 19m29s
#17 102.8 504250K .......... .......... .......... .......... ..........  7% 19.1M 19m29s
#17 102.8 504300K .......... .......... .......... .......... ..........  7% 8.46M 19m29s
#17 102.9 504350K .......... .......... .......... .......... ..........  7% 3.71M 19m29s
#17 102.9 504400K .......... .......... .......... .......... ..........  7% 32.2M 19m29s
#17 102.9 504450K .......... .......... .......... .......... ..........  7% 4.14M 19m29s
#17 102.9 504500K .......... .......... .......... .......... ..........  7% 3.33M 19m29s
#17 102.9 504550K .......... .......... .......... .......... ..........  7% 16.1M 19m29s
#17 102.9 504600K .......... .......... .......... .......... ..........  7% 6.46M 19m29s
#17 105.0 504650K .......... .......... .......... .......... ..........  7% 4.38M 19m29s
#17 105.0 504700K .......... .......... .......... .......... ..........  7% 13.0M 19m29s
#17 105.0 504750K .......... .......... .......... .......... ..........  7% 3.11M 19m29s
#17 105.0 504800K .......... .......... .......... .......... ..........  7% 51.8M 19m29s
#17 105.0 504850K .......... .......... .......... .......... ..........  7% 7.77M 19m29s
#17 105.1 504900K .......... .......... .......... .......... ..........  7% 7.54M 19m29s
#17 105.1 504950K .......... .......... .......... .......... ..........  7% 5.38M 19m29s
#17 105.1 505000K .......... .......... .......... .......... ..........  7% 4.27M 19m29s
#17 105.1 505050K .......... .......... .......... .......... ..........  7% 10.4M 19m28s
#17 105.1 505100K .......... .......... .......... .......... ..........  7% 5.61M 19m28s
#17 105.1 505150K .......... .......... .......... .......... ..........  7% 12.1M 19m28s
#17 105.1 505200K .......... .......... .......... .......... ..........  7% 4.49M 19m28s
#17 105.1 505250K .......... .......... .......... .......... ..........  7% 4.34M 19m28s
#17 105.1 505300K .......... .......... .......... .......... ..........  7% 8.45M 19m28s
#17 105.1 505350K .......... .......... .......... .......... ..........  7% 8.97M 19m28s
#17 105.1 505400K .......... .......... .......... .......... ..........  7% 12.0M 19m28s
#17 105.1 505450K .......... .......... .......... .......... ..........  7% 3.63M 19m28s
#17 105.1 505500K .......... .......... .......... .......... ..........  7% 6.65M 19m28s
#17 105.2 505550K .......... .......... .......... .......... ..........  7% 19.4M 19m28s
#17 105.2 505600K .......... .......... .......... .......... ..........  7% 4.41M 19m28s
#17 105.2 505650K .......... .......... .......... .......... ..........  7% 8.27M 19m28s
#17 105.2 505700K .......... .......... .......... .......... ..........  7% 6.29M 19m28s
#17 105.2 505750K .......... .......... .......... .......... ..........  7% 5.94M 19m28s
#17 105.2 505800K .......... .......... .......... .......... ..........  7% 5.58M 19m28s
#17 105.2 505850K .......... .......... .......... .......... ..........  7% 5.18M 19m28s
#17 105.2 505900K .......... .......... .......... .......... ..........  7% 5.93M 19m28s
#17 105.2 505950K .......... .......... .......... .......... ..........  7% 8.02M 19m28s
#17 105.2 506000K .......... .......... .......... .......... ..........  7% 8.83M 19m28s
#17 105.2 506050K .......... .......... .......... .......... ..........  7% 5.52M 19m28s
#17 105.2 506100K .......... .......... .......... .......... ..........  7% 3.29M 19m28s
#17 105.2 506150K .......... .......... .......... .......... ..........  7% 12.2M 19m28s
#17 105.3 506200K .......... .......... .......... .......... ..........  7% 17.6M 19m28s
#17 105.3 506250K .......... .......... .......... .......... ..........  7% 3.43M 19m28s
#17 105.3 506300K .......... .......... .......... .......... ..........  7% 12.0M 19m28s
#17 105.3 506350K .......... .......... .......... .......... ..........  7% 5.20M 19m28s
#17 105.3 506400K .......... .......... .......... .......... ..........  7% 5.64M 19m28s
#17 105.3 506450K .......... .......... .......... .......... ..........  7% 6.80M 19m28s
#17 105.3 506500K .......... .......... .......... .......... ..........  7% 7.86M 19m28s
#17 105.3 506550K .......... .......... .......... .......... ..........  7% 6.57M 19m28s
#17 105.3 506600K .......... .......... .......... .......... ..........  7% 5.39M 19m28s
#17 105.3 506650K .......... .......... .......... .......... ..........  7% 6.30M 19m28s
#17 105.3 506700K .......... .......... .......... .......... ..........  7% 3.61M 19m28s
#17 105.3 506750K .......... .......... .......... .......... ..........  7% 4.68M 19m28s
#17 105.4 506800K .......... .......... .......... .......... ..........  7% 7.08M 19m28s
#17 105.4 506850K .......... .......... .......... .......... ..........  7% 7.00M 19m28s
#17 105.4 506900K .......... .......... .......... .......... ..........  7% 3.79M 19m28s
#17 105.4 506950K .......... .......... .......... .......... ..........  7% 9.97M 19m27s
#17 105.4 507000K .......... .......... .......... .......... ..........  7% 6.11M 19m27s
#17 105.4 507050K .......... .......... .......... .......... ..........  7% 7.04M 19m27s
#17 105.4 507100K .......... .......... .......... .......... ..........  7% 4.61M 19m27s
#17 105.4 507150K .......... .......... .......... .......... ..........  7% 4.16M 19m27s
#17 105.4 507200K .......... .......... .......... .......... ..........  7% 7.38M 19m27s
#17 105.4 507250K .......... .......... .......... .......... ..........  7% 10.9M 19m27s
#17 105.4 507300K .......... .......... .......... .......... ..........  7% 10.5M 19m27s
#17 105.4 507350K .......... .......... .......... .......... ..........  7% 4.97M 19m27s
#17 105.4 507400K .......... .......... .......... .......... ..........  7% 4.55M 19m27s
#17 105.5 507450K .......... .......... .......... .......... ..........  7% 20.0M 19m27s
#17 105.5 507500K .......... .......... .......... .......... ..........  7% 3.06M 19m27s
#17 105.5 507550K .......... .......... .......... .......... ..........  7% 4.17M 19m27s
#17 105.5 507600K .......... .......... .......... .......... ..........  7% 8.96M 19m27s
#17 105.5 507650K .......... .......... .......... .......... ..........  7% 7.46M 19m27s
#17 105.5 507700K .......... .......... .......... .......... ..........  7% 6.03M 19m27s
#17 105.5 507750K .......... .......... .......... .......... ..........  7% 15.8M 19m27s
#17 105.5 507800K .......... .......... .......... .......... ..........  7% 14.7M 19m27s
#17 105.5 507850K .......... .......... .......... .......... ..........  7% 3.58M 19m27s
#17 105.5 507900K .......... .......... .......... .......... ..........  7% 3.74M 19m27s
#17 105.5 507950K .......... .......... .......... .......... ..........  7% 9.95M 19m27s
#17 105.5 508000K .......... .......... .......... .......... ..........  7% 2.97M 19m27s
#17 105.6 508050K .......... .......... .......... .......... ..........  7% 12.7M 19m27s
#17 105.6 508100K .......... .......... .......... .......... ..........  7% 4.55M 19m27s
#17 105.6 508150K .......... .......... .......... .......... ..........  7% 10.6M 19m27s
#17 105.6 508200K .......... .......... .......... .......... ..........  7% 22.8M 19m27s
#17 105.6 508250K .......... .......... .......... .......... ..........  7% 9.20M 19m27s
#17 105.6 508300K .......... .......... .......... .......... ..........  7% 3.89M 19m27s
#17 105.6 508350K .......... .......... .......... .......... ..........  7% 8.57M 19m27s
#17 105.6 508400K .......... .......... .......... .......... ..........  7% 5.20M 19m27s
#17 105.6 508450K .......... .......... .......... .......... ..........  7% 11.5M 19m27s
#17 105.6 508500K .......... .......... .......... .......... ..........  7% 11.7M 19m27s
#17 105.6 508550K .......... .......... .......... .......... ..........  7% 4.45M 19m27s
#17 105.6 508600K .......... .......... .......... .......... ..........  7% 4.76M 19m27s
#17 105.6 508650K .......... .......... .......... .......... ..........  7% 15.5M 19m27s
#17 105.7 508700K .......... .......... .......... .......... ..........  7% 3.86M 19m27s
#17 105.7 508750K .......... .......... .......... .......... ..........  7% 4.20M 19m27s
#17 105.7 508800K .......... .......... .......... .......... ..........  7% 17.3M 19m27s
#17 105.7 508850K .......... .......... .......... .......... ..........  7% 8.97M 19m26s
#17 105.7 508900K .......... .......... .......... .......... ..........  7% 9.84M 19m26s
#17 105.7 508950K .......... .......... .......... .......... ..........  7% 6.29M 19m26s
#17 105.7 509000K .......... .......... .......... .......... ..........  7% 7.74M 19m26s
#17 105.7 509050K .......... .......... .......... .......... ..........  7% 5.95M 19m26s
#17 105.7 509100K .......... .......... .......... .......... ..........  7% 4.64M 19m26s
#17 105.7 509150K .......... .......... .......... .......... ..........  7% 28.8M 19m26s
#17 105.7 509200K .......... .......... .......... .......... ..........  7% 6.70M 19m26s
#17 105.7 509250K .......... .......... .......... .......... ..........  7% 4.29M 19m26s
#17 105.7 509300K .......... .......... .......... .......... ..........  7% 5.63M 19m26s
#17 105.8 509350K .......... .......... .......... .......... ..........  7% 20.2M 19m26s
#17 105.8 509400K .......... .......... .......... .......... ..........  7% 6.60M 19m26s
#17 105.8 509450K .......... .......... .......... .......... ..........  7% 6.97M 19m26s
#17 105.8 509500K .......... .......... .......... .......... ..........  7% 4.21M 19m26s
#17 105.8 509550K .......... .......... .......... .......... ..........  7% 7.74M 19m26s
#17 105.8 509600K .......... .......... .......... .......... ..........  7% 10.2M 19m26s
#17 105.8 509650K .......... .......... .......... .......... ..........  7% 6.53M 19m26s
#17 105.8 509700K .......... .......... .......... .......... ..........  7% 21.3M 19m26s
#17 105.8 509750K .......... .......... .......... .......... ..........  7% 6.31M 19m26s
#17 105.8 509800K .......... .......... .......... .......... ..........  7%  659K 19m27s
#17 105.9 509850K .......... .......... .......... .......... ..........  7%  327K 19m28s
#17 106.0 509900K .......... .......... .......... .......... ..........  7%  531K 19m29s
#17 106.1 509950K .......... .......... .......... .......... ..........  7% 5.29M 19m29s
#17 106.1 510000K .......... .......... .......... .......... ..........  7% 6.63M 19m29s
#17 106.1 510050K .......... .......... .......... .......... ..........  7% 10.6M 19m29s
#17 106.2 510100K .......... .......... .......... .......... ..........  7% 6.10M 19m29s
#17 106.2 510150K .......... .......... .......... .......... ..........  7% 5.46M 19m29s
#17 106.2 510200K .......... .......... .......... .......... ..........  7% 7.72M 19m29s
#17 106.2 510250K .......... .......... .......... .......... ..........  7% 6.10M 19m29s
#17 106.2 510300K .......... .......... .......... .......... ..........  7% 5.19M 19m29s
#17 106.2 510350K .......... .......... .......... .......... ..........  7% 5.30M 19m29s
#17 106.2 510400K .......... .......... .......... .......... ..........  7% 7.92M 19m29s
#17 106.2 510450K .......... .......... .......... .......... ..........  7% 6.02M 19m29s
#17 106.2 510500K .......... .......... .......... .......... ..........  7% 5.81M 19m29s
#17 106.2 510550K .......... .......... .......... .......... ..........  7% 4.57M 19m29s
#17 106.2 510600K .......... .......... .......... .......... ..........  7% 8.10M 19m29s
#17 106.2 510650K .......... .......... .......... .......... ..........  7% 9.03M 19m29s
#17 106.2 510700K .......... .......... .......... .......... ..........  7% 8.33M 19m29s
#17 106.3 510750K .......... .......... .......... .......... ..........  7% 4.84M 19m29s
#17 106.3 510800K .......... .......... .......... .......... ..........  7% 25.0M 19m29s
#17 106.3 510850K .......... .......... .......... .......... ..........  7% 7.09M 19m29s
#17 106.3 510900K .......... .......... .......... .......... ..........  7% 8.17M 19m29s
#17 106.3 510950K .......... .......... .......... .......... ..........  7% 6.96M 19m29s
#17 106.3 511000K .......... .......... .......... .......... ..........  7% 4.89M 19m29s
#17 106.3 511050K .......... .......... .......... .......... ..........  7% 7.00M 19m29s
#17 106.3 511100K .......... .......... .......... .......... ..........  7% 6.42M 19m29s
#17 106.3 511150K .......... .......... .......... .......... ..........  7% 5.71M 19m29s
#17 106.3 511200K .......... .......... .......... .......... ..........  7% 6.21M 19m29s
#17 106.3 511250K .......... .......... .......... .......... ..........  7% 6.04M 19m28s
#17 106.3 511300K .......... .......... .......... .......... ..........  7% 12.9M 19m28s
#17 106.3 511350K .......... .......... .......... .......... ..........  7% 4.47M 19m28s
#17 106.3 511400K .......... .......... .......... .......... ..........  7% 12.7M 19m28s
#17 106.4 511450K .......... .......... .......... .......... ..........  7% 6.53M 19m28s
#17 106.4 511500K .......... .......... .......... .......... ..........  7% 10.1M 19m28s
#17 106.4 511550K .......... .......... .......... .......... ..........  7% 7.24M 19m28s
#17 106.4 511600K .......... .......... .......... .......... ..........  7% 5.94M 19m28s
#17 106.4 511650K .......... .......... .......... .......... ..........  7% 7.97M 19m28s
#17 106.4 511700K .......... .......... .......... .......... ..........  7% 6.73M 19m28s
#17 106.4 511750K .......... .......... .......... .......... ..........  7% 5.01M 19m28s
#17 106.4 511800K .......... .......... .......... .......... ..........  7% 5.72M 19m28s
#17 106.4 511850K .......... .......... .......... .......... ..........  7% 6.98M 19m28s
#17 106.4 511900K .......... .......... .......... .......... ..........  7% 8.12M 19m28s
#17 106.4 511950K .......... .......... .......... .......... ..........  7% 8.01M 19m28s
#17 106.4 512000K .......... .......... .......... .......... ..........  7% 8.47M 19m28s
#17 106.4 512050K .......... .......... .......... .......... ..........  7% 5.42M 19m28s
#17 106.4 512100K .......... .......... .......... .......... ..........  7% 4.49M 19m28s
#17 106.5 512150K .......... .......... .......... .......... ..........  7% 4.95M 19m28s
#17 106.5 512200K .......... .......... .......... .......... ..........  7% 11.6M 19m28s
#17 106.5 512250K .......... .......... .......... .......... ..........  7% 5.69M 19m28s
#17 106.5 512300K .......... .......... .......... .......... ..........  7% 7.76M 19m28s
#17 106.5 512350K .......... .......... .......... .......... ..........  7% 5.71M 19m28s
#17 106.5 512400K .......... .......... .......... .......... ..........  7% 5.41M 19m28s
#17 106.5 512450K .......... .......... .......... .......... ..........  7% 5.08M 19m28s
#17 106.5 512500K .......... .......... .......... .......... ..........  7% 5.11M 19m28s
#17 106.5 512550K .......... .......... .......... .......... ..........  7% 5.78M 19m28s
#17 106.5 512600K .......... .......... .......... .......... ..........  7% 5.55M 19m28s
#17 106.5 512650K .......... .......... .......... .......... ..........  7% 14.8M 19m28s
#17 106.5 512700K .......... .......... .......... .......... ..........  7% 7.52M 19m28s
#17 106.5 512750K .......... .......... .......... .......... ..........  7% 5.61M 19m28s
#17 106.6 512800K .......... .......... .......... .......... ..........  7% 6.12M 19m27s
#17 106.6 512850K .......... .......... .......... .......... ..........  7% 6.07M 19m27s
#17 106.6 512900K .......... .......... .......... .......... ..........  7% 6.45M 19m27s
#17 106.6 512950K .......... .......... .......... .......... ..........  7% 5.45M 19m27s
#17 106.6 513000K .......... .......... .......... .......... ..........  7% 5.17M 19m27s
#17 106.6 513050K .......... .......... .......... .......... ..........  7% 4.11M 19m27s
#17 106.6 513100K .......... .......... .......... .......... ..........  7% 11.3M 19m27s
#17 106.6 513150K .......... .......... .......... .......... ..........  7% 8.94M 19m27s
#17 106.6 513200K .......... .......... .......... .......... ..........  7% 8.25M 19m27s
#17 106.6 513250K .......... .......... .......... .......... ..........  7% 5.81M 19m27s
#17 106.6 513300K .......... .......... .......... .......... ..........  7% 9.90M 19m27s
#17 106.6 513350K .......... .......... .......... .......... ..........  7% 4.59M 19m27s
#17 106.7 513400K .......... .......... .......... .......... ..........  7% 8.45M 19m27s
#17 106.7 513450K .......... .......... .......... .......... ..........  7% 13.9M 19m27s
#17 106.7 513500K .......... .......... .......... .......... ..........  7% 6.11M 19m27s
#17 106.7 513550K .......... .......... .......... .......... ..........  7% 5.96M 19m27s
#17 106.7 513600K .......... .......... .......... .......... ..........  7% 6.66M 19m27s
#17 106.7 513650K .......... .......... .......... .......... ..........  7% 9.90M 19m27s
#17 106.7 513700K .......... .......... .......... .......... ..........  7% 4.25M 19m27s
#17 106.7 513750K .......... .......... .......... .......... ..........  7% 7.23M 19m27s
#17 106.7 513800K .......... .......... .......... .......... ..........  7% 6.25M 19m27s
#17 106.7 513850K .......... .......... .......... .......... ..........  7% 6.61M 19m27s
#17 106.7 513900K .......... .......... .......... .......... ..........  7% 12.3M 19m27s
#17 106.7 513950K .......... .......... .......... .......... ..........  7% 7.93M 19m27s
#17 106.7 514000K .......... .......... .......... .......... ..........  7% 4.61M 19m27s
#17 106.7 514050K .......... .......... .......... .......... ..........  7% 14.2M 19m27s
#17 106.7 514100K .......... .......... .......... .......... ..........  7% 5.64M 19m27s
#17 106.8 514150K .......... .......... .......... .......... ..........  7% 3.75M 19m27s
#17 106.8 514200K .......... .......... .......... .......... ..........  7% 9.90M 19m27s
#17 106.8 514250K .......... .......... .......... .......... ..........  7% 4.06M 19m27s
#17 106.8 514300K .......... .......... .......... .......... ..........  7% 2.92M 19m27s
#17 106.8 514350K .......... .......... .......... .......... ..........  7% 8.82M 19m27s
#17 106.8 514400K .......... .......... .......... .......... ..........  7% 77.2M 19m27s
#17 106.8 514450K .......... .......... .......... .......... ..........  7% 13.2M 19m26s
#17 106.8 514500K .......... .......... .......... .......... ..........  7% 7.15M 19m26s
#17 106.8 514550K .......... .......... .......... .......... ..........  7% 8.34M 19m26s
#17 106.8 514600K .......... .......... .......... .......... ..........  7% 6.06M 19m26s
#17 106.8 514650K .......... .......... .......... .......... ..........  7% 7.90M 19m26s
#17 106.8 514700K .......... .......... .......... .......... ..........  7% 3.74M 19m26s
#17 106.9 514750K .......... .......... .......... .......... ..........  7% 2.79M 19m26s
#17 106.9 514800K .......... .......... .......... .......... ..........  7% 9.80M 19m26s
#17 106.9 514850K .......... .......... .......... .......... ..........  7% 4.75M 19m26s
#17 106.9 514900K .......... .......... .......... .......... ..........  7% 5.64M 19m26s
#17 106.9 514950K .......... .......... .......... .......... ..........  7% 17.8M 19m26s
#17 106.9 515000K .......... .......... .......... .......... ..........  7% 4.43M 19m26s
#17 106.9 515050K .......... .......... .......... .......... ..........  7% 27.5M 19m26s
#17 106.9 515100K .......... .......... .......... .......... ..........  7% 8.06M 19m26s
#17 106.9 515150K .......... .......... .......... .......... ..........  7% 6.82M 19m26s
#17 106.9 515200K .......... .......... .......... .......... ..........  7% 9.26M 19m26s
#17 106.9 515250K .......... .......... .......... .......... ..........  7% 5.16M 19m26s
#17 106.9 515300K .......... .......... .......... .......... ..........  7% 5.31M 19m26s
#17 106.9 515350K .......... .......... .......... .......... ..........  7%  831K 19m27s
#17 107.0 515400K .......... .......... .......... .......... ..........  7% 2.81M 19m27s
#17 107.0 515450K .......... .......... .......... .......... ..........  7% 2.02M 19m27s
#17 107.0 515500K .......... .......... .......... .......... ..........  7% 9.58M 19m27s
#17 107.1 515550K .......... .......... .......... .......... ..........  7% 2.52M 19m27s
#17 107.1 515600K .......... .......... .......... .......... ..........  7% 4.40M 19m27s
#17 107.1 515650K .......... .......... .......... .......... ..........  7% 9.54M 19m27s
#17 107.1 515700K .......... .......... .......... .......... ..........  7% 5.57M 19m27s
#17 107.1 515750K .......... .......... .......... .......... ..........  7% 6.95M 19m27s
#17 107.1 515800K .......... .......... .......... .......... ..........  7% 9.03M 19m27s
#17 107.1 515850K .......... .......... .......... .......... ..........  7% 10.7M 19m27s
#17 107.1 515900K .......... .......... .......... .......... ..........  7% 7.87M 19m27s
#17 107.1 515950K .......... .......... .......... .......... ..........  7% 7.67M 19m27s
#17 107.1 516000K .......... .......... .......... .......... ..........  7% 21.3M 19m26s
#17 107.1 516050K .......... .......... .......... .......... ..........  7% 7.20M 19m26s
#17 107.1 516100K .......... .......... .......... .......... ..........  7% 13.0M 19m26s
#17 107.1 516150K .......... .......... .......... .......... ..........  7% 11.5M 19m26s
#17 107.1 516200K .......... .......... .......... .......... ..........  7% 10.9M 19m26s
#17 107.1 516250K .......... .......... .......... .......... ..........  7% 80.4M 19m26s
#17 107.1 516300K .......... .......... .......... .......... ..........  7% 6.17M 19m26s
#17 107.2 516350K .......... .......... .......... .......... ..........  7% 41.0M 19m26s
#17 107.2 516400K .......... .......... .......... .......... ..........  7% 11.5M 19m26s
#17 107.2 516450K .......... .......... .......... .......... ..........  7% 9.45M 19m26s
#17 107.2 516500K .......... .......... .......... .......... ..........  7% 6.71M 19m26s
#17 107.2 516550K .......... .......... .......... .......... ..........  7% 3.10M 19m26s
#17 107.2 516600K .......... .......... .......... .......... ..........  7% 46.4M 19m26s
#17 107.2 516650K .......... .......... .......... .......... ..........  7% 46.8M 19m26s
#17 107.2 516700K .......... .......... .......... .......... ..........  7% 11.0M 19m26s
#17 107.2 516750K .......... .......... .......... .......... ..........  7% 26.4M 19m26s
#17 107.2 516800K .......... .......... .......... .......... ..........  7% 24.3M 19m25s
#17 107.2 516850K .......... .......... .......... .......... ..........  7% 5.67M 19m25s
#17 107.2 516900K .......... .......... .......... .......... ..........  7% 7.91M 19m25s
#17 107.2 516950K .......... .......... .......... .......... ..........  7% 5.82M 19m25s
#17 107.2 517000K .......... .......... .......... .......... ..........  7% 6.53M 19m25s
#17 107.2 517050K .......... .......... .......... .......... ..........  7% 3.53M 19m25s
#17 107.2 517100K .......... .......... .......... .......... ..........  7% 8.31M 19m25s
#17 107.3 517150K .......... .......... .......... .......... ..........  7% 4.84M 19m25s
#17 107.3 517200K .......... .......... .......... .......... ..........  7% 7.88M 19m25s
#17 107.3 517250K .......... .......... .......... .......... ..........  7% 4.74M 19m25s
#17 107.3 517300K .......... .......... .......... .......... ..........  7% 21.0M 19m25s
#17 107.3 517350K .......... .......... .......... .......... ..........  7% 3.57M 19m25s
#17 107.3 517400K .......... .......... .......... .......... ..........  7% 20.6M 19m25s
#17 107.3 517450K .......... .......... .......... .......... ..........  7% 7.53M 19m25s
#17 107.3 517500K .......... .......... .......... .......... ..........  7% 7.81M 19m25s
#17 107.3 517550K .......... .......... .......... .......... ..........  7% 9.87M 19m25s
#17 107.3 517600K .......... .......... .......... .......... ..........  7% 4.90M 19m25s
#17 107.3 517650K .......... .......... .......... .......... ..........  7% 5.95M 19m25s
#17 107.3 517700K .......... .......... .......... .......... ..........  7% 4.93M 19m25s
#17 107.3 517750K .......... .......... .......... .......... ..........  7% 3.33M 19m25s
#17 107.4 517800K .......... .......... .......... .......... ..........  7% 19.9M 19m25s
#17 107.4 517850K .......... .......... .......... .......... ..........  7% 5.65M 19m25s
#17 107.4 517900K .......... .......... .......... .......... ..........  7% 8.71M 19m25s
#17 107.4 517950K .......... .......... .......... .......... ..........  7% 9.15M 19m25s
#17 107.4 518000K .......... .......... .......... .......... ..........  7% 7.19M 19m25s
#17 107.4 518050K .......... .......... .......... .......... ..........  7% 8.52M 19m25s
#17 107.4 518100K .......... .......... .......... .......... ..........  7% 11.1M 19m25s
#17 107.4 518150K .......... .......... .......... .......... ..........  7% 3.89M 19m25s
#17 107.4 518200K .......... .......... .......... .......... ..........  7% 5.63M 19m25s
#17 107.4 518250K .......... .......... .......... .......... ..........  7% 4.56M 19m25s
#17 107.4 518300K .......... .......... .......... .......... ..........  7% 8.69M 19m25s
#17 107.4 518350K .......... .......... .......... .......... ..........  7% 5.76M 19m25s
#17 107.4 518400K .......... .......... .......... .......... ..........  7% 4.77M 19m25s
#17 107.5 518450K .......... .......... .......... .......... ..........  7% 5.72M 19m25s
#17 107.5 518500K .......... .......... .......... .......... ..........  7% 3.98M 19m25s
#17 107.5 518550K .......... .......... .......... .......... ..........  7% 22.3M 19m24s
#17 107.5 518600K .......... .......... .......... .......... ..........  7% 14.8M 19m24s
#17 107.5 518650K .......... .......... .......... .......... ..........  7% 4.54M 19m24s
#17 107.5 518700K .......... .......... .......... .......... ..........  7% 8.59M 19m24s
#17 107.5 518750K .......... .......... .......... .......... ..........  7% 7.80M 19m24s
#17 107.5 518800K .......... .......... .......... .......... ..........  7% 10.9M 19m24s
#17 107.5 518850K .......... .......... .......... .......... ..........  7% 3.24M 19m24s
#17 107.5 518900K .......... .......... .......... .......... ..........  7% 8.41M 19m24s
#17 107.5 518950K .......... .......... .......... .......... ..........  7% 5.66M 19m24s
#17 107.5 519000K .......... .......... .......... .......... ..........  7% 4.07M 19m24s
#17 107.5 519050K .......... .......... .......... .......... ..........  7% 5.48M 19m24s
#17 107.6 519100K .......... .......... .......... .......... ..........  7% 6.77M 19m24s
#17 107.6 519150K .......... .......... .......... .......... ..........  7% 9.26M 19m24s
#17 107.6 519200K .......... .......... .......... .......... ..........  7% 6.50M 19m24s
#17 107.6 519250K .......... .......... .......... .......... ..........  7% 7.67M 19m24s
#17 107.6 519300K .......... .......... .......... .......... ..........  7% 9.01M 19m24s
#17 107.6 519350K .......... .......... .......... .......... ..........  7% 3.43M 19m24s
#17 107.6 519400K .......... .......... .......... .......... ..........  7% 5.59M 19m24s
#17 107.6 519450K .......... .......... .......... .......... ..........  7% 3.26M 19m24s
#17 107.6 519500K .......... .......... .......... .......... ..........  7% 10.9M 19m24s
#17 107.6 519550K .......... .......... .......... .......... ..........  7% 6.45M 19m24s
#17 107.6 519600K .......... .......... .......... .......... ..........  7% 5.70M 19m24s
#17 107.6 519650K .......... .......... .......... .......... ..........  7% 6.88M 19m24s
#17 107.7 519700K .......... .......... .......... .......... ..........  7% 5.48M 19m24s
#17 107.7 519750K .......... .......... .......... .......... ..........  7% 9.66M 19m24s
#17 107.7 519800K .......... .......... .......... .......... ..........  7% 6.94M 19m24s
#17 107.7 519850K .......... .......... .......... .......... ..........  7% 6.39M 19m24s
#17 107.7 519900K .......... .......... .......... .......... ..........  7% 10.2M 19m24s
#17 107.7 519950K .......... .......... .......... .......... ..........  7% 6.65M 19m24s
#17 107.7 520000K .......... .......... .......... .......... ..........  7% 6.29M 19m24s
#17 107.7 520050K .......... .......... .......... .......... ..........  7% 5.16M 19m24s
#17 107.7 520100K .......... .......... .......... .......... ..........  7% 3.24M 19m24s
#17 107.7 520150K .......... .......... .......... .......... ..........  7% 4.39M 19m24s
#17 107.7 520200K .......... .......... .......... .......... ..........  7% 4.45M 19m24s
#17 107.8 520250K .......... .......... .......... .......... ..........  7% 4.69M 19m24s
#17 107.8 520300K .......... .......... .......... .......... ..........  7% 16.8M 19m24s
#17 107.8 520350K .......... .......... .......... .......... ..........  7% 8.44M 19m24s
#17 107.8 520400K .......... .......... .......... .......... ..........  7% 4.22M 19m24s
#17 107.8 520450K .......... .......... .......... .......... ..........  7% 14.2M 19m24s
#17 107.8 520500K .......... .......... .......... .......... ..........  7% 4.97M 19m24s
#17 107.8 520550K .......... .......... .......... .......... ..........  7% 8.69M 19m23s
#17 107.8 520600K .......... .......... .......... .......... ..........  7% 3.16M 19m24s
#17 107.8 520650K .......... .......... .......... .......... ..........  7% 4.77M 19m24s
#17 107.8 520700K .......... .......... .......... .......... ..........  7% 2.53M 19m24s
#17 107.8 520750K .......... .......... .......... .......... ..........  7% 12.7M 19m24s
#17 107.8 520800K .......... .......... .......... .......... ..........  7% 11.4M 19m24s
#17 107.8 520850K .......... .......... .......... .......... ..........  7% 69.3M 19m23s
#17 107.9 520900K .......... .......... .......... .......... ..........  7% 10.8M 19m23s
#17 107.9 520950K .......... .......... .......... .......... ..........  7% 25.5M 19m23s
#17 107.9 521000K .......... .......... .......... .......... ..........  7% 8.85M 19m23s
#17 107.9 521050K .......... .......... .......... .......... ..........  7% 10.3M 19m23s
#17 107.9 521100K .......... .......... .......... .......... ..........  7% 4.71M 19m23s
#17 107.9 521150K .......... .......... .......... .......... ..........  7% 8.64M 19m23s
#17 107.9 521200K .......... .......... .......... .......... ..........  7% 4.67M 19m23s
#17 107.9 521250K .......... .......... .......... .......... ..........  7% 6.57M 19m23s
#17 107.9 521300K .......... .......... .......... .......... ..........  7% 7.96M 19m23s
#17 107.9 521350K .......... .......... .......... .......... ..........  7% 4.50M 19m23s
#17 107.9 521400K .......... .......... .......... .......... ..........  7% 6.23M 19m23s
#17 107.9 521450K .......... .......... .......... .......... ..........  7% 9.22M 19m23s
#17 107.9 521500K .......... .......... .......... .......... ..........  7% 3.94M 19m23s
#17 107.9 521550K .......... .......... .......... .......... ..........  7% 7.78M 19m23s
#17 107.9 521600K .......... .......... .......... .......... ..........  7% 4.90M 19m23s
#17 108.0 521650K .......... .......... .......... .......... ..........  7% 16.2M 19m23s
#17 108.0 521700K .......... .......... .......... .......... ..........  7% 7.69M 19m23s
#17 108.0 521750K .......... .......... .......... .......... ..........  7% 6.43M 19m23s
#17 108.0 521800K .......... .......... .......... .......... ..........  7% 6.62M 19m23s
#17 108.0 521850K .......... .......... .......... .......... ..........  7% 3.33M 19m23s
#17 108.0 521900K .......... .......... .......... .......... ..........  7% 33.0M 19m23s
#17 108.0 521950K .......... .......... .......... .......... ..........  7% 7.32M 19m23s
#17 108.0 522000K .......... .......... .......... .......... ..........  7% 6.20M 19m23s
#17 108.0 522050K .......... .......... .......... .......... ..........  7% 5.17M 19m23s
#17 108.0 522100K .......... .......... .......... .......... ..........  7% 17.8M 19m23s
#17 108.0 522150K .......... .......... .......... .......... ..........  7% 3.69M 19m23s
#17 108.0 522200K .......... .......... .......... .......... ..........  7% 13.9M 19m22s
#17 108.0 522250K .......... .......... .......... .......... ..........  7% 7.26M 19m22s
#17 108.0 522300K .......... .......... .......... .......... ..........  7% 5.91M 19m22s
#17 108.1 522350K .......... .......... .......... .......... ..........  7% 3.49M 19m22s
#17 108.1 522400K .......... .......... .......... .......... ..........  7% 6.17M 19m22s
#17 108.1 522450K .......... .......... .......... .......... ..........  7% 7.20M 19m22s
#17 108.1 522500K .......... .......... .......... .......... ..........  7% 5.51M 19m22s
#17 108.1 522550K .......... .......... .......... .......... ..........  7% 13.9M 19m22s
#17 108.1 522600K .......... .......... .......... .......... ..........  7% 2.62M 19m22s
#17 108.1 522650K .......... .......... .......... .......... ..........  7% 14.0M 19m22s
#17 108.1 522700K .......... .......... .......... .......... ..........  7% 5.36M 19m22s
#17 108.1 522750K .......... .......... .......... .......... ..........  7% 8.32M 19m22s
#17 108.1 522800K .......... .......... .......... .......... ..........  7% 35.5M 19m22s
#17 108.1 522850K .......... .......... .......... .......... ..........  7% 7.60M 19m22s
#17 108.1 522900K .......... .......... .......... .......... ..........  7% 10.9M 19m22s
#17 108.1 522950K .......... .......... .......... .......... ..........  7% 8.37M 19m22s
#17 108.2 523000K .......... .......... .......... .......... ..........  7% 4.38M 19m22s
#17 108.2 523050K .......... .......... .......... .......... ..........  7% 8.32M 19m22s
#17 108.2 523100K .......... .......... .......... .......... ..........  7% 9.58M 19m22s
#17 108.2 523150K .......... .......... .......... .......... ..........  7% 4.64M 19m22s
#17 108.2 523200K .......... .......... .......... .......... ..........  7% 5.41M 19m22s
#17 108.2 523250K .......... .......... .......... .......... ..........  7% 9.95M 19m22s
#17 108.2 523300K .......... .......... .......... .......... ..........  7% 4.52M 19m22s
#17 108.2 523350K .......... .......... .......... .......... ..........  7% 6.92M 19m22s
#17 108.2 523400K .......... .......... .......... .......... ..........  7% 14.7M 19m22s
#17 108.2 523450K .......... .......... .......... .......... ..........  7% 12.1M 19m22s
#17 108.2 523500K .......... .......... .......... .......... ..........  7% 7.10M 19m22s
#17 108.2 523550K .......... .......... .......... .......... ..........  7% 3.56M 19m22s
#17 108.2 523600K .......... .......... .......... .......... ..........  7% 10.9M 19m22s
#17 108.3 523650K .......... .......... .......... .......... ..........  7% 7.53M 19m22s
#17 108.3 523700K .......... .......... .......... .......... ..........  7% 5.15M 19m22s
#17 108.3 523750K .......... .......... .......... .......... ..........  7% 8.74M 19m21s
#17 108.3 523800K .......... .......... .......... .......... ..........  7% 4.31M 19m22s
#17 108.3 523850K .......... .......... .......... .......... ..........  7% 10.4M 19m21s
#17 108.3 523900K .......... .......... .......... .......... ..........  7% 5.44M 19m21s
#17 108.3 523950K .......... .......... .......... .......... ..........  7% 6.42M 19m21s
#17 108.3 524000K .......... .......... .......... .......... ..........  7% 8.96M 19m21s
#17 108.3 524050K .......... .......... .......... .......... ..........  7% 5.76M 19m21s
#17 108.3 524100K .......... .......... .......... .......... ..........  7% 3.78M 19m21s
#17 108.3 524150K .......... .......... .......... .......... ..........  7% 45.0M 19m21s
#17 108.3 524200K .......... .......... .......... .......... ..........  7% 17.9M 19m21s
#17 108.3 524250K .......... .......... .......... .......... ..........  7% 7.08M 19m21s
#17 108.3 524300K .......... .......... .......... .......... ..........  7% 3.93M 19m21s
#17 108.4 524350K .......... .......... .......... .......... ..........  7% 6.39M 19m21s
#17 108.4 524400K .......... .......... .......... .......... ..........  7% 55.6M 19m21s
#17 108.4 524450K .......... .......... .......... .......... ..........  7% 6.08M 19m21s
#17 108.4 524500K .......... .......... .......... .......... ..........  7% 7.87M 19m21s
#17 108.4 524550K .......... .......... .......... .......... ..........  7% 3.74M 19m21s
#17 108.4 524600K .......... .......... .......... .......... ..........  7% 11.6M 19m21s
#17 108.4 524650K .......... .......... .......... .......... ..........  7% 3.37M 19m21s
#17 108.4 524700K .......... .......... .......... .......... ..........  7% 5.38M 19m21s
#17 108.4 524750K .......... .......... .......... .......... ..........  7% 2.95M 19m21s
#17 108.4 524800K .......... .......... .......... .......... ..........  7% 4.76M 19m21s
#17 108.4 524850K .......... .......... .......... .......... ..........  7% 4.47M 19m21s
#17 108.5 524900K .......... .......... .......... .......... ..........  7% 3.75M 19m21s
#17 108.5 524950K .......... .......... .......... .......... ..........  7% 4.85M 19m21s
#17 108.5 525000K .......... .......... .......... .......... ..........  7% 3.50M 19m21s
#17 108.5 525050K .......... .......... .......... .......... ..........  7% 20.3M 19m21s
#17 108.5 525100K .......... .......... .......... .......... ..........  7% 6.25M 19m21s
#17 108.5 525150K .......... .......... .......... .......... ..........  7% 4.68M 19m21s
#17 108.5 525200K .......... .......... .......... .......... ..........  7% 3.73M 19m21s
#17 108.5 525250K .......... .......... .......... .......... ..........  7% 14.4M 19m21s
#17 108.5 525300K .......... .......... .......... .......... ..........  7% 7.27M 19m21s
#17 108.5 525350K .......... .......... .......... .......... ..........  7% 4.85M 19m21s
#17 108.5 525400K .......... .......... .......... .......... ..........  7% 3.78M 19m21s
#17 108.6 525450K .......... .......... .......... .......... ..........  7% 18.2M 19m21s
#17 108.6 525500K .......... .......... .......... .......... ..........  7% 5.30M 19m21s
#17 108.6 525550K .......... .......... .......... .......... ..........  7% 3.85M 19m21s
#17 108.6 525600K .......... .......... .......... .......... ..........  7% 5.84M 19m21s
#17 108.6 525650K .......... .......... .......... .......... ..........  7% 5.77M 19m21s
#17 108.6 525700K .......... .......... .......... .......... ..........  7% 72.7M 19m21s
#17 108.6 525750K .......... .......... .......... .......... ..........  7% 6.17M 19m21s
#17 108.6 525800K .......... .......... .......... .......... ..........  7% 4.90M 19m21s
#17 108.6 525850K .......... .......... .......... .......... ..........  7% 8.94M 19m21s
#17 108.6 525900K .......... .......... .......... .......... ..........  7% 6.53M 19m21s
#17 108.6 525950K .......... .......... .......... .......... ..........  7% 4.87M 19m21s
#17 108.6 526000K .......... .......... .......... .......... ..........  7% 10.6M 19m21s
#17 108.6 526050K .......... .......... .......... .......... ..........  7% 8.75M 19m21s
#17 108.7 526100K .......... .......... .......... .......... ..........  7% 4.30M 19m21s
#17 108.7 526150K .......... .......... .......... .......... ..........  7% 11.2M 19m20s
#17 108.7 526200K .......... .......... .......... .......... ..........  7% 5.99M 19m20s
#17 108.7 526250K .......... .......... .......... .......... ..........  7% 6.67M 19m20s
#17 108.7 526300K .......... .......... .......... .......... ..........  7% 7.19M 19m20s
#17 108.7 526350K .......... .......... .......... .......... ..........  7% 7.37M 19m20s
#17 108.7 526400K .......... .......... .......... .......... ..........  7% 7.74M 19m20s
#17 108.7 526450K .......... .......... .......... .......... ..........  7% 8.63M 19m20s
#17 108.7 526500K .......... .......... .......... .......... ..........  7% 6.80M 19m20s
#17 108.7 526550K .......... .......... .......... .......... ..........  7% 5.79M 19m20s
#17 108.7 526600K .......... .......... .......... .......... ..........  7% 6.43M 19m20s
#17 108.7 526650K .......... .......... .......... .......... ..........  7% 7.07M 19m20s
#17 108.7 526700K .......... .......... .......... .......... ..........  7% 5.81M 19m20s
#17 108.7 526750K .......... .......... .......... .......... ..........  7% 7.30M 19m20s
#17 108.8 526800K .......... .......... .......... .......... ..........  7% 4.04M 19m20s
#17 108.8 526850K .......... .......... .......... .......... ..........  7% 13.5M 19m20s
#17 108.8 526900K .......... .......... .......... .......... ..........  7% 5.08M 19m20s
#17 108.8 526950K .......... .......... .......... .......... ..........  7% 12.3M 19m20s
#17 108.8 527000K .......... .......... .......... .......... ..........  7% 7.42M 19m20s
#17 108.8 527050K .......... .......... .......... .......... ..........  7% 9.20M 19m20s
#17 108.8 527100K .......... .......... .......... .......... ..........  7% 1.87M 19m20s
#17 108.8 527150K .......... .......... .......... .......... ..........  7% 2.80M 19m20s
#17 108.8 527200K .......... .......... .......... .......... ..........  7% 59.3M 19m20s
#17 108.8 527250K .......... .......... .......... .......... ..........  7% 58.0M 19m20s
#17 108.8 527300K .......... .......... .......... .......... ..........  7% 63.9M 19m20s
#17 108.8 527350K .......... .......... .......... .......... ..........  7% 13.0M 19m20s
#17 108.8 527400K .......... .......... .......... .......... ..........  7% 5.80M 19m20s
#17 108.9 527450K .......... .......... .......... .......... ..........  7% 6.20M 19m20s
#17 108.9 527500K .......... .......... .......... .......... ..........  7% 3.44M 19m20s
#17 108.9 527550K .......... .......... .......... .......... ..........  7% 23.9M 19m20s
#17 108.9 527600K .......... .......... .......... .......... ..........  7% 39.1M 19m19s
#17 108.9 527650K .......... .......... .......... .......... ..........  7% 11.4M 19m19s
#17 108.9 527700K .......... .......... .......... .......... ..........  7% 3.90M 19m19s
#17 108.9 527750K .......... .......... .......... .......... ..........  7% 40.8M 19m19s
#17 108.9 527800K .......... .......... .......... .......... ..........  7% 4.96M 19m19s
#17 108.9 527850K .......... .......... .......... .......... ..........  7% 4.67M 19m19s
#17 108.9 527900K .......... .......... .......... .......... ..........  7% 6.91M 19m19s
#17 108.9 527950K .......... .......... .......... .......... ..........  7% 3.60M 19m19s
#17 108.9 528000K .......... .......... .......... .......... ..........  7% 6.46M 19m19s
#17 108.9 528050K .......... .......... .......... .......... ..........  7% 9.72M 19m19s
#17 109.0 528100K .......... .......... .......... .......... ..........  7% 5.22M 19m19s
#17 109.0 528150K .......... .......... .......... .......... ..........  7% 4.99M 19m19s
#17 109.0 528200K .......... .......... .......... .......... ..........  7% 11.6M 19m19s
#17 109.0 528250K .......... .......... .......... .......... ..........  7% 5.15M 19m19s
#17 109.0 528300K .......... .......... .......... .......... ..........  7% 1.05M 19m20s
#17 109.0 528350K .......... .......... .......... .......... ..........  7% 3.42M 19m20s
#17 109.0 528400K .......... .......... .......... .......... ..........  7% 16.6M 19m20s
#17 109.0 528450K .......... .......... .......... .......... ..........  7% 4.11M 19m20s
#17 109.1 528500K .......... .......... .......... .......... ..........  7% 4.06M 19m20s
#17 109.1 528550K .......... .......... .......... .......... ..........  7% 36.1M 19m20s
#17 109.1 528600K .......... .......... .......... .......... ..........  7% 15.8M 19m19s
#17 109.1 528650K .......... .......... .......... .......... ..........  7% 5.10M 19m19s
#17 109.1 528700K .......... .......... .......... .......... ..........  7% 5.22M 19m19s
#17 109.1 528750K .......... .......... .......... .......... ..........  7% 7.35M 19m19s
#17 109.1 528800K .......... .......... .......... .......... ..........  7% 6.81M 19m19s
#17 109.1 528850K .......... .......... .......... .......... ..........  7% 7.43M 19m19s
#17 109.1 528900K .......... .......... .......... .......... ..........  7% 7.04M 19m19s
#17 109.1 528950K .......... .......... .......... .......... ..........  7% 8.01M 19m19s
#17 109.1 529000K .......... .......... .......... .......... ..........  7% 5.34M 19m19s
#17 109.1 529050K .......... .......... .......... .......... ..........  7% 8.83M 19m19s
#17 109.1 529100K .......... .......... .......... .......... ..........  7% 7.27M 19m19s
#17 109.2 529150K .......... .......... .......... .......... ..........  7% 3.93M 19m19s
#17 109.2 529200K .......... .......... .......... .......... ..........  7% 10.2M 19m19s
#17 109.2 529250K .......... .......... .......... .......... ..........  7% 3.69M 19m19s
#17 109.2 529300K .......... .......... .......... .......... ..........  7% 53.0M 19m19s
#17 109.2 529350K .......... .......... .......... .......... ..........  7% 3.61M 19m19s
#17 109.2 529400K .......... .......... .......... .......... ..........  7% 5.37M 19m19s
#17 109.2 529450K .......... .......... .......... .......... ..........  7% 29.4M 19m19s
#17 109.2 529500K .......... .......... .......... .......... ..........  7% 8.74M 19m19s
#17 109.2 529550K .......... .......... .......... .......... ..........  7% 4.48M 19m19s
#17 109.2 529600K .......... .......... .......... .......... ..........  7% 5.97M 19m19s
#17 109.2 529650K .......... .......... .......... .......... ..........  7% 5.34M 19m19s
#17 109.2 529700K .......... .......... .......... .......... ..........  7% 5.93M 19m19s
#17 109.2 529750K .......... .......... .......... .......... ..........  7% 23.7M 19m19s
#17 109.2 529800K .......... .......... .......... .......... ..........  7% 15.9M 19m19s
#17 109.3 529850K .......... .......... .......... .......... ..........  7% 4.52M 19m19s
#17 109.3 529900K .......... .......... .......... .......... ..........  7% 21.2M 19m19s
#17 109.3 529950K .......... .......... .......... .......... ..........  7% 5.31M 19m19s
#17 109.3 530000K .......... .......... .......... .......... ..........  7% 9.53M 19m19s
#17 109.3 530050K .......... .......... .......... .......... ..........  7% 11.9M 19m18s
#17 109.3 530100K .......... .......... .......... .......... ..........  7% 4.04M 19m18s
#17 109.3 530150K .......... .......... .......... .......... ..........  7% 7.20M 19m18s
#17 109.3 530200K .......... .......... .......... .......... ..........  7% 5.33M 19m18s
#17 109.3 530250K .......... .......... .......... .......... ..........  7% 7.28M 19m18s
#17 109.3 530300K .......... .......... .......... .......... ..........  7% 3.97M 19m18s
#17 109.3 530350K .......... .......... .......... .......... ..........  7% 13.7M 19m18s
#17 109.3 530400K .......... .......... .......... .......... ..........  7% 5.26M 19m18s
#17 109.3 530450K .......... .......... .......... .......... ..........  7% 4.53M 19m18s
#17 109.4 530500K .......... .......... .......... .......... ..........  7% 34.0M 19m18s
#17 109.4 530550K .......... .......... .......... .......... ..........  7% 54.8M 19m18s
#17 109.4 530600K .......... .......... .......... .......... ..........  7% 5.17M 19m18s
#17 109.4 530650K .......... .......... .......... .......... ..........  7% 4.26M 19m18s
#17 109.4 530700K .......... .......... .......... .......... ..........  7% 5.83M 19m18s
#17 109.4 530750K .......... .......... .......... .......... ..........  7% 61.1M 19m18s
#17 109.4 530800K .......... .......... .......... .......... ..........  7% 8.07M 19m18s
#17 109.4 530850K .......... .......... .......... .......... ..........  7% 5.92M 19m18s
#17 109.4 530900K .......... .......... .......... .......... ..........  7% 30.2M 19m18s
#17 109.4 530950K .......... .......... .......... .......... ..........  7% 6.04M 19m18s
#17 109.4 531000K .......... .......... .......... .......... ..........  7% 4.17M 19m18s
#17 109.4 531050K .......... .......... .......... .......... ..........  7% 5.85M 19m18s
#17 109.4 531100K .......... .......... .......... .......... ..........  7% 18.3M 19m18s
#17 109.4 531150K .......... .......... .......... .......... ..........  7% 1.84M 19m18s
#17 109.5 531200K .......... .......... .......... .......... ..........  7% 24.2M 19m18s
#17 109.5 531250K .......... .......... .......... .......... ..........  7% 46.3M 19m18s
#17 109.5 531300K .......... .......... .......... .......... ..........  7% 34.1M 19m18s
#17 109.5 531350K .......... .......... .......... .......... ..........  7% 3.58M 19m18s
#17 109.5 531400K .......... .......... .......... .......... ..........  7% 13.3M 19m18s
#17 109.5 531450K .......... .......... .......... .......... ..........  7% 3.38M 19m18s
#17 109.5 531500K .......... .......... .......... .......... ..........  7% 40.0M 19m18s
#17 109.5 531550K .......... .......... .......... .......... ..........  7% 3.08M 19m18s
#17 109.5 531600K .......... .......... .......... .......... ..........  7% 9.57M 19m18s
#17 109.5 531650K .......... .......... .......... .......... ..........  7% 2.21M 19m18s
#17 109.5 531700K .......... .......... .......... .......... ..........  7% 58.0M 19m18s
#17 109.5 531750K .......... .......... .......... .......... ..........  7% 3.38M 19m18s
#17 109.6 531800K .......... .......... .......... .......... ..........  7% 3.81M 19m18s
#17 109.6 531850K .......... .......... .......... .......... ..........  7% 5.68M 19m18s
#17 109.6 531900K .......... .......... .......... .......... ..........  7% 8.80M 19m18s
#17 109.6 531950K .......... .......... .......... .......... ..........  7% 8.76M 19m18s
#17 109.6 532000K .......... .......... .......... .......... ..........  7% 3.35M 19m18s
#17 109.6 532050K .......... .......... .......... .......... ..........  7% 49.4M 19m17s
#17 109.6 532100K .......... .......... .......... .......... ..........  7% 3.53M 19m18s
#17 109.6 532150K .......... .......... .......... .......... ..........  7% 16.8M 19m17s
#17 109.6 532200K .......... .......... .......... .......... ..........  7% 4.29M 19m17s
#17 109.6 532250K .......... .......... .......... .......... ..........  7% 5.80M 19m17s
#17 109.6 532300K .......... .......... .......... .......... ..........  7% 76.2M 19m17s
#17 109.6 532350K .......... .......... .......... .......... ..........  7% 2.35M 19m17s
#17 109.7 532400K .......... .......... .......... .......... ..........  7% 30.4M 19m17s
#17 109.7 532450K .......... .......... .......... .......... ..........  7% 2.61M 19m17s
#17 109.7 532500K .......... .......... .......... .......... ..........  7% 77.4M 19m17s
#17 109.7 532550K .......... .......... .......... .......... ..........  7% 78.0M 19m17s
#17 109.7 532600K .......... .......... .......... .......... ..........  7%  109M 19m17s
#17 109.7 532650K .......... .......... .......... .......... ..........  7% 9.50M 19m17s
#17 109.7 532700K .......... .......... .......... .......... ..........  7% 34.9M 19m17s
#17 109.7 532750K .......... .......... .......... .......... ..........  7% 72.1M 19m17s
#17 109.7 532800K .......... .......... .......... .......... ..........  7% 6.71M 19m17s
#17 109.7 532850K .......... .......... .......... .......... ..........  7% 7.95M 19m17s
#17 109.7 532900K .......... .......... .......... .......... ..........  7% 2.49M 19m17s
#17 109.7 532950K .......... .......... .......... .......... ..........  7% 4.78M 19m17s
#17 109.7 533000K .......... .......... .......... .......... ..........  7% 9.48M 19m17s
#17 109.7 533050K .......... .......... .......... .......... ..........  7% 5.85M 19m17s
#17 109.7 533100K .......... .......... .......... .......... ..........  7% 7.14M 19m17s
#17 109.8 533150K .......... .......... .......... .......... ..........  7% 11.0M 19m17s
#17 109.8 533200K .......... .......... .......... .......... ..........  7% 5.75M 19m17s
#17 109.8 533250K .......... .......... .......... .......... ..........  7% 7.34M 19m17s
#17 109.8 533300K .......... .......... .......... .......... ..........  7% 66.4M 19m17s
#17 109.8 533350K .......... .......... .......... .......... ..........  7% 4.29M 19m17s
#17 109.8 533400K .......... .......... .......... .......... ..........  7% 41.2M 19m16s
#17 109.8 533450K .......... .......... .......... .......... ..........  7% 15.7M 19m16s
#17 109.8 533500K .......... .......... .......... .......... ..........  7% 8.40M 19m16s
#17 109.8 533550K .......... .......... .......... .......... ..........  7% 3.53M 19m16s
#17 109.8 533600K .......... .......... .......... .......... ..........  7% 3.65M 19m16s
#17 109.8 533650K .......... .......... .......... .......... ..........  7% 5.55M 19m16s
#17 109.8 533700K .......... .......... .......... .......... ..........  7% 4.41M 19m16s
#17 109.8 533750K .......... .......... .......... .......... ..........  7% 1.83M 19m17s
#17 109.9 533800K .......... .......... .......... .......... ..........  7% 5.79M 19m17s
#17 109.9 533850K .......... .......... .......... .......... ..........  7% 42.8M 19m16s
#17 109.9 533900K .......... .......... .......... .......... ..........  7%  107M 19m16s
#17 109.9 533950K .......... .......... .......... .......... ..........  7% 4.41M 19m16s
#17 109.9 534000K .......... .......... .......... .......... ..........  7% 6.06M 19m16s
#17 109.9 534050K .......... .......... .......... .......... ..........  7% 11.6M 19m16s
#17 109.9 534100K .......... .......... .......... .......... ..........  7% 7.98M 19m16s
#17 109.9 534150K .......... .......... .......... .......... ..........  7% 4.08M 19m16s
#17 109.9 534200K .......... .......... .......... .......... ..........  7% 42.0M 19m16s
#17 109.9 534250K .......... .......... .......... .......... ..........  7% 28.7M 19m16s
#17 109.9 534300K .......... .......... .......... .......... ..........  7% 4.45M 19m16s
#17 109.9 534350K .......... .......... .......... .......... ..........  7% 6.70M 19m16s
#17 109.9 534400K .......... .......... .......... .......... ..........  7% 6.07M 19m16s
#17 110.0 534450K .......... .......... .......... .......... ..........  7% 6.25M 19m16s
#17 110.0 534500K .......... .......... .......... .......... ..........  7% 4.47M 19m16s
#17 110.0 534550K .......... .......... .......... .......... ..........  7% 14.1M 19m16s
#17 110.0 534600K .......... .......... .......... .......... ..........  7% 41.3M 19m16s
#17 110.0 534650K .......... .......... .......... .......... ..........  7% 6.20M 19m16s
#17 110.0 534700K .......... .......... .......... .......... ..........  7% 3.37M 19m16s
#17 110.0 534750K .......... .......... .......... .......... ..........  7% 54.1M 19m16s
#17 110.0 534800K .......... .......... .......... .......... ..........  7% 4.06M 19m16s
#17 110.0 534850K .......... .......... .......... .......... ..........  7% 46.3M 19m16s
#17 110.0 534900K .......... .......... .......... .......... ..........  7% 3.69M 19m16s
#17 110.0 534950K .......... .......... .......... .......... ..........  7% 6.61M 19m16s
#17 110.0 535000K .......... .......... .......... .......... ..........  7% 33.4M 19m16s
#17 110.0 535050K .......... .......... .......... .......... ..........  7% 3.17M 19m16s
#17 110.0 535100K .......... .......... .......... .......... ..........  7% 7.88M 19m16s
#17 110.1 535150K .......... .......... .......... .......... ..........  7% 3.31M 19m16s
#17 110.1 535200K .......... .......... .......... .......... ..........  7% 8.63M 19m16s
#17 110.1 535250K .......... .......... .......... .......... ..........  7% 4.18M 19m16s
#17 110.1 535300K .......... .......... .......... .......... ..........  7% 7.96M 19m16s
#17 110.1 535350K .......... .......... .......... .......... ..........  7% 6.90M 19m16s
#17 110.1 535400K .......... .......... .......... .......... ..........  7% 4.48M 19m16s
#17 110.1 535450K .......... .......... .......... .......... ..........  7% 7.57M 19m15s
#17 110.1 535500K .......... .......... .......... .......... ..........  7% 2.22M 19m16s
#17 110.1 535550K .......... .......... .......... .......... ..........  7% 79.7M 19m16s
#17 110.1 535600K .......... .......... .......... .......... ..........  7% 96.5M 19m15s
#17 110.1 535650K .......... .......... .......... .......... ..........  7% 7.78M 19m15s
#17 110.1 535700K .......... .......... .......... .......... ..........  7% 6.44M 19m15s
#17 110.2 535750K .......... .......... .......... .......... ..........  7% 5.25M 19m15s
#17 110.2 535800K .......... .......... .......... .......... ..........  7% 3.74M 19m15s
#17 110.2 535850K .......... .......... .......... .......... ..........  7% 2.61M 19m15s
#17 110.2 535900K .......... .......... .......... .......... ..........  7% 15.2M 19m15s
#17 110.2 535950K .......... .......... .......... .......... ..........  7% 2.28M 19m16s
#17 110.2 536000K .......... .......... .......... .......... ..........  7% 4.83M 19m16s
#17 110.2 536050K .......... .......... .......... .......... ..........  7% 4.30M 19m16s
#17 110.2 536100K .......... .......... .......... .......... ..........  7% 9.55M 19m15s
#17 110.2 536150K .......... .......... .......... .......... ..........  7% 4.19M 19m15s
#17 110.3 536200K .......... .......... .......... .......... ..........  7% 2.57M 19m16s
#17 110.3 536250K .......... .......... .......... .......... ..........  7% 61.5M 19m15s
#17 110.3 536300K .......... .......... .......... .......... ..........  7%  113M 19m15s
#17 110.3 536350K .......... .......... .......... .......... ..........  7%  119M 19m15s
#17 110.3 536400K .......... .......... .......... .......... ..........  7% 4.12M 19m15s
#17 110.3 536450K .......... .......... .......... .......... ..........  7% 8.32M 19m15s
#17 110.3 536500K .......... .......... .......... .......... ..........  7% 48.2M 19m15s
#17 110.3 536550K .......... .......... .......... .......... ..........  7% 6.00M 19m15s
#17 110.3 536600K .......... .......... .......... .......... ..........  7% 7.92M 19m15s
#17 110.3 536650K .......... .......... .......... .......... ..........  7% 8.09M 19m15s
#17 110.3 536700K .......... .......... .......... .......... ..........  7% 5.18M 19m15s
#17 110.3 536750K .......... .......... .......... .......... ..........  7% 4.02M 19m15s
#17 110.3 536800K .......... .......... .......... .......... ..........  7% 10.1M 19m15s
#17 110.3 536850K .......... .......... .......... .......... ..........  7% 8.40M 19m15s
#17 110.4 536900K .......... .......... .......... .......... ..........  7% 5.47M 19m15s
#17 110.4 536950K .......... .......... .......... .......... ..........  7% 4.68M 19m15s
#17 110.4 537000K .......... .......... .......... .......... ..........  7% 7.01M 19m15s
#17 110.4 537050K .......... .......... .......... .......... ..........  7% 3.06M 19m15s
#17 110.4 537100K .......... .......... .......... .......... ..........  7% 3.26M 19m15s
#17 110.4 537150K .......... .......... .......... .......... ..........  7% 22.3M 19m15s
#17 110.4 537200K .......... .......... .......... .......... ..........  7% 8.31M 19m15s
#17 110.4 537250K .......... .......... .......... .......... ..........  7% 9.68M 19m15s
#17 110.4 537300K .......... .......... .......... .......... ..........  7% 4.40M 19m15s
#17 110.4 537350K .......... .......... .......... .......... ..........  7% 6.87M 19m15s
#17 110.4 537400K .......... .......... .......... .......... ..........  7% 8.98M 19m15s
#17 110.4 537450K .......... .......... .......... .......... ..........  7% 4.12M 19m15s
#17 110.5 537500K .......... .......... .......... .......... ..........  7% 3.65M 19m15s
#17 110.5 537550K .......... .......... .......... .......... ..........  7% 22.2M 19m15s
#17 110.5 537600K .......... .......... .......... .......... ..........  7% 5.52M 19m15s
#17 110.5 537650K .......... .......... .......... .......... ..........  7% 4.58M 19m15s
#17 110.5 537700K .......... .......... .......... .......... ..........  7% 6.67M 19m15s
#17 110.5 537750K .......... .......... .......... .......... ..........  7% 4.27M 19m15s
#17 110.5 537800K .......... .......... .......... .......... ..........  7% 6.36M 19m15s
#17 110.5 537850K .......... .......... .......... .......... ..........  7% 7.90M 19m15s
#17 110.5 537900K .......... .......... .......... .......... ..........  7% 3.87M 19m15s
#17 110.5 537950K .......... .......... .......... .......... ..........  7% 7.08M 19m15s
#17 110.5 538000K .......... .......... .......... .......... ..........  7% 3.84M 19m15s
#17 110.6 538050K .......... .......... .......... .......... ..........  7% 6.96M 19m15s
#17 110.6 538100K .......... .......... .......... .......... ..........  7% 9.58M 19m15s
#17 110.6 538150K .......... .......... .......... .......... ..........  7% 7.28M 19m14s
#17 110.6 538200K .......... .......... .......... .......... ..........  7% 5.48M 19m14s
#17 110.6 538250K .......... .......... .......... .......... ..........  7% 3.78M 19m15s
#17 110.6 538300K .......... .......... .......... .......... ..........  7% 5.13M 19m15s
#17 110.6 538350K .......... .......... .......... .......... ..........  7% 4.79M 19m15s
#17 110.6 538400K .......... .......... .......... .......... ..........  7% 5.12M 19m14s
#17 110.6 538450K .......... .......... .......... .......... ..........  7% 43.7M 19m14s
#17 110.6 538500K .......... .......... .......... .......... ..........  7% 6.57M 19m14s
#17 110.6 538550K .......... .......... .......... .......... ..........  7% 4.12M 19m14s
#17 110.6 538600K .......... .......... .......... .......... ..........  7% 12.3M 19m14s
#17 110.7 538650K .......... .......... .......... .......... ..........  7% 1.20M 19m15s
#17 110.7 538700K .......... .......... .......... .......... ..........  7% 5.00M 19m15s
#17 110.7 538750K .......... .......... .......... .......... ..........  7% 5.40M 19m15s
#17 110.7 538800K .......... .......... .......... .......... ..........  7% 3.59M 19m15s
#17 110.7 538850K .......... .......... .......... .......... ..........  7% 10.3M 19m15s
#17 110.7 538900K .......... .......... .......... .......... ..........  7% 13.4M 19m15s
#17 110.7 538950K .......... .......... .......... .......... ..........  7% 4.35M 19m15s
#17 110.7 539000K .......... .......... .......... .......... ..........  7% 14.3M 19m14s
#17 110.7 539050K .......... .......... .......... .......... ..........  7% 4.29M 19m15s
#17 110.8 539100K .......... .......... .......... .......... ..........  7% 6.67M 19m14s
#17 110.8 539150K .......... .......... .......... .......... ..........  7% 4.01M 19m15s
#17 110.8 539200K .......... .......... .......... .......... ..........  7% 9.55M 19m14s
#17 110.8 539250K .......... .......... .......... .......... ..........  7% 3.43M 19m14s
#17 110.8 539300K .......... .......... .......... .......... ..........  7% 6.69M 19m14s
#17 110.8 539350K .......... .......... .......... .......... ..........  7% 4.27M 19m14s
#17 110.8 539400K .......... .......... .......... .......... ..........  7% 4.44M 19m14s
#17 110.8 539450K .......... .......... .......... .......... ..........  7% 25.6M 19m14s
#17 110.8 539500K .......... .......... .......... .......... ..........  7% 7.68M 19m14s
#17 110.8 539550K .......... .......... .......... .......... ..........  7% 6.68M 19m14s
#17 110.8 539600K .......... .......... .......... .......... ..........  7% 9.45M 19m14s
#17 110.8 539650K .......... .......... .......... .......... ..........  7% 3.54M 19m14s
#17 110.9 539700K .......... .......... .......... .......... ..........  7% 10.7M 19m14s
#17 110.9 539750K .......... .......... .......... .......... ..........  7% 3.51M 19m14s
#17 110.9 539800K .......... .......... .......... .......... ..........  7% 7.53M 19m14s
#17 110.9 539850K .......... .......... .......... .......... ..........  7% 2.35M 19m14s
#17 110.9 539900K .......... .......... .......... .......... ..........  7% 29.4M 19m14s
#17 110.9 539950K .......... .......... .......... .......... ..........  7% 4.77M 19m14s
#17 110.9 540000K .......... .......... .......... .......... ..........  7% 7.86M 19m14s
#17 110.9 540050K .......... .......... .......... .......... ..........  7% 6.74M 19m14s
#17 110.9 540100K .......... .......... .......... .......... ..........  7% 11.2M 19m14s
#17 110.9 540150K .......... .......... .......... .......... ..........  7% 6.89M 19m14s
#17 110.9 540200K .......... .......... .......... .......... ..........  7% 2.77M 19m14s
#17 111.0 540250K .......... .......... .......... .......... ..........  7% 2.47M 19m14s
#17 111.0 540300K .......... .......... .......... .......... ..........  7% 6.92M 19m14s
#17 111.0 540350K .......... .......... .......... .......... ..........  7% 8.22M 19m14s
#17 111.0 540400K .......... .......... .......... .......... ..........  7% 25.7M 19m14s
#17 111.0 540450K .......... .......... .......... .......... ..........  7% 7.37M 19m14s
#17 111.0 540500K .......... .......... .......... .......... ..........  7% 6.99M 19m14s
#17 111.0 540550K .......... .......... .......... .......... ..........  7% 7.89M 19m14s
#17 111.0 540600K .......... .......... .......... .......... ..........  7% 6.15M 19m14s
#17 111.0 540650K .......... .......... .......... .......... ..........  7% 4.82M 19m14s
#17 111.0 540700K .......... .......... .......... .......... ..........  7% 6.32M 19m14s
#17 111.0 540750K .......... .......... .......... .......... ..........  7% 7.41M 19m14s
#17 111.0 540800K .......... .......... .......... .......... ..........  7% 6.69M 19m14s
#17 111.1 540850K .......... .......... .......... .......... ..........  7% 6.88M 19m14s
#17 111.1 540900K .......... .......... .......... .......... ..........  7% 3.95M 19m14s
#17 111.1 540950K .......... .......... .......... .......... ..........  7% 3.96M 19m14s
#17 111.1 541000K .......... .......... .......... .......... ..........  7% 6.76M 19m14s
#17 111.1 541050K .......... .......... .......... .......... ..........  7% 3.67M 19m14s
#17 111.1 541100K .......... .......... .......... .......... ..........  7% 6.44M 19m14s
#17 111.1 541150K .......... .......... .......... .......... ..........  7% 8.21M 19m14s
#17 111.1 541200K .......... .......... .......... .......... ..........  7% 7.16M 19m14s
#17 111.1 541250K .......... .......... .......... .......... ..........  7% 4.87M 19m14s
#17 111.1 541300K .......... .......... .......... .......... ..........  7% 7.86M 19m14s
#17 111.1 541350K .......... .......... .......... .......... ..........  7% 4.87M 19m14s
#17 111.2 541400K .......... .......... .......... .......... ..........  7% 7.89M 19m14s
#17 111.2 541450K .......... .......... .......... .......... ..........  7% 9.80M 19m14s
#17 111.2 541500K .......... .......... .......... .......... ..........  7% 4.06M 19m14s
#17 111.2 541550K .......... .......... .......... .......... ..........  7% 4.49M 19m14s
#17 111.2 541600K .......... .......... .......... .......... ..........  7% 7.13M 19m14s
#17 111.2 541650K .......... .......... .......... .......... ..........  7% 5.32M 19m14s
#17 111.2 541700K .......... .......... .......... .......... ..........  7% 4.56M 19m14s
#17 111.2 541750K .......... .......... .......... .......... ..........  7% 7.97M 19m14s
#17 111.2 541800K .......... .......... .......... .......... ..........  7% 5.61M 19m14s
#17 111.2 541850K .......... .......... .......... .......... ..........  7% 5.72M 19m14s
#17 111.2 541900K .......... .......... .......... .......... ..........  7% 6.06M 19m14s
#17 111.2 541950K .......... .......... .......... .......... ..........  7% 6.43M 19m14s
#17 111.3 542000K .......... .......... .......... .......... ..........  8% 8.83M 19m13s
#17 111.3 542050K .......... .......... .......... .......... ..........  8% 2.98M 19m14s
#17 111.3 542100K .......... .......... .......... .......... ..........  8% 6.57M 19m13s
#17 111.3 542150K .......... .......... .......... .......... ..........  8% 5.76M 19m13s
#17 111.3 542200K .......... .......... .......... .......... ..........  8% 8.16M 19m13s
#17 111.3 542250K .......... .......... .......... .......... ..........  8% 3.46M 19m13s
#17 111.3 542300K .......... .......... .......... .......... ..........  8% 9.02M 19m13s
#17 111.3 542350K .......... .......... .......... .......... ..........  8% 4.60M 19m13s
#17 111.3 542400K .......... .......... .......... .......... ..........  8% 8.34M 19m13s
#17 111.3 542450K .......... .......... .......... .......... ..........  8% 4.69M 19m13s
#17 111.3 542500K .......... .......... .......... .......... ..........  8% 18.4M 19m13s
#17 111.3 542550K .......... .......... .......... .......... ..........  8% 6.58M 19m13s
#17 111.4 542600K .......... .......... .......... .......... ..........  8% 4.94M 19m13s
#17 111.4 542650K .......... .......... .......... .......... ..........  8% 6.14M 19m13s
#17 111.4 542700K .......... .......... .......... .......... ..........  8% 4.90M 19m13s
#17 111.4 542750K .......... .......... .......... .......... ..........  8% 3.72M 19m13s
#17 111.4 542800K .......... .......... .......... .......... ..........  8% 6.97M 19m13s
#17 111.4 542850K .......... .......... .......... .......... ..........  8% 4.79M 19m13s
#17 111.4 542900K .......... .......... .......... .......... ..........  8% 6.99M 19m13s
#17 111.4 542950K .......... .......... .......... .......... ..........  8% 6.46M 19m13s
#17 111.4 543000K .......... .......... .......... .......... ..........  8% 9.51M 19m13s
#17 111.4 543050K .......... .......... .......... .......... ..........  8% 3.96M 19m13s
#17 111.4 543100K .......... .......... .......... .......... ..........  8% 3.72M 19m13s
#17 111.5 543150K .......... .......... .......... .......... ..........  8% 9.81M 19m13s
#17 111.5 543200K .......... .......... .......... .......... ..........  8% 14.8M 19m13s
#17 111.5 543250K .......... .......... .......... .......... ..........  8% 6.24M 19m13s
#17 111.5 543300K .......... .......... .......... .......... ..........  8% 4.26M 19m13s
#17 111.5 543350K .......... .......... .......... .......... ..........  8% 4.27M 19m13s
#17 111.5 543400K .......... .......... .......... .......... ..........  8% 3.40M 19m13s
#17 111.5 543450K .......... .......... .......... .......... ..........  8% 8.21M 19m13s
#17 111.5 543500K .......... .......... .......... .......... ..........  8% 2.52M 19m13s
#17 111.5 543550K .......... .......... .......... .......... ..........  8% 5.10M 19m13s
#17 111.5 543600K .......... .......... .......... .......... ..........  8% 3.84M 19m13s
#17 111.6 543650K .......... .......... .......... .......... ..........  8% 2.74M 19m13s
#17 111.6 543700K .......... .......... .......... .......... ..........  8% 4.61M 19m13s
#17 111.6 543750K .......... .......... .......... .......... ..........  8% 5.81M 19m13s
#17 111.6 543800K .......... .......... .......... .......... ..........  8% 14.5M 19m13s
#17 111.6 543850K .......... .......... .......... .......... ..........  8% 4.50M 19m13s
#17 111.6 543900K .......... .......... .......... .......... ..........  8% 8.17M 19m13s
#17 111.6 543950K .......... .......... .......... .......... ..........  8% 11.4M 19m13s
#17 111.6 544000K .......... .......... .......... .......... ..........  8% 7.37M 19m13s
#17 111.6 544050K .......... .......... .......... .......... ..........  8% 10.4M 19m13s
#17 111.6 544100K .......... .......... .......... .......... ..........  8% 5.06M 19m13s
#17 111.6 544150K .......... .......... .......... .......... ..........  8% 8.93M 19m13s
#17 111.6 544200K .......... .......... .......... .......... ..........  8% 6.12M 19m13s
#17 111.7 544250K .......... .......... .......... .......... ..........  8% 5.30M 19m13s
#17 111.7 544300K .......... .......... .......... .......... ..........  8% 13.1M 19m13s
#17 111.7 544350K .......... .......... .......... .......... ..........  8% 5.33M 19m13s
#17 111.7 544400K .......... .......... .......... .......... ..........  8% 4.40M 19m13s
#17 111.7 544450K .......... .......... .......... .......... ..........  8% 9.01M 19m13s
#17 111.7 544500K .......... .......... .......... .......... ..........  8% 4.83M 19m13s
#17 111.7 544550K .......... .......... .......... .......... ..........  8% 3.65M 19m13s
#17 111.7 544600K .......... .......... .......... .......... ..........  8% 2.80M 19m13s
#17 111.7 544650K .......... .......... .......... .......... ..........  8% 4.43M 19m13s
#17 111.7 544700K .......... .......... .......... .......... ..........  8% 14.1M 19m13s
#17 111.7 544750K .......... .......... .......... .......... ..........  8% 4.49M 19m13s
#17 111.8 544800K .......... .......... .......... .......... ..........  8% 8.23M 19m13s
#17 111.8 544850K .......... .......... .......... .......... ..........  8% 5.33M 19m13s
#17 111.8 544900K .......... .......... .......... .......... ..........  8% 10.5M 19m13s
#17 111.8 544950K .......... .......... .......... .......... ..........  8% 4.94M 19m13s
#17 111.8 545000K .......... .......... .......... .......... ..........  8% 8.25M 19m13s
#17 111.8 545050K .......... .......... .......... .......... ..........  8% 11.8M 19m13s
#17 111.8 545100K .......... .......... .......... .......... ..........  8% 10.3M 19m13s
#17 111.8 545150K .......... .......... .......... .......... ..........  8% 6.54M 19m13s
#17 111.8 545200K .......... .......... .......... .......... ..........  8% 4.97M 19m13s
#17 111.8 545250K .......... .......... .......... .......... ..........  8% 7.33M 19m12s
#17 111.8 545300K .......... .......... .......... .......... ..........  8% 3.37M 19m13s
#17 111.9 545350K .......... .......... .......... .......... ..........  8% 9.02M 19m12s
#17 111.9 545400K .......... .......... .......... .......... ..........  8% 2.96M 19m13s
#17 111.9 545450K .......... .......... .......... .......... ..........  8% 2.56M 19m13s
#17 111.9 545500K .......... .......... .......... .......... ..........  8% 7.39M 19m13s
#17 111.9 545550K .......... .......... .......... .......... ..........  8% 5.77M 19m13s
#17 111.9 545600K .......... .......... .......... .......... ..........  8% 9.11M 19m13s
#17 111.9 545650K .......... .......... .......... .......... ..........  8% 16.9M 19m12s
#17 111.9 545700K .......... .......... .......... .......... ..........  8% 16.0M 19m12s
#17 111.9 545750K .......... .......... .......... .......... ..........  8% 3.91M 19m12s
#17 111.9 545800K .......... .......... .......... .......... ..........  8% 1.85M 19m13s
#17 111.9 545850K .......... .......... .......... .......... ..........  8% 3.81M 19m13s
#17 112.0 545900K .......... .......... .......... .......... ..........  8% 6.52M 19m13s
#17 112.0 545950K .......... .......... .......... .......... ..........  8% 3.41M 19m13s
#17 112.0 546000K .......... .......... .......... .......... ..........  8% 6.30M 19m13s
#17 112.0 546050K .......... .......... .......... .......... ..........  8% 6.13M 19m13s
#17 112.0 546100K .......... .......... .......... .......... ..........  8% 6.70M 19m13s
#17 112.0 546150K .......... .......... .......... .......... ..........  8% 4.54M 19m13s
#17 112.0 546200K .......... .......... .......... .......... ..........  8% 4.43M 19m13s
#17 112.0 546250K .......... .......... .......... .......... ..........  8% 4.91M 19m13s
#17 112.0 546300K .......... .......... .......... .......... ..........  8% 4.46M 19m13s
#17 112.0 546350K .......... .......... .......... .......... ..........  8% 9.28M 19m13s
#17 112.1 546400K .......... .......... .......... .......... ..........  8% 12.5M 19m12s
#17 112.1 546450K .......... .......... .......... .......... ..........  8% 1.89M 19m13s
#17 112.1 546500K .......... .......... .......... .......... ..........  8% 17.8M 19m13s
#17 112.1 546550K .......... .......... .......... .......... ..........  8%  110M 19m12s
#17 112.1 546600K .......... .......... .......... .......... ..........  8%  104M 19m12s
#17 112.1 546650K .......... .......... .......... .......... ..........  8% 3.90M 19m12s
#17 112.1 546700K .......... .......... .......... .......... ..........  8% 3.56M 19m12s
#17 112.1 546750K .......... .......... .......... .......... ..........  8% 4.35M 19m12s
#17 112.1 546800K .......... .......... .......... .......... ..........  8% 6.64M 19m12s
#17 112.1 546850K .......... .......... .......... .......... ..........  8% 26.9M 19m12s
#17 112.1 546900K .......... .......... .......... .......... ..........  8% 3.95M 19m12s
#17 112.1 546950K .......... .......... .......... .......... ..........  8% 17.7M 19m12s
#17 112.1 547000K .......... .......... .......... .......... ..........  8% 4.16M 19m12s
#17 112.2 547050K .......... .......... .......... .......... ..........  8% 14.9M 19m12s
#17 112.2 547100K .......... .......... .......... .......... ..........  8% 4.69M 19m12s
#17 112.2 547150K .......... .......... .......... .......... ..........  8% 7.91M 19m12s
#17 112.2 547200K .......... .......... .......... .......... ..........  8% 7.18M 19m12s
#17 112.2 547250K .......... .......... .......... .......... ..........  8% 6.01M 19m12s
#17 112.2 547300K .......... .......... .......... .......... ..........  8% 4.83M 19m12s
#17 112.2 547350K .......... .......... .......... .......... ..........  8% 2.92M 19m12s
#17 112.2 547400K .......... .......... .......... .......... ..........  8% 15.3M 19m12s
#17 112.2 547450K .......... .......... .......... .......... ..........  8% 2.86M 19m12s
#17 112.2 547500K .......... .......... .......... .......... ..........  8% 7.11M 19m12s
#17 112.3 547550K .......... .......... .......... .......... ..........  8% 9.53M 19m12s
#17 112.3 547600K .......... .......... .......... .......... ..........  8% 4.34M 19m12s
#17 112.3 547650K .......... .......... .......... .......... ..........  8% 4.27M 19m12s
#17 112.3 547700K .......... .......... .......... .......... ..........  8% 4.54M 19m12s
#17 112.3 547750K .......... .......... .......... .......... ..........  8% 15.0M 19m12s
#17 112.3 547800K .......... .......... .......... .......... ..........  8% 15.0M 19m12s
#17 112.3 547850K .......... .......... .......... .......... ..........  8% 4.93M 19m12s
#17 112.3 547900K .......... .......... .......... .......... ..........  8% 6.40M 19m12s
#17 112.3 547950K .......... .......... .......... .......... ..........  8% 5.29M 19m12s
#17 112.3 548000K .......... .......... .......... .......... ..........  8% 5.50M 19m12s
#17 112.3 548050K .......... .......... .......... .......... ..........  8% 6.64M 19m12s
#17 112.3 548100K .......... .......... .......... .......... ..........  8% 3.83M 19m12s
#17 112.4 548150K .......... .......... .......... .......... ..........  8% 47.1M 19m12s
#17 112.4 548200K .......... .......... .......... .......... ..........  8% 3.34M 19m12s
#17 112.4 548250K .......... .......... .......... .......... ..........  8% 4.20M 19m12s
#17 112.4 548300K .......... .......... .......... .......... ..........  8% 12.4M 19m12s
#17 112.4 548350K .......... .......... .......... .......... ..........  8% 4.06M 19m12s
#17 112.4 548400K .......... .......... .......... .......... ..........  8% 45.7M 19m12s
#17 112.4 548450K .......... .......... .......... .......... ..........  8% 5.13M 19m12s
#17 112.4 548500K .......... .......... .......... .......... ..........  8% 4.80M 19m12s
#17 112.4 548550K .......... .......... .......... .......... ..........  8% 6.27M 19m12s
#17 112.4 548600K .......... .......... .......... .......... ..........  8% 2.98M 19m12s
#17 112.4 548650K .......... .......... .......... .......... ..........  8% 5.64M 19m12s
#17 112.4 548700K .......... .......... .......... .......... ..........  8% 6.83M 19m12s
#17 112.5 548750K .......... .......... .......... .......... ..........  8% 19.8M 19m12s
#17 112.5 548800K .......... .......... .......... .......... ..........  8% 6.51M 19m12s
#17 112.5 548850K .......... .......... .......... .......... ..........  8% 4.85M 19m12s
#17 112.5 548900K .......... .......... .......... .......... ..........  8% 9.21M 19m12s
#17 112.5 548950K .......... .......... .......... .......... ..........  8% 6.46M 19m12s
#17 112.5 549000K .......... .......... .......... .......... ..........  8% 4.91M 19m12s
#17 112.5 549050K .......... .......... .......... .......... ..........  8% 5.82M 19m11s
#17 112.5 549100K .......... .......... .......... .......... ..........  8% 5.03M 19m11s
#17 112.5 549150K .......... .......... .......... .......... ..........  8% 4.39M 19m11s
#17 112.5 549200K .......... .......... .......... .......... ..........  8% 9.00M 19m11s
#17 112.5 549250K .......... .......... .......... .......... ..........  8% 3.83M 19m11s
#17 112.5 549300K .......... .......... .......... .......... ..........  8% 5.46M 19m11s
#17 112.6 549350K .......... .......... .......... .......... ..........  8% 14.8M 19m11s
#17 112.6 549400K .......... .......... .......... .......... ..........  8% 4.95M 19m11s
#17 112.6 549450K .......... .......... .......... .......... ..........  8% 10.9M 19m11s
#17 112.6 549500K .......... .......... .......... .......... ..........  8% 4.51M 19m11s
#17 112.6 549550K .......... .......... .......... .......... ..........  8% 5.74M 19m11s
#17 112.6 549600K .......... .......... .......... .......... ..........  8% 7.04M 19m11s
#17 112.6 549650K .......... .......... .......... .......... ..........  8% 5.08M 19m11s
#17 112.6 549700K .......... .......... .......... .......... ..........  8% 7.41M 19m11s
#17 112.6 549750K .......... .......... .......... .......... ..........  8% 5.45M 19m11s
#17 112.6 549800K .......... .......... .......... .......... ..........  8% 5.68M 19m11s
#17 112.6 549850K .......... .......... .......... .......... ..........  8% 3.36M 19m11s
#17 112.6 549900K .......... .......... .......... .......... ..........  8% 5.05M 19m11s
#17 112.7 549950K .......... .......... .......... .......... ..........  8% 4.95M 19m11s
#17 112.7 550000K .......... .......... .......... .......... ..........  8% 7.09M 19m11s
#17 112.7 550050K .......... .......... .......... .......... ..........  8% 8.47M 19m11s
#17 112.7 550100K .......... .......... .......... .......... ..........  8% 4.54M 19m11s
#17 112.7 550150K .......... .......... .......... .......... ..........  8% 6.92M 19m11s
#17 112.7 550200K .......... .......... .......... .......... ..........  8% 9.73M 19m11s
#17 112.7 550250K .......... .......... .......... .......... ..........  8% 3.66M 19m11s
#17 112.7 550300K .......... .......... .......... .......... ..........  8% 4.79M 19m11s
#17 112.7 550350K .......... .......... .......... .......... ..........  8% 8.23M 19m11s
#17 112.7 550400K .......... .......... .......... .......... ..........  8% 4.14M 19m11s
#17 112.7 550450K .......... .......... .......... .......... ..........  8% 5.84M 19m11s
#17 112.8 550500K .......... .......... .......... .......... ..........  8% 6.10M 19m11s
#17 112.8 550550K .......... .......... .......... .......... ..........  8% 3.20M 19m11s
#17 112.8 550600K .......... .......... .......... .......... ..........  8% 7.28M 19m11s
#17 112.8 550650K .......... .......... .......... .......... ..........  8% 29.5M 19m11s
#17 112.8 550700K .......... .......... .......... .......... ..........  8% 4.41M 19m11s
#17 112.8 550750K .......... .......... .......... .......... ..........  8% 10.8M 19m11s
#17 112.8 550800K .......... .......... .......... .......... ..........  8% 5.10M 19m11s
#17 112.8 550850K .......... .......... .......... .......... ..........  8% 5.17M 19m11s
#17 112.8 550900K .......... .......... .......... .......... ..........  8% 5.18M 19m11s
#17 112.8 550950K .......... .......... .......... .......... ..........  8% 5.24M 19m11s
#17 112.8 551000K .......... .......... .......... .......... ..........  8% 5.11M 19m11s
#17 112.8 551050K .......... .......... .......... .......... ..........  8% 4.98M 19m11s
#17 112.9 551100K .......... .......... .......... .......... ..........  8% 4.81M 19m11s
#17 112.9 551150K .......... .......... .......... .......... ..........  8% 8.19M 19m11s
#17 112.9 551200K .......... .......... .......... .......... ..........  8% 7.61M 19m11s
#17 112.9 551250K .......... .......... .......... .......... ..........  8% 14.6M 19m11s
#17 112.9 551300K .......... .......... .......... .......... ..........  8% 4.97M 19m11s
#17 112.9 551350K .......... .......... .......... .......... ..........  8% 18.3M 19m11s
#17 112.9 551400K .......... .......... .......... .......... ..........  8% 7.38M 19m11s
#17 112.9 551450K .......... .......... .......... .......... ..........  8% 4.37M 19m11s
#17 112.9 551500K .......... .......... .......... .......... ..........  8% 5.26M 19m11s
#17 112.9 551550K .......... .......... .......... .......... ..........  8% 7.44M 19m11s
#17 112.9 551600K .......... .......... .......... .......... ..........  8% 6.75M 19m11s
#17 112.9 551650K .......... .......... .......... .......... ..........  8% 6.71M 19m10s
#17 112.9 551700K .......... .......... .......... .......... ..........  8% 4.64M 19m10s
#17 113.0 551750K .......... .......... .......... .......... ..........  8% 8.17M 19m10s
#17 113.0 551800K .......... .......... .......... .......... ..........  8% 8.32M 19m10s
#17 113.0 551850K .......... .......... .......... .......... ..........  8% 3.44M 19m10s
#17 113.0 551900K .......... .......... .......... .......... ..........  8% 5.21M 19m10s
#17 113.0 551950K .......... .......... .......... .......... ..........  8% 5.48M 19m10s
#17 113.0 552000K .......... .......... .......... .......... ..........  8% 4.06M 19m10s
#17 113.0 552050K .......... .......... .......... .......... ..........  8% 9.17M 19m10s
#17 113.0 552100K .......... .......... .......... .......... ..........  8% 5.46M 19m10s
#17 113.0 552150K .......... .......... .......... .......... ..........  8% 8.16M 19m10s
#17 113.0 552200K .......... .......... .......... .......... ..........  8% 9.02M 19m10s
#17 113.0 552250K .......... .......... .......... .......... ..........  8% 7.65M 19m10s
#17 113.0 552300K .......... .......... .......... .......... ..........  8% 5.83M 19m10s
#17 113.0 552350K .......... .......... .......... .......... ..........  8% 9.42M 19m10s
#17 113.1 552400K .......... .......... .......... .......... ..........  8% 11.4M 19m10s
#17 113.1 552450K .......... .......... .......... .......... ..........  8% 7.10M 19m10s
#17 113.1 552500K .......... .......... .......... .......... ..........  8% 13.2M 19m10s
#17 113.1 552550K .......... .......... .......... .......... ..........  8% 6.89M 19m10s
#17 113.1 552600K .......... .......... .......... .......... ..........  8% 4.68M 19m10s
#17 113.1 552650K .......... .......... .......... .......... ..........  8% 9.24M 19m10s
#17 113.1 552700K .......... .......... .......... .......... ..........  8% 7.12M 19m10s
#17 113.1 552750K .......... .......... .......... .......... ..........  8% 4.19M 19m10s
#17 113.1 552800K .......... .......... .......... .......... ..........  8% 25.5M 19m10s
#17 113.1 552850K .......... .......... .......... .......... ..........  8% 7.28M 19m10s
#17 113.1 552900K .......... .......... .......... .......... ..........  8% 4.83M 19m10s
#17 113.1 552950K .......... .......... .......... .......... ..........  8% 4.03M 19m10s
#17 113.1 553000K .......... .......... .......... .......... ..........  8% 8.20M 19m10s
#17 113.2 553050K .......... .......... .......... .......... ..........  8% 15.5M 19m10s
#17 113.2 553100K .......... .......... .......... .......... ..........  8% 14.2M 19m10s
#17 113.2 553150K .......... .......... .......... .......... ..........  8% 7.11M 19m10s
#17 113.2 553200K .......... .......... .......... .......... ..........  8% 9.98M 19m10s
#17 113.2 553250K .......... .......... .......... .......... ..........  8% 4.96M 19m10s
#17 113.2 553300K .......... .......... .......... .......... ..........  8% 14.1M 19m9s
#17 113.2 553350K .......... .......... .......... .......... ..........  8% 4.12M 19m9s
#17 113.2 553400K .......... .......... .......... .......... ..........  8% 12.5M 19m9s
#17 113.2 553450K .......... .......... .......... .......... ..........  8% 3.80M 19m9s
#17 113.2 553500K .......... .......... .......... .......... ..........  8% 11.1M 19m9s
#17 113.2 553550K .......... .......... .......... .......... ..........  8% 5.05M 19m9s
#17 113.2 553600K .......... .......... .......... .......... ..........  8% 14.6M 19m9s
#17 113.2 553650K .......... .......... .......... .......... ..........  8% 3.68M 19m9s
#17 113.2 553700K .......... .......... .......... .......... ..........  8% 5.49M 19m9s
#17 113.2 553750K .......... .......... .......... .......... ..........  8% 7.59M 19m9s
#17 113.3 553800K .......... .......... .......... .......... ..........  8% 9.25M 19m9s
#17 113.3 553850K .......... .......... .......... .......... ..........  8% 4.87M 19m9s
#17 113.3 553900K .......... .......... .......... .......... ..........  8% 14.1M 19m9s
#17 113.3 553950K .......... .......... .......... .......... ..........  8% 8.26M 19m9s
#17 113.3 554000K .......... .......... .......... .......... ..........  8% 5.08M 19m9s
#17 113.3 554050K .......... .......... .......... .......... ..........  8% 8.53M 19m9s
#17 113.3 554100K .......... .......... .......... .......... ..........  8% 7.60M 19m9s
#17 113.3 554150K .......... .......... .......... .......... ..........  8% 8.18M 19m9s
#17 113.3 554200K .......... .......... .......... .......... ..........  8% 6.77M 19m9s
#17 113.3 554250K .......... .......... .......... .......... ..........  8% 7.87M 19m9s
#17 113.3 554300K .......... .......... .......... .......... ..........  8% 4.42M 19m9s
#17 113.3 554350K .......... .......... .......... .......... ..........  8% 11.9M 19m9s
#17 113.3 554400K .......... .......... .......... .......... ..........  8% 8.45M 19m9s
#17 113.3 554450K .......... .......... .......... .......... ..........  8% 7.13M 19m9s
#17 113.3 554500K .......... .......... .......... .......... ..........  8% 4.19M 19m9s
#17 113.4 554550K .......... .......... .......... .......... ..........  8% 7.71M 19m9s
#17 113.4 554600K .......... .......... .......... .......... ..........  8% 9.64M 19m9s
#17 113.4 554650K .......... .......... .......... .......... ..........  8% 8.38M 19m9s
#17 113.4 554700K .......... .......... .......... .......... ..........  8% 4.96M 19m9s
#17 113.4 554750K .......... .......... .......... .......... ..........  8% 79.5M 19m8s
#17 113.4 554800K .......... .......... .......... .......... ..........  8% 5.71M 19m8s
#17 113.4 554850K .......... .......... .......... .......... ..........  8% 4.16M 19m8s
#17 113.4 554900K .......... .......... .......... .......... ..........  8% 7.09M 19m8s
#17 113.4 554950K .......... .......... .......... .......... ..........  8% 5.18M 19m8s
#17 113.4 555000K .......... .......... .......... .......... ..........  8% 7.21M 19m8s
#17 113.4 555050K .......... .......... .......... .......... ..........  8% 6.38M 19m8s
#17 113.4 555100K .......... .......... .......... .......... ..........  8% 11.9M 19m8s
#17 113.4 555150K .......... .......... .......... .......... ..........  8% 7.90M 19m8s
#17 113.4 555200K .......... .......... .......... .......... ..........  8% 5.40M 19m8s
#17 113.5 555250K .......... .......... .......... .......... ..........  8% 5.42M 19m8s
#17 113.5 555300K .......... .......... .......... .......... ..........  8% 21.8M 19m8s
#17 113.5 555350K .......... .......... .......... .......... ..........  8% 7.66M 19m8s
#17 113.5 555400K .......... .......... .......... .......... ..........  8% 14.1M 19m8s
#17 113.5 555450K .......... .......... .......... .......... ..........  8% 5.28M 19m8s
#17 113.5 555500K .......... .......... .......... .......... ..........  8% 5.29M 19m8s
#17 113.5 555550K .......... .......... .......... .......... ..........  8% 7.68M 19m8s
#17 113.5 555600K .......... .......... .......... .......... ..........  8% 4.99M 19m8s
#17 113.5 555650K .......... .......... .......... .......... ..........  8% 5.38M 19m8s
#17 113.5 555700K .......... .......... .......... .......... ..........  8% 9.69M 19m8s
#17 113.5 555750K .......... .......... .......... .......... ..........  8% 8.10M 19m8s
#17 113.5 555800K .......... .......... .......... .......... ..........  8% 5.60M 19m8s
#17 113.5 555850K .......... .......... .......... .......... ..........  8% 7.00M 19m8s
#17 113.5 555900K .......... .......... .......... .......... ..........  8% 9.97M 19m8s
#17 113.6 555950K .......... .......... .......... .......... ..........  8% 4.73M 19m8s
#17 113.6 556000K .......... .......... .......... .......... ..........  8% 9.19M 19m8s
#17 113.6 556050K .......... .......... .......... .......... ..........  8% 9.43M 19m8s
#17 113.6 556100K .......... .......... .......... .......... ..........  8% 7.10M 19m8s
#17 113.6 556150K .......... .......... .......... .......... ..........  8% 4.71M 19m8s
#17 113.6 556200K .......... .......... .......... .......... ..........  8% 5.63M 19m8s
#17 113.6 556250K .......... .......... .......... .......... ..........  8% 4.24M 19m8s
#17 113.6 556300K .......... .......... .......... .......... ..........  8% 6.97M 19m8s
#17 113.6 556350K .......... .......... .......... .......... ..........  8% 32.2M 19m7s
#17 113.6 556400K .......... .......... .......... .......... ..........  8% 1.55M 19m8s
#17 113.7 556450K .......... .......... .......... .......... ..........  8% 4.16M 19m8s
#17 113.7 556500K .......... .......... .......... .......... ..........  8% 16.6M 19m8s
#17 113.7 556550K .......... .......... .......... .......... ..........  8% 4.42M 19m8s
#17 113.7 556600K .......... .......... .......... .......... ..........  8% 8.23M 19m8s
#17 113.7 556650K .......... .......... .......... .......... ..........  8% 5.69M 19m8s
#17 113.7 556700K .......... .......... .......... .......... ..........  8% 4.90M 19m8s
#17 113.7 556750K .......... .......... .......... .......... ..........  8% 4.78M 19m8s
#17 113.7 556800K .......... .......... .......... .......... ..........  8% 36.5M 19m8s
#17 113.7 556850K .......... .......... .......... .......... ..........  8% 5.13M 19m8s
#17 113.7 556900K .......... .......... .......... .......... ..........  8% 25.9M 19m7s
#17 113.7 556950K .......... .......... .......... .......... ..........  8% 6.54M 19m7s
#17 113.7 557000K .......... .......... .......... .......... ..........  8% 8.37M 19m7s
#17 113.7 557050K .......... .......... .......... .......... ..........  8% 8.74M 19m7s
#17 113.7 557100K .......... .......... .......... .......... ..........  8% 6.82M 19m7s
#17 113.8 557150K .......... .......... .......... .......... ..........  8% 9.87M 19m7s
#17 113.8 557200K .......... .......... .......... .......... ..........  8% 4.39M 19m7s
#17 113.8 557250K .......... .......... .......... .......... ..........  8% 5.97M 19m7s
#17 113.8 557300K .......... .......... .......... .......... ..........  8% 9.29M 19m7s
#17 113.8 557350K .......... .......... .......... .......... ..........  8% 6.38M 19m7s
#17 113.8 557400K .......... .......... .......... .......... ..........  8% 3.82M 19m7s
#17 113.8 557450K .......... .......... .......... .......... ..........  8% 11.7M 19m7s
#17 113.8 557500K .......... .......... .......... .......... ..........  8% 5.34M 19m7s
#17 113.8 557550K .......... .......... .......... .......... ..........  8% 8.52M 19m7s
#17 113.8 557600K .......... .......... .......... .......... ..........  8% 14.8M 19m7s
#17 113.8 557650K .......... .......... .......... .......... ..........  8% 5.37M 19m7s
#17 113.8 557700K .......... .......... .......... .......... ..........  8% 6.01M 19m7s
#17 113.8 557750K .......... .......... .......... .......... ..........  8% 7.62M 19m7s
#17 113.8 557800K .......... .......... .......... .......... ..........  8% 11.5M 19m7s
#17 113.9 557850K .......... .......... .......... .......... ..........  8% 11.3M 19m7s
#17 113.9 557900K .......... .......... .......... .......... ..........  8% 4.52M 19m7s
#17 113.9 557950K .......... .......... .......... .......... ..........  8% 6.68M 19m7s
#17 113.9 558000K .......... .......... .......... .......... ..........  8% 6.41M 19m7s
#17 113.9 558050K .......... .......... .......... .......... ..........  8% 5.35M 19m7s
#17 113.9 558100K .......... .......... .......... .......... ..........  8% 6.40M 19m7s
#17 113.9 558150K .......... .......... .......... .......... ..........  8% 9.13M 19m7s
#17 113.9 558200K .......... .......... .......... .......... ..........  8% 5.33M 19m7s
#17 113.9 558250K .......... .......... .......... .......... ..........  8% 8.34M 19m7s
#17 113.9 558300K .......... .......... .......... .......... ..........  8% 11.9M 19m6s
#17 113.9 558350K .......... .......... .......... .......... ..........  8% 9.75M 19m6s
#17 113.9 558400K .......... .......... .......... .......... ..........  8% 5.69M 19m6s
#17 113.9 558450K .......... .......... .......... .......... ..........  8% 5.34M 19m6s
#17 113.9 558500K .......... .......... .......... .......... ..........  8% 4.98M 19m6s
#17 114.0 558550K .......... .......... .......... .......... ..........  8% 6.07M 19m6s
#17 114.0 558600K .......... .......... .......... .......... ..........  8% 3.92M 19m6s
#17 114.0 558650K .......... .......... .......... .......... ..........  8% 3.46M 19m6s
#17 114.0 558700K .......... .......... .......... .......... ..........  8% 13.9M 19m6s
#17 114.0 558750K .......... .......... .......... .......... ..........  8% 4.52M 19m6s
#17 114.0 558800K .......... .......... .......... .......... ..........  8% 18.7M 19m6s
#17 114.0 558850K .......... .......... .......... .......... ..........  8% 71.6M 19m6s
#17 114.0 558900K .......... .......... .......... .......... ..........  8% 5.68M 19m6s
#17 114.0 558950K .......... .......... .......... .......... ..........  8% 8.53M 19m6s
#17 114.0 559000K .......... .......... .......... .......... ..........  8% 9.94M 19m6s
#17 114.0 559050K .......... .......... .......... .......... ..........  8% 11.8M 19m6s
#17 114.0 559100K .......... .......... .......... .......... ..........  8% 4.59M 19m6s
#17 114.0 559150K .......... .......... .......... .......... ..........  8% 5.80M 19m6s
#17 114.0 559200K .......... .......... .......... .......... ..........  8% 2.22M 19m6s
#17 114.1 559250K .......... .......... .......... .......... ..........  8% 39.1M 19m6s
#17 114.1 559300K .......... .......... .......... .......... ..........  8% 7.50M 19m6s
#17 114.1 559350K .......... .......... .......... .......... ..........  8% 11.3M 19m6s
#17 114.1 559400K .......... .......... .......... .......... ..........  8% 9.93M 19m6s
#17 114.1 559450K .......... .......... .......... .......... ..........  8% 7.11M 19m6s
#17 114.1 559500K .......... .......... .......... .......... ..........  8% 10.9M 19m6s
#17 114.1 559550K .......... .......... .......... .......... ..........  8% 5.70M 19m6s
#17 114.1 559600K .......... .......... .......... .......... ..........  8% 5.96M 19m6s
#17 114.1 559650K .......... .......... .......... .......... ..........  8% 8.48M 19m6s
#17 114.1 559700K .......... .......... .......... .......... ..........  8% 26.2M 19m6s
#17 114.1 559750K .......... .......... .......... .......... ..........  8% 4.14M 19m6s
#17 114.1 559800K .......... .......... .......... .......... ..........  8% 8.04M 19m6s
#17 114.1 559850K .......... .......... .......... .......... ..........  8% 9.67M 19m6s
#17 114.1 559900K .......... .......... .......... .......... ..........  8% 6.27M 19m6s
#17 114.2 559950K .......... .......... .......... .......... ..........  8% 6.22M 19m5s
#17 114.2 560000K .......... .......... .......... .......... ..........  8% 4.17M 19m6s
#17 114.2 560050K .......... .......... .......... .......... ..........  8% 7.06M 19m5s
#17 114.2 560100K .......... .......... .......... .......... ..........  8% 5.90M 19m5s
#17 114.2 560150K .......... .......... .......... .......... ..........  8% 12.9M 19m5s
#17 114.2 560200K .......... .......... .......... .......... ..........  8% 5.92M 19m5s
#17 114.2 560250K .......... .......... .......... .......... ..........  8% 8.78M 19m5s
#17 114.2 560300K .......... .......... .......... .......... ..........  8% 5.55M 19m5s
#17 114.2 560350K .......... .......... .......... .......... ..........  8% 11.1M 19m5s
#17 114.2 560400K .......... .......... .......... .......... ..........  8% 7.91M 19m5s
#17 114.2 560450K .......... .......... .......... .......... ..........  8% 4.78M 19m5s
#17 114.2 560500K .......... .......... .......... .......... ..........  8% 7.17M 19m5s
#17 114.2 560550K .......... .......... .......... .......... ..........  8% 10.6M 19m5s
#17 114.2 560600K .......... .......... .......... .......... ..........  8% 4.66M 19m5s
#17 114.3 560650K .......... .......... .......... .......... ..........  8% 9.07M 19m5s
#17 114.3 560700K .......... .......... .......... .......... ..........  8% 5.17M 19m5s
#17 114.3 560750K .......... .......... .......... .......... ..........  8% 5.85M 19m5s
#17 114.3 560800K .......... .......... .......... .......... ..........  8% 5.63M 19m5s
#17 114.3 560850K .......... .......... .......... .......... ..........  8% 9.30M 19m5s
#17 114.3 560900K .......... .......... .......... .......... ..........  8% 9.80M 19m5s
#17 114.3 560950K .......... .......... .......... .......... ..........  8% 9.47M 19m5s
#17 114.3 561000K .......... .......... .......... .......... ..........  8% 17.9M 19m5s
#17 114.3 561050K .......... .......... .......... .......... ..........  8% 4.57M 19m5s
#17 114.3 561100K .......... .......... .......... .......... ..........  8% 9.99M 19m5s
#17 114.3 561150K .......... .......... .......... .......... ..........  8% 4.73M 19m5s
#17 114.3 561200K .......... .......... .......... .......... ..........  8% 7.28M 19m5s
#17 114.3 561250K .......... .......... .......... .......... ..........  8% 7.09M 19m5s
#17 114.3 561300K .......... .......... .......... .......... ..........  8% 6.08M 19m5s
#17 114.4 561350K .......... .......... .......... .......... ..........  8% 6.92M 19m5s
#17 114.4 561400K .......... .......... .......... .......... ..........  8% 5.61M 19m5s
#17 114.4 561450K .......... .......... .......... .......... ..........  8% 5.70M 19m5s
#17 114.4 561500K .......... .......... .......... .......... ..........  8% 6.90M 19m5s
#17 114.4 561550K .......... .......... .......... .......... ..........  8% 6.57M 19m4s
#17 114.4 561600K .......... .......... .......... .......... ..........  8% 8.75M 19m4s
#17 114.4 561650K .......... .......... .......... .......... ..........  8% 10.5M 19m4s
#17 114.4 561700K .......... .......... .......... .......... ..........  8% 4.97M 19m4s
#17 114.4 561750K .......... .......... .......... .......... ..........  8% 4.18M 19m4s
#17 114.4 561800K .......... .......... .......... .......... ..........  8% 6.54M 19m4s
#17 114.4 561850K .......... .......... .......... .......... ..........  8% 10.6M 19m4s
#17 114.4 561900K .......... .......... .......... .......... ..........  8% 6.83M 19m4s
#17 114.4 561950K .......... .......... .......... .......... ..........  8% 6.40M 19m4s
#17 114.5 562000K .......... .......... .......... .......... ..........  8% 4.38M 19m4s
#17 114.5 562050K .......... .......... .......... .......... ..........  8% 14.3M 19m4s
#17 114.5 562100K .......... .......... .......... .......... ..........  8% 5.02M 19m4s
#17 114.5 562150K .......... .......... .......... .......... ..........  8% 15.6M 19m4s
#17 114.5 562200K .......... .......... .......... .......... ..........  8% 4.90M 19m4s
#17 114.5 562250K .......... .......... .......... .......... ..........  8% 6.43M 19m4s
#17 114.5 562300K .......... .......... .......... .......... ..........  8% 7.26M 19m4s
#17 114.5 562350K .......... .......... .......... .......... ..........  8% 32.3M 19m4s
#17 114.5 562400K .......... .......... .......... .......... ..........  8%  468K 19m5s
#17 114.6 562450K .......... .......... .......... .......... ..........  8% 5.64M 19m5s
#17 114.6 562500K .......... .......... .......... .......... ..........  8% 9.94M 19m5s
#17 114.6 562550K .......... .......... .......... .......... ..........  8% 5.67M 19m5s
#17 114.6 562600K .......... .......... .......... .......... ..........  8% 5.11M 19m5s
#17 114.6 562650K .......... .......... .......... .......... ..........  8% 10.4M 19m5s
#17 114.7 562700K .......... .......... .......... .......... ..........  8% 27.0M 19m5s
#17 114.7 562750K .......... .......... .......... .......... ..........  8% 9.03M 19m5s
#17 114.7 562800K .......... .......... .......... .......... ..........  8% 9.41M 19m5s
#17 114.7 562850K .......... .......... .......... .......... ..........  8% 11.2M 19m5s
#17 114.7 562900K .......... .......... .......... .......... ..........  8% 33.0M 19m5s
#17 114.7 562950K .......... .......... .......... .......... ..........  8% 6.11M 19m4s
#17 114.7 563000K .......... .......... .......... .......... ..........  8% 3.23M 19m5s
#17 114.7 563050K .......... .......... .......... .......... ..........  8% 4.74M 19m5s
#17 114.7 563100K .......... .......... .......... .......... ..........  8% 6.94M 19m5s
#17 114.7 563150K .......... .......... .......... .......... ..........  8% 5.05M 19m5s
#17 114.7 563200K .......... .......... .......... .......... ..........  8% 38.4M 19m4s
#17 114.7 563250K .......... .......... .......... .......... ..........  8% 52.3M 19m4s
#17 114.7 563300K .......... .......... .......... .......... ..........  8% 12.1M 19m4s
#17 114.7 563350K .......... .......... .......... .......... ..........  8% 8.94M 19m4s
#17 114.7 563400K .......... .......... .......... .......... ..........  8% 73.2M 19m4s
#17 114.7 563450K .......... .......... .......... .......... ..........  8% 55.4M 19m4s
#17 114.7 563500K .......... .......... .......... .......... ..........  8% 3.76M 19m4s
#17 114.7 563550K .......... .......... .......... .......... ..........  8% 51.5M 19m4s
#17 114.7 563600K .......... .......... .......... .......... ..........  8% 10.3M 19m4s
#17 114.8 563650K .......... .......... .......... .......... ..........  8% 3.76M 19m4s
#17 114.8 563700K .......... .......... .......... .......... ..........  8% 41.5M 19m4s
#17 114.8 563750K .......... .......... .......... .......... ..........  8% 53.3M 19m4s
#17 114.8 563800K .......... .......... .......... .......... ..........  8% 12.2M 19m4s
#17 114.8 563850K .......... .......... .......... .......... ..........  8% 5.49M 19m4s
#17 114.8 563900K .......... .......... .......... .......... ..........  8% 9.47M 19m4s
#17 114.8 563950K .......... .......... .......... .......... ..........  8% 4.47M 19m4s
#17 114.8 564000K .......... .......... .......... .......... ..........  8% 12.4M 19m4s
#17 114.8 564050K .......... .......... .......... .......... ..........  8% 4.88M 19m4s
#17 114.8 564100K .......... .......... .......... .......... ..........  8% 19.3M 19m3s
#17 114.8 564150K .......... .......... .......... .......... ..........  8% 4.50M 19m3s
#17 114.8 564200K .......... .......... .......... .......... ..........  8% 4.65M 19m3s
#17 114.8 564250K .......... .......... .......... .......... ..........  8% 19.8M 19m3s
#17 114.8 564300K .......... .......... .......... .......... ..........  8% 8.34M 19m3s
#17 114.8 564350K .......... .......... .......... .......... ..........  8%  111M 19m3s
#17 114.8 564400K .......... .......... .......... .......... ..........  8% 96.0M 19m3s
#17 114.8 564450K .......... .......... .......... .......... ..........  8% 55.9M 19m3s
#17 114.8 564500K .......... .......... .......... .......... ..........  8%  109M 19m3s
#17 114.8 564550K .......... .......... .......... .......... ..........  8% 99.3M 19m3s
#17 114.8 564600K .......... .......... .......... .......... ..........  8% 34.4M 19m3s
#17 114.8 564650K .......... .......... .......... .......... ..........  8% 48.0M 19m3s
#17 114.8 564700K .......... .......... .......... .......... ..........  8% 8.80M 19m3s
#17 114.9 564750K .......... .......... .......... .......... ..........  8% 18.2M 19m2s
#17 114.9 564800K .......... .......... .......... .......... ..........  8% 11.0M 19m2s
#17 114.9 564850K .......... .......... .......... .......... ..........  8% 2.94M 19m2s
#17 114.9 564900K .......... .......... .......... .......... ..........  8% 37.9M 19m2s
#17 114.9 564950K .......... .......... .......... .......... ..........  8% 18.8M 19m2s
#17 114.9 565000K .......... .......... .......... .......... ..........  8% 5.01M 19m2s
#17 114.9 565050K .......... .......... .......... .......... ..........  8% 6.29M 19m2s
#17 114.9 565100K .......... .......... .......... .......... ..........  8% 6.27M 19m2s
#17 114.9 565150K .......... .......... .......... .......... ..........  8% 12.0M 19m2s
#17 114.9 565200K .......... .......... .......... .......... ..........  8% 5.87M 19m2s
#17 114.9 565250K .......... .......... .......... .......... ..........  8% 3.69M 19m2s
#17 114.9 565300K .......... .......... .......... .......... ..........  8% 5.22M 19m2s
#17 114.9 565350K .......... .......... .......... .......... ..........  8% 9.51M 19m2s
#17 114.9 565400K .......... .......... .......... .......... ..........  8% 9.79M 19m2s
#17 114.9 565450K .......... .......... .......... .......... ..........  8% 11.3M 19m2s
#17 115.0 565500K .......... .......... .......... .......... ..........  8% 6.91M 19m2s
#17 115.0 565550K .......... .......... .......... .......... ..........  8% 1.94M 19m2s
#17 115.0 565600K .......... .......... .......... .......... ..........  8% 17.4M 19m2s
#17 115.0 565650K .......... .......... .......... .......... ..........  8% 17.2M 19m2s
#17 115.0 565700K .......... .......... .......... .......... ..........  8% 6.59M 19m2s
#17 115.0 565750K .......... .......... .......... .......... ..........  8% 45.8M 19m2s
#17 115.0 565800K .......... .......... .......... .......... ..........  8% 29.2M 19m2s
#17 115.0 565850K .......... .......... .......... .......... ..........  8% 6.07M 19m2s
#17 115.0 565900K .......... .......... .......... .......... ..........  8% 6.19M 19m2s
#17 115.0 565950K .......... .......... .......... .......... ..........  8% 4.37M 19m2s
#17 115.0 566000K .......... .......... .......... .......... ..........  8% 7.90M 19m2s
#17 115.0 566050K .......... .......... .......... .......... ..........  8% 8.08M 19m2s
#17 115.0 566100K .......... .......... .......... .......... ..........  8% 4.37M 19m2s
#17 115.1 566150K .......... .......... .......... .......... ..........  8% 16.4M 19m2s
#17 115.1 566200K .......... .......... .......... .......... ..........  8% 15.8M 19m2s
#17 115.1 566250K .......... .......... .......... .......... ..........  8% 4.17M 19m2s
#17 115.1 566300K .......... .......... .......... .......... ..........  8% 7.38M 19m2s
#17 115.1 566350K .......... .......... .......... .......... ..........  8% 6.78M 19m1s
#17 115.1 566400K .......... .......... .......... .......... ..........  8% 6.16M 19m1s
#17 115.1 566450K .......... .......... .......... .......... ..........  8% 4.35M 19m1s
#17 115.1 566500K .......... .......... .......... .......... ..........  8% 4.28M 19m1s
#17 115.1 566550K .......... .......... .......... .......... ..........  8% 7.06M 19m1s
#17 115.1 566600K .......... .......... .......... .......... ..........  8% 6.65M 19m1s
#17 115.1 566650K .......... .......... .......... .......... ..........  8% 5.98M 19m1s
#17 115.1 566700K .......... .......... .......... .......... ..........  8% 11.7M 19m1s
#17 115.1 566750K .......... .......... .......... .......... ..........  8% 5.79M 19m1s
#17 115.1 566800K .......... .......... .......... .......... ..........  8% 7.79M 19m1s
#17 115.2 566850K .......... .......... .......... .......... ..........  8% 8.09M 19m1s
#17 115.2 566900K .......... .......... .......... .......... ..........  8% 21.2M 19m1s
#17 115.2 566950K .......... .......... .......... .......... ..........  8% 5.48M 19m1s
#17 115.2 567000K .......... .......... .......... .......... ..........  8% 3.76M 19m1s
#17 115.2 567050K .......... .......... .......... .......... ..........  8% 7.61M 19m1s
#17 115.2 567100K .......... .......... .......... .......... ..........  8% 9.28M 19m1s
#17 115.2 567150K .......... .......... .......... .......... ..........  8% 3.03M 19m1s
#17 115.2 567200K .......... .......... .......... .......... ..........  8% 3.80M 19m1s
#17 115.2 567250K .......... .......... .......... .......... ..........  8% 8.00M 19m1s
#17 115.2 567300K .......... .......... .......... .......... ..........  8% 7.46M 19m1s
#17 115.2 567350K .......... .......... .......... .......... ..........  8% 8.76M 19m1s
#17 115.2 567400K .......... .......... .......... .......... ..........  8% 5.72M 19m1s
#17 115.3 567450K .......... .......... .......... .......... ..........  8% 7.56M 19m1s
#17 115.3 567500K .......... .......... .......... .......... ..........  8% 6.10M 19m1s
#17 115.3 567550K .......... .......... .......... .......... ..........  8% 4.48M 19m1s
#17 115.3 567600K .......... .......... .......... .......... ..........  8% 5.95M 19m1s
#17 115.3 567650K .......... .......... .......... .......... ..........  8% 5.09M 19m1s
#17 115.3 567700K .......... .......... .......... .......... ..........  8% 6.16M 19m1s
#17 115.3 567750K .......... .......... .......... .......... ..........  8% 9.42M 19m1s
#17 115.3 567800K .......... .......... .......... .......... ..........  8% 3.59M 19m1s
#17 115.3 567850K .......... .......... .......... .......... ..........  8% 11.3M 19m1s
#17 115.3 567900K .......... .......... .......... .......... ..........  8% 6.13M 19m1s
#17 115.3 567950K .......... .......... .......... .......... ..........  8% 3.57M 19m1s
#17 115.3 568000K .......... .......... .......... .......... ..........  8% 40.3M 19m1s
#17 115.4 568050K .......... .......... .......... .......... ..........  8% 4.52M 19m1s
#17 115.4 568100K .......... .......... .......... .......... ..........  8% 9.19M 19m1s
#17 115.4 568150K .......... .......... .......... .......... ..........  8% 5.55M 19m1s
#17 115.4 568200K .......... .......... .......... .......... ..........  8% 8.69M 19m1s
#17 115.4 568250K .......... .......... .......... .......... ..........  8% 6.56M 19m1s
#17 115.4 568300K .......... .......... .......... .......... ..........  8% 3.66M 19m1s
#17 115.4 568350K .......... .......... .......... .......... ..........  8% 25.0M 19m1s
#17 115.4 568400K .......... .......... .......... .......... ..........  8% 5.72M 19m1s
#17 115.4 568450K .......... .......... .......... .......... ..........  8% 5.06M 19m1s
#17 115.4 568500K .......... .......... .......... .......... ..........  8% 15.7M 19m0s
#17 115.4 568550K .......... .......... .......... .......... ..........  8% 5.71M 19m0s
#17 115.4 568600K .......... .......... .......... .......... ..........  8% 8.09M 19m0s
#17 115.4 568650K .......... .......... .......... .......... ..........  8% 11.0M 19m0s
#17 115.4 568700K .......... .......... .......... .......... ..........  8% 5.92M 19m0s
#17 115.5 568750K .......... .......... .......... .......... ..........  8% 5.17M 19m0s
#17 115.5 568800K .......... .......... .......... .......... ..........  8% 4.88M 19m0s
#17 115.5 568850K .......... .......... .......... .......... ..........  8% 6.86M 19m0s
#17 115.5 568900K .......... .......... .......... .......... ..........  8% 4.74M 19m0s
#17 115.5 568950K .......... .......... .......... .......... ..........  8% 7.04M 19m0s
#17 115.5 569000K .......... .......... .......... .......... ..........  8% 7.41M 19m0s
#17 115.5 569050K .......... .......... .......... .......... ..........  8% 7.98M 19m0s
#17 115.5 569100K .......... .......... .......... .......... ..........  8% 8.45M 19m0s
#17 115.5 569150K .......... .......... .......... .......... ..........  8% 7.08M 19m0s
#17 115.5 569200K .......... .......... .......... .......... ..........  8% 7.80M 19m0s
#17 115.5 569250K .......... .......... .......... .......... ..........  8% 5.74M 19m0s
#17 115.5 569300K .......... .......... .......... .......... ..........  8% 8.41M 19m0s
#17 115.5 569350K .......... .......... .......... .......... ..........  8% 12.9M 19m0s
#17 115.5 569400K .......... .......... .......... .......... ..........  8% 3.76M 19m0s
#17 115.6 569450K .......... .......... .......... .......... ..........  8% 12.3M 19m0s
#17 115.6 569500K .......... .......... .......... .......... ..........  8% 5.81M 19m0s
#17 115.6 569550K .......... .......... .......... .......... ..........  8% 3.16M 19m0s
#17 115.6 569600K .......... .......... .......... .......... ..........  8% 13.5M 19m0s
#17 115.6 569650K .......... .......... .......... .......... ..........  8% 9.05M 19m0s
#17 115.6 569700K .......... .......... .......... .......... ..........  8% 5.68M 19m0s
#17 115.6 569750K .......... .......... .......... .......... ..........  8% 7.32M 19m0s
#17 115.6 569800K .......... .......... .......... .......... ..........  8%  578K 19m1s
#17 115.7 569850K .......... .......... .......... .......... ..........  8%  324K 19m2s
#17 115.9 569900K .......... .......... .......... .......... ..........  8% 4.23M 19m2s
#17 115.9 569950K .......... .......... .......... .......... ..........  8% 7.16M 19m2s
#17 115.9 570000K .......... .......... .......... .......... ..........  8% 7.23M 19m2s
#17 115.9 570050K .......... .......... .......... .......... ..........  8% 6.89M 19m2s
#17 115.9 570100K .......... .......... .......... .......... ..........  8% 6.37M 19m2s
#17 115.9 570150K .......... .......... .......... .......... ..........  8% 7.53M 19m2s
#17 115.9 570200K .......... .......... .......... .......... ..........  8% 4.64M 19m2s
#17 115.9 570250K .......... .......... .......... .......... ..........  8% 4.34M 19m2s
#17 115.9 570300K .......... .......... .......... .......... ..........  8% 5.42M 19m2s
#17 115.9 570350K .......... .......... .......... .......... ..........  8% 5.60M 19m2s
#17 115.9 570400K .......... .......... .......... .......... ..........  8% 6.51M 19m2s
#17 115.9 570450K .......... .......... .......... .......... ..........  8% 4.57M 19m2s
#17 116.0 570500K .......... .......... .......... .......... ..........  8% 4.80M 19m2s
#17 116.0 570550K .......... .......... .......... .......... ..........  8% 8.79M 19m2s
#17 116.0 570600K .......... .......... .......... .......... ..........  8% 6.93M 19m2s
#17 116.0 570650K .......... .......... .......... .......... ..........  8% 6.01M 19m2s
#17 116.0 570700K .......... .......... .......... .......... ..........  8% 3.37M 19m2s
#17 116.0 570750K .......... .......... .......... .......... ..........  8% 58.3M 19m2s
#17 116.0 570800K .......... .......... .......... .......... ..........  8% 12.6M 19m2s
#17 116.0 570850K .......... .......... .......... .......... ..........  8% 4.53M 19m2s
#17 116.0 570900K .......... .......... .......... .......... ..........  8% 8.55M 19m2s
#17 116.0 570950K .......... .......... .......... .......... ..........  8% 4.80M 19m2s
#17 116.0 571000K .......... .......... .......... .......... ..........  8% 5.99M 19m2s
#17 116.0 571050K .......... .......... .......... .......... ..........  8% 4.09M 19m2s
#17 116.1 571100K .......... .......... .......... .......... ..........  8% 3.21M 19m2s
#17 116.1 571150K .......... .......... .......... .......... ..........  8% 8.43M 19m2s
#17 116.1 571200K .......... .......... .......... .......... ..........  8% 5.63M 19m2s
#17 116.1 571250K .......... .......... .......... .......... ..........  8% 4.71M 19m2s
#17 116.1 571300K .......... .......... .......... .......... ..........  8% 33.2M 19m2s
#17 116.1 571350K .......... .......... .......... .......... ..........  8% 19.1M 19m2s
#17 116.1 571400K .......... .......... .......... .......... ..........  8% 34.0M 19m1s
#17 116.1 571450K .......... .......... .......... .......... ..........  8% 4.53M 19m1s
#17 116.1 571500K .......... .......... .......... .......... ..........  8% 5.22M 19m1s
#17 116.1 571550K .......... .......... .......... .......... ..........  8% 5.97M 19m1s
#17 116.1 571600K .......... .......... .......... .......... ..........  8% 4.96M 19m1s
#17 116.1 571650K .......... .......... .......... .......... ..........  8% 4.85M 19m1s
#17 116.1 571700K .......... .......... .......... .......... ..........  8% 5.14M 19m1s
#17 116.2 571750K .......... .......... .......... .......... ..........  8% 5.75M 19m1s
#17 116.2 571800K .......... .......... .......... .......... ..........  8% 3.78M 19m1s
#17 116.2 571850K .......... .......... .......... .......... ..........  8% 70.0M 19m1s
#17 116.2 571900K .......... .......... .......... .......... ..........  8% 5.77M 19m1s
#17 116.2 571950K .......... .......... .......... .......... ..........  8% 15.9M 19m1s
#17 116.2 572000K .......... .......... .......... .......... ..........  8% 5.09M 19m1s
#17 116.2 572050K .......... .......... .......... .......... ..........  8% 9.93M 19m1s
#17 116.2 572100K .......... .......... .......... .......... ..........  8% 4.98M 19m1s
#17 116.2 572150K .......... .......... .......... .......... ..........  8% 8.76M 19m1s
#17 116.2 572200K .......... .......... .......... .......... ..........  8% 4.17M 19m1s
#17 116.2 572250K .......... .......... .......... .......... ..........  8% 7.46M 19m1s
#17 116.2 572300K .......... .......... .......... .......... ..........  8% 6.95M 19m1s
#17 116.2 572350K .......... .......... .......... .......... ..........  8% 4.61M 19m1s
#17 116.3 572400K .......... .......... .......... .......... ..........  8% 39.4M 19m1s
#17 116.3 572450K .......... .......... .......... .......... ..........  8% 7.29M 19m1s
#17 116.3 572500K .......... .......... .......... .......... ..........  8% 5.49M 19m1s
#17 116.3 572550K .......... .......... .......... .......... ..........  8% 9.23M 19m1s
#17 116.3 572600K .......... .......... .......... .......... ..........  8% 8.54M 19m1s
#17 116.3 572650K .......... .......... .......... .......... ..........  8% 9.97M 19m1s
#17 116.3 572700K .......... .......... .......... .......... ..........  8% 6.82M 19m1s
#17 116.3 572750K .......... .......... .......... .......... ..........  8% 6.69M 19m1s
#17 116.3 572800K .......... .......... .......... .......... ..........  8% 6.35M 19m1s
#17 116.3 572850K .......... .......... .......... .......... ..........  8% 5.43M 19m1s
#17 116.3 572900K .......... .......... .......... .......... ..........  8% 10.8M 19m1s
#17 116.3 572950K .......... .......... .......... .......... ..........  8% 4.52M 19m1s
#17 116.3 573000K .......... .......... .......... .......... ..........  8% 5.64M 19m1s
#17 116.3 573050K .......... .......... .......... .......... ..........  8% 3.49M 19m1s
#17 116.4 573100K .......... .......... .......... .......... ..........  8% 4.90M 19m1s
#17 116.4 573150K .......... .......... .......... .......... ..........  8% 50.5M 19m1s
#17 116.4 573200K .......... .......... .......... .......... ..........  8% 8.58M 19m1s
#17 116.4 573250K .......... .......... .......... .......... ..........  8% 17.5M 19m0s
#17 116.4 573300K .......... .......... .......... .......... ..........  8% 6.43M 19m0s
#17 116.4 573350K .......... .......... .......... .......... ..........  8% 7.81M 19m0s
#17 116.4 573400K .......... .......... .......... .......... ..........  8% 4.44M 19m0s
#17 116.4 573450K .......... .......... .......... .......... ..........  8% 8.50M 19m0s
#17 116.4 573500K .......... .......... .......... .......... ..........  8% 8.88M 19m0s
#17 116.4 573550K .......... .......... .......... .......... ..........  8% 11.2M 19m0s
#17 116.4 573600K .......... .......... .......... .......... ..........  8% 3.58M 19m0s
#17 116.4 573650K .......... .......... .......... .......... ..........  8% 7.86M 19m0s
#17 116.4 573700K .......... .......... .......... .......... ..........  8% 4.24M 19m0s
#17 116.4 573750K .......... .......... .......... .......... ..........  8% 5.38M 19m0s
#17 116.5 573800K .......... .......... .......... .......... ..........  8% 3.92M 19m0s
#17 116.5 573850K .......... .......... .......... .......... ..........  8% 12.4M 19m0s
#17 116.5 573900K .......... .......... .......... .......... ..........  8% 42.4M 19m0s
#17 116.5 573950K .......... .......... .......... .......... ..........  8% 7.14M 19m0s
#17 116.5 574000K .......... .......... .......... .......... ..........  8% 5.32M 19m0s
#17 116.5 574050K .......... .......... .......... .......... ..........  8% 28.4M 19m0s
#17 116.5 574100K .......... .......... .......... .......... ..........  8% 12.0M 19m0s
#17 116.5 574150K .......... .......... .......... .......... ..........  8% 4.78M 19m0s
#17 116.5 574200K .......... .......... .......... .......... ..........  8% 5.03M 19m0s
#17 116.5 574250K .......... .......... .......... .......... ..........  8% 5.55M 19m0s
#17 116.5 574300K .......... .......... .......... .......... ..........  8% 9.73M 19m0s
#17 116.5 574350K .......... .......... .......... .......... ..........  8% 7.39M 19m0s
#17 116.5 574400K .......... .......... .......... .......... ..........  8% 4.75M 19m0s
#17 116.5 574450K .......... .......... .......... .......... ..........  8% 13.6M 19m0s
#17 116.6 574500K .......... .......... .......... .......... ..........  8% 3.12M 19m0s
#17 116.6 574550K .......... .......... .......... .......... ..........  8% 3.96M 19m0s
#17 116.6 574600K .......... .......... .......... .......... ..........  8% 6.52M 19m0s
#17 116.6 574650K .......... .......... .......... .......... ..........  8% 9.67M 19m0s
#17 116.6 574700K .......... .......... .......... .......... ..........  8% 13.1M 19m0s
#17 116.6 574750K .......... .......... .......... .......... ..........  8% 6.18M 19m0s
#17 116.6 574800K .......... .......... .......... .......... ..........  8% 3.90M 19m0s
#17 116.6 574850K .......... .......... .......... .......... ..........  8% 8.14M 19m0s
#17 116.6 574900K .......... .......... .......... .......... ..........  8% 8.43M 19m0s
#17 116.6 574950K .......... .......... .......... .......... ..........  8% 7.79M 19m0s
#17 116.6 575000K .......... .......... .......... .......... ..........  8% 3.92M 19m0s
#17 116.6 575050K .......... .......... .......... .......... ..........  8% 8.98M 19m0s
#17 116.7 575100K .......... .......... .......... .......... ..........  8% 13.7M 18m59s
#17 116.7 575150K .......... .......... .......... .......... ..........  8% 7.01M 18m59s
#17 116.7 575200K .......... .......... .......... .......... ..........  8% 11.4M 18m59s
#17 116.7 575250K .......... .......... .......... .......... ..........  8% 5.71M 18m59s
#17 116.7 575300K .......... .......... .......... .......... ..........  8% 7.40M 18m59s
#17 116.7 575350K .......... .......... .......... .......... ..........  8% 6.24M 18m59s
#17 116.7 575400K .......... .......... .......... .......... ..........  8% 3.86M 18m59s
#17 116.7 575450K .......... .......... .......... .......... ..........  8% 3.70M 18m59s
#17 116.7 575500K .......... .......... .......... .......... ..........  8% 12.3M 18m59s
#17 116.7 575550K .......... .......... .......... .......... ..........  8% 6.79M 18m59s
#17 116.7 575600K .......... .......... .......... .......... ..........  8% 7.01M 18m59s
#17 116.7 575650K .......... .......... .......... .......... ..........  8% 6.44M 18m59s
#17 116.7 575700K .......... .......... .......... .......... ..........  8% 4.84M 18m59s
#17 116.8 575750K .......... .......... .......... .......... ..........  8% 12.9M 18m59s
#17 116.8 575800K .......... .......... .......... .......... ..........  8% 7.29M 18m59s
#17 116.8 575850K .......... .......... .......... .......... ..........  8% 5.42M 18m59s
#17 116.8 575900K .......... .......... .......... .......... ..........  8% 6.95M 18m59s
#17 116.8 575950K .......... .......... .......... .......... ..........  8% 6.48M 18m59s
#17 116.8 576000K .......... .......... .......... .......... ..........  8% 5.86M 18m59s
#17 116.8 576050K .......... .......... .......... .......... ..........  8% 6.82M 18m59s
#17 116.8 576100K .......... .......... .......... .......... ..........  8% 7.17M 18m59s
#17 116.8 576150K .......... .......... .......... .......... ..........  8% 7.20M 18m59s
#17 116.8 576200K .......... .......... .......... .......... ..........  8% 5.37M 18m59s
#17 116.8 576250K .......... .......... .......... .......... ..........  8% 8.72M 18m59s
#17 116.8 576300K .......... .......... .......... .......... ..........  8% 4.95M 18m59s
#17 116.8 576350K .......... .......... .......... .......... ..........  8% 33.0M 18m59s
#17 116.8 576400K .......... .......... .......... .......... ..........  8% 6.13M 18m59s
#17 116.8 576450K .......... .......... .......... .......... ..........  8% 10.4M 18m59s
#17 116.9 576500K .......... .......... .......... .......... ..........  8% 7.80M 18m59s
#17 116.9 576550K .......... .......... .......... .......... ..........  8% 5.76M 18m59s
#17 116.9 576600K .......... .......... .......... .......... ..........  8% 4.33M 18m59s
#17 116.9 576650K .......... .......... .......... .......... ..........  8% 7.17M 18m59s
#17 116.9 576700K .......... .......... .......... .......... ..........  8% 7.36M 18m59s
#17 116.9 576750K .......... .......... .......... .......... ..........  8% 7.27M 18m59s
#17 116.9 576800K .......... .......... .......... .......... ..........  8% 6.92M 18m58s
#17 116.9 576850K .......... .......... .......... .......... ..........  8% 6.36M 18m58s
#17 116.9 576900K .......... .......... .......... .......... ..........  8% 6.77M 18m58s
#17 116.9 576950K .......... .......... .......... .......... ..........  8% 8.21M 18m58s
#17 116.9 577000K .......... .......... .......... .......... ..........  8% 4.64M 18m58s
#17 116.9 577050K .......... .......... .......... .......... ..........  8% 13.4M 18m58s
#17 116.9 577100K .......... .......... .......... .......... ..........  8% 7.01M 18m58s
#17 116.9 577150K .......... .......... .......... .......... ..........  8% 10.6M 18m58s
#17 117.0 577200K .......... .......... .......... .......... ..........  8% 3.98M 18m58s
#17 117.0 577250K .......... .......... .......... .......... ..........  8% 10.8M 18m58s
#17 117.0 577300K .......... .......... .......... .......... ..........  8% 6.78M 18m58s
#17 117.0 577350K .......... .......... .......... .......... ..........  8% 9.40M 18m58s
#17 117.0 577400K .......... .......... .......... .......... ..........  8% 4.15M 18m58s
#17 117.0 577450K .......... .......... .......... .......... ..........  8% 6.44M 18m58s
#17 117.0 577500K .......... .......... .......... .......... ..........  8% 4.65M 18m58s
#17 117.0 577550K .......... .......... .......... .......... ..........  8% 46.6M 18m58s
#17 117.0 577600K .......... .......... .......... .......... ..........  8% 4.64M 18m58s
#17 117.0 577650K .......... .......... .......... .......... ..........  8% 8.79M 18m58s
#17 117.0 577700K .......... .......... .......... .......... ..........  8% 14.1M 18m58s
#17 117.0 577750K .......... .......... .......... .......... ..........  8% 3.20M 18m58s
#17 117.0 577800K .......... .......... .......... .......... ..........  8% 5.11M 18m58s
#17 117.1 577850K .......... .......... .......... .......... ..........  8% 15.1M 18m58s
#17 117.1 577900K .......... .......... .......... .......... ..........  8% 57.5M 18m58s
#17 117.1 577950K .......... .......... .......... .......... ..........  8% 8.58M 18m58s
#17 117.1 578000K .......... .......... .......... .......... ..........  8% 4.68M 18m58s
#17 117.1 578050K .......... .......... .......... .......... ..........  8% 3.00M 18m58s
#17 117.1 578100K .......... .......... .......... .......... ..........  8% 48.1M 18m58s
#17 117.1 578150K .......... .......... .......... .......... ..........  8% 11.8M 18m58s
#17 117.1 578200K .......... .......... .......... .......... ..........  8% 12.1M 18m58s
#17 117.1 578250K .......... .......... .......... .......... ..........  8% 8.48M 18m58s
#17 117.1 578300K .......... .......... .......... .......... ..........  8% 5.51M 18m58s
#17 117.1 578350K .......... .......... .......... .......... ..........  8% 6.79M 18m57s
#17 117.1 578400K .......... .......... .......... .......... ..........  8% 5.59M 18m57s
#17 117.1 578450K .......... .......... .......... .......... ..........  8% 5.32M 18m57s
#17 117.1 578500K .......... .......... .......... .......... ..........  8% 5.11M 18m57s
#17 117.2 578550K .......... .......... .......... .......... ..........  8% 6.06M 18m57s
#17 117.2 578600K .......... .......... .......... .......... ..........  8% 4.07M 18m57s
#17 117.2 578650K .......... .......... .......... .......... ..........  8% 8.87M 18m57s
#17 117.2 578700K .......... .......... .......... .......... ..........  8% 16.3M 18m57s
#17 117.2 578750K .......... .......... .......... .......... ..........  8% 11.9M 18m57s
#17 117.2 578800K .......... .......... .......... .......... ..........  8% 7.67M 18m57s
#17 117.2 578850K .......... .......... .......... .......... ..........  8% 7.56M 18m57s
#17 117.2 578900K .......... .......... .......... .......... ..........  8% 3.66M 18m57s
#17 117.2 578950K .......... .......... .......... .......... ..........  8% 16.0M 18m57s
#17 117.2 579000K .......... .......... .......... .......... ..........  8% 9.52M 18m57s
#17 117.2 579050K .......... .......... .......... .......... ..........  8% 6.12M 18m57s
#17 117.2 579100K .......... .......... .......... .......... ..........  8% 4.75M 18m57s
#17 117.2 579150K .......... .......... .......... .......... ..........  8% 63.2M 18m57s
#17 117.2 579200K .......... .......... .......... .......... ..........  8% 4.34M 18m57s
#17 117.3 579250K .......... .......... .......... .......... ..........  8% 6.06M 18m57s
#17 117.3 579300K .......... .......... .......... .......... ..........  8% 10.8M 18m57s
#17 117.3 579350K .......... .......... .......... .......... ..........  8% 5.32M 18m57s
#17 117.3 579400K .......... .......... .......... .......... ..........  8% 6.37M 18m57s
#17 117.3 579450K .......... .......... .......... .......... ..........  8% 4.01M 18m57s
#17 117.3 579500K .......... .......... .......... .......... ..........  8% 31.6M 18m57s
#17 117.3 579550K .......... .......... .......... .......... ..........  8% 4.23M 18m57s
#17 117.3 579600K .......... .......... .......... .......... ..........  8% 4.73M 18m57s
#17 117.3 579650K .......... .......... .......... .......... ..........  8% 7.31M 18m57s
#17 117.3 579700K .......... .......... .......... .......... ..........  8% 4.34M 18m57s
#17 117.3 579750K .......... .......... .......... .......... ..........  8% 26.3M 18m57s
#17 117.3 579800K .......... .......... .......... .......... ..........  8% 2.76M 18m57s
#17 117.4 579850K .......... .......... .......... .......... ..........  8% 4.89M 18m57s
#17 117.4 579900K .......... .......... .......... .......... ..........  8% 64.4M 18m57s
#17 117.4 579950K .......... .......... .......... .......... ..........  8% 13.2M 18m57s
#17 117.4 580000K .......... .......... .......... .......... ..........  8% 49.3M 18m57s
#17 117.4 580050K .......... .......... .......... .......... ..........  8% 3.91M 18m57s
#17 117.4 580100K .......... .......... .......... .......... ..........  8% 32.6M 18m56s
#17 117.4 580150K .......... .......... .......... .......... ..........  8% 1.98M 18m57s
#17 117.4 580200K .......... .......... .......... .......... ..........  8% 6.79M 18m57s
#17 117.4 580250K .......... .......... .......... .......... ..........  8% 4.61M 18m57s
#17 117.4 580300K .......... .......... .......... .......... ..........  8% 6.99M 18m57s
#17 117.4 580350K .......... .......... .......... .......... ..........  8% 7.19M 18m57s
#17 117.4 580400K .......... .......... .......... .......... ..........  8% 9.88M 18m56s
#17 117.4 580450K .......... .......... .......... .......... ..........  8% 3.88M 18m57s
#17 117.5 580500K .......... .......... .......... .......... ..........  8% 2.98M 18m57s
#17 117.5 580550K .......... .......... .......... .......... ..........  8% 21.1M 18m57s
#17 117.5 580600K .......... .......... .......... .......... ..........  8% 6.10M 18m56s
#17 117.5 580650K .......... .......... .......... .......... ..........  8% 8.63M 18m56s
#17 117.5 580700K .......... .......... .......... .......... ..........  8% 10.9M 18m56s
#17 117.5 580750K .......... .......... .......... .......... ..........  8% 7.81M 18m56s
#17 117.5 580800K .......... .......... .......... .......... ..........  8% 5.81M 18m56s
#17 117.5 580850K .......... .......... .......... .......... ..........  8% 6.53M 18m56s
#17 117.5 580900K .......... .......... .......... .......... ..........  8% 9.41M 18m56s
#17 117.5 580950K .......... .......... .......... .......... ..........  8% 4.90M 18m56s
#17 117.5 581000K .......... .......... .......... .......... ..........  8% 5.15M 18m56s
#17 117.5 581050K .......... .......... .......... .......... ..........  8% 8.89M 18m56s
#17 117.5 581100K .......... .......... .......... .......... ..........  8% 6.46M 18m56s
#17 117.6 581150K .......... .......... .......... .......... ..........  8% 7.17M 18m56s
#17 117.6 581200K .......... .......... .......... .......... ..........  8% 8.53M 18m56s
#17 117.6 581250K .......... .......... .......... .......... ..........  8% 5.82M 18m56s
#17 117.6 581300K .......... .......... .......... .......... ..........  8% 6.42M 18m56s
#17 117.6 581350K .......... .......... .......... .......... ..........  8% 12.3M 18m56s
#17 117.6 581400K .......... .......... .......... .......... ..........  8% 6.15M 18m56s
#17 117.6 581450K .......... .......... .......... .......... ..........  8% 7.49M 18m56s
#17 117.6 581500K .......... .......... .......... .......... ..........  8% 7.21M 18m56s
#17 117.6 581550K .......... .......... .......... .......... ..........  8% 5.97M 18m56s
#17 117.6 581600K .......... .......... .......... .......... ..........  8% 4.02M 18m56s
#17 117.6 581650K .......... .......... .......... .......... ..........  8% 3.70M 18m56s
#17 117.6 581700K .......... .......... .......... .......... ..........  8% 13.6M 18m56s
#17 117.6 581750K .......... .......... .......... .......... ..........  8% 3.76M 18m56s
#17 117.7 581800K .......... .......... .......... .......... ..........  8% 7.73M 18m56s
#17 117.7 581850K .......... .......... .......... .......... ..........  8% 16.7M 18m56s
#17 117.7 581900K .......... .......... .......... .......... ..........  8% 5.56M 18m56s
#17 117.7 581950K .......... .......... .......... .......... ..........  8% 58.4M 18m56s
#17 117.7 582000K .......... .......... .......... .......... ..........  8% 5.97M 18m56s
#17 117.7 582050K .......... .......... .......... .......... ..........  8% 6.21M 18m56s
#17 117.7 582100K .......... .......... .......... .......... ..........  8% 5.47M 18m56s
#17 117.7 582150K .......... .......... .......... .......... ..........  8% 47.7M 18m55s
#17 117.7 582200K .......... .......... .......... .......... ..........  8% 6.18M 18m55s
#17 117.7 582250K .......... .......... .......... .......... ..........  8% 5.14M 18m55s
#17 117.7 582300K .......... .......... .......... .......... ..........  8% 5.55M 18m55s
#17 117.7 582350K .......... .......... .......... .......... ..........  8% 7.31M 18m55s
#17 117.7 582400K .......... .......... .......... .......... ..........  8% 3.48M 18m55s
#17 117.7 582450K .......... .......... .......... .......... ..........  8% 11.6M 18m55s
#17 117.8 582500K .......... .......... .......... .......... ..........  8% 4.34M 18m55s
#17 117.8 582550K .......... .......... .......... .......... ..........  8% 6.76M 18m55s
#17 117.8 582600K .......... .......... .......... .......... ..........  8% 7.42M 18m55s
#17 117.8 582650K .......... .......... .......... .......... ..........  8% 5.98M 18m55s
#17 117.8 582700K .......... .......... .......... .......... ..........  8% 61.0M 18m55s
#17 117.8 582750K .......... .......... .......... .......... ..........  8% 8.43M 18m55s
#17 117.8 582800K .......... .......... .......... .......... ..........  8% 5.08M 18m55s
#17 117.8 582850K .......... .......... .......... .......... ..........  8% 13.2M 18m55s
#17 117.8 582900K .......... .......... .......... .......... ..........  8% 5.00M 18m55s
#17 117.8 582950K .......... .......... .......... .......... ..........  8% 17.5M 18m55s
#17 117.8 583000K .......... .......... .......... .......... ..........  8% 7.06M 18m55s
#17 117.8 583050K .......... .......... .......... .......... ..........  8% 3.36M 18m55s
#17 117.8 583100K .......... .......... .......... .......... ..........  8% 4.25M 18m55s
#17 117.9 583150K .......... .......... .......... .......... ..........  8% 12.6M 18m55s
#17 117.9 583200K .......... .......... .......... .......... ..........  8% 17.3M 18m55s
#17 117.9 583250K .......... .......... .......... .......... ..........  8% 4.76M 18m55s
#17 117.9 583300K .......... .......... .......... .......... ..........  8% 7.89M 18m55s
#17 117.9 583350K .......... .......... .......... .......... ..........  8% 11.6M 18m55s
#17 117.9 583400K .......... .......... .......... .......... ..........  8% 5.31M 18m55s
#17 117.9 583450K .......... .......... .......... .......... ..........  8% 14.8M 18m55s
#17 117.9 583500K .......... .......... .......... .......... ..........  8% 4.78M 18m55s
#17 117.9 583550K .......... .......... .......... .......... ..........  8% 8.35M 18m55s
#17 117.9 583600K .......... .......... .......... .......... ..........  8% 8.05M 18m55s
#17 117.9 583650K .......... .......... .......... .......... ..........  8% 5.02M 18m55s
#17 117.9 583700K .......... .......... .......... .......... ..........  8% 4.25M 18m55s
#17 117.9 583750K .......... .......... .......... .......... ..........  8% 6.41M 18m55s
#17 117.9 583800K .......... .......... .......... .......... ..........  8% 9.43M 18m55s
#17 117.9 583850K .......... .......... .......... .......... ..........  8% 6.60M 18m55s
#17 118.0 583900K .......... .......... .......... .......... ..........  8% 23.8M 18m54s
#17 118.0 583950K .......... .......... .......... .......... ..........  8% 2.92M 18m55s
#17 118.0 584000K .......... .......... .......... .......... ..........  8% 6.87M 18m55s
#17 118.0 584050K .......... .......... .......... .......... ..........  8% 21.7M 18m54s
#17 118.0 584100K .......... .......... .......... .......... ..........  8% 5.61M 18m54s
#17 118.0 584150K .......... .......... .......... .......... ..........  8% 7.93M 18m54s
#17 118.0 584200K .......... .......... .......... .......... ..........  8% 7.34M 18m54s
#17 118.0 584250K .......... .......... .......... .......... ..........  8% 4.43M 18m54s
#17 118.0 584300K .......... .......... .......... .......... ..........  8% 5.60M 18m54s
#17 118.0 584350K .......... .......... .......... .......... ..........  8% 5.96M 18m54s
#17 118.0 584400K .......... .......... .......... .......... ..........  8% 6.83M 18m54s
#17 118.0 584450K .......... .......... .......... .......... ..........  8% 5.97M 18m54s
#17 118.0 584500K .......... .......... .......... .......... ..........  8% 3.26M 18m54s
#17 118.1 584550K .......... .......... .......... .......... ..........  8% 13.8M 18m54s
#17 118.1 584600K .......... .......... .......... .......... ..........  8% 15.2M 18m54s
#17 118.1 584650K .......... .......... .......... .......... ..........  8% 13.7M 18m54s
#17 118.1 584700K .......... .......... .......... .......... ..........  8% 3.24M 18m54s
#17 118.1 584750K .......... .......... .......... .......... ..........  8% 7.84M 18m54s
#17 118.1 584800K .......... .......... .......... .......... ..........  8% 25.8M 18m54s
#17 118.1 584850K .......... .......... .......... .......... ..........  8% 3.91M 18m54s
#17 118.1 584900K .......... .......... .......... .......... ..........  8% 7.26M 18m54s
#17 118.1 584950K .......... .......... .......... .......... ..........  8% 6.08M 18m54s
#17 118.1 585000K .......... .......... .......... .......... ..........  8% 5.99M 18m54s
#17 118.1 585050K .......... .......... .......... .......... ..........  8% 10.7M 18m54s
#17 118.1 585100K .......... .......... .......... .......... ..........  8% 6.35M 18m54s
#17 118.1 585150K .......... .......... .......... .......... ..........  8% 5.32M 18m54s
#17 118.2 585200K .......... .......... .......... .......... ..........  8% 5.73M 18m54s
#17 118.2 585250K .......... .......... .......... .......... ..........  8% 8.57M 18m54s
#17 118.2 585300K .......... .......... .......... .......... ..........  8% 8.04M 18m54s
#17 118.2 585350K .......... .......... .......... .......... ..........  8% 5.84M 18m54s
#17 118.2 585400K .......... .......... .......... .......... ..........  8% 6.02M 18m54s
#17 118.2 585450K .......... .......... .......... .......... ..........  8% 4.86M 18m54s
#17 118.2 585500K .......... .......... .......... .......... ..........  8% 5.14M 18m54s
#17 118.2 585550K .......... .......... .......... .......... ..........  8% 6.26M 18m54s
#17 118.2 585600K .......... .......... .......... .......... ..........  8% 13.1M 18m54s
#17 118.2 585650K .......... .......... .......... .......... ..........  8% 5.13M 18m54s
#17 118.2 585700K .......... .......... .......... .......... ..........  8% 5.42M 18m54s
#17 118.2 585750K .......... .......... .......... .......... ..........  8% 8.07M 18m54s
#17 118.2 585800K .......... .......... .......... .......... ..........  8% 4.23M 18m54s
#17 118.3 585850K .......... .......... .......... .......... ..........  8% 11.9M 18m54s
#17 118.3 585900K .......... .......... .......... .......... ..........  8% 9.67M 18m54s
#17 118.3 585950K .......... .......... .......... .......... ..........  8% 7.05M 18m53s
#17 118.3 586000K .......... .......... .......... .......... ..........  8% 5.89M 18m53s
#17 118.3 586050K .......... .......... .......... .......... ..........  8% 4.52M 18m53s
#17 118.3 586100K .......... .......... .......... .......... ..........  8% 6.44M 18m53s
#17 118.3 586150K .......... .......... .......... .......... ..........  8% 3.17M 18m53s
#17 118.3 586200K .......... .......... .......... .......... ..........  8% 8.19M 18m53s
#17 118.3 586250K .......... .......... .......... .......... ..........  8% 7.06M 18m53s
#17 118.3 586300K .......... .......... .......... .......... ..........  8% 3.86M 18m53s
#17 118.3 586350K .......... .......... .......... .......... ..........  8% 12.7M 18m53s
#17 118.3 586400K .......... .......... .......... .......... ..........  8% 13.6M 18m53s
#17 118.3 586450K .......... .......... .......... .......... ..........  8% 14.4M 18m53s
#17 118.3 586500K .......... .......... .......... .......... ..........  8% 12.0M 18m53s
#17 118.4 586550K .......... .......... .......... .......... ..........  8% 6.03M 18m53s
#17 118.4 586600K .......... .......... .......... .......... ..........  8% 5.83M 18m53s
#17 118.4 586650K .......... .......... .......... .......... ..........  8% 12.8M 18m53s
#17 118.4 586700K .......... .......... .......... .......... ..........  8% 3.69M 18m53s
#17 118.4 586750K .......... .......... .......... .......... ..........  8% 5.12M 18m53s
#17 118.4 586800K .......... .......... .......... .......... ..........  8% 6.00M 18m53s
#17 118.4 586850K .......... .......... .......... .......... ..........  8% 7.63M 18m53s
#17 118.4 586900K .......... .......... .......... .......... ..........  8% 7.02M 18m53s
#17 118.4 586950K .......... .......... .......... .......... ..........  8% 12.2M 18m53s
#17 118.4 587000K .......... .......... .......... .......... ..........  8% 6.73M 18m53s
#17 118.4 587050K .......... .......... .......... .......... ..........  8% 11.4M 18m53s
#17 118.4 587100K .......... .......... .......... .......... ..........  8% 12.1M 18m53s
#17 118.4 587150K .......... .......... .......... .......... ..........  8% 5.02M 18m53s
#17 118.4 587200K .......... .......... .......... .......... ..........  8% 16.1M 18m53s
#17 118.5 587250K .......... .......... .......... .......... ..........  8% 2.86M 18m53s
#17 118.5 587300K .......... .......... .......... .......... ..........  8% 4.24M 18m53s
#17 118.5 587350K .......... .......... .......... .......... ..........  8% 4.68M 18m53s
#17 118.5 587400K .......... .......... .......... .......... ..........  8% 7.93M 18m53s
#17 118.5 587450K .......... .......... .......... .......... ..........  8% 4.09M 18m53s
#17 118.5 587500K .......... .......... .......... .......... ..........  8% 10.3M 18m53s
#17 118.5 587550K .......... .......... .......... .......... ..........  8% 8.39M 18m53s
#17 118.5 587600K .......... .......... .......... .......... ..........  8% 7.91M 18m53s
#17 118.5 587650K .......... .......... .......... .......... ..........  8% 6.59M 18m53s
#17 118.5 587700K .......... .......... .......... .......... ..........  8% 6.78M 18m53s
#17 118.5 587750K .......... .......... .......... .......... ..........  8% 13.4M 18m53s
#17 118.5 587800K .......... .......... .......... .......... ..........  8% 11.0M 18m52s
#17 118.5 587850K .......... .......... .......... .......... ..........  8% 3.67M 18m53s
#17 118.6 587900K .......... .......... .......... .......... ..........  8% 5.19M 18m53s
#17 118.6 587950K .......... .......... .......... .......... ..........  8% 10.4M 18m52s
#17 118.6 588000K .......... .......... .......... .......... ..........  8% 4.00M 18m52s
#17 118.6 588050K .......... .......... .......... .......... ..........  8% 11.3M 18m52s
#17 118.6 588100K .......... .......... .......... .......... ..........  8% 5.97M 18m52s
#17 118.6 588150K .......... .......... .......... .......... ..........  8% 5.39M 18m52s
#17 118.6 588200K .......... .......... .......... .......... ..........  8% 5.49M 18m52s
#17 118.6 588250K .......... .......... .......... .......... ..........  8% 13.6M 18m52s
#17 118.6 588300K .......... .......... .......... .......... ..........  8% 5.04M 18m52s
#17 118.6 588350K .......... .......... .......... .......... ..........  8% 10.8M 18m52s
#17 118.6 588400K .......... .......... .......... .......... ..........  8% 6.04M 18m52s
#17 118.6 588450K .......... .......... .......... .......... ..........  8% 5.25M 18m52s
#17 118.7 588500K .......... .......... .......... .......... ..........  8% 4.64M 18m52s
#17 118.7 588550K .......... .......... .......... .......... ..........  8% 5.42M 18m52s
#17 118.7 588600K .......... .......... .......... .......... ..........  8% 6.20M 18m52s
#17 118.7 588650K .......... .......... .......... .......... ..........  8% 5.37M 18m52s
#17 118.7 588700K .......... .......... .......... .......... ..........  8% 6.26M 18m52s
#17 118.7 588750K .......... .......... .......... .......... ..........  8% 4.96M 18m52s
#17 118.7 588800K .......... .......... .......... .......... ..........  8% 14.9M 18m52s
#17 118.7 588850K .......... .......... .......... .......... ..........  8% 8.09M 18m52s
#17 118.7 588900K .......... .......... .......... .......... ..........  8% 5.60M 18m52s
#17 118.7 588950K .......... .......... .......... .......... ..........  8% 10.6M 18m52s
#17 118.7 589000K .......... .......... .......... .......... ..........  8% 4.65M 18m52s
#17 118.7 589050K .......... .......... .......... .......... ..........  8% 7.34M 18m52s
#17 118.7 589100K .......... .......... .......... .......... ..........  8% 3.90M 18m52s
#17 118.8 589150K .......... .......... .......... .......... ..........  8% 3.13M 18m52s
#17 118.8 589200K .......... .......... .......... .......... ..........  8% 12.4M 18m52s
#17 118.8 589250K .......... .......... .......... .......... ..........  8% 11.2M 18m52s
#17 118.8 589300K .......... .......... .......... .......... ..........  8% 3.36M 18m52s
#17 118.8 589350K .......... .......... .......... .......... ..........  8% 20.3M 18m52s
#17 118.8 589400K .......... .......... .......... .......... ..........  8% 5.26M 18m52s
#17 118.8 589450K .......... .......... .......... .......... ..........  8% 6.74M 18m52s
#17 118.8 589500K .......... .......... .......... .......... ..........  8% 19.2M 18m52s
#17 118.8 589550K .......... .......... .......... .......... ..........  8% 3.98M 18m52s
#17 118.8 589600K .......... .......... .......... .......... ..........  8% 2.73M 18m52s
#17 118.9 589650K .......... .......... .......... .......... ..........  8% 80.0M 18m52s
#17 118.9 589700K .......... .......... .......... .......... ..........  8% 60.4M 18m52s
#17 118.9 589750K .......... .......... .......... .......... ..........  8% 60.4M 18m52s
#17 118.9 589800K .......... .......... .......... .......... ..........  8% 8.87M 18m52s
#17 118.9 589850K .......... .......... .......... .......... ..........  8% 5.78M 18m52s
#17 118.9 589900K .......... .......... .......... .......... ..........  8% 6.21M 18m51s
#17 118.9 589950K .......... .......... .......... .......... ..........  8% 3.86M 18m52s
#17 118.9 590000K .......... .......... .......... .......... ..........  8% 11.8M 18m51s
#17 118.9 590050K .......... .......... .......... .......... ..........  8% 26.5M 18m51s
#17 118.9 590100K .......... .......... .......... .......... ..........  8% 3.36M 18m51s
#17 118.9 590150K .......... .......... .......... .......... ..........  8% 31.5M 18m51s
#17 118.9 590200K .......... .......... .......... .......... ..........  8% 2.81M 18m51s
#17 118.9 590250K .......... .......... .......... .......... ..........  8% 67.5M 18m51s
#17 118.9 590300K .......... .......... .......... .......... ..........  8% 16.2M 18m51s
#17 118.9 590350K .......... .......... .......... .......... ..........  8% 6.44M 18m51s
#17 118.9 590400K .......... .......... .......... .......... ..........  8% 9.55M 18m51s
#17 118.9 590450K .......... .......... .......... .......... ..........  8% 7.15M 18m51s
#17 118.9 590500K .......... .......... .......... .......... ..........  8% 5.57M 18m51s
#17 119.0 590550K .......... .......... .......... .......... ..........  8% 6.30M 18m51s
#17 119.0 590600K .......... .......... .......... .......... ..........  8% 7.01M 18m51s
#17 119.0 590650K .......... .......... .......... .......... ..........  8% 11.1M 18m51s
#17 119.0 590700K .......... .......... .......... .......... ..........  8% 7.41M 18m51s
#17 119.0 590750K .......... .......... .......... .......... ..........  8% 5.80M 18m51s
#17 119.0 590800K .......... .......... .......... .......... ..........  8% 5.15M 18m51s
#17 119.0 590850K .......... .......... .......... .......... ..........  8% 11.9M 18m51s
#17 119.0 590900K .......... .......... .......... .......... ..........  8% 5.39M 18m51s
#17 119.0 590950K .......... .......... .......... .......... ..........  8% 5.32M 18m51s
#17 119.0 591000K .......... .......... .......... .......... ..........  8% 8.22M 18m51s
#17 119.0 591050K .......... .......... .......... .......... ..........  8% 13.7M 18m51s
#17 119.0 591100K .......... .......... .......... .......... ..........  8% 5.29M 18m51s
#17 119.0 591150K .......... .......... .......... .......... ..........  8% 3.69M 18m51s
#17 119.1 591200K .......... .......... .......... .......... ..........  8% 10.6M 18m51s
#17 119.1 591250K .......... .......... .......... .......... ..........  8% 6.10M 18m51s
#17 119.1 591300K .......... .......... .......... .......... ..........  8% 6.50M 18m51s
#17 119.1 591350K .......... .......... .......... .......... ..........  8% 15.7M 18m51s
#17 119.1 591400K .......... .......... .......... .......... ..........  8% 4.22M 18m51s
#17 119.1 591450K .......... .......... .......... .......... ..........  8% 3.84M 18m51s
#17 119.1 591500K .......... .......... .......... .......... ..........  8% 6.84M 18m51s
#17 119.1 591550K .......... .......... .......... .......... ..........  8% 7.13M 18m51s
#17 119.1 591600K .......... .......... .......... .......... ..........  8% 15.5M 18m50s
#17 119.1 591650K .......... .......... .......... .......... ..........  8% 10.5M 18m50s
#17 119.1 591700K .......... .......... .......... .......... ..........  8% 5.52M 18m50s
#17 119.1 591750K .......... .......... .......... .......... ..........  8% 10.8M 18m50s
#17 119.1 591800K .......... .......... .......... .......... ..........  8% 3.90M 18m50s
#17 119.2 591850K .......... .......... .......... .......... ..........  8% 3.34M 18m50s
#17 119.2 591900K .......... .......... .......... .......... ..........  8% 9.15M 18m50s
#17 119.2 591950K .......... .......... .......... .......... ..........  8% 4.44M 18m50s
#17 119.2 592000K .......... .......... .......... .......... ..........  8% 5.74M 18m50s
#17 119.2 592050K .......... .......... .......... .......... ..........  8% 3.21M 18m50s
#17 119.2 592100K .......... .......... .......... .......... ..........  8% 4.84M 18m50s
#17 119.2 592150K .......... .......... .......... .......... ..........  8% 8.40M 18m50s
#17 119.2 592200K .......... .......... .......... .......... ..........  8% 5.48M 18m50s
#17 119.2 592250K .......... .......... .......... .......... ..........  8% 9.30M 18m50s
#17 119.2 592300K .......... .......... .......... .......... ..........  8% 24.1M 18m50s
#17 119.2 592350K .......... .......... .......... .......... ..........  8% 3.85M 18m50s
#17 119.2 592400K .......... .......... .......... .......... ..........  8% 96.0M 18m50s
#17 119.2 592450K .......... .......... .......... .......... ..........  8% 4.46M 18m50s
#17 119.3 592500K .......... .......... .......... .......... ..........  8% 2.70M 18m50s
#17 119.3 592550K .......... .......... .......... .......... ..........  8% 4.19M 18m50s
#17 119.3 592600K .......... .......... .......... .......... ..........  8% 5.66M 18m50s
#17 119.3 592650K .......... .......... .......... .......... ..........  8% 5.86M 18m50s
#17 119.3 592700K .......... .......... .......... .......... ..........  8% 4.27M 18m50s
#17 119.3 592750K .......... .......... .......... .......... ..........  8% 7.85M 18m50s
#17 119.3 592800K .......... .......... .......... .......... ..........  8% 6.37M 18m50s
#17 119.3 592850K .......... .......... .......... .......... ..........  8% 4.91M 18m50s
#17 119.3 592900K .......... .......... .......... .......... ..........  8% 4.74M 18m50s
#17 119.4 592950K .......... .......... .......... .......... ..........  8% 8.74M 18m50s
#17 119.4 593000K .......... .......... .......... .......... ..........  8% 5.92M 18m50s
#17 119.4 593050K .......... .......... .......... .......... ..........  8% 7.59M 18m50s
#17 119.4 593100K .......... .......... .......... .......... ..........  8% 6.62M 18m50s
#17 119.4 593150K .......... .......... .......... .......... ..........  8% 6.37M 18m50s
#17 119.4 593200K .......... .......... .......... .......... ..........  8% 7.32M 18m50s
#17 119.4 593250K .......... .......... .......... .......... ..........  8% 8.13M 18m50s
#17 119.4 593300K .......... .......... .......... .......... ..........  8% 6.63M 18m50s
#17 119.4 593350K .......... .......... .......... .......... ..........  8% 5.66M 18m50s
#17 119.4 593400K .......... .......... .......... .......... ..........  8% 3.57M 18m50s
#17 119.4 593450K .......... .......... .......... .......... ..........  8% 3.95M 18m50s
#17 119.4 593500K .......... .......... .......... .......... ..........  8% 4.99M 18m50s
#17 119.5 593550K .......... .......... .......... .......... ..........  8% 36.3M 18m50s
#17 119.5 593600K .......... .......... .......... .......... ..........  8% 8.35M 18m50s
#17 119.5 593650K .......... .......... .......... .......... ..........  8% 1.18M 18m50s
#17 119.5 593700K .......... .......... .......... .......... ..........  8% 2.29M 18m50s
#17 119.5 593750K .......... .......... .......... .......... ..........  8% 1.72M 18m51s
#17 119.6 593800K .......... .......... .......... .......... ..........  8% 2.80M 18m51s
#17 119.6 593850K .......... .......... .......... .......... ..........  8% 4.93M 18m51s
#17 119.6 593900K .......... .......... .......... .......... ..........  8% 5.54M 18m51s
#17 119.6 593950K .......... .......... .......... .......... ..........  8% 4.22M 18m51s
#17 119.6 594000K .......... .......... .......... .......... ..........  8% 11.0M 18m51s
#17 119.6 594050K .......... .......... .......... .......... ..........  8% 5.78M 18m51s
#17 119.6 594100K .......... .......... .......... .......... ..........  8% 18.9M 18m50s
#17 119.6 594150K .......... .......... .......... .......... ..........  8% 4.79M 18m50s
#17 119.6 594200K .......... .......... .......... .......... ..........  8% 12.6M 18m50s
#17 119.6 594250K .......... .......... .......... .......... ..........  8% 8.71M 18m50s
#17 119.6 594300K .......... .......... .......... .......... ..........  8% 4.57M 18m50s
#17 119.6 594350K .......... .......... .......... .......... ..........  8% 8.86M 18m50s
#17 119.7 594400K .......... .......... .......... .......... ..........  8% 3.69M 18m50s
#17 119.7 594450K .......... .......... .......... .......... ..........  8% 12.5M 18m50s
#17 119.7 594500K .......... .......... .......... .......... ..........  8% 14.1M 18m50s
#17 119.7 594550K .......... .......... .......... .......... ..........  8% 4.65M 18m50s
#17 119.7 594600K .......... .......... .......... .......... ..........  8% 11.0M 18m50s
#17 119.7 594650K .......... .......... .......... .......... ..........  8% 22.8M 18m50s
#17 119.7 594700K .......... .......... .......... .......... ..........  8% 5.77M 18m50s
#17 119.7 594750K .......... .......... .......... .......... ..........  8% 8.30M 18m50s
#17 119.7 594800K .......... .......... .......... .......... ..........  8% 5.13M 18m50s
#17 119.7 594850K .......... .......... .......... .......... ..........  8% 8.59M 18m50s
#17 119.7 594900K .......... .......... .......... .......... ..........  8% 8.20M 18m50s
#17 119.7 594950K .......... .......... .......... .......... ..........  8% 4.73M 18m50s
#17 119.7 595000K .......... .......... .......... .......... ..........  8% 7.53M 18m50s
#17 119.7 595050K .......... .......... .......... .......... ..........  8% 5.10M 18m50s
#17 119.8 595100K .......... .......... .......... .......... ..........  8% 15.1M 18m50s
#17 119.8 595150K .......... .......... .......... .......... ..........  8% 3.94M 18m50s
#17 119.8 595200K .......... .......... .......... .......... ..........  8% 9.97M 18m50s
#17 119.8 595250K .......... .......... .......... .......... ..........  8% 8.53M 18m50s
#17 119.8 595300K .......... .......... .......... .......... ..........  8% 4.39M 18m50s
#17 119.8 595350K .......... .......... .......... .......... ..........  8% 6.33M 18m50s
#17 119.8 595400K .......... .......... .......... .......... ..........  8% 5.51M 18m50s
#17 119.8 595450K .......... .......... .......... .......... ..........  8% 7.10M 18m50s
#17 119.8 595500K .......... .......... .......... .......... ..........  8% 5.50M 18m50s
#17 119.8 595550K .......... .......... .......... .......... ..........  8% 10.2M 18m50s
#17 119.8 595600K .......... .......... .......... .......... ..........  8% 13.1M 18m50s
#17 119.8 595650K .......... .......... .......... .......... ..........  8% 6.11M 18m50s
#17 119.8 595700K .......... .......... .......... .......... ..........  8% 4.90M 18m50s
#17 119.8 595750K .......... .......... .......... .......... ..........  8% 5.70M 18m49s
#17 119.9 595800K .......... .......... .......... .......... ..........  8% 7.82M 18m49s
#17 119.9 595850K .......... .......... .......... .......... ..........  8% 6.34M 18m49s
#17 119.9 595900K .......... .......... .......... .......... ..........  8% 5.69M 18m49s
#17 119.9 595950K .......... .......... .......... .......... ..........  8% 6.15M 18m49s
#17 119.9 596000K .......... .......... .......... .......... ..........  8% 4.81M 18m49s
#17 119.9 596050K .......... .......... .......... .......... ..........  8% 9.04M 18m49s
#17 119.9 596100K .......... .......... .......... .......... ..........  8% 6.76M 18m49s
#17 119.9 596150K .......... .......... .......... .......... ..........  8% 4.64M 18m49s
#17 119.9 596200K .......... .......... .......... .......... ..........  8% 11.0M 18m49s
#17 119.9 596250K .......... .......... .......... .......... ..........  8% 16.9M 18m49s
#17 119.9 596300K .......... .......... .......... .......... ..........  8% 5.48M 18m49s
#17 119.9 596350K .......... .......... .......... .......... ..........  8% 5.88M 18m49s
#17 119.9 596400K .......... .......... .......... .......... ..........  8% 31.2M 18m49s
#17 119.9 596450K .......... .......... .......... .......... ..........  8% 3.64M 18m49s
#17 120.0 596500K .......... .......... .......... .......... ..........  8% 6.78M 18m49s
#17 120.0 596550K .......... .......... .......... .......... ..........  8% 1.55M 18m49s
#17 120.0 596600K .......... .......... .......... .......... ..........  8% 5.03M 18m49s
#17 120.0 596650K .......... .......... .......... .......... ..........  8% 19.2M 18m49s
#17 120.0 596700K .......... .......... .......... .......... ..........  8% 8.90M 18m49s
#17 120.0 596750K .......... .......... .......... .......... ..........  8% 6.20M 18m49s
#17 120.0 596800K .......... .......... .......... .......... ..........  8% 7.41M 18m49s
#17 120.0 596850K .......... .......... .......... .......... ..........  8% 5.72M 18m49s
#17 120.0 596900K .......... .......... .......... .......... ..........  8% 8.55M 18m49s
#17 120.0 596950K .......... .......... .......... .......... ..........  8% 10.3M 18m49s
#17 120.0 597000K .......... .......... .......... .......... ..........  8% 5.00M 18m49s
#17 120.1 597050K .......... .......... .......... .......... ..........  8% 5.43M 18m49s
#17 120.1 597100K .......... .......... .......... .......... ..........  8% 9.18M 18m49s
#17 120.1 597150K .......... .......... .......... .......... ..........  8% 5.40M 18m49s
#17 120.1 597200K .......... .......... .......... .......... ..........  8% 7.60M 18m49s
#17 120.1 597250K .......... .......... .......... .......... ..........  8% 4.31M 18m49s
#17 120.1 597300K .......... .......... .......... .......... ..........  8% 6.37M 18m49s
#17 120.1 597350K .......... .......... .......... .......... ..........  8% 6.66M 18m49s
#17 120.1 597400K .......... .......... .......... .......... ..........  8% 2.91M 18m49s
#17 120.1 597450K .......... .......... .......... .......... ..........  8% 23.1M 18m49s
#17 120.1 597500K .......... .......... .......... .......... ..........  8%  107M 18m49s
#17 120.1 597550K .......... .......... .......... .......... ..........  8% 6.80M 18m49s
#17 120.1 597600K .......... .......... .......... .......... ..........  8% 9.80M 18m49s
#17 120.1 597650K .......... .......... .......... .......... ..........  8% 7.76M 18m49s
#17 120.2 597700K .......... .......... .......... .......... ..........  8% 7.38M 18m49s
#17 120.2 597750K .......... .......... .......... .......... ..........  8% 7.43M 18m49s
#17 120.2 597800K .......... .......... .......... .......... ..........  8% 5.98M 18m49s
#17 120.2 597850K .......... .......... .......... .......... ..........  8% 4.12M 18m49s
#17 120.2 597900K .......... .......... .......... .......... ..........  8% 10.6M 18m48s
#17 120.2 597950K .......... .......... .......... .......... ..........  8% 4.10M 18m49s
#17 120.2 598000K .......... .......... .......... .......... ..........  8% 7.90M 18m48s
#17 120.2 598050K .......... .......... .......... .......... ..........  8% 4.05M 18m49s
#17 120.2 598100K .......... .......... .......... .......... ..........  8% 4.64M 18m49s
#17 120.2 598150K .......... .......... .......... .......... ..........  8% 5.50M 18m48s
#17 120.2 598200K .......... .......... .......... .......... ..........  8% 7.62M 18m48s
#17 120.2 598250K .......... .......... .......... .......... ..........  8% 7.98M 18m48s
#17 120.3 598300K .......... .......... .......... .......... ..........  8% 11.7M 18m48s
#17 120.3 598350K .......... .......... .......... .......... ..........  8% 9.32M 18m48s
#17 120.3 598400K .......... .......... .......... .......... ..........  8% 9.16M 18m48s
#17 120.3 598450K .......... .......... .......... .......... ..........  8% 5.09M 18m48s
#17 120.3 598500K .......... .......... .......... .......... ..........  8% 9.66M 18m48s
#17 120.3 598550K .......... .......... .......... .......... ..........  8% 4.31M 18m48s
#17 120.3 598600K .......... .......... .......... .......... ..........  8% 19.6M 18m48s
#17 120.3 598650K .......... .......... .......... .......... ..........  8% 6.63M 18m48s
#17 120.3 598700K .......... .......... .......... .......... ..........  8% 5.80M 18m48s
#17 120.3 598750K .......... .......... .......... .......... ..........  8% 12.4M 18m48s
#17 120.3 598800K .......... .......... .......... .......... ..........  8% 6.37M 18m48s
#17 120.3 598850K .......... .......... .......... .......... ..........  8% 6.30M 18m48s
#17 120.3 598900K .......... .......... .......... .......... ..........  8% 8.53M 18m48s
#17 120.3 598950K .......... .......... .......... .......... ..........  8% 6.35M 18m48s
#17 120.3 599000K .......... .......... .......... .......... ..........  8% 12.3M 18m48s
#17 120.3 599050K .......... .......... .......... .......... ..........  8% 4.07M 18m48s
#17 120.4 599100K .......... .......... .......... .......... ..........  8% 7.11M 18m48s
#17 120.4 599150K .......... .......... .......... .......... ..........  8% 4.89M 18m48s
#17 120.4 599200K .......... .......... .......... .......... ..........  8% 16.5M 18m48s
#17 120.4 599250K .......... .......... .......... .......... ..........  8% 5.99M 18m48s
#17 120.4 599300K .......... .......... .......... .......... ..........  8% 13.9M 18m48s
#17 120.4 599350K .......... .......... .......... .......... ..........  8% 5.31M 18m48s
#17 120.4 599400K .......... .......... .......... .......... ..........  8% 8.56M 18m48s
#17 120.4 599450K .......... .......... .......... .......... ..........  8% 5.20M 18m48s
#17 120.4 599500K .......... .......... .......... .......... ..........  8% 24.9M 18m48s
#17 120.4 599550K .......... .......... .......... .......... ..........  8% 6.60M 18m48s
#17 120.4 599600K .......... .......... .......... .......... ..........  8% 5.02M 18m48s
#17 120.4 599650K .......... .......... .......... .......... ..........  8% 8.72M 18m47s
#17 120.4 599700K .......... .......... .......... .......... ..........  8% 4.48M 18m47s
#17 120.5 599750K .......... .......... .......... .......... ..........  8% 12.2M 18m47s
#17 120.5 599800K .......... .......... .......... .......... ..........  8% 4.55M 18m47s
#17 120.5 599850K .......... .......... .......... .......... ..........  8% 10.6M 18m47s
#17 120.5 599900K .......... .......... .......... .......... ..........  8% 5.50M 18m47s
#17 120.5 599950K .......... .......... .......... .......... ..........  8% 10.5M 18m47s
#17 120.5 600000K .......... .......... .......... .......... ..........  8% 7.28M 18m47s
#17 120.5 600050K .......... .......... .......... .......... ..........  8% 5.48M 18m47s
#17 120.5 600100K .......... .......... .......... .......... ..........  8% 6.66M 18m47s
#17 120.5 600150K .......... .......... .......... .......... ..........  8% 28.2M 18m47s
#17 120.5 600200K .......... .......... .......... .......... ..........  8% 3.41M 18m47s
#17 120.5 600250K .......... .......... .......... .......... ..........  8% 5.31M 18m47s
#17 120.5 600300K .......... .......... .......... .......... ..........  8% 10.5M 18m47s
#17 120.5 600350K .......... .......... .......... .......... ..........  8% 5.04M 18m47s
#17 120.5 600400K .......... .......... .......... .......... ..........  8% 4.00M 18m47s
#17 120.6 600450K .......... .......... .......... .......... ..........  8% 4.71M 18m47s
#17 120.6 600500K .......... .......... .......... .......... ..........  8% 12.3M 18m47s
#17 120.6 600550K .......... .......... .......... .......... ..........  8% 7.10M 18m47s
#17 120.6 600600K .......... .......... .......... .......... ..........  8% 6.12M 18m47s
#17 120.6 600650K .......... .......... .......... .......... ..........  8% 3.43M 18m47s
#17 120.6 600700K .......... .......... .......... .......... ..........  8% 8.24M 18m47s
#17 120.6 600750K .......... .......... .......... .......... ..........  8% 44.5M 18m47s
#17 120.6 600800K .......... .......... .......... .......... ..........  8% 8.95M 18m47s
#17 120.6 600850K .......... .......... .......... .......... ..........  8% 4.37M 18m47s
#17 120.6 600900K .......... .......... .......... .......... ..........  8% 12.3M 18m47s
#17 120.6 600950K .......... .......... .......... .......... ..........  8% 5.69M 18m47s
#17 120.6 601000K .......... .......... .......... .......... ..........  8% 9.35M 18m47s
#17 120.6 601050K .......... .......... .......... .......... ..........  8% 4.20M 18m47s
#17 120.7 601100K .......... .......... .......... .......... ..........  8% 7.75M 18m47s
#17 120.7 601150K .......... .......... .......... .......... ..........  8% 11.7M 18m47s
#17 120.7 601200K .......... .......... .......... .......... ..........  8% 7.61M 18m47s
#17 120.7 601250K .......... .......... .......... .......... ..........  8% 3.92M 18m47s
#17 120.7 601300K .......... .......... .......... .......... ..........  8% 5.47M 18m47s
#17 120.7 601350K .......... .......... .......... .......... ..........  8% 15.1M 18m47s
#17 120.7 601400K .......... .......... .......... .......... ..........  8% 22.9M 18m47s
#17 120.7 601450K .......... .......... .......... .......... ..........  8% 13.8M 18m46s
#17 120.7 601500K .......... .......... .......... .......... ..........  8% 8.54M 18m46s
#17 120.7 601550K .......... .......... .......... .......... ..........  8% 4.14M 18m46s
#17 120.7 601600K .......... .......... .......... .......... ..........  8% 7.47M 18m46s
#17 120.7 601650K .......... .......... .......... .......... ..........  8% 5.46M 18m46s
#17 120.7 601700K .......... .......... .......... .......... ..........  8% 6.58M 18m46s
#17 120.7 601750K .......... .......... .......... .......... ..........  8% 5.00M 18m46s
#17 120.8 601800K .......... .......... .......... .......... ..........  8% 10.5M 18m46s
#17 120.8 601850K .......... .......... .......... .......... ..........  8% 6.21M 18m46s
#17 120.8 601900K .......... .......... .......... .......... ..........  8% 6.49M 18m46s
#17 120.8 601950K .......... .......... .......... .......... ..........  8% 16.0M 18m46s
#17 120.8 602000K .......... .......... .......... .......... ..........  8% 6.23M 18m46s
#17 120.8 602050K .......... .......... .......... .......... ..........  8% 6.89M 18m46s
#17 120.8 602100K .......... .......... .......... .......... ..........  8% 7.13M 18m46s
#17 120.8 602150K .......... .......... .......... .......... ..........  8% 6.55M 18m46s
#17 120.8 602200K .......... .......... .......... .......... ..........  8% 4.29M 18m46s
#17 120.8 602250K .......... .......... .......... .......... ..........  8% 10.2M 18m46s
#17 120.8 602300K .......... .......... .......... .......... ..........  8% 5.76M 18m46s
#17 120.8 602350K .......... .......... .......... .......... ..........  8% 4.12M 18m46s
#17 120.8 602400K .......... .......... .......... .......... ..........  8% 5.76M 18m46s
#17 120.9 602450K .......... .......... .......... .......... ..........  8% 9.17M 18m46s
#17 120.9 602500K .......... .......... .......... .......... ..........  8% 6.37M 18m46s
#17 120.9 602550K .......... .......... .......... .......... ..........  8% 9.73M 18m46s
#17 120.9 602600K .......... .......... .......... .......... ..........  8% 6.45M 18m46s
#17 120.9 602650K .......... .......... .......... .......... ..........  8% 10.6M 18m46s
#17 120.9 602700K .......... .......... .......... .......... ..........  8% 7.54M 18m46s
#17 120.9 602750K .......... .......... .......... .......... ..........  8% 8.26M 18m46s
#17 120.9 602800K .......... .......... .......... .......... ..........  8% 6.74M 18m46s
#17 120.9 602850K .......... .......... .......... .......... ..........  8% 4.69M 18m46s
#17 120.9 602900K .......... .......... .......... .......... ..........  8% 6.97M 18m46s
#17 120.9 602950K .......... .......... .......... .......... ..........  8% 6.92M 18m46s
#17 120.9 603000K .......... .......... .......... .......... ..........  8% 4.31M 18m46s
#17 120.9 603050K .......... .......... .......... .......... ..........  8% 6.97M 18m46s
#17 120.9 603100K .......... .......... .......... .......... ..........  8% 17.7M 18m46s
#17 120.9 603150K .......... .......... .......... .......... ..........  8% 5.56M 18m46s
#17 121.0 603200K .......... .......... .......... .......... ..........  8% 14.3M 18m45s
#17 121.0 603250K .......... .......... .......... .......... ..........  8% 2.39M 18m46s
#17 121.0 603300K .......... .......... .......... .......... ..........  8% 14.8M 18m46s
#17 121.0 603350K .......... .......... .......... .......... ..........  8% 4.27M 18m46s
#17 121.0 603400K .......... .......... .......... .......... ..........  8% 15.6M 18m45s
#17 121.0 603450K .......... .......... .......... .......... ..........  8% 7.71M 18m45s
#17 121.0 603500K .......... .......... .......... .......... ..........  8% 22.8M 18m45s
#17 121.0 603550K .......... .......... .......... .......... ..........  8% 6.65M 18m45s
#17 121.0 603600K .......... .......... .......... .......... ..........  8% 3.04M 18m45s
#17 121.0 603650K .......... .......... .......... .......... ..........  8% 3.92M 18m45s
#17 121.0 603700K .......... .......... .......... .......... ..........  8% 10.7M 18m45s
#17 121.0 603750K .......... .......... .......... .......... ..........  8% 1.91M 18m46s
#17 121.1 603800K .......... .......... .......... .......... ..........  8% 6.19M 18m45s
#17 121.1 603850K .......... .......... .......... .......... ..........  8% 49.5M 18m45s
#17 121.1 603900K .......... .......... .......... .......... ..........  8% 90.0M 18m45s
#17 121.1 603950K .......... .......... .......... .......... ..........  8% 88.4M 18m45s
#17 121.1 604000K .......... .......... .......... .......... ..........  8% 15.9M 18m45s
#17 121.1 604050K .......... .......... .......... .......... ..........  8% 7.89M 18m45s
#17 121.1 604100K .......... .......... .......... .......... ..........  8% 4.29M 18m45s
#17 121.1 604150K .......... .......... .......... .......... ..........  8% 12.2M 18m45s
#17 121.1 604200K .......... .......... .......... .......... ..........  8% 11.5M 18m45s
#17 121.1 604250K .......... .......... .......... .......... ..........  8% 5.02M 18m45s
#17 121.1 604300K .......... .......... .......... .......... ..........  8% 10.8M 18m45s
#17 121.1 604350K .......... .......... .......... .......... ..........  8% 4.84M 18m45s
#17 121.1 604400K .......... .......... .......... .......... ..........  8% 5.44M 18m45s
#17 121.1 604450K .......... .......... .......... .......... ..........  8% 7.98M 18m45s
#17 121.1 604500K .......... .......... .......... .......... ..........  8% 6.42M 18m45s
#17 121.2 604550K .......... .......... .......... .......... ..........  8% 5.18M 18m45s
#17 121.2 604600K .......... .......... .......... .......... ..........  8% 7.52M 18m45s
#17 121.2 604650K .......... .......... .......... .......... ..........  8% 8.55M 18m45s
#17 121.2 604700K .......... .......... .......... .......... ..........  8% 8.47M 18m45s
#17 121.2 604750K .......... .......... .......... .......... ..........  8% 7.82M 18m45s
#17 121.2 604800K .......... .......... .......... .......... ..........  8% 5.83M 18m45s
#17 121.2 604850K .......... .......... .......... .......... ..........  8% 5.53M 18m45s
#17 121.2 604900K .......... .......... .......... .......... ..........  8% 4.39M 18m45s
#17 121.2 604950K .......... .......... .......... .......... ..........  8% 9.68M 18m45s
#17 121.2 605000K .......... .......... .......... .......... ..........  8% 9.09M 18m45s
#17 121.2 605050K .......... .......... .......... .......... ..........  8% 4.34M 18m45s
#17 121.2 605100K .......... .......... .......... .......... ..........  8% 16.6M 18m45s
#17 121.2 605150K .......... .......... .......... .......... ..........  8% 8.57M 18m44s
#17 121.2 605200K .......... .......... .......... .......... ..........  8% 8.43M 18m44s
#17 121.3 605250K .......... .......... .......... .......... ..........  8% 6.11M 18m44s
#17 121.3 605300K .......... .......... .......... .......... ..........  8% 5.69M 18m44s
#17 121.3 605350K .......... .......... .......... .......... ..........  8% 9.48M 18m44s
#17 121.3 605400K .......... .......... .......... .......... ..........  8% 9.16M 18m44s
#17 121.3 605450K .......... .......... .......... .......... ..........  8% 6.59M 18m44s
#17 121.3 605500K .......... .......... .......... .......... ..........  8% 6.08M 18m44s
#17 121.3 605550K .......... .......... .......... .......... ..........  8% 5.40M 18m44s
#17 121.3 605600K .......... .......... .......... .......... ..........  8% 4.91M 18m44s
#17 121.3 605650K .......... .......... .......... .......... ..........  8% 11.2M 18m44s
#17 121.3 605700K .......... .......... .......... .......... ..........  8% 8.48M 18m44s
#17 121.3 605750K .......... .......... .......... .......... ..........  8% 6.01M 18m44s
#17 121.3 605800K .......... .......... .......... .......... ..........  8% 4.40M 18m44s
#17 121.4 605850K .......... .......... .......... .......... ..........  8% 3.87M 18m44s
#17 121.4 605900K .......... .......... .......... .......... ..........  8% 7.06M 18m44s
#17 121.4 605950K .......... .......... .......... .......... ..........  8% 7.50M 18m44s
#17 121.4 606000K .......... .......... .......... .......... ..........  8% 4.29M 18m44s
#17 121.4 606050K .......... .......... .......... .......... ..........  8% 26.2M 18m44s
#17 121.4 606100K .......... .......... .......... .......... ..........  8% 5.27M 18m44s
#17 121.4 606150K .......... .......... .......... .......... ..........  8% 9.93M 18m44s
#17 121.4 606200K .......... .......... .......... .......... ..........  8% 5.62M 18m44s
#17 121.4 606250K .......... .......... .......... .......... ..........  8% 4.53M 18m44s
#17 121.4 606300K .......... .......... .......... .......... ..........  8% 3.83M 18m44s
#17 121.4 606350K .......... .......... .......... .......... ..........  8% 18.0M 18m44s
#17 121.4 606400K .......... .......... .......... .......... ..........  8% 53.7M 18m44s
#17 121.4 606450K .......... .......... .......... .......... ..........  8% 7.53M 18m44s
#17 121.4 606500K .......... .......... .......... .......... ..........  8% 2.82M 18m44s
#17 121.5 606550K .......... .......... .......... .......... ..........  8% 54.6M 18m44s
#17 121.5 606600K .......... .......... .......... .......... ..........  8% 58.3M 18m44s
#17 121.5 606650K .......... .......... .......... .......... ..........  8% 3.71M 18m44s
#17 121.5 606700K .......... .......... .......... .......... ..........  8% 7.32M 18m44s
#17 121.5 606750K .......... .......... .......... .......... ..........  8% 5.32M 18m44s
#17 121.5 606800K .......... .......... .......... .......... ..........  8% 7.65M 18m44s
#17 121.5 606850K .......... .......... .......... .......... ..........  8% 6.99M 18m44s
#17 121.5 606900K .......... .......... .......... .......... ..........  8% 9.10M 18m44s
#17 121.5 606950K .......... .......... .......... .......... ..........  8% 4.13M 18m44s
#17 121.5 607000K .......... .......... .......... .......... ..........  8% 15.3M 18m43s
#17 121.5 607050K .......... .......... .......... .......... ..........  8% 2.95M 18m44s
#17 121.5 607100K .......... .......... .......... .......... ..........  8% 34.2M 18m43s
#17 121.5 607150K .......... .......... .......... .......... ..........  8% 93.5M 18m43s
#17 121.5 607200K .......... .......... .......... .......... ..........  8% 5.17M 18m43s
#17 121.6 607250K .......... .......... .......... .......... ..........  8% 6.39M 18m43s
#17 121.6 607300K .......... .......... .......... .......... ..........  8% 7.56M 18m43s
#17 121.6 607350K .......... .......... .......... .......... ..........  8% 7.15M 18m43s
#17 121.6 607400K .......... .......... .......... .......... ..........  8% 5.14M 18m43s
#17 121.6 607450K .......... .......... .......... .......... ..........  8% 5.84M 18m43s
#17 121.6 607500K .......... .......... .......... .......... ..........  8% 6.40M 18m43s
#17 121.6 607550K .......... .......... .......... .......... ..........  8% 37.7M 18m43s
#17 121.6 607600K .......... .......... .......... .......... ..........  8% 6.16M 18m43s
#17 121.6 607650K .......... .......... .......... .......... ..........  8% 5.86M 18m43s
#17 121.6 607700K .......... .......... .......... .......... ..........  8% 8.47M 18m43s
#17 121.6 607750K .......... .......... .......... .......... ..........  8% 7.28M 18m43s
#17 121.6 607800K .......... .......... .......... .......... ..........  8% 11.4M 18m43s
#17 121.6 607850K .......... .......... .......... .......... ..........  8% 4.06M 18m43s
#17 121.6 607900K .......... .......... .......... .......... ..........  8% 5.21M 18m43s
#17 121.7 607950K .......... .......... .......... .......... ..........  8% 5.48M 18m43s
#17 121.7 608000K .......... .......... .......... .......... ..........  8% 17.3M 18m43s
#17 121.7 608050K .......... .......... .......... .......... ..........  8% 4.28M 18m43s
#17 121.7 608100K .......... .......... .......... .......... ..........  8% 9.56M 18m43s
#17 121.7 608150K .......... .......... .......... .......... ..........  8% 6.71M 18m43s
#17 121.7 608200K .......... .......... .......... .......... ..........  8% 5.17M 18m43s
#17 121.7 608250K .......... .......... .......... .......... ..........  8% 6.05M 18m43s
#17 121.7 608300K .......... .......... .......... .......... ..........  8% 5.60M 18m43s
#17 121.7 608350K .......... .......... .......... .......... ..........  8% 11.6M 18m43s
#17 121.7 608400K .......... .......... .......... .......... ..........  8% 5.07M 18m43s
#17 121.7 608450K .......... .......... .......... .......... ..........  8% 40.1M 18m43s
#17 121.7 608500K .......... .......... .......... .......... ..........  8% 9.98M 18m43s
#17 121.7 608550K .......... .......... .......... .......... ..........  8% 5.22M 18m43s
#17 121.7 608600K .......... .......... .......... .......... ..........  8% 8.21M 18m43s
#17 121.7 608650K .......... .......... .......... .......... ..........  8% 4.93M 18m43s
#17 121.8 608700K .......... .......... .......... .......... ..........  8% 6.99M 18m43s
#17 121.8 608750K .......... .......... .......... .......... ..........  8% 4.18M 18m43s
#17 121.8 608800K .......... .......... .......... .......... ..........  8% 8.41M 18m42s
#17 121.8 608850K .......... .......... .......... .......... ..........  8% 7.30M 18m42s
#17 121.8 608900K .......... .......... .......... .......... ..........  8% 17.3M 18m42s
#17 121.8 608950K .......... .......... .......... .......... ..........  8% 6.26M 18m42s
#17 121.8 609000K .......... .......... .......... .......... ..........  8% 13.8M 18m42s
#17 121.8 609050K .......... .......... .......... .......... ..........  8% 3.90M 18m42s
#17 121.8 609100K .......... .......... .......... .......... ..........  8% 11.8M 18m42s
#17 121.8 609150K .......... .......... .......... .......... ..........  8% 10.3M 18m42s
#17 121.8 609200K .......... .......... .......... .......... ..........  8% 5.81M 18m42s
#17 121.8 609250K .......... .......... .......... .......... ..........  8% 6.36M 18m42s
#17 121.8 609300K .......... .......... .......... .......... ..........  8% 14.9M 18m42s
#17 121.8 609350K .......... .......... .......... .......... ..........  8% 6.86M 18m42s
#17 121.9 609400K .......... .......... .......... .......... ..........  8% 4.12M 18m42s
#17 121.9 609450K .......... .......... .......... .......... ..........  8% 6.52M 18m42s
#17 121.9 609500K .......... .......... .......... .......... ..........  8% 7.43M 18m42s
#17 121.9 609550K .......... .......... .......... .......... ..........  8% 5.49M 18m42s
#17 121.9 609600K .......... .......... .......... .......... ..........  8% 10.2M 18m42s
#17 121.9 609650K .......... .......... .......... .......... ..........  8% 7.00M 18m42s
#17 121.9 609700K .......... .......... .......... .......... ..........  8% 12.4M 18m42s
#17 121.9 609750K .......... .......... .......... .......... ..........  9% 8.62M 18m42s
#17 121.9 609800K .......... .......... .......... .......... ..........  9% 6.30M 18m42s
#17 121.9 609850K .......... .......... .......... .......... ..........  9% 5.60M 18m42s
#17 121.9 609900K .......... .......... .......... .......... ..........  9% 9.14M 18m42s
#17 121.9 609950K .......... .......... .......... .......... ..........  9% 5.58M 18m42s
#17 121.9 610000K .......... .......... .......... .......... ..........  9% 11.5M 18m42s
#17 121.9 610050K .......... .......... .......... .......... ..........  9% 5.17M 18m42s
#17 122.0 610100K .......... .......... .......... .......... ..........  9% 5.25M 18m42s
#17 122.0 610150K .......... .......... .......... .......... ..........  9% 9.65M 18m42s
#17 122.0 610200K .......... .......... .......... .......... ..........  9% 5.66M 18m42s
#17 122.0 610250K .......... .......... .......... .......... ..........  9% 6.18M 18m42s
#17 122.0 610300K .......... .......... .......... .......... ..........  9% 3.79M 18m42s
#17 122.0 610350K .......... .......... .......... .......... ..........  9% 27.0M 18m42s
#17 122.0 610400K .......... .......... .......... .......... ..........  9% 4.46M 18m42s
#17 122.0 610450K .......... .......... .......... .......... ..........  9% 26.7M 18m41s
#17 122.0 610500K .......... .......... .......... .......... ..........  9% 27.3M 18m41s
#17 122.0 610550K .......... .......... .......... .......... ..........  9% 4.87M 18m41s
#17 122.0 610600K .......... .......... .......... .......... ..........  9% 28.7M 18m41s
#17 122.0 610650K .......... .......... .......... .......... ..........  9% 3.82M 18m41s
#17 122.0 610700K .......... .......... .......... .......... ..........  9% 8.84M 18m41s
#17 122.0 610750K .......... .......... .......... .......... ..........  9% 4.67M 18m41s
#17 122.1 610800K .......... .......... .......... .......... ..........  9% 8.88M 18m41s
#17 122.1 610850K .......... .......... .......... .......... ..........  9% 7.42M 18m41s
#17 122.1 610900K .......... .......... .......... .......... ..........  9% 6.90M 18m41s
#17 122.1 610950K .......... .......... .......... .......... ..........  9% 5.44M 18m41s
#17 122.1 611000K .......... .......... .......... .......... ..........  9% 4.81M 18m41s
#17 122.1 611050K .......... .......... .......... .......... ..........  9% 14.5M 18m41s
#17 122.1 611100K .......... .......... .......... .......... ..........  9% 23.8M 18m41s
#17 122.1 611150K .......... .......... .......... .......... ..........  9% 8.20M 18m41s
#17 122.1 611200K .......... .......... .......... .......... ..........  9% 13.8M 18m41s
#17 122.1 611250K .......... .......... .......... .......... ..........  9% 6.86M 18m41s
#17 122.1 611300K .......... .......... .......... .......... ..........  9% 4.45M 18m41s
#17 122.1 611350K .......... .......... .......... .......... ..........  9% 6.63M 18m41s
#17 122.1 611400K .......... .......... .......... .......... ..........  9% 5.69M 18m41s
#17 122.1 611450K .......... .......... .......... .......... ..........  9% 4.71M 18m41s
#17 122.2 611500K .......... .......... .......... .......... ..........  9% 3.64M 18m41s
#17 122.2 611550K .......... .......... .......... .......... ..........  9% 32.8M 18m41s
#17 122.2 611600K .......... .......... .......... .......... ..........  9% 4.29M 18m41s
#17 122.2 611650K .......... .......... .......... .......... ..........  9% 8.16M 18m41s
#17 122.2 611700K .......... .......... .......... .......... ..........  9% 5.95M 18m41s
#17 122.2 611750K .......... .......... .......... .......... ..........  9% 26.6M 18m41s
#17 122.2 611800K .......... .......... .......... .......... ..........  9% 50.0M 18m41s
#17 122.2 611850K .......... .......... .......... .......... ..........  9% 4.61M 18m41s
#17 122.2 611900K .......... .......... .......... .......... ..........  9% 12.0M 18m41s
#17 122.2 611950K .......... .......... .......... .......... ..........  9% 5.36M 18m41s
#17 122.2 612000K .......... .......... .......... .......... ..........  9% 10.0M 18m40s
#17 122.2 612050K .......... .......... .......... .......... ..........  9% 4.74M 18m40s
#17 122.2 612100K .......... .......... .......... .......... ..........  9% 5.76M 18m40s
#17 122.2 612150K .......... .......... .......... .......... ..........  9% 5.30M 18m40s
#17 122.3 612200K .......... .......... .......... .......... ..........  9% 13.9M 18m40s
#17 122.3 612250K .......... .......... .......... .......... ..........  9% 5.75M 18m40s
#17 122.3 612300K .......... .......... .......... .......... ..........  9% 6.75M 18m40s
#17 122.3 612350K .......... .......... .......... .......... ..........  9% 6.33M 18m40s
#17 122.3 612400K .......... .......... .......... .......... ..........  9% 3.70M 18m40s
#17 122.3 612450K .......... .......... .......... .......... ..........  9% 9.52M 18m40s
#17 122.3 612500K .......... .......... .......... .......... ..........  9% 53.6M 18m40s
#17 122.3 612550K .......... .......... .......... .......... ..........  9% 9.56M 18m40s
#17 122.3 612600K .......... .......... .......... .......... ..........  9% 6.76M 18m40s
#17 122.3 612650K .......... .......... .......... .......... ..........  9% 4.95M 18m40s
#17 122.3 612700K .......... .......... .......... .......... ..........  9% 6.29M 18m40s
#17 122.3 612750K .......... .......... .......... .......... ..........  9% 4.14M 18m40s
#17 122.3 612800K .......... .......... .......... .......... ..........  9% 6.71M 18m40s
#17 122.3 612850K .......... .......... .......... .......... ..........  9% 4.54M 18m40s
#17 122.4 612900K .......... .......... .......... .......... ..........  9% 18.6M 18m40s
#17 122.4 612950K .......... .......... .......... .......... ..........  9% 9.60M 18m40s
#17 122.4 613000K .......... .......... .......... .......... ..........  9% 7.89M 18m40s
#17 122.4 613050K .......... .......... .......... .......... ..........  9% 5.23M 18m40s
#17 122.4 613100K .......... .......... .......... .......... ..........  9% 6.31M 18m40s
#17 122.4 613150K .......... .......... .......... .......... ..........  9% 1.91M 18m40s
#17 122.4 613200K .......... .......... .......... .......... ..........  9% 2.74M 18m40s
#17 122.4 613250K .......... .......... .......... .......... ..........  9% 6.66M 18m40s
#17 122.4 613300K .......... .......... .......... .......... ..........  9% 5.14M 18m40s
#17 122.4 613350K .......... .......... .......... .......... ..........  9% 10.2M 18m40s
#17 122.5 613400K .......... .......... .......... .......... ..........  9% 14.7M 18m40s
#17 122.5 613450K .......... .......... .......... .......... ..........  9% 4.34M 18m40s
#17 122.5 613500K .......... .......... .......... .......... ..........  9% 16.7M 18m40s
#17 122.5 613550K .......... .......... .......... .......... ..........  9% 6.94M 18m40s
#17 122.5 613600K .......... .......... .......... .......... ..........  9% 5.82M 18m40s
#17 122.5 613650K .......... .......... .......... .......... ..........  9% 5.06M 18m40s
#17 122.5 613700K .......... .......... .......... .......... ..........  9% 11.0M 18m40s
#17 122.5 613750K .......... .......... .......... .......... ..........  9% 6.80M 18m40s
#17 122.5 613800K .......... .......... .......... .......... ..........  9% 7.54M 18m40s
#17 122.5 613850K .......... .......... .......... .......... ..........  9% 4.31M 18m40s
#17 122.5 613900K .......... .......... .......... .......... ..........  9% 8.42M 18m40s
#17 122.5 613950K .......... .......... .......... .......... ..........  9% 4.87M 18m40s
#17 122.5 614000K .......... .......... .......... .......... ..........  9% 12.2M 18m40s
#17 122.5 614050K .......... .......... .......... .......... ..........  9% 7.21M 18m40s
#17 122.6 614100K .......... .......... .......... .......... ..........  9% 5.31M 18m40s
#17 122.6 614150K .......... .......... .......... .......... ..........  9% 34.8M 18m40s
#17 122.6 614200K .......... .......... .......... .......... ..........  9% 5.42M 18m40s
#17 122.6 614250K .......... .......... .......... .......... ..........  9% 9.44M 18m39s
#17 122.6 614300K .......... .......... .......... .......... ..........  9% 7.49M 18m39s
#17 122.6 614350K .......... .......... .......... .......... ..........  9% 5.82M 18m39s
#17 122.6 614400K .......... .......... .......... .......... ..........  9% 7.68M 18m39s
#17 122.6 614450K .......... .......... .......... .......... ..........  9% 6.73M 18m39s
#17 122.6 614500K .......... .......... .......... .......... ..........  9% 7.25M 18m39s
#17 122.6 614550K .......... .......... .......... .......... ..........  9% 5.15M 18m39s
#17 122.6 614600K .......... .......... .......... .......... ..........  9% 6.36M 18m39s
#17 122.6 614650K .......... .......... .......... .......... ..........  9% 9.53M 18m39s
#17 122.6 614700K .......... .......... .......... .......... ..........  9% 5.15M 18m39s
#17 122.6 614750K .......... .......... .......... .......... ..........  9% 9.21M 18m39s
#17 122.6 614800K .......... .......... .......... .......... ..........  9% 10.7M 18m39s
#17 122.7 614850K .......... .......... .......... .......... ..........  9% 5.29M 18m39s
#17 122.7 614900K .......... .......... .......... .......... ..........  9% 15.9M 18m39s
#17 122.7 614950K .......... .......... .......... .......... ..........  9% 6.16M 18m39s
#17 122.7 615000K .......... .......... .......... .......... ..........  9% 8.30M 18m39s
#17 122.7 615050K .......... .......... .......... .......... ..........  9% 4.49M 18m39s
#17 122.7 615100K .......... .......... .......... .......... ..........  9% 6.22M 18m39s
#17 122.7 615150K .......... .......... .......... .......... ..........  9% 6.51M 18m39s
#17 122.7 615200K .......... .......... .......... .......... ..........  9% 7.90M 18m39s
#17 122.7 615250K .......... .......... .......... .......... ..........  9% 4.49M 18m39s
#17 122.7 615300K .......... .......... .......... .......... ..........  9% 15.0M 18m39s
#17 122.7 615350K .......... .......... .......... .......... ..........  9% 9.25M 18m39s
#17 122.7 615400K .......... .......... .......... .......... ..........  9% 7.10M 18m39s
#17 122.7 615450K .......... .......... .......... .......... ..........  9% 7.09M 18m39s
#17 122.7 615500K .......... .......... .......... .......... ..........  9% 6.37M 18m39s
#17 122.8 615550K .......... .......... .......... .......... ..........  9% 11.7M 18m39s
#17 122.8 615600K .......... .......... .......... .......... ..........  9% 5.72M 18m39s
#17 122.8 615650K .......... .......... .......... .......... ..........  9% 8.02M 18m39s
#17 122.8 615700K .......... .......... .......... .......... ..........  9% 4.36M 18m39s
#17 122.8 615750K .......... .......... .......... .......... ..........  9% 14.0M 18m39s
#17 122.8 615800K .......... .......... .......... .......... ..........  9% 5.94M 18m39s
#17 122.8 615850K .......... .......... .......... .......... ..........  9% 4.22M 18m39s
#17 122.8 615900K .......... .......... .......... .......... ..........  9% 4.48M 18m39s
#17 122.8 615950K .......... .......... .......... .......... ..........  9% 9.03M 18m39s
#17 122.8 616000K .......... .......... .......... .......... ..........  9% 7.16M 18m39s
#17 122.8 616050K .......... .......... .......... .......... ..........  9% 5.28M 18m39s
#17 122.8 616100K .......... .......... .......... .......... ..........  9% 8.40M 18m38s
#17 122.8 616150K .......... .......... .......... .......... ..........  9% 9.31M 18m38s
#17 122.9 616200K .......... .......... .......... .......... ..........  9% 8.51M 18m38s
#17 122.9 616250K .......... .......... .......... .......... ..........  9% 6.71M 18m38s
#17 122.9 616300K .......... .......... .......... .......... ..........  9% 12.1M 18m38s
#17 122.9 616350K .......... .......... .......... .......... ..........  9% 8.16M 18m38s
#17 122.9 616400K .......... .......... .......... .......... ..........  9% 7.86M 18m38s
#17 122.9 616450K .......... .......... .......... .......... ..........  9% 6.81M 18m38s
#17 122.9 616500K .......... .......... .......... .......... ..........  9% 5.66M 18m38s
#17 122.9 616550K .......... .......... .......... .......... ..........  9% 5.20M 18m38s
#17 122.9 616600K .......... .......... .......... .......... ..........  9% 6.31M 18m38s
#17 122.9 616650K .......... .......... .......... .......... ..........  9% 10.6M 18m38s
#17 122.9 616700K .......... .......... .......... .......... ..........  9% 6.24M 18m38s
#17 122.9 616750K .......... .......... .......... .......... ..........  9% 12.1M 18m38s
#17 122.9 616800K .......... .......... .......... .......... ..........  9% 7.00M 18m38s
#17 122.9 616850K .......... .......... .......... .......... ..........  9% 6.27M 18m38s
#17 122.9 616900K .......... .......... .......... .......... ..........  9% 4.04M 18m38s
#17 123.0 616950K .......... .......... .......... .......... ..........  9% 6.10M 18m38s
#17 123.0 617000K .......... .......... .......... .......... ..........  9% 5.96M 18m38s
#17 123.0 617050K .......... .......... .......... .......... ..........  9% 8.81M 18m38s
#17 123.0 617100K .......... .......... .......... .......... ..........  9% 8.64M 18m38s
#17 123.0 617150K .......... .......... .......... .......... ..........  9% 9.97M 18m38s
#17 123.0 617200K .......... .......... .......... .......... ..........  9% 4.94M 18m38s
#17 123.0 617250K .......... .......... .......... .......... ..........  9% 7.27M 18m38s
#17 123.0 617300K .......... .......... .......... .......... ..........  9% 5.84M 18m38s
#17 123.0 617350K .......... .......... .......... .......... ..........  9% 7.79M 18m38s
#17 123.0 617400K .......... .......... .......... .......... ..........  9% 12.0M 18m38s
#17 123.0 617450K .......... .......... .......... .......... ..........  9% 5.84M 18m38s
#17 123.0 617500K .......... .......... .......... .......... ..........  9% 8.26M 18m38s
#17 123.0 617550K .......... .......... .......... .......... ..........  9% 5.77M 18m38s
#17 123.0 617600K .......... .......... .......... .......... ..........  9% 5.47M 18m38s
#17 123.1 617650K .......... .......... .......... .......... ..........  9% 5.81M 18m38s
#17 123.1 617700K .......... .......... .......... .......... ..........  9% 4.61M 18m38s
#17 123.1 617750K .......... .......... .......... .......... ..........  9% 7.67M 18m38s
#17 123.1 617800K .......... .......... .......... .......... ..........  9% 4.52M 18m38s
#17 123.1 617850K .......... .......... .......... .......... ..........  9% 7.36M 18m38s
#17 123.1 617900K .......... .......... .......... .......... ..........  9% 8.63M 18m37s
#17 123.1 617950K .......... .......... .......... .......... ..........  9% 3.05M 18m38s
#17 123.1 618000K .......... .......... .......... .......... ..........  9% 9.81M 18m37s
#17 123.1 618050K .......... .......... .......... .......... ..........  9% 9.49M 18m37s
#17 123.1 618100K .......... .......... .......... .......... ..........  9% 11.7M 18m37s
#17 123.1 618150K .......... .......... .......... .......... ..........  9% 10.7M 18m37s
#17 123.1 618200K .......... .......... .......... .......... ..........  9% 15.0M 18m37s
#17 123.1 618250K .......... .......... .......... .......... ..........  9% 7.14M 18m37s
#17 123.1 618300K .......... .......... .......... .......... ..........  9% 6.66M 18m37s
#17 123.2 618350K .......... .......... .......... .......... ..........  9% 4.73M 18m37s
#17 123.2 618400K .......... .......... .......... .......... ..........  9% 7.15M 18m37s
#17 123.2 618450K .......... .......... .......... .......... ..........  9% 4.00M 18m37s
#17 123.2 618500K .......... .......... .......... .......... ..........  9% 8.49M 18m37s
#17 123.2 618550K .......... .......... .......... .......... ..........  9% 5.49M 18m37s
#17 123.2 618600K .......... .......... .......... .......... ..........  9% 6.50M 18m37s
#17 123.2 618650K .......... .......... .......... .......... ..........  9% 66.0M 18m37s
#17 123.2 618700K .......... .......... .......... .......... ..........  9% 2.43M 18m37s
#17 123.2 618750K .......... .......... .......... .......... ..........  9% 3.16M 18m37s
#17 123.2 618800K .......... .......... .......... .......... ..........  9% 15.0M 18m37s
#17 123.2 618850K .......... .......... .......... .......... ..........  9% 5.66M 18m37s
#17 123.3 618900K .......... .......... .......... .......... ..........  9% 9.04M 18m37s
#17 123.3 618950K .......... .......... .......... .......... ..........  9% 73.1M 18m37s
#17 123.3 619000K .......... .......... .......... .......... ..........  9% 4.47M 18m37s
#17 123.3 619050K .......... .......... .......... .......... ..........  9% 6.99M 18m37s
#17 123.3 619100K .......... .......... .......... .......... ..........  9% 5.51M 18m37s
#17 123.3 619150K .......... .......... .......... .......... ..........  9% 18.5M 18m37s
#17 123.3 619200K .......... .......... .......... .......... ..........  9% 4.67M 18m37s
#17 123.3 619250K .......... .......... .......... .......... ..........  9% 13.1M 18m37s
#17 123.3 619300K .......... .......... .......... .......... ..........  9% 4.10M 18m37s
#17 123.3 619350K .......... .......... .......... .......... ..........  9% 43.3M 18m37s
#17 123.3 619400K .......... .......... .......... .......... ..........  9% 9.63M 18m37s
#17 123.3 619450K .......... .......... .......... .......... ..........  9% 4.20M 18m37s
#17 123.3 619500K .......... .......... .......... .......... ..........  9% 12.6M 18m37s
#17 123.3 619550K .......... .......... .......... .......... ..........  9% 5.72M 18m37s
#17 123.3 619600K .......... .......... .......... .......... ..........  9% 12.4M 18m37s
#17 123.4 619650K .......... .......... .......... .......... ..........  9% 3.99M 18m37s
#17 123.4 619700K .......... .......... .......... .......... ..........  9% 8.21M 18m37s
#17 123.4 619750K .......... .......... .......... .......... ..........  9% 7.02M 18m37s
#17 123.4 619800K .......... .......... .......... .......... ..........  9% 4.79M 18m37s
#17 123.4 619850K .......... .......... .......... .......... ..........  9% 7.69M 18m36s
#17 123.4 619900K .......... .......... .......... .......... ..........  9% 10.3M 18m36s
#17 123.4 619950K .......... .......... .......... .......... ..........  9% 7.80M 18m36s
#17 123.4 620000K .......... .......... .......... .......... ..........  9% 7.47M 18m36s
#17 123.4 620050K .......... .......... .......... .......... ..........  9% 6.10M 18m36s
#17 123.4 620100K .......... .......... .......... .......... ..........  9% 12.5M 18m36s
#17 123.4 620150K .......... .......... .......... .......... ..........  9% 7.36M 18m36s
#17 123.4 620200K .......... .......... .......... .......... ..........  9% 5.46M 18m36s
#17 123.4 620250K .......... .......... .......... .......... ..........  9% 8.49M 18m36s
#17 123.4 620300K .......... .......... .......... .......... ..........  9% 7.10M 18m36s
#17 123.4 620350K .......... .......... .......... .......... ..........  9% 11.3M 18m36s
#17 123.5 620400K .......... .......... .......... .......... ..........  9% 4.43M 18m36s
#17 123.5 620450K .......... .......... .......... .......... ..........  9% 4.02M 18m36s
#17 123.5 620500K .......... .......... .......... .......... ..........  9% 8.35M 18m36s
#17 123.5 620550K .......... .......... .......... .......... ..........  9% 8.31M 18m36s
#17 123.5 620600K .......... .......... .......... .......... ..........  9% 11.4M 18m36s
#17 123.5 620650K .......... .......... .......... .......... ..........  9% 3.42M 18m36s
#17 123.5 620700K .......... .......... .......... .......... ..........  9% 4.93M 18m36s
#17 123.5 620750K .......... .......... .......... .......... ..........  9% 6.84M 18m36s
#17 123.5 620800K .......... .......... .......... .......... ..........  9% 5.45M 18m36s
#17 123.5 620850K .......... .......... .......... .......... ..........  9% 10.6M 18m36s
#17 123.5 620900K .......... .......... .......... .......... ..........  9% 5.11M 18m36s
#17 123.5 620950K .......... .......... .......... .......... ..........  9% 4.79M 18m36s
#17 123.6 621000K .......... .......... .......... .......... ..........  9% 6.28M 18m36s
#17 123.6 621050K .......... .......... .......... .......... ..........  9% 8.99M 18m36s
#17 123.6 621100K .......... .......... .......... .......... ..........  9% 7.55M 18m36s
#17 123.6 621150K .......... .......... .......... .......... ..........  9% 6.49M 18m36s
#17 123.6 621200K .......... .......... .......... .......... ..........  9% 5.47M 18m36s
#17 123.6 621250K .......... .......... .......... .......... ..........  9% 5.86M 18m36s
#17 123.6 621300K .......... .......... .......... .......... ..........  9% 11.4M 18m36s
#17 123.6 621350K .......... .......... .......... .......... ..........  9% 7.11M 18m36s
#17 123.6 621400K .......... .......... .......... .......... ..........  9% 6.39M 18m36s
#17 123.6 621450K .......... .......... .......... .......... ..........  9% 4.87M 18m36s
#17 123.6 621500K .......... .......... .......... .......... ..........  9% 5.36M 18m36s
#17 123.6 621550K .......... .......... .......... .......... ..........  9% 10.0M 18m36s
#17 123.6 621600K .......... .......... .......... .......... ..........  9% 5.39M 18m36s
#17 123.7 621650K .......... .......... .......... .......... ..........  9% 6.41M 18m36s
#17 123.7 621700K .......... .......... .......... .......... ..........  9% 4.01M 18m36s
#17 123.7 621750K .......... .......... .......... .......... ..........  9% 9.58M 18m36s
#17 123.7 621800K .......... .......... .......... .......... ..........  9% 7.33M 18m36s
#17 123.7 621850K .......... .......... .......... .......... ..........  9% 5.87M 18m36s
#17 123.7 621900K .......... .......... .......... .......... ..........  9% 5.60M 18m35s
#17 123.7 621950K .......... .......... .......... .......... ..........  9% 4.39M 18m36s
#17 123.7 622000K .......... .......... .......... .......... ..........  9% 8.02M 18m35s
#17 123.7 622050K .......... .......... .......... .......... ..........  9% 3.52M 18m36s
#17 123.7 622100K .......... .......... .......... .......... ..........  9% 8.39M 18m35s
#17 123.7 622150K .......... .......... .......... .......... ..........  9% 4.00M 18m35s
#17 123.8 622200K .......... .......... .......... .......... ..........  9% 7.61M 18m35s
#17 123.8 622250K .......... .......... .......... .......... ..........  9% 5.33M 18m35s
#17 123.8 622300K .......... .......... .......... .......... ..........  9% 10.9M 18m35s
#17 123.8 622350K .......... .......... .......... .......... ..........  9% 5.46M 18m35s
#17 123.8 622400K .......... .......... .......... .......... ..........  9% 18.0M 18m35s
#17 123.8 622450K .......... .......... .......... .......... ..........  9% 4.52M 18m35s
#17 123.8 622500K .......... .......... .......... .......... ..........  9% 7.13M 18m35s
#17 123.8 622550K .......... .......... .......... .......... ..........  9% 4.09M 18m35s
#17 123.8 622600K .......... .......... .......... .......... ..........  9% 10.9M 18m35s
#17 123.8 622650K .......... .......... .......... .......... ..........  9% 4.64M 18m35s
#17 123.8 622700K .......... .......... .......... .......... ..........  9% 8.37M 18m35s
#17 123.8 622750K .......... .......... .......... .......... ..........  9% 5.53M 18m35s
#17 123.8 622800K .......... .......... .......... .......... ..........  9% 6.78M 18m35s
#17 123.8 622850K .......... .......... .......... .......... ..........  9% 5.52M 18m35s
#17 123.9 622900K .......... .......... .......... .......... ..........  9% 5.41M 18m35s
#17 123.9 622950K .......... .......... .......... .......... ..........  9% 5.03M 18m35s
#17 123.9 623000K .......... .......... .......... .......... ..........  9% 11.1M 18m35s
#17 123.9 623050K .......... .......... .......... .......... ..........  9% 7.07M 18m35s
#17 123.9 623100K .......... .......... .......... .......... ..........  9% 5.68M 18m35s
#17 123.9 623150K .......... .......... .......... .......... ..........  9% 12.7M 18m35s
#17 123.9 623200K .......... .......... .......... .......... ..........  9% 13.1M 18m35s
#17 123.9 623250K .......... .......... .......... .......... ..........  9% 3.52M 18m35s
#17 123.9 623300K .......... .......... .......... .......... ..........  9% 3.44M 18m35s
#17 123.9 623350K .......... .......... .......... .......... ..........  9% 7.03M 18m35s
#17 123.9 623400K .......... .......... .......... .......... ..........  9% 5.48M 18m35s
#17 124.0 623450K .......... .......... .......... .......... ..........  9% 14.9M 18m35s
#17 124.0 623500K .......... .......... .......... .......... ..........  9% 9.11M 18m35s
#17 124.0 623550K .......... .......... .......... .......... ..........  9% 7.97M 18m35s
#17 124.0 623600K .......... .......... .......... .......... ..........  9% 6.05M 18m35s
#17 124.0 623650K .......... .......... .......... .......... ..........  9% 5.41M 18m35s
#17 124.0 623700K .......... .......... .......... .......... ..........  9% 4.21M 18m35s
#17 124.0 623750K .......... .......... .......... .......... ..........  9% 11.1M 18m35s
#17 124.0 623800K .......... .......... .......... .......... ..........  9% 4.60M 18m35s
#17 124.0 623850K .......... .......... .......... .......... ..........  9% 7.55M 18m35s
#17 124.0 623900K .......... .......... .......... .......... ..........  9% 3.15M 18m35s
#17 124.0 623950K .......... .......... .......... .......... ..........  9% 4.65M 18m35s
#17 124.0 624000K .......... .......... .......... .......... ..........  9% 10.4M 18m35s
#17 124.0 624050K .......... .......... .......... .......... ..........  9% 6.44M 18m35s
#17 124.1 624100K .......... .......... .......... .......... ..........  9% 13.9M 18m35s
#17 124.1 624150K .......... .......... .......... .......... ..........  9% 4.36M 18m35s
#17 124.1 624200K .......... .......... .......... .......... ..........  9% 10.6M 18m35s
#17 124.1 624250K .......... .......... .......... .......... ..........  9% 8.04M 18m35s
#17 124.1 624300K .......... .......... .......... .......... ..........  9% 5.04M 18m35s
#17 124.1 624350K .......... .......... .......... .......... ..........  9% 1.77M 18m35s
#17 124.1 624400K .......... .......... .......... .......... ..........  9% 41.7M 18m35s
#17 124.1 624450K .......... .......... .......... .......... ..........  9% 16.0M 18m35s
#17 124.1 624500K .......... .......... .......... .......... ..........  9% 4.99M 18m35s
#17 124.1 624550K .......... .......... .......... .......... ..........  9% 3.99M 18m35s
#17 124.1 624600K .......... .......... .......... .......... ..........  9% 9.52M 18m35s
#17 124.1 624650K .......... .......... .......... .......... ..........  9% 6.11M 18m35s
#17 124.2 624700K .......... .......... .......... .......... ..........  9% 51.8M 18m34s
#17 124.2 624750K .......... .......... .......... .......... ..........  9% 51.2M 18m34s
#17 124.2 624800K .......... .......... .......... .......... ..........  9% 5.93M 18m34s
#17 124.2 624850K .......... .......... .......... .......... ..........  9% 16.2M 18m34s
#17 124.2 624900K .......... .......... .......... .......... ..........  9% 8.11M 18m34s
#17 124.2 624950K .......... .......... .......... .......... ..........  9% 5.56M 18m34s
#17 124.2 625000K .......... .......... .......... .......... ..........  9% 10.5M 18m34s
#17 124.2 625050K .......... .......... .......... .......... ..........  9% 10.6M 18m34s
#17 124.2 625100K .......... .......... .......... .......... ..........  9% 5.70M 18m34s
#17 124.2 625150K .......... .......... .......... .......... ..........  9% 3.28M 18m34s
#17 124.2 625200K .......... .......... .......... .......... ..........  9% 3.70M 18m34s
#17 124.2 625250K .......... .......... .......... .......... ..........  9% 5.85M 18m34s
#17 124.2 625300K .......... .......... .......... .......... ..........  9% 4.56M 18m34s
#17 124.2 625350K .......... .......... .......... .......... ..........  9% 5.86M 18m34s
#17 124.3 625400K .......... .......... .......... .......... ..........  9% 10.0M 18m34s
#17 124.3 625450K .......... .......... .......... .......... ..........  9% 7.63M 18m34s
#17 124.3 625500K .......... .......... .......... .......... ..........  9% 14.1M 18m34s
#17 124.3 625550K .......... .......... .......... .......... ..........  9% 9.96M 18m34s
#17 124.3 625600K .......... .......... .......... .......... ..........  9% 5.60M 18m34s
#17 124.3 625650K .......... .......... .......... .......... ..........  9% 6.60M 18m34s
#17 124.3 625700K .......... .......... .......... .......... ..........  9% 12.3M 18m34s
#17 124.3 625750K .......... .......... .......... .......... ..........  9% 5.75M 18m34s
#17 124.3 625800K .......... .......... .......... .......... ..........  9% 6.26M 18m34s
#17 124.3 625850K .......... .......... .......... .......... ..........  9% 5.59M 18m34s
#17 124.3 625900K .......... .......... .......... .......... ..........  9% 5.08M 18m34s
#17 124.3 625950K .......... .......... .......... .......... ..........  9% 9.36M 18m34s
#17 124.3 626000K .......... .......... .......... .......... ..........  9% 7.60M 18m34s
#17 124.3 626050K .......... .......... .......... .......... ..........  9% 16.0M 18m34s
#17 124.3 626100K .......... .......... .......... .......... ..........  9% 4.55M 18m34s
#17 124.4 626150K .......... .......... .......... .......... ..........  9% 9.29M 18m34s
#17 124.4 626200K .......... .......... .......... .......... ..........  9% 6.29M 18m34s
#17 124.4 626250K .......... .......... .......... .......... ..........  9% 4.80M 18m34s
#17 124.4 626300K .......... .......... .......... .......... ..........  9% 3.01M 18m34s
#17 124.4 626350K .......... .......... .......... .......... ..........  9% 24.8M 18m34s
#17 124.4 626400K .......... .......... .......... .......... ..........  9% 5.71M 18m34s
#17 124.4 626450K .......... .......... .......... .......... ..........  9% 5.87M 18m34s
#17 124.4 626500K .......... .......... .......... .......... ..........  9% 10.0M 18m33s
#17 124.4 626550K .......... .......... .......... .......... ..........  9% 7.97M 18m33s
#17 124.4 626600K .......... .......... .......... .......... ..........  9% 4.92M 18m33s
#17 124.4 626650K .......... .......... .......... .......... ..........  9% 14.8M 18m33s
#17 124.4 626700K .......... .......... .......... .......... ..........  9% 3.10M 18m33s
#17 124.5 626750K .......... .......... .......... .......... ..........  9% 5.04M 18m33s
#17 124.5 626800K .......... .......... .......... .......... ..........  9% 7.86M 18m33s
#17 124.5 626850K .......... .......... .......... .......... ..........  9% 60.5M 18m33s
#17 124.5 626900K .......... .......... .......... .......... ..........  9% 6.64M 18m33s
#17 124.5 626950K .......... .......... .......... .......... ..........  9% 7.37M 18m33s
#17 124.5 627000K .......... .......... .......... .......... ..........  9% 5.38M 18m33s
#17 124.5 627050K .......... .......... .......... .......... ..........  9% 8.21M 18m33s
#17 124.5 627100K .......... .......... .......... .......... ..........  9% 5.66M 18m33s
#17 124.5 627150K .......... .......... .......... .......... ..........  9% 6.06M 18m33s
#17 124.5 627200K .......... .......... .......... .......... ..........  9% 3.51M 18m33s
#17 124.5 627250K .......... .......... .......... .......... ..........  9% 3.95M 18m33s
#17 124.5 627300K .......... .......... .......... .......... ..........  9% 8.34M 18m33s
#17 124.5 627350K .......... .......... .......... .......... ..........  9% 3.38M 18m33s
#17 124.6 627400K .......... .......... .......... .......... ..........  9% 20.7M 18m33s
#17 124.6 627450K .......... .......... .......... .......... ..........  9% 6.61M 18m33s
#17 124.6 627500K .......... .......... .......... .......... ..........  9% 5.13M 18m33s
#17 124.6 627550K .......... .......... .......... .......... ..........  9% 6.15M 18m33s
#17 124.6 627600K .......... .......... .......... .......... ..........  9% 5.86M 18m33s
#17 124.6 627650K .......... .......... .......... .......... ..........  9% 8.23M 18m33s
#17 124.6 627700K .......... .......... .......... .......... ..........  9% 5.19M 18m33s
#17 124.6 627750K .......... .......... .......... .......... ..........  9% 11.1M 18m33s
#17 124.6 627800K .......... .......... .......... .......... ..........  9% 8.68M 18m33s
#17 124.6 627850K .......... .......... .......... .......... ..........  9% 5.13M 18m33s
#17 124.6 627900K .......... .......... .......... .......... ..........  9% 6.20M 18m33s
#17 124.6 627950K .......... .......... .......... .......... ..........  9% 5.29M 18m33s
#17 124.6 628000K .......... .......... .......... .......... ..........  9% 8.46M 18m33s
#17 124.7 628050K .......... .......... .......... .......... ..........  9% 5.13M 18m33s
#17 124.7 628100K .......... .......... .......... .......... ..........  9% 6.44M 18m33s
#17 124.7 628150K .......... .......... .......... .......... ..........  9% 5.71M 18m33s
#17 124.7 628200K .......... .......... .......... .......... ..........  9% 6.18M 18m33s
#17 124.7 628250K .......... .......... .......... .......... ..........  9% 6.47M 18m33s
#17 124.7 628300K .......... .......... .......... .......... ..........  9% 3.83M 18m33s
#17 124.7 628350K .......... .......... .......... .......... ..........  9% 9.83M 18m33s
#17 124.7 628400K .......... .......... .......... .......... ..........  9% 5.87M 18m33s
#17 124.7 628450K .......... .......... .......... .......... ..........  9% 9.27M 18m33s
#17 124.7 628500K .......... .......... .......... .......... ..........  9% 11.1M 18m33s
#17 124.7 628550K .......... .......... .......... .......... ..........  9% 7.12M 18m33s
#17 124.7 628600K .......... .......... .......... .......... ..........  9% 10.8M 18m33s
#17 124.7 628650K .......... .......... .......... .......... ..........  9% 4.39M 18m33s
#17 124.8 628700K .......... .......... .......... .......... ..........  9% 5.10M 18m33s
#17 124.8 628750K .......... .......... .......... .......... ..........  9% 7.51M 18m33s
#17 124.8 628800K .......... .......... .......... .......... ..........  9% 7.67M 18m33s
#17 124.8 628850K .......... .......... .......... .......... ..........  9% 6.25M 18m33s
#17 124.8 628900K .......... .......... .......... .......... ..........  9% 6.83M 18m32s
#17 124.8 628950K .......... .......... .......... .......... ..........  9% 8.19M 18m32s
#17 124.8 629000K .......... .......... .......... .......... ..........  9% 5.16M 18m32s
#17 124.8 629050K .......... .......... .......... .......... ..........  9% 8.62M 18m32s
#17 124.8 629100K .......... .......... .......... .......... ..........  9% 5.91M 18m32s
#17 124.8 629150K .......... .......... .......... .......... ..........  9% 8.07M 18m32s
#17 124.8 629200K .......... .......... .......... .......... ..........  9% 5.63M 18m32s
#17 124.8 629250K .......... .......... .......... .......... ..........  9% 9.07M 18m32s
#17 124.8 629300K .......... .......... .......... .......... ..........  9% 5.50M 18m32s
#17 124.9 629350K .......... .......... .......... .......... ..........  9% 5.73M 18m32s
#17 124.9 629400K .......... .......... .......... .......... ..........  9% 9.20M 18m32s
#17 124.9 629450K .......... .......... .......... .......... ..........  9% 6.31M 18m32s
#17 124.9 629500K .......... .......... .......... .......... ..........  9% 5.53M 18m32s
#17 124.9 629550K .......... .......... .......... .......... ..........  9% 9.39M 18m32s
#17 124.9 629600K .......... .......... .......... .......... ..........  9% 3.53M 18m32s
#17 124.9 629650K .......... .......... .......... .......... ..........  9%  146M 18m32s
#17 124.9 629700K .......... .......... .......... .......... ..........  9% 3.58M 18m32s
#17 124.9 629750K .......... .......... .......... .......... ..........  9% 10.5M 18m32s
#17 124.9 629800K .......... .......... .......... .......... ..........  9% 10.1M 18m32s
#17 124.9 629850K .......... .......... .......... .......... ..........  9% 11.8M 18m32s
#17 124.9 629900K .......... .......... .......... .......... ..........  9% 2.18M 18m32s
#17 125.0 629950K .......... .......... .......... .......... ..........  9% 50.1M 18m32s
#17 125.0 630000K .......... .......... .......... .......... ..........  9% 7.00M 18m32s
#17 125.0 630050K .......... .......... .......... .......... ..........  9% 45.8M 18m32s
#17 125.0 630100K .......... .......... .......... .......... ..........  9% 5.60M 18m32s
#17 125.0 630150K .......... .......... .......... .......... ..........  9% 5.04M 18m32s
#17 125.0 630200K .......... .......... .......... .......... ..........  9% 5.03M 18m32s
#17 125.0 630250K .......... .......... .......... .......... ..........  9% 29.6M 18m32s
#17 125.0 630300K .......... .......... .......... .......... ..........  9% 3.84M 18m32s
#17 125.0 630350K .......... .......... .......... .......... ..........  9% 11.0M 18m32s
#17 125.0 630400K .......... .......... .......... .......... ..........  9% 31.8M 18m32s
#17 125.0 630450K .......... .......... .......... .......... ..........  9% 7.74M 18m32s
#17 125.0 630500K .......... .......... .......... .......... ..........  9% 7.50M 18m32s
#17 125.0 630550K .......... .......... .......... .......... ..........  9% 6.31M 18m32s
#17 125.0 630600K .......... .......... .......... .......... ..........  9% 6.41M 18m32s
#17 125.0 630650K .......... .......... .......... .......... ..........  9% 7.68M 18m32s
#17 125.0 630700K .......... .......... .......... .......... ..........  9% 5.81M 18m31s
#17 125.1 630750K .......... .......... .......... .......... ..........  9% 4.64M 18m31s
#17 125.1 630800K .......... .......... .......... .......... ..........  9% 5.05M 18m31s
#17 125.1 630850K .......... .......... .......... .......... ..........  9% 6.68M 18m31s
#17 125.1 630900K .......... .......... .......... .......... ..........  9% 23.0M 18m31s
#17 125.1 630950K .......... .......... .......... .......... ..........  9% 5.23M 18m31s
#17 125.1 631000K .......... .......... .......... .......... ..........  9% 11.6M 18m31s
#17 125.1 631050K .......... .......... .......... .......... ..........  9% 5.91M 18m31s
#17 125.1 631100K .......... .......... .......... .......... ..........  9% 5.21M 18m31s
#17 125.1 631150K .......... .......... .......... .......... ..........  9% 29.1M 18m31s
#17 125.1 631200K .......... .......... .......... .......... ..........  9% 8.77M 18m31s
#17 125.1 631250K .......... .......... .......... .......... ..........  9% 4.76M 18m31s
#17 125.1 631300K .......... .......... .......... .......... ..........  9% 23.6M 18m31s
#17 125.1 631350K .......... .......... .......... .......... ..........  9% 3.64M 18m31s
#17 125.1 631400K .......... .......... .......... .......... ..........  9% 55.4M 18m31s
#17 125.1 631450K .......... .......... .......... .......... ..........  9% 4.18M 18m31s
#17 125.2 631500K .......... .......... .......... .......... ..........  9% 4.30M 18m31s
#17 125.2 631550K .......... .......... .......... .......... ..........  9% 23.6M 18m31s
#17 125.2 631600K .......... .......... .......... .......... ..........  9% 9.53M 18m31s
#17 125.2 631650K .......... .......... .......... .......... ..........  9% 7.21M 18m31s
#17 125.2 631700K .......... .......... .......... .......... ..........  9% 10.5M 18m31s
#17 125.2 631750K .......... .......... .......... .......... ..........  9% 6.76M 18m31s
#17 125.2 631800K .......... .......... .......... .......... ..........  9% 4.68M 18m31s
#17 125.2 631850K .......... .......... .......... .......... ..........  9% 8.27M 18m31s
#17 125.2 631900K .......... .......... .......... .......... ..........  9% 5.34M 18m31s
#17 125.2 631950K .......... .......... .......... .......... ..........  9% 8.19M 18m31s
#17 125.2 632000K .......... .......... .......... .......... ..........  9% 6.28M 18m31s
#17 125.2 632050K .......... .......... .......... .......... ..........  9% 4.92M 18m31s
#17 125.2 632100K .......... .......... .......... .......... ..........  9% 11.7M 18m31s
#17 125.2 632150K .......... .......... .......... .......... ..........  9% 7.27M 18m31s
#17 125.3 632200K .......... .......... .......... .......... ..........  9% 5.52M 18m31s
#17 125.3 632250K .......... .......... .......... .......... ..........  9% 4.41M 18m31s
#17 125.3 632300K .......... .......... .......... .......... ..........  9% 12.4M 18m31s
#17 125.3 632350K .......... .......... .......... .......... ..........  9% 6.75M 18m31s
#17 125.3 632400K .......... .......... .......... .......... ..........  9% 5.17M 18m31s
#17 125.3 632450K .......... .......... .......... .......... ..........  9% 6.15M 18m31s
#17 125.3 632500K .......... .......... .......... .......... ..........  9% 5.14M 18m31s
#17 125.3 632550K .......... .......... .......... .......... ..........  9% 6.43M 18m31s
#17 125.3 632600K .......... .......... .......... .......... ..........  9% 5.44M 18m31s
#17 125.3 632650K .......... .......... .......... .......... ..........  9% 4.50M 18m31s
#17 125.3 632700K .......... .......... .......... .......... ..........  9% 2.76M 18m31s
#17 125.4 632750K .......... .......... .......... .......... ..........  9% 70.4M 18m31s
#17 125.4 632800K .......... .......... .......... .......... ..........  9% 7.92M 18m30s
#17 125.4 632850K .......... .......... .......... .......... ..........  9% 10.5M 18m30s
#17 125.4 632900K .......... .......... .......... .......... ..........  9% 17.8M 18m30s
#17 125.4 632950K .......... .......... .......... .......... ..........  9% 1.08M 18m31s
#17 125.4 633000K .......... .......... .......... .......... ..........  9% 2.74M 18m31s
#17 125.4 633050K .......... .......... .......... .......... ..........  9% 3.31M 18m31s
#17 125.4 633100K .......... .......... .......... .......... ..........  9% 4.37M 18m31s
#17 125.5 633150K .......... .......... .......... .......... ..........  9% 2.17M 18m31s
#17 125.5 633200K .......... .......... .......... .......... ..........  9% 49.0M 18m31s
#17 125.5 633250K .......... .......... .......... .......... ..........  9% 3.59M 18m31s
#17 125.5 633300K .......... .......... .......... .......... ..........  9% 5.25M 18m31s
#17 125.5 633350K .......... .......... .......... .......... ..........  9% 8.80M 18m31s
#17 125.5 633400K .......... .......... .......... .......... ..........  9% 4.35M 18m31s
#17 125.5 633450K .......... .......... .......... .......... ..........  9% 24.2M 18m31s
#17 125.5 633500K .......... .......... .......... .......... ..........  9% 7.40M 18m31s
#17 125.5 633550K .......... .......... .......... .......... ..........  9% 15.9M 18m31s
#17 125.5 633600K .......... .......... .......... .......... ..........  9% 8.47M 18m31s
#17 125.5 633650K .......... .......... .......... .......... ..........  9% 6.99M 18m31s
#17 125.5 633700K .......... .......... .......... .......... ..........  9% 7.47M 18m31s
#17 125.6 633750K .......... .......... .......... .......... ..........  9% 7.46M 18m31s
#17 125.6 633800K .......... .......... .......... .......... ..........  9% 5.61M 18m31s
#17 125.6 633850K .......... .......... .......... .......... ..........  9% 7.48M 18m30s
#17 125.6 633900K .......... .......... .......... .......... ..........  9% 6.70M 18m30s
#17 125.6 633950K .......... .......... .......... .......... ..........  9% 7.38M 18m30s
#17 125.6 634000K .......... .......... .......... .......... ..........  9% 5.41M 18m30s
#17 125.6 634050K .......... .......... .......... .......... ..........  9% 5.60M 18m30s
#17 125.6 634100K .......... .......... .......... .......... ..........  9% 9.95M 18m30s
#17 125.6 634150K .......... .......... .......... .......... ..........  9% 7.75M 18m30s
#17 125.6 634200K .......... .......... .......... .......... ..........  9% 3.04M 18m30s
#17 125.6 634250K .......... .......... .......... .......... ..........  9% 35.5M 18m30s
#17 125.6 634300K .......... .......... .......... .......... ..........  9% 5.89M 18m30s
#17 125.6 634350K .......... .......... .......... .......... ..........  9% 3.15M 18m30s
#17 125.7 634400K .......... .......... .......... .......... ..........  9% 49.8M 18m30s
#17 125.7 634450K .......... .......... .......... .......... ..........  9% 3.17M 18m30s
#17 125.7 634500K .......... .......... .......... .......... ..........  9% 14.0M 18m30s
#17 125.7 634550K .......... .......... .......... .......... ..........  9% 96.7M 18m30s
#17 125.7 634600K .......... .......... .......... .......... ..........  9% 11.3M 18m30s
#17 125.7 634650K .......... .......... .......... .......... ..........  9% 8.34M 18m30s
#17 125.7 634700K .......... .......... .......... .......... ..........  9% 5.28M 18m30s
#17 125.7 634750K .......... .......... .......... .......... ..........  9% 4.22M 18m30s
#17 125.7 634800K .......... .......... .......... .......... ..........  9% 11.3M 18m30s
#17 125.7 634850K .......... .......... .......... .......... ..........  9% 7.60M 18m30s
#17 125.7 634900K .......... .......... .......... .......... ..........  9% 6.51M 18m30s
#17 125.7 634950K .......... .......... .......... .......... ..........  9% 5.99M 18m30s
#17 125.7 635000K .......... .......... .......... .......... ..........  9% 5.67M 18m30s
#17 125.8 635050K .......... .......... .......... .......... ..........  9% 7.15M 18m30s
#17 125.8 635100K .......... .......... .......... .......... ..........  9% 5.17M 18m30s
#17 125.8 635150K .......... .......... .......... .......... ..........  9% 7.09M 18m30s
#17 125.8 635200K .......... .......... .......... .......... ..........  9% 8.39M 18m30s
#17 125.8 635250K .......... .......... .......... .......... ..........  9% 16.3M 18m30s
#17 125.8 635300K .......... .......... .......... .......... ..........  9% 5.97M 18m30s
#17 125.8 635350K .......... .......... .......... .......... ..........  9% 8.99M 18m30s
#17 125.8 635400K .......... .......... .......... .......... ..........  9% 4.51M 18m30s
#17 125.8 635450K .......... .......... .......... .......... ..........  9% 8.16M 18m30s
#17 125.8 635500K .......... .......... .......... .......... ..........  9% 5.00M 18m30s
#17 125.8 635550K .......... .......... .......... .......... ..........  9% 8.86M 18m30s
#17 125.8 635600K .......... .......... .......... .......... ..........  9% 14.1M 18m30s
#17 125.8 635650K .......... .......... .......... .......... ..........  9% 5.64M 18m30s
#17 125.8 635700K .......... .......... .......... .......... ..........  9% 4.91M 18m30s
#17 125.9 635750K .......... .......... .......... .......... ..........  9% 14.7M 18m29s
#17 125.9 635800K .......... .......... .......... .......... ..........  9% 9.81M 18m29s
#17 125.9 635850K .......... .......... .......... .......... ..........  9% 4.05M 18m29s
#17 125.9 635900K .......... .......... .......... .......... ..........  9% 38.7M 18m29s
#17 125.9 635950K .......... .......... .......... .......... ..........  9% 2.48M 18m29s
#17 125.9 636000K .......... .......... .......... .......... ..........  9% 38.4M 18m29s
#17 125.9 636050K .......... .......... .......... .......... ..........  9% 9.22M 18m29s
#17 125.9 636100K .......... .......... .......... .......... ..........  9% 9.34M 18m29s
#17 125.9 636150K .......... .......... .......... .......... ..........  9% 7.14M 18m29s
#17 125.9 636200K .......... .......... .......... .......... ..........  9% 7.68M 18m29s
#17 125.9 636250K .......... .......... .......... .......... ..........  9% 5.26M 18m29s
#17 125.9 636300K .......... .......... .......... .......... ..........  9% 5.90M 18m29s
#17 125.9 636350K .......... .......... .......... .......... ..........  9% 6.19M 18m29s
#17 125.9 636400K .......... .......... .......... .......... ..........  9% 3.09M 18m29s
#17 126.0 636450K .......... .......... .......... .......... ..........  9% 5.56M 18m29s
#17 126.0 636500K .......... .......... .......... .......... ..........  9% 6.50M 18m29s
#17 126.0 636550K .......... .......... .......... .......... ..........  9% 12.1M 18m29s
#17 126.0 636600K .......... .......... .......... .......... ..........  9% 26.2M 18m29s
#17 126.0 636650K .......... .......... .......... .......... ..........  9% 3.74M 18m29s
#17 126.0 636700K .......... .......... .......... .......... ..........  9% 9.31M 18m29s
#17 126.0 636750K .......... .......... .......... .......... ..........  9% 11.1M 18m29s
#17 126.0 636800K .......... .......... .......... .......... ..........  9% 7.87M 18m29s
#17 126.0 636850K .......... .......... .......... .......... ..........  9% 7.86M 18m29s
#17 126.0 636900K .......... .......... .......... .......... ..........  9% 12.8M 18m29s
#17 126.0 636950K .......... .......... .......... .......... ..........  9% 5.20M 18m29s
#17 126.0 637000K .......... .......... .......... .......... ..........  9% 11.5M 18m29s
#17 126.0 637050K .......... .......... .......... .......... ..........  9% 5.17M 18m29s
#17 126.0 637100K .......... .......... .......... .......... ..........  9% 8.44M 18m29s
#17 126.0 637150K .......... .......... .......... .......... ..........  9% 10.8M 18m29s
#17 126.0 637200K .......... .......... .......... .......... ..........  9% 7.35M 18m29s
#17 126.1 637250K .......... .......... .......... .......... ..........  9% 9.74M 18m29s
#17 126.1 637300K .......... .......... .......... .......... ..........  9% 4.69M 18m29s
#17 126.1 637350K .......... .......... .......... .......... ..........  9% 5.89M 18m29s
#17 126.1 637400K .......... .......... .......... .......... ..........  9% 5.59M 18m29s
#17 126.1 637450K .......... .......... .......... .......... ..........  9% 4.28M 18m29s
#17 126.1 637500K .......... .......... .......... .......... ..........  9% 9.04M 18m29s
#17 126.1 637550K .......... .......... .......... .......... ..........  9% 8.02M 18m29s
#17 126.1 637600K .......... .......... .......... .......... ..........  9% 9.99M 18m28s
#17 126.1 637650K .......... .......... .......... .......... ..........  9% 4.28M 18m28s
#17 126.1 637700K .......... .......... .......... .......... ..........  9% 8.68M 18m28s
#17 126.1 637750K .......... .......... .......... .......... ..........  9% 9.54M 18m28s
#17 126.1 637800K .......... .......... .......... .......... ..........  9% 5.54M 18m28s
#17 126.1 637850K .......... .......... .......... .......... ..........  9% 9.09M 18m28s
#17 126.2 637900K .......... .......... .......... .......... ..........  9% 6.40M 18m28s
#17 126.2 637950K .......... .......... .......... .......... ..........  9% 3.49M 18m28s
#17 126.2 638000K .......... .......... .......... .......... ..........  9% 3.65M 18m28s
#17 126.2 638050K .......... .......... .......... .......... ..........  9% 18.3M 18m28s
#17 126.2 638100K .......... .......... .......... .......... ..........  9% 6.90M 18m28s
#17 126.2 638150K .......... .......... .......... .......... ..........  9% 11.7M 18m28s
#17 126.2 638200K .......... .......... .......... .......... ..........  9% 6.88M 18m28s
#17 126.2 638250K .......... .......... .......... .......... ..........  9% 5.19M 18m28s
#17 126.2 638300K .......... .......... .......... .......... ..........  9% 7.48M 18m28s
#17 126.2 638350K .......... .......... .......... .......... ..........  9% 57.5M 18m28s
#17 126.2 638400K .......... .......... .......... .......... ..........  9% 5.44M 18m28s
#17 126.2 638450K .......... .......... .......... .......... ..........  9% 10.9M 18m28s
#17 126.2 638500K .......... .......... .......... .......... ..........  9% 8.15M 18m28s
#17 126.2 638550K .......... .......... .......... .......... ..........  9% 3.42M 18m28s
#17 126.3 638600K .......... .......... .......... .......... ..........  9% 6.60M 18m28s
#17 126.3 638650K .......... .......... .......... .......... ..........  9% 6.37M 18m28s
#17 126.3 638700K .......... .......... .......... .......... ..........  9% 6.11M 18m28s
#17 126.3 638750K .......... .......... .......... .......... ..........  9% 9.70M 18m28s
#17 126.3 638800K .......... .......... .......... .......... ..........  9% 4.48M 18m28s
#17 126.3 638850K .......... .......... .......... .......... ..........  9% 42.4M 18m28s
#17 126.3 638900K .......... .......... .......... .......... ..........  9% 6.42M 18m28s
#17 126.3 638950K .......... .......... .......... .......... ..........  9% 6.36M 18m28s
#17 126.3 639000K .......... .......... .......... .......... ..........  9% 10.7M 18m28s
#17 126.3 639050K .......... .......... .......... .......... ..........  9% 3.85M 18m28s
#17 126.3 639100K .......... .......... .......... .......... ..........  9% 2.24M 18m28s
#17 126.4 639150K .......... .......... .......... .......... ..........  9% 3.78M 18m28s
#17 126.4 639200K .......... .......... .......... .......... ..........  9% 4.92M 18m28s
#17 126.4 639250K .......... .......... .......... .......... ..........  9% 6.15M 18m28s
#17 126.4 639300K .......... .......... .......... .......... ..........  9% 5.04M 18m28s
#17 126.4 639350K .......... .......... .......... .......... ..........  9% 38.0M 18m28s
#17 126.4 639400K .......... .......... .......... .......... ..........  9% 6.11M 18m28s
#17 126.4 639450K .......... .......... .......... .......... ..........  9% 3.87M 18m28s
#17 126.4 639500K .......... .......... .......... .......... ..........  9% 34.8M 18m28s
#17 126.4 639550K .......... .......... .......... .......... ..........  9% 11.1M 18m28s
#17 126.4 639600K .......... .......... .......... .......... ..........  9% 8.77M 18m28s
#17 126.4 639650K .......... .......... .......... .......... ..........  9% 5.72M 18m28s
#17 126.4 639700K .......... .......... .......... .......... ..........  9% 6.38M 18m28s
#17 126.4 639750K .......... .......... .......... .......... ..........  9% 6.57M 18m28s
#17 126.4 639800K .......... .......... .......... .......... ..........  9% 7.46M 18m28s
#17 126.5 639850K .......... .......... .......... .......... ..........  9% 3.87M 18m28s
#17 126.5 639900K .......... .......... .......... .......... ..........  9% 5.41M 18m28s
#17 126.5 639950K .......... .......... .......... .......... ..........  9% 7.95M 18m28s
#17 126.5 640000K .......... .......... .......... .......... ..........  9% 5.56M 18m28s
#17 126.5 640050K .......... .......... .......... .......... ..........  9% 8.92M 18m27s
#17 126.5 640100K .......... .......... .......... .......... ..........  9% 6.83M 18m27s
#17 126.5 640150K .......... .......... .......... .......... ..........  9% 8.58M 18m27s
#17 126.5 640200K .......... .......... .......... .......... ..........  9% 5.80M 18m27s
#17 126.5 640250K .......... .......... .......... .......... ..........  9% 7.32M 18m27s
#17 126.5 640300K .......... .......... .......... .......... ..........  9% 10.4M 18m27s
#17 126.5 640350K .......... .......... .......... .......... ..........  9% 6.60M 18m27s
#17 126.5 640400K .......... .......... .......... .......... ..........  9% 4.77M 18m27s
#17 126.5 640450K .......... .......... .......... .......... ..........  9% 7.07M 18m27s
#17 126.6 640500K .......... .......... .......... .......... ..........  9% 3.41M 18m27s
#17 126.6 640550K .......... .......... .......... .......... ..........  9% 8.69M 18m27s
#17 126.6 640600K .......... .......... .......... .......... ..........  9% 7.85M 18m27s
#17 126.6 640650K .......... .......... .......... .......... ..........  9% 6.65M 18m27s
#17 126.6 640700K .......... .......... .......... .......... ..........  9% 16.9M 18m27s
#17 126.6 640750K .......... .......... .......... .......... ..........  9% 5.41M 18m27s
#17 126.6 640800K .......... .......... .......... .......... ..........  9% 13.7M 18m27s
#17 126.6 640850K .......... .......... .......... .......... ..........  9% 7.91M 18m27s
#17 126.6 640900K .......... .......... .......... .......... ..........  9% 2.54M 18m27s
#17 126.6 640950K .......... .......... .......... .......... ..........  9% 12.5M 18m27s
#17 126.6 641000K .......... .......... .......... .......... ..........  9% 6.47M 18m27s
#17 126.6 641050K .......... .......... .......... .......... ..........  9% 7.32M 18m27s
#17 126.6 641100K .......... .......... .......... .......... ..........  9% 7.49M 18m27s
#17 126.7 641150K .......... .......... .......... .......... ..........  9% 9.86M 18m27s
#17 126.7 641200K .......... .......... .......... .......... ..........  9% 6.93M 18m27s
#17 126.7 641250K .......... .......... .......... .......... ..........  9% 24.4M 18m27s
#17 126.7 641300K .......... .......... .......... .......... ..........  9% 5.78M 18m27s
#17 126.7 641350K .......... .......... .......... .......... ..........  9% 5.06M 18m27s
#17 126.7 641400K .......... .......... .......... .......... ..........  9% 5.25M 18m27s
#17 126.7 641450K .......... .......... .......... .......... ..........  9% 11.2M 18m27s
#17 126.7 641500K .......... .......... .......... .......... ..........  9% 6.35M 18m27s
#17 126.7 641550K .......... .......... .......... .......... ..........  9% 10.4M 18m27s
#17 126.7 641600K .......... .......... .......... .......... ..........  9% 2.73M 18m27s
#17 126.7 641650K .......... .......... .......... .......... ..........  9% 4.04M 18m27s
#17 126.7 641700K .......... .......... .......... .......... ..........  9% 17.8M 18m27s
#17 126.7 641750K .......... .......... .......... .......... ..........  9% 3.91M 18m27s
#17 126.8 641800K .......... .......... .......... .......... ..........  9% 5.99M 18m27s
#17 126.8 641850K .......... .......... .......... .......... ..........  9% 39.7M 18m27s
#17 126.8 641900K .......... .......... .......... .......... ..........  9% 7.07M 18m27s
#17 126.8 641950K .......... .......... .......... .......... ..........  9% 8.17M 18m27s
#17 126.8 642000K .......... .......... .......... .......... ..........  9% 3.93M 18m27s
#17 126.8 642050K .......... .......... .......... .......... ..........  9% 3.74M 18m27s
#17 126.8 642100K .......... .......... .......... .......... ..........  9% 25.2M 18m27s
#17 126.8 642150K .......... .......... .......... .......... ..........  9% 49.3M 18m26s
#17 126.8 642200K .......... .......... .......... .......... ..........  9% 6.64M 18m26s
#17 126.8 642250K .......... .......... .......... .......... ..........  9% 8.19M 18m26s
#17 126.8 642300K .......... .......... .......... .......... ..........  9% 6.03M 18m26s
#17 126.8 642350K .......... .......... .......... .......... ..........  9% 3.21M 18m26s
#17 126.8 642400K .......... .......... .......... .......... ..........  9% 16.4M 18m26s
#17 126.8 642450K .......... .......... .......... .......... ..........  9% 6.91M 18m26s
#17 126.9 642500K .......... .......... .......... .......... ..........  9% 5.94M 18m26s
#17 126.9 642550K .......... .......... .......... .......... ..........  9% 8.81M 18m26s
#17 126.9 642600K .......... .......... .......... .......... ..........  9% 5.05M 18m26s
#17 126.9 642650K .......... .......... .......... .......... ..........  9% 7.69M 18m26s
#17 126.9 642700K .......... .......... .......... .......... ..........  9% 6.00M 18m26s
#17 126.9 642750K .......... .......... .......... .......... ..........  9% 7.39M 18m26s
#17 126.9 642800K .......... .......... .......... .......... ..........  9% 9.08M 18m26s
#17 126.9 642850K .......... .......... .......... .......... ..........  9% 9.45M 18m26s
#17 126.9 642900K .......... .......... .......... .......... ..........  9% 5.12M 18m26s
#17 126.9 642950K .......... .......... .......... .......... ..........  9% 8.96M 18m26s
#17 126.9 643000K .......... .......... .......... .......... ..........  9% 6.86M 18m26s
#17 126.9 643050K .......... .......... .......... .......... ..........  9% 6.16M 18m26s
#17 126.9 643100K .......... .......... .......... .......... ..........  9% 6.73M 18m26s
#17 126.9 643150K .......... .......... .......... .......... ..........  9% 4.69M 18m26s
#17 127.0 643200K .......... .......... .......... .......... ..........  9% 11.6M 18m26s
#17 127.0 643250K .......... .......... .......... .......... ..........  9% 6.85M 18m26s
#17 127.0 643300K .......... .......... .......... .......... ..........  9% 7.16M 18m26s
#17 127.0 643350K .......... .......... .......... .......... ..........  9% 7.37M 18m26s
#17 127.0 643400K .......... .......... .......... .......... ..........  9% 6.46M 18m26s
#17 127.0 643450K .......... .......... .......... .......... ..........  9% 6.42M 18m26s
#17 127.0 643500K .......... .......... .......... .......... ..........  9% 5.06M 18m26s
#17 127.0 643550K .......... .......... .......... .......... ..........  9% 5.22M 18m26s
#17 127.0 643600K .......... .......... .......... .......... ..........  9% 3.30M 18m26s
#17 127.0 643650K .......... .......... .......... .......... ..........  9% 6.13M 18m26s
#17 127.0 643700K .......... .......... .......... .......... ..........  9% 6.66M 18m26s
#17 127.0 643750K .......... .......... .......... .......... ..........  9% 9.68M 18m26s
#17 127.1 643800K .......... .......... .......... .......... ..........  9% 9.70M 18m26s
#17 127.1 643850K .......... .......... .......... .......... ..........  9% 24.4M 18m26s
#17 127.1 643900K .......... .......... .......... .......... ..........  9% 2.36M 18m26s
#17 127.1 643950K .......... .......... .......... .......... ..........  9% 50.8M 18m26s
#17 127.1 644000K .......... .......... .......... .......... ..........  9% 4.31M 18m26s
#17 127.1 644050K .......... .......... .......... .......... ..........  9% 5.93M 18m26s
#17 127.1 644100K .......... .......... .......... .......... ..........  9% 61.8M 18m26s
#17 127.1 644150K .......... .......... .......... .......... ..........  9% 6.90M 18m25s
#17 127.1 644200K .......... .......... .......... .......... ..........  9% 10.1M 18m25s
#17 127.1 644250K .......... .......... .......... .......... ..........  9% 7.45M 18m25s
#17 127.1 644300K .......... .......... .......... .......... ..........  9% 3.89M 18m25s
#17 127.1 644350K .......... .......... .......... .......... ..........  9% 7.53M 18m25s
#17 127.1 644400K .......... .......... .......... .......... ..........  9% 9.73M 18m25s
#17 127.1 644450K .......... .......... .......... .......... ..........  9% 5.07M 18m25s
#17 127.2 644500K .......... .......... .......... .......... ..........  9% 7.13M 18m25s
#17 127.2 644550K .......... .......... .......... .......... ..........  9% 9.27M 18m25s
#17 127.2 644600K .......... .......... .......... .......... ..........  9% 4.96M 18m25s
#17 127.2 644650K .......... .......... .......... .......... ..........  9% 4.59M 18m25s
#17 127.2 644700K .......... .......... .......... .......... ..........  9% 12.1M 18m25s
#17 127.2 644750K .......... .......... .......... .......... ..........  9% 6.23M 18m25s
#17 127.2 644800K .......... .......... .......... .......... ..........  9% 10.5M 18m25s
#17 127.2 644850K .......... .......... .......... .......... ..........  9% 7.48M 18m25s
#17 127.2 644900K .......... .......... .......... .......... ..........  9% 4.68M 18m25s
#17 127.2 644950K .......... .......... .......... .......... ..........  9% 5.70M 18m25s
#17 127.2 645000K .......... .......... .......... .......... ..........  9% 6.99M 18m25s
#17 127.2 645050K .......... .......... .......... .......... ..........  9% 5.48M 18m25s
#17 127.2 645100K .......... .......... .......... .......... ..........  9% 7.47M 18m25s
#17 127.3 645150K .......... .......... .......... .......... ..........  9% 4.91M 18m25s
#17 127.3 645200K .......... .......... .......... .......... ..........  9% 6.99M 18m25s
#17 127.3 645250K .......... .......... .......... .......... ..........  9% 7.94M 18m25s
#17 127.3 645300K .......... .......... .......... .......... ..........  9% 5.83M 18m25s
#17 127.3 645350K .......... .......... .......... .......... ..........  9% 4.64M 18m25s
#17 127.3 645400K .......... .......... .......... .......... ..........  9% 15.7M 18m25s
#17 127.3 645450K .......... .......... .......... .......... ..........  9% 4.42M 18m25s
#17 127.3 645500K .......... .......... .......... .......... ..........  9% 5.84M 18m25s
#17 127.3 645550K .......... .......... .......... .......... ..........  9% 5.82M 18m25s
#17 127.3 645600K .......... .......... .......... .......... ..........  9% 7.57M 18m25s
#17 127.3 645650K .......... .......... .......... .......... ..........  9% 4.17M 18m25s
#17 127.3 645700K .......... .......... .......... .......... ..........  9% 14.1M 18m25s
#17 127.3 645750K .......... .......... .......... .......... ..........  9% 4.49M 18m25s
#17 127.4 645800K .......... .......... .......... .......... ..........  9% 4.95M 18m25s
#17 127.4 645850K .......... .......... .......... .......... ..........  9% 36.4M 18m25s
#17 127.4 645900K .......... .......... .......... .......... ..........  9% 14.2M 18m25s
#17 127.4 645950K .......... .......... .......... .......... ..........  9% 4.03M 18m25s
#17 127.4 646000K .......... .......... .......... .......... ..........  9% 5.07M 18m25s
#17 127.4 646050K .......... .......... .......... .......... ..........  9% 4.28M 18m25s
#17 127.4 646100K .......... .......... .......... .......... ..........  9% 4.29M 18m25s
#17 127.4 646150K .......... .......... .......... .......... ..........  9% 6.75M 18m25s
#17 127.4 646200K .......... .......... .......... .......... ..........  9% 6.35M 18m25s
#17 127.4 646250K .......... .......... .......... .......... ..........  9% 7.93M 18m25s
#17 127.4 646300K .......... .......... .......... .......... ..........  9% 7.46M 18m25s
#17 127.4 646350K .......... .......... .......... .......... ..........  9% 5.95M 18m25s
#17 127.5 646400K .......... .......... .......... .......... ..........  9% 4.61M 18m25s
#17 127.5 646450K .......... .......... .......... .......... ..........  9% 15.0M 18m25s
#17 127.5 646500K .......... .......... .......... .......... ..........  9% 4.88M 18m25s
#17 127.5 646550K .......... .......... .......... .......... ..........  9% 5.16M 18m25s
#17 127.5 646600K .......... .......... .......... .......... ..........  9% 7.86M 18m24s
#17 127.5 646650K .......... .......... .......... .......... ..........  9% 5.60M 18m24s
#17 127.5 646700K .......... .......... .......... .......... ..........  9% 8.02M 18m24s
#17 127.5 646750K .......... .......... .......... .......... ..........  9% 6.20M 18m24s
#17 127.5 646800K .......... .......... .......... .......... ..........  9% 4.45M 18m24s
#17 127.5 646850K .......... .......... .......... .......... ..........  9% 53.8M 18m24s
#17 127.5 646900K .......... .......... .......... .......... ..........  9% 5.51M 18m24s
#17 127.5 646950K .......... .......... .......... .......... ..........  9% 5.18M 18m24s
#17 127.5 647000K .......... .......... .......... .......... ..........  9% 4.97M 18m24s
#17 127.6 647050K .......... .......... .......... .......... ..........  9% 5.71M 18m24s
#17 127.6 647100K .......... .......... .......... .......... ..........  9% 56.8M 18m24s
#17 127.6 647150K .......... .......... .......... .......... ..........  9% 4.24M 18m24s
#17 127.6 647200K .......... .......... .......... .......... ..........  9% 7.24M 18m24s
#17 127.6 647250K .......... .......... .......... .......... ..........  9% 4.11M 18m24s
#17 127.6 647300K .......... .......... .......... .......... ..........  9% 16.2M 18m24s
#17 127.6 647350K .......... .......... .......... .......... ..........  9% 7.39M 18m24s
#17 127.6 647400K .......... .......... .......... .......... ..........  9% 8.62M 18m24s
#17 127.6 647450K .......... .......... .......... .......... ..........  9% 8.75M 18m24s
#17 127.6 647500K .......... .......... .......... .......... ..........  9% 4.85M 18m24s
#17 127.6 647550K .......... .......... .......... .......... ..........  9% 6.08M 18m24s
#17 127.6 647600K .......... .......... .......... .......... ..........  9% 4.01M 18m24s
#17 127.6 647650K .......... .......... .......... .......... ..........  9% 12.0M 18m24s
#17 127.7 647700K .......... .......... .......... .......... ..........  9% 3.24M 18m24s
#17 127.7 647750K .......... .......... .......... .......... ..........  9% 4.75M 18m24s
#17 127.7 647800K .......... .......... .......... .......... ..........  9% 8.75M 18m24s
#17 127.7 647850K .......... .......... .......... .......... ..........  9% 5.24M 18m24s
#17 127.7 647900K .......... .......... .......... .......... ..........  9% 5.09M 18m24s
#17 127.7 647950K .......... .......... .......... .......... ..........  9% 5.77M 18m24s
#17 127.7 648000K .......... .......... .......... .......... ..........  9% 1.38M 18m24s
#17 127.7 648050K .......... .......... .......... .......... ..........  9% 5.64M 18m24s
#17 127.8 648100K .......... .......... .......... .......... ..........  9% 4.25M 18m24s
#17 127.8 648150K .......... .......... .......... .......... ..........  9% 8.33M 18m24s
#17 127.8 648200K .......... .......... .......... .......... ..........  9% 4.93M 18m24s
#17 127.8 648250K .......... .......... .......... .......... ..........  9% 6.55M 18m24s
#17 127.8 648300K .......... .......... .......... .......... ..........  9% 6.00M 18m24s
#17 127.8 648350K .......... .......... .......... .......... ..........  9% 6.20M 18m24s
#17 127.8 648400K .......... .......... .......... .......... ..........  9% 7.89M 18m24s
#17 127.8 648450K .......... .......... .......... .......... ..........  9% 5.58M 18m24s
#17 127.8 648500K .......... .......... .......... .......... ..........  9% 3.57M 18m24s
#17 127.8 648550K .......... .......... .......... .......... ..........  9% 6.27M 18m24s
#17 127.8 648600K .......... .......... .......... .......... ..........  9% 10.8M 18m24s
#17 127.8 648650K .......... .......... .......... .......... ..........  9% 20.0M 18m24s
#17 127.8 648700K .......... .......... .......... .......... ..........  9% 2.61M 18m24s
#17 127.9 648750K .......... .......... .......... .......... ..........  9% 3.10M 18m24s
#17 127.9 648800K .......... .......... .......... .......... ..........  9% 5.01M 18m24s
#17 127.9 648850K .......... .......... .......... .......... ..........  9% 8.19M 18m24s
#17 127.9 648900K .......... .......... .......... .......... ..........  9% 3.76M 18m24s
#17 127.9 648950K .......... .......... .......... .......... ..........  9% 11.7M 18m24s
#17 127.9 649000K .......... .......... .......... .......... ..........  9% 7.20M 18m24s
#17 127.9 649050K .......... .......... .......... .......... ..........  9% 5.10M 18m24s
#17 127.9 649100K .......... .......... .......... .......... ..........  9% 5.22M 18m24s
#17 127.9 649150K .......... .......... .......... .......... ..........  9% 4.39M 18m24s
#17 128.0 649200K .......... .......... .......... .......... ..........  9% 6.50M 18m24s
#17 128.0 649250K .......... .......... .......... .......... ..........  9% 5.64M 18m24s
#17 128.0 649300K .......... .......... .......... .......... ..........  9% 3.25M 18m24s
#17 128.0 649350K .......... .......... .......... .......... ..........  9% 7.99M 18m24s
#17 128.0 649400K .......... .......... .......... .......... ..........  9% 5.24M 18m24s
#17 128.0 649450K .......... .......... .......... .......... ..........  9% 8.65M 18m24s
#17 128.0 649500K .......... .......... .......... .......... ..........  9% 5.24M 18m24s
#17 128.0 649550K .......... .......... .......... .......... ..........  9% 7.31M 18m24s
#17 128.0 649600K .......... .......... .......... .......... ..........  9% 8.99M 18m24s
#17 128.0 649650K .......... .......... .......... .......... ..........  9% 4.78M 18m24s
#17 128.0 649700K .......... .......... .......... .......... ..........  9% 4.33M 18m24s
#17 128.0 649750K .......... .......... .......... .......... ..........  9% 5.37M 18m24s
#17 128.1 649800K .......... .......... .......... .......... ..........  9% 4.14M 18m24s
#17 128.1 649850K .......... .......... .......... .......... ..........  9% 5.29M 18m24s
#17 128.1 649900K .......... .......... .......... .......... ..........  9% 6.16M 18m24s
#17 128.1 649950K .......... .......... .......... .......... ..........  9% 16.8M 18m24s
#17 128.1 650000K .......... .......... .......... .......... ..........  9% 2.98M 18m24s
#17 128.1 650050K .......... .......... .......... .......... ..........  9% 22.0M 18m24s
#17 128.1 650100K .......... .......... .......... .......... ..........  9% 4.97M 18m24s
#17 128.1 650150K .......... .......... .......... .......... ..........  9% 4.01M 18m24s
#17 128.1 650200K .......... .......... .......... .......... ..........  9% 8.48M 18m24s
#17 128.1 650250K .......... .......... .......... .......... ..........  9% 5.97M 18m24s
#17 128.1 650300K .......... .......... .......... .......... ..........  9% 4.65M 18m24s
#17 128.1 650350K .......... .......... .......... .......... ..........  9% 5.10M 18m24s
#17 128.2 650400K .......... .......... .......... .......... ..........  9% 7.84M 18m24s
#17 128.2 650450K .......... .......... .......... .......... ..........  9% 5.16M 18m24s
#17 128.2 650500K .......... .......... .......... .......... ..........  9% 3.25M 18m24s
#17 128.2 650550K .......... .......... .......... .......... ..........  9% 17.1M 18m24s
#17 128.2 650600K .......... .......... .......... .......... ..........  9% 7.16M 18m24s
#17 128.2 650650K .......... .......... .......... .......... ..........  9% 7.37M 18m24s
#17 128.2 650700K .......... .......... .......... .......... ..........  9% 3.95M 18m24s
#17 128.2 650750K .......... .......... .......... .......... ..........  9% 6.65M 18m24s
#17 128.2 650800K .......... .......... .......... .......... ..........  9% 5.52M 18m24s
#17 128.2 650850K .......... .......... .......... .......... ..........  9% 9.88M 18m24s
#17 128.2 650900K .......... .......... .......... .......... ..........  9% 3.78M 18m24s
#17 128.3 650950K .......... .......... .......... .......... ..........  9% 5.61M 18m24s
#17 128.3 651000K .......... .......... .......... .......... ..........  9% 4.99M 18m24s
#17 128.3 651050K .......... .......... .......... .......... ..........  9% 8.02M 18m24s
#17 128.3 651100K .......... .......... .......... .......... ..........  9% 6.64M 18m24s
#17 128.3 651150K .......... .......... .......... .......... ..........  9% 4.14M 18m24s
#17 128.3 651200K .......... .......... .......... .......... ..........  9% 20.1M 18m23s
#17 128.3 651250K .......... .......... .......... .......... ..........  9% 5.10M 18m23s
#17 128.3 651300K .......... .......... .......... .......... ..........  9% 4.56M 18m23s
#17 128.3 651350K .......... .......... .......... .......... ..........  9% 2.57M 18m24s
#17 128.3 651400K .......... .......... .......... .......... ..........  9% 12.3M 18m23s
#17 128.3 651450K .......... .......... .......... .......... ..........  9% 8.60M 18m23s
#17 128.3 651500K .......... .......... .......... .......... ..........  9% 8.82M 18m23s
#17 128.4 651550K .......... .......... .......... .......... ..........  9% 6.30M 18m23s
#17 128.4 651600K .......... .......... .......... .......... ..........  9% 6.64M 18m23s
#17 128.4 651650K .......... .......... .......... .......... ..........  9% 5.18M 18m23s
#17 128.4 651700K .......... .......... .......... .......... ..........  9% 9.10M 18m23s
#17 128.4 651750K .......... .......... .......... .......... ..........  9% 3.38M 18m23s
#17 128.4 651800K .......... .......... .......... .......... ..........  9% 23.5M 18m23s
#17 128.4 651850K .......... .......... .......... .......... ..........  9% 3.60M 18m23s
#17 128.4 651900K .......... .......... .......... .......... ..........  9% 7.40M 18m23s
#17 128.4 651950K .......... .......... .......... .......... ..........  9% 4.79M 18m23s
#17 128.4 652000K .......... .......... .......... .......... ..........  9% 6.42M 18m23s
#17 128.4 652050K .......... .......... .......... .......... ..........  9% 5.43M 18m23s
#17 128.4 652100K .......... .......... .......... .......... ..........  9% 9.08M 18m23s
#17 128.5 652150K .......... .......... .......... .......... ..........  9% 6.20M 18m23s
#17 128.5 652200K .......... .......... .......... .......... ..........  9% 6.96M 18m23s
#17 128.5 652250K .......... .......... .......... .......... ..........  9% 4.39M 18m23s
#17 128.5 652300K .......... .......... .......... .......... ..........  9% 8.74M 18m23s
#17 128.5 652350K .......... .......... .......... .......... ..........  9% 11.2M 18m23s
#17 128.5 652400K .......... .......... .......... .......... ..........  9% 6.56M 18m23s
#17 128.5 652450K .......... .......... .......... .......... ..........  9% 5.30M 18m23s
#17 128.5 652500K .......... .......... .......... .......... ..........  9% 3.50M 18m23s
#17 128.5 652550K .......... .......... .......... .......... ..........  9% 6.89M 18m23s
#17 128.5 652600K .......... .......... .......... .......... ..........  9% 4.96M 18m23s
#17 128.5 652650K .......... .......... .......... .......... ..........  9% 5.97M 18m23s
#17 128.5 652700K .......... .......... .......... .......... ..........  9% 6.50M 18m23s
#17 128.6 652750K .......... .......... .......... .......... ..........  9% 4.98M 18m23s
#17 128.6 652800K .......... .......... .......... .......... ..........  9% 11.5M 18m23s
#17 128.6 652850K .......... .......... .......... .......... ..........  9% 4.36M 18m23s
#17 128.6 652900K .......... .......... .......... .......... ..........  9% 11.2M 18m23s
#17 128.6 652950K .......... .......... .......... .......... ..........  9% 4.67M 18m23s
#17 128.6 653000K .......... .......... .......... .......... ..........  9% 12.9M 18m23s
#17 128.6 653050K .......... .......... .......... .......... ..........  9% 3.68M 18m23s
#17 128.6 653100K .......... .......... .......... .......... ..........  9% 5.73M 18m23s
#17 128.6 653150K .......... .......... .......... .......... ..........  9% 13.5M 18m23s
#17 128.6 653200K .......... .......... .......... .......... ..........  9% 3.57M 18m23s
#17 128.6 653250K .......... .......... .......... .......... ..........  9% 7.57M 18m23s
#17 128.6 653300K .......... .......... .......... .......... ..........  9% 13.6M 18m23s
#17 128.6 653350K .......... .......... .......... .......... ..........  9% 6.31M 18m23s
#17 128.7 653400K .......... .......... .......... .......... ..........  9% 7.85M 18m23s
#17 128.7 653450K .......... .......... .......... .......... ..........  9% 4.76M 18m23s
#17 128.7 653500K .......... .......... .......... .......... ..........  9% 5.63M 18m23s
#17 128.7 653550K .......... .......... .......... .......... ..........  9% 3.37M 18m23s
#17 128.7 653600K .......... .......... .......... .......... ..........  9% 5.64M 18m23s
#17 128.7 653650K .......... .......... .......... .......... ..........  9% 3.66M 18m23s
#17 128.7 653700K .......... .......... .......... .......... ..........  9% 10.3M 18m23s
#17 128.7 653750K .......... .......... .......... .......... ..........  9% 4.21M 18m23s
#17 128.7 653800K .......... .......... .......... .......... ..........  9% 8.82M 18m23s
#17 128.7 653850K .......... .......... .......... .......... ..........  9% 4.80M 18m23s
#17 128.7 653900K .......... .......... .......... .......... ..........  9% 11.8M 18m23s
#17 128.7 653950K .......... .......... .......... .......... ..........  9%  272K 18m24s
#17 128.9 654000K .......... .......... .......... .......... ..........  9% 1.11M 18m25s
#17 129.0 654050K .......... .......... .......... .......... ..........  9% 7.03M 18m25s
#17 129.0 654100K .......... .......... .......... .......... ..........  9% 4.82M 18m25s
#17 129.0 654150K .......... .......... .......... .......... ..........  9% 4.48M 18m25s
#17 129.0 654200K .......... .......... .......... .......... ..........  9% 7.31M 18m25s
#17 129.0 654250K .......... .......... .......... .......... ..........  9% 4.93M 18m25s
#17 129.0 654300K .......... .......... .......... .......... ..........  9% 5.99M 18m25s
#17 129.0 654350K .......... .......... .......... .......... ..........  9% 9.22M 18m24s
#17 129.0 654400K .......... .......... .......... .......... ..........  9% 5.36M 18m24s
#17 129.0 654450K .......... .......... .......... .......... ..........  9% 3.95M 18m24s
#17 129.1 654500K .......... .......... .......... .......... ..........  9% 5.31M 18m24s
#17 129.1 654550K .......... .......... .......... .......... ..........  9% 3.34M 18m25s
#17 129.1 654600K .......... .......... .......... .......... ..........  9% 21.8M 18m24s
#17 129.1 654650K .......... .......... .......... .......... ..........  9% 13.9M 18m24s
#17 129.1 654700K .......... .......... .......... .......... ..........  9% 3.79M 18m24s
#17 129.1 654750K .......... .......... .......... .......... ..........  9% 2.74M 18m24s
#17 129.1 654800K .......... .......... .......... .......... ..........  9% 87.9M 18m24s
#17 129.1 654850K .......... .......... .......... .......... ..........  9% 86.9M 18m24s
#17 129.1 654900K .......... .......... .......... .......... ..........  9% 2.40M 18m24s
#17 129.1 654950K .......... .......... .......... .......... ..........  9% 9.36M 18m24s
#17 129.1 655000K .......... .......... .......... .......... ..........  9% 14.4M 18m24s
#17 129.1 655050K .......... .......... .......... .......... ..........  9% 3.56M 18m24s
#17 129.2 655100K .......... .......... .......... .......... ..........  9% 26.5M 18m24s
#17 129.2 655150K .......... .......... .......... .......... ..........  9% 6.80M 18m24s
#17 129.2 655200K .......... .......... .......... .......... ..........  9% 16.5M 18m24s
#17 129.2 655250K .......... .......... .......... .......... ..........  9% 10.0M 18m24s
#17 129.2 655300K .......... .......... .......... .......... ..........  9% 3.83M 18m24s
#17 129.2 655350K .......... .......... .......... .......... ..........  9% 9.03M 18m24s
#17 129.2 655400K .......... .......... .......... .......... ..........  9% 4.26M 18m24s
#17 129.2 655450K .......... .......... .......... .......... ..........  9% 4.26M 18m24s
#17 129.2 655500K .......... .......... .......... .......... ..........  9% 7.68M 18m24s
#17 129.2 655550K .......... .......... .......... .......... ..........  9% 5.41M 18m24s
#17 129.2 655600K .......... .......... .......... .......... ..........  9% 11.8M 18m24s
#17 129.2 655650K .......... .......... .......... .......... ..........  9% 4.98M 18m24s
#17 129.2 655700K .......... .......... .......... .......... ..........  9% 1.28M 18m24s
#17 129.3 655750K .......... .......... .......... .......... ..........  9% 4.63M 18m24s
#17 129.3 655800K .......... .......... .......... .......... ..........  9% 8.99M 18m24s
#17 129.3 655850K .......... .......... .......... .......... ..........  9% 4.25M 18m24s
#17 129.3 655900K .......... .......... .......... .......... ..........  9% 15.6M 18m24s
#17 129.3 655950K .......... .......... .......... .......... ..........  9% 4.15M 18m24s
#17 129.3 656000K .......... .......... .......... .......... ..........  9% 17.0M 18m24s
#17 129.3 656050K .......... .......... .......... .......... ..........  9% 8.17M 18m24s
#17 129.3 656100K .......... .......... .......... .......... ..........  9% 4.89M 18m24s
#17 129.3 656150K .......... .......... .......... .......... ..........  9% 6.36M 18m24s
#17 129.4 656200K .......... .......... .......... .......... ..........  9% 3.23M 18m24s
#17 129.4 656250K .......... .......... .......... .......... ..........  9% 16.7M 18m24s
#17 129.4 656300K .......... .......... .......... .......... ..........  9% 7.38M 18m24s
#17 129.4 656350K .......... .......... .......... .......... ..........  9% 3.73M 18m24s
#17 129.4 656400K .......... .......... .......... .......... ..........  9% 4.34M 18m24s
#17 129.4 656450K .......... .......... .......... .......... ..........  9% 48.2M 18m24s
#17 129.4 656500K .......... .......... .......... .......... ..........  9% 5.77M 18m24s
#17 129.4 656550K .......... .......... .......... .......... ..........  9% 5.05M 18m24s
#17 129.4 656600K .......... .......... .......... .......... ..........  9% 2.92M 18m24s
#17 129.4 656650K .......... .......... .......... .......... ..........  9% 3.60M 18m24s
#17 129.5 656700K .......... .......... .......... .......... ..........  9% 3.94M 18m24s
#17 129.5 656750K .......... .......... .......... .......... ..........  9% 10.2M 18m24s
#17 129.5 656800K .......... .......... .......... .......... ..........  9% 3.22M 18m24s
#17 129.5 656850K .......... .......... .......... .......... ..........  9% 55.9M 18m24s
#17 129.5 656900K .......... .......... .......... .......... ..........  9% 2.41M 18m24s
#17 129.5 656950K .......... .......... .......... .......... ..........  9% 20.6M 18m24s
#17 129.5 657000K .......... .......... .......... .......... ..........  9% 94.9M 18m24s
#17 129.5 657050K .......... .......... .......... .......... ..........  9% 13.9M 18m24s
#17 129.5 657100K .......... .......... .......... .......... ..........  9% 5.78M 18m24s
#17 129.5 657150K .......... .......... .......... .......... ..........  9% 14.2M 18m24s
#17 129.5 657200K .......... .......... .......... .......... ..........  9% 15.2M 18m24s
#17 129.5 657250K .......... .......... .......... .......... ..........  9% 13.3M 18m24s
#17 129.5 657300K .......... .......... .......... .......... ..........  9% 6.57M 18m24s
#17 129.5 657350K .......... .......... .......... .......... ..........  9% 7.33M 18m24s
#17 129.5 657400K .......... .......... .......... .......... ..........  9% 70.4M 18m24s
#17 129.6 657450K .......... .......... .......... .......... ..........  9% 5.16M 18m24s
#17 129.6 657500K .......... .......... .......... .......... ..........  9% 4.51M 18m24s
#17 129.6 657550K .......... .......... .......... .......... ..........  9% 6.37M 18m24s
#17 129.6 657600K .......... .......... .......... .......... ..........  9% 6.34M 18m24s
#17 129.6 657650K .......... .......... .......... .......... ..........  9% 6.12M 18m24s
#17 129.6 657700K .......... .......... .......... .......... ..........  9% 9.56M 18m23s
#17 129.6 657750K .......... .......... .......... .......... ..........  9% 5.90M 18m23s
#17 129.6 657800K .......... .......... .......... .......... ..........  9% 2.79M 18m24s
#17 129.6 657850K .......... .......... .......... .......... ..........  9% 2.63M 18m24s
#17 129.6 657900K .......... .......... .......... .......... ..........  9% 37.2M 18m24s
#17 129.6 657950K .......... .......... .......... .......... ..........  9% 1.53M 18m24s
#17 129.7 658000K .......... .......... .......... .......... ..........  9% 61.6M 18m24s
#17 129.7 658050K .......... .......... .......... .......... ..........  9% 1.08M 18m24s
#17 129.7 658100K .......... .......... .......... .......... ..........  9% 2.65M 18m24s
#17 129.7 658150K .......... .......... .......... .......... ..........  9% 2.51M 18m24s
#17 129.8 658200K .......... .......... .......... .......... ..........  9% 3.06M 18m24s
#17 129.8 658250K .......... .......... .......... .......... ..........  9% 3.29M 18m24s
#17 129.8 658300K .......... .......... .......... .......... ..........  9% 5.29M 18m24s
#17 129.8 658350K .......... .......... .......... .......... ..........  9% 4.49M 18m24s
#17 129.8 658400K .......... .......... .......... .......... ..........  9% 10.5M 18m24s
#17 129.8 658450K .......... .......... .......... .......... ..........  9% 7.65M 18m24s
#17 129.8 658500K .......... .......... .......... .......... ..........  9% 3.26M 18m24s
#17 129.8 658550K .......... .......... .......... .......... ..........  9% 85.5M 18m24s
#17 129.8 658600K .......... .......... .......... .......... ..........  9% 3.67M 18m24s
#17 129.8 658650K .......... .......... .......... .......... ..........  9% 13.9M 18m24s
#17 129.9 658700K .......... .......... .......... .......... ..........  9% 5.03M 18m24s
#17 129.9 658750K .......... .......... .......... .......... ..........  9% 15.1M 18m24s
#17 129.9 658800K .......... .......... .......... .......... ..........  9% 9.73M 18m24s
#17 129.9 658850K .......... .......... .......... .......... ..........  9% 5.49M 18m24s
#17 129.9 658900K .......... .......... .......... .......... ..........  9% 4.62M 18m24s
#17 129.9 658950K .......... .......... .......... .......... ..........  9% 7.55M 18m24s
#17 129.9 659000K .......... .......... .......... .......... ..........  9% 9.45M 18m24s
#17 129.9 659050K .......... .......... .......... .......... ..........  9% 6.92M 18m24s
#17 129.9 659100K .......... .......... .......... .......... ..........  9% 29.2M 18m24s
#17 129.9 659150K .......... .......... .......... .......... ..........  9% 16.9M 18m24s
#17 129.9 659200K .......... .......... .......... .......... ..........  9% 5.30M 18m24s
#17 129.9 659250K .......... .......... .......... .......... ..........  9% 19.6M 18m24s
#17 129.9 659300K .......... .......... .......... .......... ..........  9% 11.9M 18m24s
#17 129.9 659350K .......... .......... .......... .......... ..........  9% 9.66M 18m24s
#17 129.9 659400K .......... .......... .......... .......... ..........  9% 33.3M 18m23s
#17 129.9 659450K .......... .......... .......... .......... ..........  9% 9.92M 18m23s
#17 129.9 659500K .......... .......... .......... .......... ..........  9% 10.2M 18m23s
#17 129.9 659550K .......... .......... .......... .......... ..........  9% 6.80M 18m23s
#17 130.0 659600K .......... .......... .......... .......... ..........  9% 10.6M 18m23s
#17 130.0 659650K .......... .......... .......... .......... ..........  9% 17.2M 18m23s
#17 130.0 659700K .......... .......... .......... .......... ..........  9% 10.3M 18m23s
#17 130.0 659750K .......... .......... .......... .......... ..........  9% 8.58M 18m23s
#17 130.0 659800K .......... .......... .......... .......... ..........  9% 14.7M 18m23s
#17 130.0 659850K .......... .......... .......... .......... ..........  9%  105M 18m23s
#17 130.0 659900K .......... .......... .......... .......... ..........  9% 8.33M 18m23s
#17 130.0 659950K .......... .......... .......... .......... ..........  9% 8.24M 18m23s
#17 130.0 660000K .......... .......... .......... .......... ..........  9% 19.4M 18m23s
#17 130.0 660050K .......... .......... .......... .......... ..........  9% 5.80M 18m23s
#17 130.0 660100K .......... .......... .......... .......... ..........  9% 7.91M 18m23s
#17 130.0 660150K .......... .......... .......... .......... ..........  9% 14.6M 18m23s
#17 130.0 660200K .......... .......... .......... .......... ..........  9% 8.39M 18m23s
#17 130.0 660250K .......... .......... .......... .......... ..........  9% 6.48M 18m23s
#17 130.0 660300K .......... .......... .......... .......... ..........  9% 18.7M 18m23s
#17 130.0 660350K .......... .......... .......... .......... ..........  9% 6.61M 18m23s
#17 130.0 660400K .......... .......... .......... .......... ..........  9% 47.6M 18m22s
#17 130.0 660450K .......... .......... .......... .......... ..........  9% 38.6M 18m22s
#17 130.0 660500K .......... .......... .......... .......... ..........  9% 6.11M 18m22s
#17 130.0 660550K .......... .......... .......... .......... ..........  9% 6.19M 18m22s
#17 130.0 660600K .......... .......... .......... .......... ..........  9% 6.76M 18m22s
#17 130.1 660650K .......... .......... .......... .......... ..........  9% 7.47M 18m22s
#17 130.1 660700K .......... .......... .......... .......... ..........  9% 5.49M 18m22s
#17 130.1 660750K .......... .......... .......... .......... ..........  9% 9.87M 18m22s
#17 130.1 660800K .......... .......... .......... .......... ..........  9% 5.31M 18m22s
#17 130.1 660850K .......... .......... .......... .......... ..........  9% 12.3M 18m22s
#17 130.1 660900K .......... .......... .......... .......... ..........  9% 2.65M 18m22s
#17 130.1 660950K .......... .......... .......... .......... ..........  9% 33.2M 18m22s
#17 130.1 661000K .......... .......... .......... .......... ..........  9% 4.58M 18m22s
#17 130.1 661050K .......... .......... .......... .......... ..........  9% 6.24M 18m22s
#17 130.1 661100K .......... .......... .......... .......... ..........  9% 5.70M 18m22s
#17 130.1 661150K .......... .......... .......... .......... ..........  9% 2.00M 18m22s
#17 130.2 661200K .......... .......... .......... .......... ..........  9% 42.5M 18m22s
#17 130.2 661250K .......... .......... .......... .......... ..........  9% 63.0M 18m22s
#17 130.2 661300K .......... .......... .......... .......... ..........  9% 5.90M 18m22s
#17 130.2 661350K .......... .......... .......... .......... ..........  9% 6.04M 18m22s
#17 130.2 661400K .......... .......... .......... .......... ..........  9% 7.52M 18m22s
#17 130.2 661450K .......... .......... .......... .......... ..........  9% 21.4M 18m22s
#17 130.2 661500K .......... .......... .......... .......... ..........  9% 3.35M 18m22s
#17 130.2 661550K .......... .......... .......... .......... ..........  9% 9.78M 18m22s
#17 130.2 661600K .......... .......... .......... .......... ..........  9% 7.46M 18m22s
#17 130.2 661650K .......... .......... .......... .......... ..........  9% 4.36M 18m22s
#17 130.2 661700K .......... .......... .......... .......... ..........  9% 5.80M 18m22s
#17 130.2 661750K .......... .......... .......... .......... ..........  9% 7.46M 18m22s
#17 130.2 661800K .......... .......... .......... .......... ..........  9% 9.09M 18m22s
#17 130.2 661850K .......... .......... .......... .......... ..........  9% 4.93M 18m22s
#17 130.3 661900K .......... .......... .......... .......... ..........  9% 7.17M 18m22s
#17 130.3 661950K .......... .......... .......... .......... ..........  9% 8.64M 18m22s
#17 130.3 662000K .......... .......... .......... .......... ..........  9% 7.33M 18m22s
#17 130.3 662050K .......... .......... .......... .......... ..........  9% 3.26M 18m22s
#17 130.3 662100K .......... .......... .......... .......... ..........  9% 3.73M 18m22s
#17 130.3 662150K .......... .......... .......... .......... ..........  9% 4.24M 18m22s
#17 130.3 662200K .......... .......... .......... .......... ..........  9% 2.86M 18m22s
#17 130.3 662250K .......... .......... .......... .......... ..........  9% 25.7M 18m22s
#17 130.3 662300K .......... .......... .......... .......... ..........  9% 47.0M 18m22s
#17 130.3 662350K .......... .......... .......... .......... ..........  9% 13.5M 18m22s
#17 130.3 662400K .......... .......... .......... .......... ..........  9% 7.27M 18m22s
#17 130.3 662450K .......... .......... .......... .......... ..........  9% 6.15M 18m22s
#17 130.4 662500K .......... .......... .......... .......... ..........  9% 4.61M 18m22s
#17 130.4 662550K .......... .......... .......... .......... ..........  9% 6.87M 18m22s
#17 130.4 662600K .......... .......... .......... .......... ..........  9% 27.5M 18m22s
#17 130.4 662650K .......... .......... .......... .......... ..........  9% 4.20M 18m22s
#17 130.4 662700K .......... .......... .......... .......... ..........  9% 4.47M 18m22s
#17 130.4 662750K .......... .......... .......... .......... ..........  9% 12.1M 18m22s
#17 130.4 662800K .......... .......... .......... .......... ..........  9% 4.00M 18m22s
#17 130.4 662850K .......... .......... .......... .......... ..........  9% 6.23M 18m22s
#17 130.4 662900K .......... .......... .......... .......... ..........  9% 7.81M 18m22s
#17 130.4 662950K .......... .......... .......... .......... ..........  9% 6.38M 18m21s
#17 130.4 663000K .......... .......... .......... .......... ..........  9% 6.73M 18m21s
#17 130.4 663050K .......... .......... .......... .......... ..........  9% 3.58M 18m21s
#17 130.5 663100K .......... .......... .......... .......... ..........  9% 13.3M 18m21s
#17 130.5 663150K .......... .......... .......... .......... ..........  9% 8.52M 18m21s
#17 130.5 663200K .......... .......... .......... .......... ..........  9% 7.05M 18m21s
#17 130.5 663250K .......... .......... .......... .......... ..........  9% 5.02M 18m21s
#17 130.5 663300K .......... .......... .......... .......... ..........  9% 7.23M 18m21s
#17 130.5 663350K .......... .......... .......... .......... ..........  9% 3.08M 18m21s
#17 130.5 663400K .......... .......... .......... .......... ..........  9% 5.17M 18m21s
#17 130.5 663450K .......... .......... .......... .......... ..........  9% 6.30M 18m21s
#17 130.5 663500K .......... .......... .......... .......... ..........  9% 15.0M 18m21s
#17 130.5 663550K .......... .......... .......... .......... ..........  9% 3.56M 18m21s
#17 130.5 663600K .......... .......... .......... .......... ..........  9% 4.92M 18m21s
#17 130.5 663650K .......... .......... .......... .......... ..........  9% 5.71M 18m21s
#17 130.6 663700K .......... .......... .......... .......... ..........  9% 10.2M 18m21s
#17 130.6 663750K .......... .......... .......... .......... ..........  9% 15.1M 18m21s
#17 130.6 663800K .......... .......... .......... .......... ..........  9% 5.13M 18m21s
#17 130.6 663850K .......... .......... .......... .......... ..........  9% 4.97M 18m21s
#17 130.6 663900K .......... .......... .......... .......... ..........  9% 3.47M 18m21s
#17 130.6 663950K .......... .......... .......... .......... ..........  9% 11.2M 18m21s
#17 130.6 664000K .......... .......... .......... .......... ..........  9% 4.65M 18m21s
#17 130.6 664050K .......... .......... .......... .......... ..........  9% 12.0M 18m21s
#17 130.6 664100K .......... .......... .......... .......... ..........  9% 4.83M 18m21s
#17 130.6 664150K .......... .......... .......... .......... ..........  9% 11.4M 18m21s
#17 130.6 664200K .......... .......... .......... .......... ..........  9% 7.25M 18m21s
#17 130.6 664250K .......... .......... .......... .......... ..........  9% 3.96M 18m21s
#17 130.6 664300K .......... .......... .......... .......... ..........  9% 9.45M 18m21s
#17 130.7 664350K .......... .......... .......... .......... ..........  9% 16.0M 18m21s
#17 130.7 664400K .......... .......... .......... .......... ..........  9% 4.26M 18m21s
#17 130.7 664450K .......... .......... .......... .......... ..........  9% 6.76M 18m21s
#17 130.7 664500K .......... .......... .......... .......... ..........  9% 3.96M 18m21s
#17 130.7 664550K .......... .......... .......... .......... ..........  9% 3.02M 18m21s
#17 130.7 664600K .......... .......... .......... .......... ..........  9% 5.15M 18m21s
#17 130.7 664650K .......... .......... .......... .......... ..........  9% 4.04M 18m21s
#17 130.7 664700K .......... .......... .......... .......... ..........  9% 4.87M 18m21s
#17 130.7 664750K .......... .......... .......... .......... ..........  9% 5.30M 18m21s
#17 130.7 664800K .......... .......... .......... .......... ..........  9% 8.35M 18m21s
#17 130.7 664850K .......... .......... .......... .......... ..........  9% 5.42M 18m21s
#17 130.8 664900K .......... .......... .......... .......... ..........  9% 7.49M 18m21s
#17 130.8 664950K .......... .......... .......... .......... ..........  9% 9.36M 18m21s
#17 130.8 665000K .......... .......... .......... .......... ..........  9% 4.83M 18m21s
#17 130.8 665050K .......... .......... .......... .......... ..........  9% 27.3M 18m21s
#17 130.8 665100K .......... .......... .......... .......... ..........  9% 6.59M 18m21s
#17 130.8 665150K .......... .......... .......... .......... ..........  9% 5.40M 18m21s
#17 130.8 665200K .......... .......... .......... .......... ..........  9% 1.10M 18m21s
#17 130.8 665250K .......... .......... .......... .......... ..........  9% 2.82M 18m21s
#17 130.9 665300K .......... .......... .......... .......... ..........  9% 12.2M 18m21s
#17 130.9 665350K .......... .......... .......... .......... ..........  9% 4.46M 18m21s
#17 130.9 665400K .......... .......... .......... .......... ..........  9% 5.12M 18m21s
#17 130.9 665450K .......... .......... .......... .......... ..........  9% 8.36M 18m21s
#17 130.9 665500K .......... .......... .......... .......... ..........  9% 4.64M 18m21s
#17 130.9 665550K .......... .......... .......... .......... ..........  9% 8.73M 18m21s
#17 130.9 665600K .......... .......... .......... .......... ..........  9% 8.58M 18m21s
#17 130.9 665650K .......... .......... .......... .......... ..........  9% 5.28M 18m21s
#17 130.9 665700K .......... .......... .......... .......... ..........  9% 6.17M 18m21s
#17 130.9 665750K .......... .......... .......... .......... ..........  9% 8.95M 18m21s
#17 130.9 665800K .......... .......... .......... .......... ..........  9% 6.25M 18m21s
#17 130.9 665850K .......... .......... .......... .......... ..........  9% 4.17M 18m21s
#17 131.0 665900K .......... .......... .......... .......... ..........  9% 7.00M 18m21s
#17 131.0 665950K .......... .......... .......... .......... ..........  9% 5.52M 18m21s
#17 131.0 666000K .......... .......... .......... .......... ..........  9% 6.53M 18m21s
#17 131.0 666050K .......... .......... .......... .......... ..........  9% 5.90M 18m21s
#17 131.0 666100K .......... .......... .......... .......... ..........  9% 8.05M 18m21s
#17 131.0 666150K .......... .......... .......... .......... ..........  9% 6.75M 18m21s
#17 131.0 666200K .......... .......... .......... .......... ..........  9% 11.1M 18m21s
#17 131.0 666250K .......... .......... .......... .......... ..........  9% 3.41M 18m21s
#17 131.0 666300K .......... .......... .......... .......... ..........  9% 8.80M 18m21s
#17 131.0 666350K .......... .......... .......... .......... ..........  9% 4.84M 18m21s
#17 131.0 666400K .......... .......... .......... .......... ..........  9% 14.1M 18m21s
#17 131.0 666450K .......... .......... .......... .......... ..........  9% 4.62M 18m21s
#17 131.0 666500K .......... .......... .......... .......... ..........  9% 7.12M 18m21s
#17 131.1 666550K .......... .......... .......... .......... ..........  9% 6.55M 18m21s
#17 131.1 666600K .......... .......... .......... .......... ..........  9% 3.57M 18m21s
#17 131.1 666650K .......... .......... .......... .......... ..........  9% 8.60M 18m21s
#17 131.1 666700K .......... .......... .......... .......... ..........  9% 11.4M 18m21s
#17 131.1 666750K .......... .......... .......... .......... ..........  9% 4.14M 18m21s
#17 131.1 666800K .......... .......... .......... .......... ..........  9% 5.83M 18m21s
#17 131.1 666850K .......... .......... .......... .......... ..........  9% 12.9M 18m21s
#17 131.1 666900K .......... .......... .......... .......... ..........  9% 5.27M 18m21s
#17 131.1 666950K .......... .......... .......... .......... ..........  9% 4.84M 18m21s
#17 131.1 667000K .......... .......... .......... .......... ..........  9% 8.72M 18m21s
#17 131.1 667050K .......... .......... .......... .......... ..........  9% 8.43M 18m20s
#17 131.1 667100K .......... .......... .......... .......... ..........  9% 5.58M 18m20s
#17 131.1 667150K .......... .......... .......... .......... ..........  9% 4.33M 18m20s
#17 131.2 667200K .......... .......... .......... .......... ..........  9% 4.63M 18m20s
#17 131.2 667250K .......... .......... .......... .......... ..........  9% 6.87M 18m20s
#17 131.2 667300K .......... .......... .......... .......... ..........  9% 6.65M 18m20s
#17 131.2 667350K .......... .......... .......... .......... ..........  9% 6.16M 18m20s
#17 131.2 667400K .......... .......... .......... .......... ..........  9% 5.01M 18m20s
#17 131.2 667450K .......... .......... .......... .......... ..........  9% 3.47M 18m20s
#17 131.2 667500K .......... .......... .......... .......... ..........  9% 63.2M 18m20s
#17 131.2 667550K .......... .......... .......... .......... ..........  9% 5.20M 18m20s
#17 131.2 667600K .......... .......... .......... .......... ..........  9% 4.81M 18m20s
#17 131.2 667650K .......... .......... .......... .......... ..........  9% 6.87M 18m20s
#17 131.2 667700K .......... .......... .......... .......... ..........  9% 5.47M 18m20s
#17 131.3 667750K .......... .......... .......... .......... ..........  9% 8.38M 18m20s
#17 131.3 667800K .......... .......... .......... .......... ..........  9% 3.28M 18m20s
#17 131.3 667850K .......... .......... .......... .......... ..........  9% 10.5M 18m20s
#17 131.3 667900K .......... .......... .......... .......... ..........  9% 7.23M 18m20s
#17 131.3 667950K .......... .......... .......... .......... ..........  9% 7.83M 18m20s
#17 131.3 668000K .......... .......... .......... .......... ..........  9% 7.44M 18m20s
#17 131.3 668050K .......... .......... .......... .......... ..........  9% 3.52M 18m20s
#17 131.3 668100K .......... .......... .......... .......... ..........  9% 16.1M 18m20s
#17 131.3 668150K .......... .......... .......... .......... ..........  9% 31.3M 18m20s
#17 131.3 668200K .......... .......... .......... .......... ..........  9% 5.34M 18m20s
#17 131.4 668250K .......... .......... .......... .......... ..........  9% 1.35M 18m20s
#17 131.4 668300K .......... .......... .......... .......... ..........  9% 5.35M 18m20s
#17 131.4 668350K .......... .......... .......... .......... ..........  9% 8.11M 18m20s
#17 131.4 668400K .......... .......... .......... .......... ..........  9% 4.35M 18m20s
#17 131.4 668450K .......... .......... .......... .......... ..........  9% 17.7M 18m20s
#17 131.4 668500K .......... .......... .......... .......... ..........  9% 5.13M 18m20s
#17 131.4 668550K .......... .......... .......... .......... ..........  9% 4.56M 18m20s
#17 131.4 668600K .......... .......... .......... .......... ..........  9% 7.75M 18m20s
#17 131.4 668650K .......... .......... .......... .......... ..........  9% 5.81M 18m20s
#17 131.4 668700K .......... .......... .......... .......... ..........  9% 4.17M 18m20s
#17 131.4 668750K .......... .......... .......... .......... ..........  9% 4.87M 18m20s
#17 131.4 668800K .......... .......... .......... .......... ..........  9% 9.57M 18m20s
#17 131.5 668850K .......... .......... .......... .......... ..........  9% 5.19M 18m20s
#17 131.5 668900K .......... .......... .......... .......... ..........  9% 6.32M 18m20s
#17 131.5 668950K .......... .......... .......... .......... ..........  9% 7.89M 18m20s
#17 131.5 669000K .......... .......... .......... .......... ..........  9% 2.90M 18m20s
#17 131.5 669050K .......... .......... .......... .......... ..........  9% 4.62M 18m20s
#17 131.5 669100K .......... .......... .......... .......... ..........  9% 11.1M 18m20s
#17 131.5 669150K .......... .......... .......... .......... ..........  9% 21.4M 18m20s
#17 131.5 669200K .......... .......... .......... .......... ..........  9% 9.25M 18m20s
#17 131.5 669250K .......... .......... .......... .......... ..........  9% 7.52M 18m20s
#17 131.5 669300K .......... .......... .......... .......... ..........  9% 5.51M 18m20s
#17 131.5 669350K .......... .......... .......... .......... ..........  9% 5.40M 18m20s
#17 131.5 669400K .......... .......... .......... .......... ..........  9% 11.4M 18m20s
#17 131.5 669450K .......... .......... .......... .......... ..........  9% 4.09M 18m20s
#17 131.6 669500K .......... .......... .......... .......... ..........  9% 6.45M 18m20s
#17 131.6 669550K .......... .......... .......... .......... ..........  9% 6.56M 18m20s
#17 131.6 669600K .......... .......... .......... .......... ..........  9% 9.30M 18m20s
#17 131.6 669650K .......... .......... .......... .......... ..........  9% 6.12M 18m20s
#17 131.6 669700K .......... .......... .......... .......... ..........  9% 4.79M 18m20s
#17 131.6 669750K .......... .......... .......... .......... ..........  9% 37.6M 18m20s
#17 131.6 669800K .......... .......... .......... .......... ..........  9% 4.91M 18m20s
#17 131.6 669850K .......... .......... .......... .......... ..........  9% 3.25M 18m20s
#17 131.6 669900K .......... .......... .......... .......... ..........  9% 2.51M 18m20s
#17 131.6 669950K .......... .......... .......... .......... ..........  9% 6.55M 18m20s
#17 131.6 670000K .......... .......... .......... .......... ..........  9% 7.15M 18m20s
#17 131.7 670050K .......... .......... .......... .......... ..........  9% 6.48M 18m20s
#17 131.7 670100K .......... .......... .......... .......... ..........  9% 3.78M 18m20s
#17 131.7 670150K .......... .......... .......... .......... ..........  9% 14.9M 18m20s
#17 131.7 670200K .......... .......... .......... .......... ..........  9% 10.8M 18m20s
#17 131.7 670250K .......... .......... .......... .......... ..........  9% 9.27M 18m20s
#17 131.7 670300K .......... .......... .......... .......... ..........  9% 3.91M 18m20s
#17 131.7 670350K .......... .......... .......... .......... ..........  9% 5.01M 18m20s
#17 131.7 670400K .......... .......... .......... .......... ..........  9% 17.0M 18m20s
#17 131.7 670450K .......... .......... .......... .......... ..........  9% 3.64M 18m20s
#17 131.7 670500K .......... .......... .......... .......... ..........  9% 6.74M 18m20s
#17 131.7 670550K .......... .......... .......... .......... ..........  9% 12.6M 18m20s
#17 131.7 670600K .......... .......... .......... .......... ..........  9% 4.81M 18m20s
#17 131.7 670650K .......... .......... .......... .......... ..........  9% 8.61M 18m19s
#17 131.8 670700K .......... .......... .......... .......... ..........  9% 6.41M 18m19s
#17 131.8 670750K .......... .......... .......... .......... ..........  9% 6.48M 18m19s
#17 131.8 670800K .......... .......... .......... .......... ..........  9% 9.91M 18m19s
#17 131.8 670850K .......... .......... .......... .......... ..........  9% 3.77M 18m19s
#17 131.8 670900K .......... .......... .......... .......... ..........  9% 5.26M 18m19s
#17 131.8 670950K .......... .......... .......... .......... ..........  9% 6.47M 18m19s
#17 131.8 671000K .......... .......... .......... .......... ..........  9% 5.76M 18m19s
#17 131.8 671050K .......... .......... .......... .......... ..........  9% 3.46M 18m19s
#17 131.8 671100K .......... .......... .......... .......... ..........  9% 5.29M 18m19s
#17 131.8 671150K .......... .......... .......... .......... ..........  9% 18.8M 18m19s
#17 131.8 671200K .......... .......... .......... .......... ..........  9% 5.22M 18m19s
#17 131.8 671250K .......... .......... .......... .......... ..........  9% 7.64M 18m19s
#17 131.9 671300K .......... .......... .......... .......... ..........  9% 7.67M 18m19s
#17 131.9 671350K .......... .......... .......... .......... ..........  9% 4.08M 18m19s
#17 131.9 671400K .......... .......... .......... .......... ..........  9% 7.43M 18m19s
#17 131.9 671450K .......... .......... .......... .......... ..........  9% 6.29M 18m19s
#17 131.9 671500K .......... .......... .......... .......... ..........  9% 7.30M 18m19s
#17 131.9 671550K .......... .......... .......... .......... ..........  9% 3.60M 18m19s
#17 131.9 671600K .......... .......... .......... .......... ..........  9% 6.45M 18m19s
#17 131.9 671650K .......... .......... .......... .......... ..........  9% 3.60M 18m19s
#17 131.9 671700K .......... .......... .......... .......... ..........  9% 3.17M 18m19s
#17 131.9 671750K .......... .......... .......... .......... ..........  9% 7.67M 18m19s
#17 131.9 671800K .......... .......... .......... .......... ..........  9% 25.2M 18m19s
#17 132.0 671850K .......... .......... .......... .......... ..........  9% 4.56M 18m19s
#17 132.0 671900K .......... .......... .......... .......... ..........  9% 7.97M 18m19s
#17 132.0 671950K .......... .......... .......... .......... ..........  9% 7.93M 18m19s
#17 132.0 672000K .......... .......... .......... .......... ..........  9% 5.98M 18m19s
#17 132.0 672050K .......... .......... .......... .......... ..........  9% 9.74M 18m19s
#17 132.0 672100K .......... .......... .......... .......... ..........  9% 5.53M 18m19s
#17 132.0 672150K .......... .......... .......... .......... ..........  9% 6.66M 18m19s
#17 132.0 672200K .......... .......... .......... .......... ..........  9% 4.93M 18m19s
#17 132.0 672250K .......... .......... .......... .......... ..........  9% 14.6M 18m19s
#17 132.0 672300K .......... .......... .......... .......... ..........  9% 1.17M 18m19s
#17 132.1 672350K .......... .......... .......... .......... ..........  9% 10.8M 18m19s
#17 132.1 672400K .......... .......... .......... .......... ..........  9% 3.36M 18m19s
#17 132.1 672450K .......... .......... .......... .......... ..........  9% 5.46M 18m19s
#17 132.1 672500K .......... .......... .......... .......... ..........  9% 3.55M 18m19s
#17 132.1 672550K .......... .......... .......... .......... ..........  9% 9.57M 18m19s
#17 132.1 672600K .......... .......... .......... .......... ..........  9% 6.57M 18m19s
#17 132.1 672650K .......... .......... .......... .......... ..........  9% 4.50M 18m19s
#17 132.1 672700K .......... .......... .......... .......... ..........  9% 7.79M 18m19s
#17 132.1 672750K .......... .......... .......... .......... ..........  9% 5.84M 18m19s
#17 132.1 672800K .......... .......... .......... .......... ..........  9% 4.22M 18m19s
#17 132.1 672850K .......... .......... .......... .......... ..........  9% 13.2M 18m19s
#17 132.2 672900K .......... .......... .......... .......... ..........  9% 12.7M 18m19s
#17 132.2 672950K .......... .......... .......... .......... ..........  9% 6.77M 18m19s
#17 132.2 673000K .......... .......... .......... .......... ..........  9% 5.36M 18m19s
#17 132.2 673050K .......... .......... .......... .......... ..........  9% 4.99M 18m19s
#17 132.2 673100K .......... .......... .......... .......... ..........  9% 4.34M 18m19s
#17 132.2 673150K .......... .......... .......... .......... ..........  9% 6.87M 18m19s
#17 132.2 673200K .......... .......... .......... .......... ..........  9% 4.06M 18m19s
#17 132.2 673250K .......... .......... .......... .......... ..........  9% 7.60M 18m19s
#17 132.2 673300K .......... .......... .......... .......... ..........  9% 4.80M 18m19s
#17 132.2 673350K .......... .......... .......... .......... ..........  9% 2.77M 18m19s
#17 132.2 673400K .......... .......... .......... .......... ..........  9% 6.22M 18m19s
#17 132.3 673450K .......... .......... .......... .......... ..........  9% 10.1M 18m19s
#17 132.3 673500K .......... .......... .......... .......... ..........  9% 4.78M 18m19s
#17 132.3 673550K .......... .......... .......... .......... ..........  9% 3.63M 18m19s
#17 132.3 673600K .......... .......... .......... .......... ..........  9% 8.29M 18m19s
#17 132.3 673650K .......... .......... .......... .......... ..........  9% 15.8M 18m19s
#17 132.3 673700K .......... .......... .......... .......... ..........  9% 3.07M 18m19s
#17 132.3 673750K .......... .......... .......... .......... ..........  9% 13.0M 18m19s
#17 132.3 673800K .......... .......... .......... .......... ..........  9% 9.07M 18m19s
#17 132.3 673850K .......... .......... .......... .......... ..........  9% 6.12M 18m19s
#17 132.3 673900K .......... .......... .......... .......... ..........  9% 5.25M 18m19s
#17 132.3 673950K .......... .......... .......... .......... ..........  9% 21.8M 18m19s
#17 132.3 674000K .......... .......... .......... .......... ..........  9% 4.48M 18m19s
#17 132.3 674050K .......... .......... .......... .......... ..........  9% 5.41M 18m19s
#17 132.4 674100K .......... .......... .......... .......... ..........  9% 4.98M 18m19s
#17 132.4 674150K .......... .......... .......... .......... ..........  9% 4.72M 18m19s
#17 132.4 674200K .......... .......... .......... .......... ..........  9% 4.16M 18m19s
#17 132.4 674250K .......... .......... .......... .......... ..........  9% 4.02M 18m19s
#17 132.4 674300K .......... .......... .......... .......... ..........  9% 8.96M 18m19s
#17 132.4 674350K .......... .......... .......... .......... ..........  9% 8.07M 18m19s
#17 132.4 674400K .......... .......... .......... .......... ..........  9% 5.86M 18m19s
#17 132.4 674450K .......... .......... .......... .......... ..........  9% 6.72M 18m19s
#17 132.4 674500K .......... .......... .......... .......... ..........  9% 8.39M 18m19s
#17 132.4 674550K .......... .......... .......... .......... ..........  9% 4.29M 18m19s
#17 132.4 674600K .......... .......... .......... .......... ..........  9% 9.29M 18m19s
#17 132.5 674650K .......... .......... .......... .......... ..........  9% 4.92M 18m19s
#17 132.5 674700K .......... .......... .......... .......... ..........  9% 6.47M 18m19s
#17 132.5 674750K .......... .......... .......... .......... ..........  9% 3.41M 18m19s
#17 132.5 674800K .......... .......... .......... .......... ..........  9% 6.14M 18m19s
#17 132.5 674850K .......... .......... .......... .......... ..........  9% 7.67M 18m19s
#17 132.5 674900K .......... .......... .......... .......... ..........  9% 7.07M 18m19s
#17 132.5 674950K .......... .......... .......... .......... ..........  9% 7.68M 18m19s
#17 132.5 675000K .......... .......... .......... .......... ..........  9% 4.30M 18m19s
#17 132.5 675050K .......... .......... .......... .......... ..........  9% 4.62M 18m19s
#17 132.5 675100K .......... .......... .......... .......... ..........  9% 20.8M 18m19s
#17 132.5 675150K .......... .......... .......... .......... ..........  9% 4.01M 18m19s
#17 132.5 675200K .......... .......... .......... .......... ..........  9% 6.66M 18m19s
#17 132.6 675250K .......... .......... .......... .......... ..........  9% 3.76M 18m19s
#17 132.6 675300K .......... .......... .......... .......... ..........  9% 11.8M 18m18s
#17 132.6 675350K .......... .......... .......... .......... ..........  9% 6.45M 18m18s
#17 132.6 675400K .......... .......... .......... .......... ..........  9% 3.64M 18m18s
#17 132.6 675450K .......... .......... .......... .......... ..........  9% 7.84M 18m18s
#17 132.6 675500K .......... .......... .......... .......... ..........  9% 9.86M 18m18s
#17 132.6 675550K .......... .......... .......... .......... ..........  9% 7.48M 18m18s
#17 132.6 675600K .......... .......... .......... .......... ..........  9% 12.1M 18m18s
#17 132.6 675650K .......... .......... .......... .......... ..........  9% 4.69M 18m18s
#17 132.6 675700K .......... .......... .......... .......... ..........  9% 7.60M 18m18s
#17 132.6 675750K .......... .......... .......... .......... ..........  9% 3.34M 18m18s
#17 132.6 675800K .......... .......... .......... .......... ..........  9% 7.01M 18m18s
#17 132.7 675850K .......... .......... .......... .......... ..........  9% 6.66M 18m18s
#17 132.7 675900K .......... .......... .......... .......... ..........  9% 4.84M 18m18s
#17 132.7 675950K .......... .......... .......... .......... ..........  9% 4.36M 18m18s
#17 132.7 676000K .......... .......... .......... .......... ..........  9% 22.3M 18m18s
#17 132.7 676050K .......... .......... .......... .......... ..........  9% 7.42M 18m18s
#17 132.7 676100K .......... .......... .......... .......... ..........  9% 4.70M 18m18s
#17 132.7 676150K .......... .......... .......... .......... ..........  9% 9.09M 18m18s
#17 132.7 676200K .......... .......... .......... .......... ..........  9% 27.3M 18m18s
#17 132.7 676250K .......... .......... .......... .......... ..........  9% 6.14M 18m18s
#17 132.7 676300K .......... .......... .......... .......... ..........  9% 3.31M 18m18s
#17 132.7 676350K .......... .......... .......... .......... ..........  9% 8.46M 18m18s
#17 132.7 676400K .......... .......... .......... .......... ..........  9% 3.54M 18m18s
#17 132.7 676450K .......... .......... .......... .......... ..........  9% 9.35M 18m18s
#17 132.8 676500K .......... .......... .......... .......... ..........  9% 4.50M 18m18s
#17 132.8 676550K .......... .......... .......... .......... ..........  9% 18.8M 18m18s
#17 132.8 676600K .......... .......... .......... .......... ..........  9% 2.48M 18m18s
#17 132.8 676650K .......... .......... .......... .......... ..........  9% 19.9M 18m18s
#17 132.8 676700K .......... .......... .......... .......... ..........  9% 10.2M 18m18s
#17 132.8 676750K .......... .......... .......... .......... ..........  9% 8.33M 18m18s
#17 132.8 676800K .......... .......... .......... .......... ..........  9% 5.64M 18m18s
#17 132.8 676850K .......... .......... .......... .......... ..........  9% 4.99M 18m18s
#17 132.8 676900K .......... .......... .......... .......... ..........  9% 5.88M 18m18s
#17 132.8 676950K .......... .......... .......... .......... ..........  9% 19.4M 18m18s
#17 132.8 677000K .......... .......... .......... .......... ..........  9% 3.89M 18m18s
#17 132.8 677050K .......... .......... .......... .......... ..........  9% 7.38M 18m18s
#17 132.8 677100K .......... .......... .......... .......... ..........  9% 7.65M 18m18s
#17 132.9 677150K .......... .......... .......... .......... ..........  9% 4.21M 18m18s
#17 132.9 677200K .......... .......... .......... .......... ..........  9% 10.8M 18m18s
#17 132.9 677250K .......... .......... .......... .......... ..........  9% 4.73M 18m18s
#17 132.9 677300K .......... .......... .......... .......... ..........  9% 6.47M 18m18s
#17 132.9 677350K .......... .......... .......... .......... ..........  9% 8.15M 18m18s
#17 132.9 677400K .......... .......... .......... .......... ..........  9% 5.81M 18m18s
#17 132.9 677450K .......... .......... .......... .......... ..........  9% 34.1M 18m18s
#17 132.9 677500K .......... .......... .......... .......... .......... 10% 2.59M 18m18s
#17 132.9 677550K .......... .......... .......... .......... .......... 10% 3.63M 18m18s
#17 132.9 677600K .......... .......... .......... .......... .......... 10% 3.90M 18m18s
#17 133.0 677650K .......... .......... .......... .......... .......... 10% 58.4M 18m18s
#17 133.0 677700K .......... .......... .......... .......... .......... 10% 3.66M 18m18s
#17 133.0 677750K .......... .......... .......... .......... .......... 10% 13.3M 18m18s
#17 133.0 677800K .......... .......... .......... .......... .......... 10% 15.6M 18m18s
#17 133.0 677850K .......... .......... .......... .......... .......... 10% 10.2M 18m18s
#17 133.0 677900K .......... .......... .......... .......... .......... 10% 7.67M 18m18s
#17 133.0 677950K .......... .......... .......... .......... .......... 10% 6.11M 18m17s
#17 133.0 678000K .......... .......... .......... .......... .......... 10% 7.75M 18m17s
#17 133.0 678050K .......... .......... .......... .......... .......... 10% 7.66M 18m17s
#17 133.0 678100K .......... .......... .......... .......... .......... 10% 5.27M 18m17s
#17 133.0 678150K .......... .......... .......... .......... .......... 10% 4.38M 18m17s
#17 133.0 678200K .......... .......... .......... .......... .......... 10% 4.76M 18m17s
#17 133.0 678250K .......... .......... .......... .......... .......... 10% 5.24M 18m17s
#17 133.0 678300K .......... .......... .......... .......... .......... 10% 8.58M 18m17s
#17 133.0 678350K .......... .......... .......... .......... .......... 10% 8.00M 18m17s
#17 133.1 678400K .......... .......... .......... .......... .......... 10% 3.89M 18m17s
#17 133.1 678450K .......... .......... .......... .......... .......... 10% 4.95M 18m17s
#17 133.1 678500K .......... .......... .......... .......... .......... 10% 11.6M 18m17s
#17 133.1 678550K .......... .......... .......... .......... .......... 10% 10.9M 18m17s
#17 133.1 678600K .......... .......... .......... .......... .......... 10% 12.2M 18m17s
#17 133.1 678650K .......... .......... .......... .......... .......... 10% 3.18M 18m17s
#17 133.1 678700K .......... .......... .......... .......... .......... 10% 11.3M 18m17s
#17 133.1 678750K .......... .......... .......... .......... .......... 10% 6.15M 18m17s
#17 133.1 678800K .......... .......... .......... .......... .......... 10% 5.31M 18m17s
#17 133.1 678850K .......... .......... .......... .......... .......... 10% 6.38M 18m17s
#17 133.1 678900K .......... .......... .......... .......... .......... 10% 5.43M 18m17s
#17 133.1 678950K .......... .......... .......... .......... .......... 10% 3.53M 18m17s
#17 133.2 679000K .......... .......... .......... .......... .......... 10% 6.69M 18m17s
#17 133.2 679050K .......... .......... .......... .......... .......... 10% 58.2M 18m17s
#17 133.2 679100K .......... .......... .......... .......... .......... 10% 6.72M 18m17s
#17 133.2 679150K .......... .......... .......... .......... .......... 10% 4.40M 18m17s
#17 133.2 679200K .......... .......... .......... .......... .......... 10% 5.91M 18m17s
#17 133.2 679250K .......... .......... .......... .......... .......... 10% 11.3M 18m17s
#17 133.2 679300K .......... .......... .......... .......... .......... 10% 9.11M 18m17s
#17 133.2 679350K .......... .......... .......... .......... .......... 10% 5.75M 18m17s
#17 133.2 679400K .......... .......... .......... .......... .......... 10% 4.25M 18m17s
#17 133.2 679450K .......... .......... .......... .......... .......... 10% 5.33M 18m17s
#17 133.2 679500K .......... .......... .......... .......... .......... 10% 7.15M 18m17s
#17 133.2 679550K .......... .......... .......... .......... .......... 10% 3.02M 18m17s
#17 133.3 679600K .......... .......... .......... .......... .......... 10% 18.9M 18m17s
#17 133.3 679650K .......... .......... .......... .......... .......... 10% 78.2M 18m17s
#17 133.3 679700K .......... .......... .......... .......... .......... 10% 7.08M 18m17s
#17 133.3 679750K .......... .......... .......... .......... .......... 10% 3.11M 18m17s
#17 133.3 679800K .......... .......... .......... .......... .......... 10% 4.78M 18m17s
#17 133.3 679850K .......... .......... .......... .......... .......... 10% 54.8M 18m17s
#17 133.3 679900K .......... .......... .......... .......... .......... 10% 2.41M 18m17s
#17 133.3 679950K .......... .......... .......... .......... .......... 10% 10.8M 18m17s
#17 133.3 680000K .......... .......... .......... .......... .......... 10% 5.80M 18m17s
#17 133.3 680050K .......... .......... .......... .......... .......... 10% 4.64M 18m17s
#17 133.3 680100K .......... .......... .......... .......... .......... 10% 23.0M 18m17s
#17 133.3 680150K .......... .......... .......... .......... .......... 10% 3.93M 18m17s
#17 133.3 680200K .......... .......... .......... .......... .......... 10% 25.1M 18m17s
#17 133.4 680250K .......... .......... .......... .......... .......... 10% 3.78M 18m17s
#17 133.4 680300K .......... .......... .......... .......... .......... 10% 3.40M 18m17s
#17 133.4 680350K .......... .......... .......... .......... .......... 10% 3.36M 18m17s
#17 133.4 680400K .......... .......... .......... .......... .......... 10% 12.3M 18m17s
#17 133.4 680450K .......... .......... .......... .......... .......... 10% 6.56M 18m17s
#17 133.4 680500K .......... .......... .......... .......... .......... 10% 9.56M 18m17s
#17 133.4 680550K .......... .......... .......... .......... .......... 10% 3.14M 18m17s
#17 133.4 680600K .......... .......... .......... .......... .......... 10% 4.03M 18m17s
#17 133.4 680650K .......... .......... .......... .......... .......... 10% 10.3M 18m17s
#17 133.4 680700K .......... .......... .......... .......... .......... 10% 5.13M 18m17s
#17 133.5 680750K .......... .......... .......... .......... .......... 10% 12.1M 18m17s
#17 133.5 680800K .......... .......... .......... .......... .......... 10% 8.56M 18m17s
#17 133.5 680850K .......... .......... .......... .......... .......... 10% 4.28M 18m17s
#17 133.5 680900K .......... .......... .......... .......... .......... 10% 9.68M 18m17s
#17 133.5 680950K .......... .......... .......... .......... .......... 10% 6.99M 18m17s
#17 133.5 681000K .......... .......... .......... .......... .......... 10% 12.2M 18m16s
#17 133.5 681050K .......... .......... .......... .......... .......... 10% 6.94M 18m16s
#17 133.5 681100K .......... .......... .......... .......... .......... 10% 6.52M 18m16s
#17 133.5 681150K .......... .......... .......... .......... .......... 10% 5.72M 18m16s
#17 133.5 681200K .......... .......... .......... .......... .......... 10% 19.3M 18m16s
#17 133.5 681250K .......... .......... .......... .......... .......... 10% 4.48M 18m16s
#17 133.5 681300K .......... .......... .......... .......... .......... 10% 27.5M 18m16s
#17 133.5 681350K .......... .......... .......... .......... .......... 10% 7.63M 18m16s
#17 133.5 681400K .......... .......... .......... .......... .......... 10% 22.0M 18m16s
#17 133.5 681450K .......... .......... .......... .......... .......... 10% 9.22M 18m16s
#17 133.5 681500K .......... .......... .......... .......... .......... 10% 50.0M 18m16s
#17 133.5 681550K .......... .......... .......... .......... .......... 10% 4.11M 18m16s
#17 133.6 681600K .......... .......... .......... .......... .......... 10% 3.51M 18m16s
#17 133.6 681650K .......... .......... .......... .......... .......... 10% 40.1M 18m16s
#17 133.6 681700K .......... .......... .......... .......... .......... 10% 7.19M 18m16s
#17 133.6 681750K .......... .......... .......... .......... .......... 10% 7.77M 18m16s
#17 133.6 681800K .......... .......... .......... .......... .......... 10% 4.15M 18m16s
#17 133.6 681850K .......... .......... .......... .......... .......... 10% 3.09M 18m16s
#17 133.6 681900K .......... .......... .......... .......... .......... 10% 8.19M 18m16s
#17 133.6 681950K .......... .......... .......... .......... .......... 10% 6.77M 18m16s
#17 133.6 682000K .......... .......... .......... .......... .......... 10% 4.79M 18m16s
#17 133.6 682050K .......... .......... .......... .......... .......... 10% 6.03M 18m16s
#17 133.6 682100K .......... .......... .......... .......... .......... 10% 5.14M 18m16s
#17 133.7 682150K .......... .......... .......... .......... .......... 10% 5.58M 18m16s
#17 133.7 682200K .......... .......... .......... .......... .......... 10% 10.9M 18m16s
#17 133.7 682250K .......... .......... .......... .......... .......... 10% 4.77M 18m16s
#17 133.7 682300K .......... .......... .......... .......... .......... 10% 5.81M 18m16s
#17 133.7 682350K .......... .......... .......... .......... .......... 10% 5.92M 18m16s
#17 133.7 682400K .......... .......... .......... .......... .......... 10% 4.49M 18m16s
#17 133.7 682450K .......... .......... .......... .......... .......... 10% 5.43M 18m16s
#17 133.7 682500K .......... .......... .......... .......... .......... 10% 7.50M 18m16s
#17 133.7 682550K .......... .......... .......... .......... .......... 10% 9.42M 18m16s
#17 133.7 682600K .......... .......... .......... .......... .......... 10% 7.89M 18m16s
#17 133.7 682650K .......... .......... .......... .......... .......... 10% 5.24M 18m16s
#17 133.7 682700K .......... .......... .......... .......... .......... 10% 7.96M 18m16s
#17 133.7 682750K .......... .......... .......... .......... .......... 10% 4.41M 18m16s
#17 133.8 682800K .......... .......... .......... .......... .......... 10% 9.82M 18m16s
#17 133.8 682850K .......... .......... .......... .......... .......... 10% 6.06M 18m16s
#17 133.8 682900K .......... .......... .......... .......... .......... 10% 3.86M 18m16s
#17 133.8 682950K .......... .......... .......... .......... .......... 10% 2.58M 18m16s
#17 133.8 683000K .......... .......... .......... .......... .......... 10% 9.28M 18m16s
#17 133.8 683050K .......... .......... .......... .......... .......... 10% 58.5M 18m16s
#17 133.8 683100K .......... .......... .......... .......... .......... 10% 6.06M 18m16s
#17 133.8 683150K .......... .......... .......... .......... .......... 10% 5.24M 18m16s
#17 133.8 683200K .......... .......... .......... .......... .......... 10% 9.51M 18m16s
#17 133.8 683250K .......... .......... .......... .......... .......... 10% 6.50M 18m16s
#17 133.8 683300K .......... .......... .......... .......... .......... 10% 5.97M 18m16s
#17 133.8 683350K .......... .......... .......... .......... .......... 10% 3.80M 18m16s
#17 133.9 683400K .......... .......... .......... .......... .......... 10% 30.0M 18m15s
#17 133.9 683450K .......... .......... .......... .......... .......... 10% 3.26M 18m16s
#17 133.9 683500K .......... .......... .......... .......... .......... 10% 37.2M 18m15s
#17 133.9 683550K .......... .......... .......... .......... .......... 10% 3.29M 18m16s
#17 133.9 683600K .......... .......... .......... .......... .......... 10% 5.77M 18m15s
#17 133.9 683650K .......... .......... .......... .......... .......... 10% 4.05M 18m16s
#17 133.9 683700K .......... .......... .......... .......... .......... 10% 5.90M 18m15s
#17 133.9 683750K .......... .......... .......... .......... .......... 10% 6.14M 18m15s
#17 133.9 683800K .......... .......... .......... .......... .......... 10% 7.09M 18m15s
#17 133.9 683850K .......... .......... .......... .......... .......... 10% 10.0M 18m15s
#17 133.9 683900K .......... .......... .......... .......... .......... 10% 5.89M 18m15s
#17 133.9 683950K .......... .......... .......... .......... .......... 10% 9.62M 18m15s
#17 134.0 684000K .......... .......... .......... .......... .......... 10% 3.75M 18m15s
#17 134.0 684050K .......... .......... .......... .......... .......... 10% 24.1M 18m15s
#17 134.0 684100K .......... .......... .......... .......... .......... 10% 5.39M 18m15s
#17 134.0 684150K .......... .......... .......... .......... .......... 10% 3.75M 18m15s
#17 134.0 684200K .......... .......... .......... .......... .......... 10% 6.89M 18m15s
#17 134.0 684250K .......... .......... .......... .......... .......... 10% 8.39M 18m15s
#17 134.0 684300K .......... .......... .......... .......... .......... 10% 18.8M 18m15s
#17 134.0 684350K .......... .......... .......... .......... .......... 10% 4.95M 18m15s
#17 134.0 684400K .......... .......... .......... .......... .......... 10% 16.2M 18m15s
#17 134.0 684450K .......... .......... .......... .......... .......... 10% 9.27M 18m15s
#17 134.0 684500K .......... .......... .......... .......... .......... 10% 5.57M 18m15s
#17 134.0 684550K .......... .......... .......... .......... .......... 10% 8.95M 18m15s
#17 134.0 684600K .......... .......... .......... .......... .......... 10% 3.23M 18m15s
#17 134.1 684650K .......... .......... .......... .......... .......... 10% 6.31M 18m15s
#17 134.1 684700K .......... .......... .......... .......... .......... 10% 7.07M 18m15s
#17 134.1 684750K .......... .......... .......... .......... .......... 10% 4.00M 18m15s
#17 134.1 684800K .......... .......... .......... .......... .......... 10% 4.14M 18m15s
#17 134.1 684850K .......... .......... .......... .......... .......... 10% 17.3M 18m15s
#17 134.1 684900K .......... .......... .......... .......... .......... 10% 5.57M 18m15s
#17 134.1 684950K .......... .......... .......... .......... .......... 10% 8.64M 18m15s
#17 134.1 685000K .......... .......... .......... .......... .......... 10% 3.67M 18m15s
#17 134.1 685050K .......... .......... .......... .......... .......... 10% 19.9M 18m15s
#17 134.1 685100K .......... .......... .......... .......... .......... 10% 18.2M 18m15s
#17 134.1 685150K .......... .......... .......... .......... .......... 10% 4.90M 18m15s
#17 134.1 685200K .......... .......... .......... .......... .......... 10% 6.27M 18m15s
#17 134.1 685250K .......... .......... .......... .......... .......... 10% 3.54M 18m15s
#17 134.2 685300K .......... .......... .......... .......... .......... 10% 4.75M 18m15s
#17 134.2 685350K .......... .......... .......... .......... .......... 10% 7.63M 18m15s
#17 134.2 685400K .......... .......... .......... .......... .......... 10% 7.52M 18m15s
#17 134.2 685450K .......... .......... .......... .......... .......... 10% 6.42M 18m15s
#17 134.2 685500K .......... .......... .......... .......... .......... 10% 7.04M 18m15s
#17 134.2 685550K .......... .......... .......... .......... .......... 10% 3.23M 18m15s
#17 134.2 685600K .......... .......... .......... .......... .......... 10% 5.87M 18m15s
#17 134.2 685650K .......... .......... .......... .......... .......... 10% 16.4M 18m15s
#17 134.2 685700K .......... .......... .......... .......... .......... 10% 11.5M 18m15s
#17 134.2 685750K .......... .......... .......... .......... .......... 10% 14.8M 18m15s
#17 134.2 685800K .......... .......... .......... .......... .......... 10% 3.99M 18m15s
#17 134.2 685850K .......... .......... .......... .......... .......... 10% 5.24M 18m15s
#17 134.3 685900K .......... .......... .......... .......... .......... 10% 5.34M 18m15s
#17 134.3 685950K .......... .......... .......... .......... .......... 10% 7.80M 18m15s
#17 134.3 686000K .......... .......... .......... .......... .......... 10% 5.89M 18m15s
#17 134.3 686050K .......... .......... .......... .......... .......... 10% 6.29M 18m15s
#17 134.3 686100K .......... .......... .......... .......... .......... 10% 5.57M 18m15s
#17 134.3 686150K .......... .......... .......... .......... .......... 10% 13.8M 18m14s
#17 134.3 686200K .......... .......... .......... .......... .......... 10% 5.12M 18m14s
#17 134.3 686250K .......... .......... .......... .......... .......... 10% 4.96M 18m14s
#17 134.3 686300K .......... .......... .......... .......... .......... 10% 4.72M 18m14s
#17 134.3 686350K .......... .......... .......... .......... .......... 10% 4.48M 18m14s
#17 134.3 686400K .......... .......... .......... .......... .......... 10% 5.00M 18m14s
#17 134.3 686450K .......... .......... .......... .......... .......... 10% 8.27M 18m14s
#17 134.4 686500K .......... .......... .......... .......... .......... 10% 6.27M 18m14s
#17 134.4 686550K .......... .......... .......... .......... .......... 10% 10.2M 18m14s
#17 134.4 686600K .......... .......... .......... .......... .......... 10% 3.16M 18m14s
#17 134.4 686650K .......... .......... .......... .......... .......... 10% 22.0M 18m14s
#17 134.4 686700K .......... .......... .......... .......... .......... 10% 7.77M 18m14s
#17 134.4 686750K .......... .......... .......... .......... .......... 10% 15.0M 18m14s
#17 134.4 686800K .......... .......... .......... .......... .......... 10% 3.95M 18m14s
#17 134.4 686850K .......... .......... .......... .......... .......... 10% 25.5M 18m14s
#17 134.4 686900K .......... .......... .......... .......... .......... 10% 4.55M 18m14s
#17 134.4 686950K .......... .......... .......... .......... .......... 10% 4.34M 18m14s
#17 134.4 687000K .......... .......... .......... .......... .......... 10% 6.76M 18m14s
#17 134.4 687050K .......... .......... .......... .......... .......... 10% 5.41M 18m14s
#17 134.4 687100K .......... .......... .......... .......... .......... 10% 5.06M 18m14s
#17 134.5 687150K .......... .......... .......... .......... .......... 10% 6.81M 18m14s
#17 134.5 687200K .......... .......... .......... .......... .......... 10% 11.6M 18m14s
#17 134.5 687250K .......... .......... .......... .......... .......... 10% 4.45M 18m14s
#17 134.5 687300K .......... .......... .......... .......... .......... 10% 9.20M 18m14s
#17 134.5 687350K .......... .......... .......... .......... .......... 10% 3.85M 18m14s
#17 134.5 687400K .......... .......... .......... .......... .......... 10% 3.80M 18m14s
#17 134.5 687450K .......... .......... .......... .......... .......... 10% 5.08M 18m14s
#17 134.5 687500K .......... .......... .......... .......... .......... 10% 9.54M 18m14s
#17 134.5 687550K .......... .......... .......... .......... .......... 10% 13.5M 18m14s
#17 134.5 687600K .......... .......... .......... .......... .......... 10% 8.26M 18m14s
#17 134.5 687650K .......... .......... .......... .......... .......... 10% 9.20M 18m14s
#17 134.5 687700K .......... .......... .......... .......... .......... 10% 7.95M 18m14s
#17 134.5 687750K .......... .......... .......... .......... .......... 10% 4.69M 18m14s
#17 134.6 687800K .......... .......... .......... .......... .......... 10% 8.06M 18m14s
#17 134.6 687850K .......... .......... .......... .......... .......... 10% 4.72M 18m14s
#17 134.6 687900K .......... .......... .......... .......... .......... 10% 4.19M 18m14s
#17 134.6 687950K .......... .......... .......... .......... .......... 10% 9.75M 18m14s
#17 134.6 688000K .......... .......... .......... .......... .......... 10% 5.80M 18m14s
#17 134.6 688050K .......... .......... .......... .......... .......... 10% 7.83M 18m14s
#17 134.6 688100K .......... .......... .......... .......... .......... 10% 5.85M 18m14s
#17 134.6 688150K .......... .......... .......... .......... .......... 10% 8.85M 18m14s
#17 134.6 688200K .......... .......... .......... .......... .......... 10% 3.68M 18m14s
#17 134.6 688250K .......... .......... .......... .......... .......... 10% 2.68M 18m14s
#17 135.0 688300K .......... .......... .......... .......... .......... 10% 4.28M 18m14s
#17 135.0 688350K .......... .......... .......... .......... .......... 10% 20.6M 18m14s
#17 135.0 688400K .......... .......... .......... .......... .......... 10% 4.08M 18m14s
#17 135.0 688450K .......... .......... .......... .......... .......... 10% 7.49M 18m14s
#17 135.0 688500K .......... .......... .......... .......... .......... 10% 13.7M 18m14s
#17 135.0 688550K .......... .......... .......... .......... .......... 10% 6.29M 18m14s
#17 135.0 688600K .......... .......... .......... .......... .......... 10% 8.96M 18m14s
#17 135.0 688650K .......... .......... .......... .......... .......... 10% 12.0M 18m14s
#17 135.0 688700K .......... .......... .......... .......... .......... 10% 5.02M 18m14s
#17 135.1 688750K .......... .......... .......... .......... .......... 10% 13.9M 18m14s
#17 135.1 688800K .......... .......... .......... .......... .......... 10% 4.87M 18m14s
#17 135.1 688850K .......... .......... .......... .......... .......... 10% 24.3M 18m13s
#17 135.1 688900K .......... .......... .......... .......... .......... 10% 3.90M 18m14s
#17 135.1 688950K .......... .......... .......... .......... .......... 10% 4.82M 18m14s
#17 135.1 689000K .......... .......... .......... .......... .......... 10% 7.33M 18m13s
#17 135.1 689050K .......... .......... .......... .......... .......... 10% 11.0M 18m13s
#17 135.1 689100K .......... .......... .......... .......... .......... 10% 6.16M 18m13s
#17 135.1 689150K .......... .......... .......... .......... .......... 10% 8.75M 18m13s
#17 135.1 689200K .......... .......... .......... .......... .......... 10% 5.56M 18m13s
#17 135.1 689250K .......... .......... .......... .......... .......... 10% 5.62M 18m13s
#17 135.1 689300K .......... .......... .......... .......... .......... 10% 5.05M 18m13s
#17 135.1 689350K .......... .......... .......... .......... .......... 10% 5.53M 18m13s
#17 135.2 689400K .......... .......... .......... .......... .......... 10% 7.48M 18m13s
#17 135.2 689450K .......... .......... .......... .......... .......... 10% 3.24M 18m13s
#17 135.2 689500K .......... .......... .......... .......... .......... 10% 19.8M 18m13s
#17 135.2 689550K .......... .......... .......... .......... .......... 10% 7.70M 18m13s
#17 135.2 689600K .......... .......... .......... .......... .......... 10% 6.67M 18m13s
#17 135.2 689650K .......... .......... .......... .......... .......... 10% 5.80M 18m13s
#17 135.2 689700K .......... .......... .......... .......... .......... 10% 6.94M 18m13s
#17 135.2 689750K .......... .......... .......... .......... .......... 10% 6.97M 18m13s
#17 135.2 689800K .......... .......... .......... .......... .......... 10% 9.86M 18m13s
#17 135.2 689850K .......... .......... .......... .......... .......... 10% 3.33M 18m13s
#17 135.2 689900K .......... .......... .......... .......... .......... 10% 7.95M 18m13s
#17 135.2 689950K .......... .......... .......... .......... .......... 10% 4.76M 18m13s
#17 135.3 690000K .......... .......... .......... .......... .......... 10% 10.5M 18m13s
#17 135.3 690050K .......... .......... .......... .......... .......... 10% 4.12M 18m13s
#17 135.3 690100K .......... .......... .......... .......... .......... 10% 3.98M 18m13s
#17 135.3 690150K .......... .......... .......... .......... .......... 10% 17.0M 18m13s
#17 135.3 690200K .......... .......... .......... .......... .......... 10% 6.99M 18m13s
#17 135.3 690250K .......... .......... .......... .......... .......... 10% 4.42M 18m13s
#17 135.3 690300K .......... .......... .......... .......... .......... 10% 24.1M 18m13s
#17 135.3 690350K .......... .......... .......... .......... .......... 10% 8.13M 18m13s
#17 135.3 690400K .......... .......... .......... .......... .......... 10% 10.1M 18m13s
#17 135.3 690450K .......... .......... .......... .......... .......... 10% 4.69M 18m13s
#17 135.3 690500K .......... .......... .......... .......... .......... 10% 4.34M 18m13s
#17 135.3 690550K .......... .......... .......... .......... .......... 10% 6.88M 18m13s
#17 135.3 690600K .......... .......... .......... .......... .......... 10% 2.40M 18m13s
#17 135.4 690650K .......... .......... .......... .......... .......... 10% 5.00M 18m13s
#17 135.4 690700K .......... .......... .......... .......... .......... 10% 32.9M 18m13s
#17 135.4 690750K .......... .......... .......... .......... .......... 10% 5.50M 18m13s
#17 135.4 690800K .......... .......... .......... .......... .......... 10% 56.7M 18m13s
#17 135.4 690850K .......... .......... .......... .......... .......... 10% 10.0M 18m13s
#17 135.4 690900K .......... .......... .......... .......... .......... 10% 5.65M 18m13s
#17 135.4 690950K .......... .......... .......... .......... .......... 10% 4.11M 18m13s
#17 135.4 691000K .......... .......... .......... .......... .......... 10% 4.76M 18m13s
#17 135.4 691050K .......... .......... .......... .......... .......... 10% 5.86M 18m13s
#17 135.4 691100K .......... .......... .......... .......... .......... 10% 6.10M 18m13s
#17 135.4 691150K .......... .......... .......... .......... .......... 10% 6.27M 18m13s
#17 135.4 691200K .......... .......... .......... .......... .......... 10% 24.2M 18m13s
#17 135.4 691250K .......... .......... .......... .......... .......... 10% 35.5M 18m13s
#17 135.4 691300K .......... .......... .......... .......... .......... 10% 4.29M 18m13s
#17 135.5 691350K .......... .......... .......... .......... .......... 10% 62.7M 18m13s
#17 135.5 691400K .......... .......... .......... .......... .......... 10% 14.1M 18m12s
#17 135.5 691450K .......... .......... .......... .......... .......... 10% 3.43M 18m12s
#17 135.5 691500K .......... .......... .......... .......... .......... 10% 6.83M 18m12s
#17 135.5 691550K .......... .......... .......... .......... .......... 10% 5.65M 18m12s
#17 135.5 691600K .......... .......... .......... .......... .......... 10% 57.7M 18m12s
#17 135.5 691650K .......... .......... .......... .......... .......... 10% 55.4M 18m12s
#17 135.5 691700K .......... .......... .......... .......... .......... 10% 19.2M 18m12s
#17 135.5 691750K .......... .......... .......... .......... .......... 10% 4.44M 18m12s
#17 135.5 691800K .......... .......... .......... .......... .......... 10% 7.38M 18m12s
#17 135.5 691850K .......... .......... .......... .......... .......... 10% 6.24M 18m12s
#17 135.5 691900K .......... .......... .......... .......... .......... 10% 7.53M 18m12s
#17 135.5 691950K .......... .......... .......... .......... .......... 10% 3.93M 18m12s
#17 137.8 692000K .......... .......... .......... .......... .......... 10% 4.36M 18m12s
#17 137.8 692050K .......... .......... .......... .......... .......... 10% 7.93M 18m12s
#17 137.8 692100K .......... .......... .......... .......... .......... 10% 10.6M 18m12s
#17 137.8 692150K .......... .......... .......... .......... .......... 10% 4.85M 18m12s
#17 137.8 692200K .......... .......... .......... .......... .......... 10% 9.99M 18m12s
#17 137.8 692250K .......... .......... .......... .......... .......... 10% 4.82M 18m12s
#17 137.8 692300K .......... .......... .......... .......... .......... 10% 28.1M 18m12s
#17 137.8 692350K .......... .......... .......... .......... .......... 10% 6.01M 18m12s
#17 137.8 692400K .......... .......... .......... .......... .......... 10% 2.40M 18m12s
#17 137.9 692450K .......... .......... .......... .......... .......... 10%  130M 18m12s
#17 137.9 692500K .......... .......... .......... .......... .......... 10%  140M 18m12s
#17 137.9 692550K .......... .......... .......... .......... .......... 10% 4.25M 18m12s
#17 137.9 692600K .......... .......... .......... .......... .......... 10% 7.13M 18m12s
#17 137.9 692650K .......... .......... .......... .......... .......... 10% 5.13M 18m12s
#17 137.9 692700K .......... .......... .......... .......... .......... 10% 14.7M 18m12s
#17 137.9 692750K .......... .......... .......... .......... .......... 10% 17.1M 18m12s
#17 137.9 692800K .......... .......... .......... .......... .......... 10% 6.76M 18m12s
#17 137.9 692850K .......... .......... .......... .......... .......... 10% 4.95M 18m12s
#17 137.9 692900K .......... .......... .......... .......... .......... 10% 5.08M 18m12s
#17 137.9 692950K .......... .......... .......... .......... .......... 10% 13.6M 18m12s
#17 137.9 693000K .......... .......... .......... .......... .......... 10% 3.45M 18m12s
#17 137.9 693050K .......... .......... .......... .......... .......... 10% 9.20M 18m12s
#17 137.9 693100K .......... .......... .......... .......... .......... 10% 4.64M 18m12s
#17 138.0 693150K .......... .......... .......... .......... .......... 10% 15.2M 18m12s
#17 138.0 693200K .......... .......... .......... .......... .......... 10% 9.88M 18m12s
#17 138.0 693250K .......... .......... .......... .......... .......... 10% 5.61M 18m12s
#17 138.0 693300K .......... .......... .......... .......... .......... 10% 9.49M 18m12s
#17 138.0 693350K .......... .......... .......... .......... .......... 10% 5.51M 18m11s
#17 138.0 693400K .......... .......... .......... .......... .......... 10% 3.86M 18m12s
#17 138.0 693450K .......... .......... .......... .......... .......... 10% 6.23M 18m12s
#17 138.0 693500K .......... .......... .......... .......... .......... 10% 47.0M 18m11s
#17 138.0 693550K .......... .......... .......... .......... .......... 10% 4.19M 18m11s
#17 138.0 693600K .......... .......... .......... .......... .......... 10% 9.65M 18m11s
#17 138.0 693650K .......... .......... .......... .......... .......... 10% 11.2M 18m11s
#17 138.0 693700K .......... .......... .......... .......... .......... 10% 11.0M 18m11s
#17 138.0 693750K .......... .......... .......... .......... .......... 10% 4.73M 18m11s
#17 138.0 693800K .......... .......... .......... .......... .......... 10% 9.42M 18m11s
#17 138.1 693850K .......... .......... .......... .......... .......... 10% 4.59M 18m11s
#17 138.1 693900K .......... .......... .......... .......... .......... 10% 7.63M 18m11s
#17 138.1 693950K .......... .......... .......... .......... .......... 10% 4.26M 18m11s
#17 138.1 694000K .......... .......... .......... .......... .......... 10% 7.05M 18m11s
#17 138.1 694050K .......... .......... .......... .......... .......... 10% 6.84M 18m11s
#17 138.1 694100K .......... .......... .......... .......... .......... 10% 4.34M 18m11s
#17 138.1 694150K .......... .......... .......... .......... .......... 10% 10.9M 18m11s
#17 138.1 694200K .......... .......... .......... .......... .......... 10% 9.37M 18m11s
#17 138.1 694250K .......... .......... .......... .......... .......... 10% 3.74M 18m11s
#17 138.1 694300K .......... .......... .......... .......... .......... 10% 9.85M 18m11s
#17 138.1 694350K .......... .......... .......... .......... .......... 10% 23.9M 18m11s
#17 138.1 694400K .......... .......... .......... .......... .......... 10% 3.29M 18m11s
#17 138.2 694450K .......... .......... .......... .......... .......... 10% 4.25M 18m11s
#17 138.2 694500K .......... .......... .......... .......... .......... 10% 20.8M 18m11s
#17 138.2 694550K .......... .......... .......... .......... .......... 10% 6.34M 18m11s
#17 138.2 694600K .......... .......... .......... .......... .......... 10% 6.65M 18m11s
#17 138.2 694650K .......... .......... .......... .......... .......... 10% 3.57M 18m11s
#17 138.2 694700K .......... .......... .......... .......... .......... 10% 6.61M 18m11s
#17 138.2 694750K .......... .......... .......... .......... .......... 10% 5.37M 18m11s
#17 138.2 694800K .......... .......... .......... .......... .......... 10% 16.6M 18m11s
#17 138.2 694850K .......... .......... .......... .......... .......... 10% 3.93M 18m11s
#17 138.2 694900K .......... .......... .......... .......... .......... 10% 36.7M 18m11s
#17 138.2 694950K .......... .......... .......... .......... .......... 10% 3.52M 18m11s
#17 138.2 695000K .......... .......... .......... .......... .......... 10% 43.8M 18m11s
#17 138.2 695050K .......... .......... .......... .......... .......... 10% 5.99M 18m11s
#17 138.3 695100K .......... .......... .......... .......... .......... 10% 7.92M 18m11s
#17 138.3 695150K .......... .......... .......... .......... .......... 10% 4.97M 18m11s
#17 138.3 695200K .......... .......... .......... .......... .......... 10% 6.81M 18m11s
#17 138.3 695250K .......... .......... .......... .......... .......... 10% 6.00M 18m11s
#17 138.3 695300K .......... .......... .......... .......... .......... 10% 5.80M 18m11s
#17 138.3 695350K .......... .......... .......... .......... .......... 10% 3.16M 18m11s
#17 138.3 695400K .......... .......... .......... .......... .......... 10% 10.9M 18m11s
#17 138.3 695450K .......... .......... .......... .......... .......... 10% 9.76M 18m11s
#17 138.3 695500K .......... .......... .......... .......... .......... 10% 4.34M 18m11s
#17 138.3 695550K .......... .......... .......... .......... .......... 10% 10.7M 18m11s
#17 138.3 695600K .......... .......... .......... .......... .......... 10% 5.55M 18m11s
#17 138.3 695650K .......... .......... .......... .......... .......... 10% 4.51M 18m11s
#17 138.4 695700K .......... .......... .......... .......... .......... 10% 7.10M 18m11s
#17 138.4 695750K .......... .......... .......... .......... .......... 10% 4.27M 18m11s
#17 138.4 695800K .......... .......... .......... .......... .......... 10% 6.67M 18m11s
#17 138.4 695850K .......... .......... .......... .......... .......... 10% 4.07M 18m11s
#17 138.4 695900K .......... .......... .......... .......... .......... 10% 3.17M 18m11s
#17 138.4 695950K .......... .......... .......... .......... .......... 10% 3.71M 18m11s
#17 138.4 696000K .......... .......... .......... .......... .......... 10% 6.58M 18m11s
#17 138.4 696050K .......... .......... .......... .......... .......... 10% 10.1M 18m11s
#17 138.4 696100K .......... .......... .......... .......... .......... 10% 7.60M 18m11s
#17 138.4 696150K .......... .......... .......... .......... .......... 10% 4.44M 18m11s
#17 138.4 696200K .......... .......... .......... .......... .......... 10% 11.9M 18m11s
#17 138.5 696250K .......... .......... .......... .......... .......... 10% 5.12M 18m11s
#17 138.5 696300K .......... .......... .......... .......... .......... 10% 4.13M 18m11s
#17 138.5 696350K .......... .......... .......... .......... .......... 10% 19.1M 18m10s
#17 138.5 696400K .......... .......... .......... .......... .......... 10% 30.5M 18m10s
#17 138.5 696450K .......... .......... .......... .......... .......... 10% 9.35M 18m10s
#17 138.5 696500K .......... .......... .......... .......... .......... 10% 5.82M 18m10s
#17 138.5 696550K .......... .......... .......... .......... .......... 10% 10.2M 18m10s
#17 138.5 696600K .......... .......... .......... .......... .......... 10% 6.18M 18m10s
#17 138.5 696650K .......... .......... .......... .......... .......... 10% 3.77M 18m10s
#17 138.5 696700K .......... .......... .......... .......... .......... 10% 6.16M 18m10s
#17 138.5 696750K .......... .......... .......... .......... .......... 10% 7.91M 18m10s
#17 138.5 696800K .......... .......... .......... .......... .......... 10% 7.98M 18m10s
#17 138.5 696850K .......... .......... .......... .......... .......... 10% 3.91M 18m10s
#17 138.6 696900K .......... .......... .......... .......... .......... 10% 22.2M 18m10s
#17 138.6 696950K .......... .......... .......... .......... .......... 10% 5.10M 18m10s
#17 138.6 697000K .......... .......... .......... .......... .......... 10% 52.0M 18m10s
#17 138.6 697050K .......... .......... .......... .......... .......... 10% 4.08M 18m10s
#17 138.6 697100K .......... .......... .......... .......... .......... 10% 2.37M 18m10s
#17 138.6 697150K .......... .......... .......... .......... .......... 10% 14.9M 18m10s
#17 138.6 697200K .......... .......... .......... .......... .......... 10% 2.66M 18m10s
#17 138.6 697250K .......... .......... .......... .......... .......... 10% 3.22M 18m10s
#17 138.6 697300K .......... .......... .......... .......... .......... 10% 9.01M 18m10s
#17 138.6 697350K .......... .......... .......... .......... .......... 10% 3.17M 18m10s
#17 138.7 697400K .......... .......... .......... .......... .......... 10% 24.4M 18m10s
#17 138.7 697450K .......... .......... .......... .......... .......... 10% 41.1M 18m10s
#17 138.7 697500K .......... .......... .......... .......... .......... 10% 5.65M 18m10s
#17 138.7 697550K .......... .......... .......... .......... .......... 10% 5.80M 18m10s
#17 138.7 697600K .......... .......... .......... .......... .......... 10% 9.08M 18m10s
#17 138.7 697650K .......... .......... .......... .......... .......... 10% 3.96M 18m10s
#17 138.7 697700K .......... .......... .......... .......... .......... 10% 2.77M 18m10s
#17 138.7 697750K .......... .......... .......... .......... .......... 10% 37.3M 18m10s
#17 138.7 697800K .......... .......... .......... .......... .......... 10% 5.34M 18m10s
#17 138.7 697850K .......... .......... .......... .......... .......... 10% 5.54M 18m10s
#17 138.7 697900K .......... .......... .......... .......... .......... 10% 6.54M 18m10s
#17 138.7 697950K .......... .......... .......... .......... .......... 10% 8.28M 18m10s
#17 138.7 698000K .......... .......... .......... .......... .......... 10% 10.6M 18m10s
#17 138.7 698050K .......... .......... .......... .......... .......... 10% 5.41M 18m10s
#17 138.8 698100K .......... .......... .......... .......... .......... 10% 3.42M 18m10s
#17 138.8 698150K .......... .......... .......... .......... .......... 10% 4.00M 18m10s
#17 138.8 698200K .......... .......... .......... .......... .......... 10% 11.7M 18m10s
#17 138.8 698250K .......... .......... .......... .......... .......... 10% 11.4M 18m10s
#17 138.8 698300K .......... .......... .......... .......... .......... 10% 5.06M 18m10s
#17 138.8 698350K .......... .......... .......... .......... .......... 10% 12.9M 18m10s
#17 138.8 698400K .......... .......... .......... .......... .......... 10% 9.64M 18m10s
#17 138.8 698450K .......... .......... .......... .......... .......... 10% 3.56M 18m10s
#17 138.8 698500K .......... .......... .......... .......... .......... 10% 6.14M 18m10s
#17 138.8 698550K .......... .......... .......... .......... .......... 10% 2.49M 18m10s
#17 138.9 698600K .......... .......... .......... .......... .......... 10% 90.2M 18m10s
#17 138.9 698650K .......... .......... .......... .......... .......... 10% 3.62M 18m10s
#17 138.9 698700K .......... .......... .......... .......... .......... 10% 60.1M 18m10s
#17 138.9 698750K .......... .......... .......... .......... .......... 10% 5.20M 18m10s
#17 138.9 698800K .......... .......... .......... .......... .......... 10% 5.36M 18m10s
#17 138.9 698850K .......... .......... .......... .......... .......... 10% 3.40M 18m10s
#17 138.9 698900K .......... .......... .......... .......... .......... 10% 3.29M 18m10s
#17 138.9 698950K .......... .......... .......... .......... .......... 10% 53.5M 18m10s
#17 138.9 699000K .......... .......... .......... .......... .......... 10% 39.0M 18m10s
#17 138.9 699050K .......... .......... .......... .......... .......... 10% 13.0M 18m10s
#17 138.9 699100K .......... .......... .......... .......... .......... 10% 7.67M 18m10s
#17 138.9 699150K .......... .......... .......... .......... .......... 10% 5.65M 18m10s
#17 138.9 699200K .......... .......... .......... .......... .......... 10% 6.28M 18m10s
#17 138.9 699250K .......... .......... .......... .......... .......... 10% 8.13M 18m10s
#17 138.9 699300K .......... .......... .......... .......... .......... 10% 9.75M 18m9s
#17 139.0 699350K .......... .......... .......... .......... .......... 10% 6.09M 18m9s
#17 139.0 699400K .......... .......... .......... .......... .......... 10% 16.3M 18m9s
#17 139.0 699450K .......... .......... .......... .......... .......... 10% 4.04M 18m9s
#17 139.0 699500K .......... .......... .......... .......... .......... 10% 8.60M 18m9s
#17 139.0 699550K .......... .......... .......... .......... .......... 10% 4.72M 18m9s
#17 139.0 699600K .......... .......... .......... .......... .......... 10% 12.6M 18m9s
#17 139.0 699650K .......... .......... .......... .......... .......... 10% 5.55M 18m9s
#17 139.0 699700K .......... .......... .......... .......... .......... 10% 4.12M 18m9s
#17 139.0 699750K .......... .......... .......... .......... .......... 10% 8.95M 18m9s
#17 139.0 699800K .......... .......... .......... .......... .......... 10% 5.36M 18m9s
#17 139.0 699850K .......... .......... .......... .......... .......... 10% 5.94M 18m9s
#17 139.0 699900K .......... .......... .......... .......... .......... 10% 8.35M 18m9s
#17 139.0 699950K .......... .......... .......... .......... .......... 10% 5.55M 18m9s
#17 139.1 700000K .......... .......... .......... .......... .......... 10% 4.23M 18m9s
#17 139.1 700050K .......... .......... .......... .......... .......... 10% 4.50M 18m9s
#17 139.1 700100K .......... .......... .......... .......... .......... 10% 36.5M 18m9s
#17 139.1 700150K .......... .......... .......... .......... .......... 10% 13.9M 18m9s
#17 139.1 700200K .......... .......... .......... .......... .......... 10% 3.73M 18m9s
#17 139.1 700250K .......... .......... .......... .......... .......... 10% 9.80M 18m9s
#17 139.1 700300K .......... .......... .......... .......... .......... 10% 4.09M 18m9s
#17 139.1 700350K .......... .......... .......... .......... .......... 10% 6.06M 18m9s
#17 139.1 700400K .......... .......... .......... .......... .......... 10% 2.74M 18m9s
#17 139.1 700450K .......... .......... .......... .......... .......... 10% 34.3M 18m9s
#17 139.1 700500K .......... .......... .......... .......... .......... 10% 3.73M 18m9s
#17 139.1 700550K .......... .......... .......... .......... .......... 10% 2.93M 18m9s
#17 139.2 700600K .......... .......... .......... .......... .......... 10% 12.7M 18m9s
#17 139.2 700650K .......... .......... .......... .......... .......... 10% 20.6M 18m9s
#17 139.2 700700K .......... .......... .......... .......... .......... 10% 4.73M 18m9s
#17 139.2 700750K .......... .......... .......... .......... .......... 10% 4.28M 18m9s
#17 139.2 700800K .......... .......... .......... .......... .......... 10% 7.41M 18m9s
#17 139.2 700850K .......... .......... .......... .......... .......... 10% 55.6M 18m9s
#17 139.2 700900K .......... .......... .......... .......... .......... 10% 14.3M 18m9s
#17 139.2 700950K .......... .......... .......... .......... .......... 10% 2.61M 18m9s
#17 139.2 701000K .......... .......... .......... .......... .......... 10% 8.73M 18m9s
#17 139.2 701050K .......... .......... .......... .......... .......... 10% 6.93M 18m9s
#17 139.2 701100K .......... .......... .......... .......... .......... 10% 8.31M 18m9s
#17 139.2 701150K .......... .......... .......... .......... .......... 10% 17.5M 18m9s
#17 139.2 701200K .......... .......... .......... .......... .......... 10% 4.67M 18m9s
#17 139.3 701250K .......... .......... .......... .......... .......... 10% 7.96M 18m9s
#17 139.3 701300K .......... .......... .......... .......... .......... 10% 6.45M 18m9s
#17 139.3 701350K .......... .......... .......... .......... .......... 10% 15.2M 18m9s
#17 139.3 701400K .......... .......... .......... .......... .......... 10% 4.45M 18m9s
#17 139.3 701450K .......... .......... .......... .......... .......... 10% 8.43M 18m9s
#17 139.3 701500K .......... .......... .......... .......... .......... 10% 5.85M 18m9s
#17 139.3 701550K .......... .......... .......... .......... .......... 10% 4.88M 18m9s
#17 139.3 701600K .......... .......... .......... .......... .......... 10% 5.62M 18m9s
#17 139.3 701650K .......... .......... .......... .......... .......... 10% 3.04M 18m9s
#17 139.3 701700K .......... .......... .......... .......... .......... 10% 8.98M 18m9s
#17 139.3 701750K .......... .......... .......... .......... .......... 10% 4.65M 18m9s
#17 139.3 701800K .......... .......... .......... .......... .......... 10% 16.9M 18m9s
#17 139.4 701850K .......... .......... .......... .......... .......... 10% 4.66M 18m9s
#17 139.4 701900K .......... .......... .......... .......... .......... 10% 12.6M 18m9s
#17 139.4 701950K .......... .......... .......... .......... .......... 10% 3.93M 18m9s
#17 139.4 702000K .......... .......... .......... .......... .......... 10% 4.96M 18m9s
#17 139.4 702050K .......... .......... .......... .......... .......... 10% 5.49M 18m9s
#17 139.4 702100K .......... .......... .......... .......... .......... 10% 9.83M 18m9s
#17 139.4 702150K .......... .......... .......... .......... .......... 10% 20.1M 18m8s
#17 139.4 702200K .......... .......... .......... .......... .......... 10% 5.39M 18m8s
#17 139.4 702250K .......... .......... .......... .......... .......... 10% 3.78M 18m8s
#17 139.4 702300K .......... .......... .......... .......... .......... 10% 4.68M 18m8s
#17 139.4 702350K .......... .......... .......... .......... .......... 10% 7.53M 18m8s
#17 139.4 702400K .......... .......... .......... .......... .......... 10% 6.13M 18m8s
#17 139.4 702450K .......... .......... .......... .......... .......... 10% 3.55M 18m8s
#17 139.5 702500K .......... .......... .......... .......... .......... 10% 16.9M 18m8s
#17 139.5 702550K .......... .......... .......... .......... .......... 10% 7.66M 18m8s
#17 139.5 702600K .......... .......... .......... .......... .......... 10% 12.6M 18m8s
#17 139.5 702650K .......... .......... .......... .......... .......... 10% 6.09M 18m8s
#17 139.5 702700K .......... .......... .......... .......... .......... 10% 6.07M 18m8s
#17 139.5 702750K .......... .......... .......... .......... .......... 10% 7.98M 18m8s
#17 139.5 702800K .......... .......... .......... .......... .......... 10% 4.26M 18m8s
#17 139.5 702850K .......... .......... .......... .......... .......... 10% 3.52M 18m8s
#17 139.5 702900K .......... .......... .......... .......... .......... 10% 6.39M 18m8s
#17 139.5 702950K .......... .......... .......... .......... .......... 10% 5.02M 18m8s
#17 139.5 703000K .......... .......... .......... .......... .......... 10% 3.93M 18m8s
#17 139.6 703050K .......... .......... .......... .......... .......... 10% 3.65M 18m8s
#17 139.6 703100K .......... .......... .......... .......... .......... 10% 7.85M 18m8s
#17 139.6 703150K .......... .......... .......... .......... .......... 10% 8.29M 18m8s
#17 139.6 703200K .......... .......... .......... .......... .......... 10% 4.08M 18m8s
#17 139.6 703250K .......... .......... .......... .......... .......... 10% 4.31M 18m8s
#17 139.6 703300K .......... .......... .......... .......... .......... 10% 7.33M 18m8s
#17 139.6 703350K .......... .......... .......... .......... .......... 10% 9.05M 18m8s
#17 139.6 703400K .......... .......... .......... .......... .......... 10% 4.65M 18m8s
#17 139.6 703450K .......... .......... .......... .......... .......... 10% 8.52M 18m8s
#17 139.6 703500K .......... .......... .......... .......... .......... 10% 5.93M 18m8s
#17 139.6 703550K .......... .......... .......... .......... .......... 10% 4.46M 18m8s
#17 139.7 703600K .......... .......... .......... .......... .......... 10% 6.31M 18m8s
#17 139.7 703650K .......... .......... .......... .......... .......... 10% 5.63M 18m8s
#17 139.7 703700K .......... .......... .......... .......... .......... 10% 10.2M 18m8s
#17 139.7 703750K .......... .......... .......... .......... .......... 10% 8.52M 18m8s
#17 139.7 703800K .......... .......... .......... .......... .......... 10% 5.72M 18m8s
#17 139.7 703850K .......... .......... .......... .......... .......... 10% 5.05M 18m8s
#17 139.7 703900K .......... .......... .......... .......... .......... 10% 7.19M 18m8s
#17 139.7 703950K .......... .......... .......... .......... .......... 10% 5.59M 18m8s
#17 139.7 704000K .......... .......... .......... .......... .......... 10% 6.96M 18m8s
#17 139.7 704050K .......... .......... .......... .......... .......... 10% 5.07M 18m8s
#17 139.7 704100K .......... .......... .......... .......... .......... 10% 3.55M 18m8s
#17 139.7 704150K .......... .......... .......... .......... .......... 10% 9.50M 18m8s
#17 139.7 704200K .......... .......... .......... .......... .......... 10% 9.62M 18m8s
#17 139.8 704250K .......... .......... .......... .......... .......... 10% 4.25M 18m8s
#17 139.8 704300K .......... .......... .......... .......... .......... 10% 4.10M 18m8s
#17 139.8 704350K .......... .......... .......... .......... .......... 10% 27.3M 18m8s
#17 139.8 704400K .......... .......... .......... .......... .......... 10% 50.3M 18m8s
#17 139.8 704450K .......... .......... .......... .......... .......... 10% 10.0M 18m8s
#17 139.8 704500K .......... .......... .......... .......... .......... 10% 27.6M 18m8s
#17 139.8 704550K .......... .......... .......... .......... .......... 10% 3.86M 18m8s
#17 139.8 704600K .......... .......... .......... .......... .......... 10% 6.83M 18m8s
#17 139.8 704650K .......... .......... .......... .......... .......... 10% 11.8M 18m8s
#17 139.8 704700K .......... .......... .......... .......... .......... 10% 4.58M 18m8s
#17 139.8 704750K .......... .......... .......... .......... .......... 10% 5.71M 18m8s
#17 139.8 704800K .......... .......... .......... .......... .......... 10% 5.95M 18m8s
#17 139.8 704850K .......... .......... .......... .......... .......... 10% 3.78M 18m8s
#17 139.8 704900K .......... .......... .......... .......... .......... 10% 8.01M 18m8s
#17 139.9 704950K .......... .......... .......... .......... .......... 10% 9.83M 18m8s
#17 139.9 705000K .......... .......... .......... .......... .......... 10% 5.09M 18m8s
#17 139.9 705050K .......... .......... .......... .......... .......... 10% 7.71M 18m8s
#17 139.9 705100K .......... .......... .......... .......... .......... 10% 11.8M 18m7s
#17 139.9 705150K .......... .......... .......... .......... .......... 10% 9.44M 18m7s
#17 139.9 705200K .......... .......... .......... .......... .......... 10% 5.80M 18m7s
#17 139.9 705250K .......... .......... .......... .......... .......... 10% 6.57M 18m7s
#17 139.9 705300K .......... .......... .......... .......... .......... 10% 5.74M 18m7s
#17 139.9 705350K .......... .......... .......... .......... .......... 10% 3.80M 18m7s
#17 139.9 705400K .......... .......... .......... .......... .......... 10% 11.0M 18m7s
#17 139.9 705450K .......... .......... .......... .......... .......... 10% 7.10M 18m7s
#17 139.9 705500K .......... .......... .......... .......... .......... 10% 30.6M 18m7s
#17 139.9 705550K .......... .......... .......... .......... .......... 10% 3.99M 18m7s
#17 139.9 705600K .......... .......... .......... .......... .......... 10% 8.06M 18m7s
#17 140.0 705650K .......... .......... .......... .......... .......... 10% 19.3M 18m7s
#17 140.0 705700K .......... .......... .......... .......... .......... 10% 5.62M 18m7s
#17 140.0 705750K .......... .......... .......... .......... .......... 10% 21.3M 18m7s
#17 140.0 705800K .......... .......... .......... .......... .......... 10% 4.04M 18m7s
#17 140.0 705850K .......... .......... .......... .......... .......... 10% 15.0M 18m7s
#17 140.0 705900K .......... .......... .......... .......... .......... 10% 6.01M 18m7s
#17 140.0 705950K .......... .......... .......... .......... .......... 10% 6.82M 18m7s
#17 140.0 706000K .......... .......... .......... .......... .......... 10% 8.49M 18m7s
#17 140.0 706050K .......... .......... .......... .......... .......... 10% 4.70M 18m7s
#17 140.0 706100K .......... .......... .......... .......... .......... 10% 8.17M 18m7s
#17 140.0 706150K .......... .......... .......... .......... .......... 10% 5.96M 18m7s
#17 140.0 706200K .......... .......... .......... .......... .......... 10% 8.38M 18m7s
#17 140.0 706250K .......... .......... .......... .......... .......... 10% 11.5M 18m7s
#17 140.0 706300K .......... .......... .......... .......... .......... 10% 6.44M 18m7s
#17 140.0 706350K .......... .......... .......... .......... .......... 10% 5.19M 18m7s
#17 140.1 706400K .......... .......... .......... .......... .......... 10% 6.93M 18m7s
#17 140.1 706450K .......... .......... .......... .......... .......... 10% 3.65M 18m7s
#17 140.1 706500K .......... .......... .......... .......... .......... 10% 11.0M 18m7s
#17 140.1 706550K .......... .......... .......... .......... .......... 10% 6.30M 18m7s
#17 140.1 706600K .......... .......... .......... .......... .......... 10% 4.84M 18m7s
#17 140.1 706650K .......... .......... .......... .......... .......... 10% 4.58M 18m7s
#17 140.1 706700K .......... .......... .......... .......... .......... 10% 6.82M 18m7s
#17 140.1 706750K .......... .......... .......... .......... .......... 10% 5.83M 18m7s
#17 140.1 706800K .......... .......... .......... .......... .......... 10% 5.31M 18m7s
#17 140.1 706850K .......... .......... .......... .......... .......... 10% 17.2M 18m7s
#17 140.1 706900K .......... .......... .......... .......... .......... 10% 7.71M 18m7s
#17 140.1 706950K .......... .......... .......... .......... .......... 10% 5.18M 18m7s
#17 140.2 707000K .......... .......... .......... .......... .......... 10% 7.21M 18m7s
#17 140.2 707050K .......... .......... .......... .......... .......... 10% 5.11M 18m7s
#17 140.2 707100K .......... .......... .......... .......... .......... 10% 5.59M 18m7s
#17 140.2 707150K .......... .......... .......... .......... .......... 10% 6.48M 18m7s
#17 140.2 707200K .......... .......... .......... .......... .......... 10% 3.98M 18m7s
#17 140.2 707250K .......... .......... .......... .......... .......... 10% 6.75M 18m7s
#17 140.2 707300K .......... .......... .......... .......... .......... 10% 4.19M 18m7s
#17 140.2 707350K .......... .......... .......... .......... .......... 10% 8.69M 18m7s
#17 140.2 707400K .......... .......... .......... .......... .......... 10% 7.60M 18m7s
#17 140.2 707450K .......... .......... .......... .......... .......... 10% 7.89M 18m7s
#17 140.2 707500K .......... .......... .......... .......... .......... 10% 4.98M 18m7s
#17 140.2 707550K .......... .......... .......... .......... .......... 10% 6.50M 18m6s
#17 140.3 707600K .......... .......... .......... .......... .......... 10% 7.98M 18m6s
#17 140.3 707650K .......... .......... .......... .......... .......... 10% 3.52M 18m6s
#17 140.3 707700K .......... .......... .......... .......... .......... 10% 3.14M 18m7s
#17 140.3 707750K .......... .......... .......... .......... .......... 10% 7.43M 18m6s
#17 140.3 707800K .......... .......... .......... .......... .......... 10% 4.23M 18m7s
#17 140.3 707850K .......... .......... .......... .......... .......... 10% 40.4M 18m6s
#17 140.3 707900K .......... .......... .......... .......... .......... 10% 4.21M 18m6s
#17 140.3 707950K .......... .......... .......... .......... .......... 10% 1.95M 18m7s
#17 140.3 708000K .......... .......... .......... .......... .......... 10% 8.71M 18m7s
#17 140.3 708050K .......... .......... .......... .......... .......... 10% 5.80M 18m7s
#17 140.4 708100K .......... .......... .......... .......... .......... 10% 5.68M 18m7s
#17 140.4 708150K .......... .......... .......... .......... .......... 10% 24.7M 18m6s
#17 140.4 708200K .......... .......... .......... .......... .......... 10% 5.70M 18m6s
#17 140.4 708250K .......... .......... .......... .......... .......... 10% 1.77M 18m7s
#17 140.4 708300K .......... .......... .......... .......... .......... 10% 3.27M 18m7s
#17 140.4 708350K .......... .......... .......... .......... .......... 10% 4.83M 18m7s
#17 140.4 708400K .......... .......... .......... .......... .......... 10% 8.58M 18m7s
#17 140.4 708450K .......... .......... .......... .......... .......... 10% 7.41M 18m7s
#17 140.4 708500K .......... .......... .......... .......... .......... 10% 8.93M 18m7s
#17 140.4 708550K .......... .......... .......... .......... .......... 10% 1.82M 18m7s
#17 140.5 708600K .......... .......... .......... .......... .......... 10% 35.9M 18m7s
#17 140.5 708650K .......... .......... .......... .......... .......... 10% 55.0M 18m7s
#17 140.5 708700K .......... .......... .......... .......... .......... 10% 37.1M 18m6s
#17 140.5 708750K .......... .......... .......... .......... .......... 10% 59.0M 18m6s
#17 140.5 708800K .......... .......... .......... .......... .......... 10% 52.5M 18m6s
#17 140.5 708850K .......... .......... .......... .......... .......... 10% 6.17M 18m6s
#17 140.5 708900K .......... .......... .......... .......... .......... 10% 14.4M 18m6s
#17 140.5 708950K .......... .......... .......... .......... .......... 10% 14.9M 18m6s
#17 140.5 709000K .......... .......... .......... .......... .......... 10% 3.43M 18m6s
#17 140.5 709050K .......... .......... .......... .......... .......... 10% 10.7M 18m6s
#17 140.5 709100K .......... .......... .......... .......... .......... 10% 8.91M 18m6s
#17 140.5 709150K .......... .......... .......... .......... .......... 10% 5.32M 18m6s
#17 140.5 709200K .......... .......... .......... .......... .......... 10% 5.94M 18m6s
#17 140.5 709250K .......... .......... .......... .......... .......... 10% 40.5M 18m6s
#17 140.5 709300K .......... .......... .......... .......... .......... 10% 5.06M 18m6s
#17 140.5 709350K .......... .......... .......... .......... .......... 10% 46.4M 18m6s
#17 140.5 709400K .......... .......... .......... .......... .......... 10% 10.7M 18m6s
#17 140.6 709450K .......... .......... .......... .......... .......... 10% 3.25M 18m6s
#17 140.6 709500K .......... .......... .......... .......... .......... 10% 3.89M 18m6s
#17 140.6 709550K .......... .......... .......... .......... .......... 10% 9.74M 18m6s
#17 140.6 709600K .......... .......... .......... .......... .......... 10% 4.36M 18m6s
#17 140.6 709650K .......... .......... .......... .......... .......... 10% 6.16M 18m6s
#17 140.6 709700K .......... .......... .......... .......... .......... 10% 6.92M 18m6s
#17 140.6 709750K .......... .......... .......... .......... .......... 10% 7.85M 18m6s
#17 140.6 709800K .......... .......... .......... .......... .......... 10% 5.05M 18m6s
#17 140.6 709850K .......... .......... .......... .......... .......... 10% 3.99M 18m6s
#17 140.6 709900K .......... .......... .......... .......... .......... 10% 11.2M 18m6s
#17 140.6 709950K .......... .......... .......... .......... .......... 10% 5.26M 18m6s
#17 140.7 710000K .......... .......... .......... .......... .......... 10% 3.54M 18m6s
#17 140.7 710050K .......... .......... .......... .......... .......... 10% 4.74M 18m6s
#17 140.7 710100K .......... .......... .......... .......... .......... 10% 4.27M 18m6s
#17 140.7 710150K .......... .......... .......... .......... .......... 10% 7.47M 18m6s
#17 140.7 710200K .......... .......... .......... .......... .......... 10% 3.63M 18m6s
#17 140.7 710250K .......... .......... .......... .......... .......... 10% 5.25M 18m6s
#17 140.7 710300K .......... .......... .......... .......... .......... 10% 4.42M 18m6s
#17 140.7 710350K .......... .......... .......... .......... .......... 10% 14.4M 18m6s
#17 140.7 710400K .......... .......... .......... .......... .......... 10% 3.90M 18m6s
#17 140.7 710450K .......... .......... .......... .......... .......... 10% 6.02M 18m6s
#17 140.8 710500K .......... .......... .......... .......... .......... 10% 4.21M 18m6s
#17 140.8 710550K .......... .......... .......... .......... .......... 10% 4.07M 18m6s
#17 140.8 710600K .......... .......... .......... .......... .......... 10% 12.2M 18m6s
#17 140.8 710650K .......... .......... .......... .......... .......... 10% 4.09M 18m6s
#17 140.8 710700K .......... .......... .......... .......... .......... 10% 51.1M 18m6s
#17 140.8 710750K .......... .......... .......... .......... .......... 10% 9.14M 18m6s
#17 140.8 710800K .......... .......... .......... .......... .......... 10% 4.97M 18m6s
#17 140.8 710850K .......... .......... .......... .......... .......... 10% 7.40M 18m6s
#17 140.8 710900K .......... .......... .......... .......... .......... 10% 3.53M 18m6s
#17 140.8 710950K .......... .......... .......... .......... .......... 10% 5.85M 18m6s
#17 140.9 711000K .......... .......... .......... .......... .......... 10% 2.85M 18m6s
#17 140.9 711050K .......... .......... .......... .......... .......... 10% 4.94M 18m6s
#17 140.9 711100K .......... .......... .......... .......... .......... 10% 11.2M 18m6s
#17 140.9 711150K .......... .......... .......... .......... .......... 10% 13.0M 18m6s
#17 140.9 711200K .......... .......... .......... .......... .......... 10% 4.53M 18m6s
#17 140.9 711250K .......... .......... .......... .......... .......... 10% 12.5M 18m6s
#17 140.9 711300K .......... .......... .......... .......... .......... 10% 2.92M 18m6s
#17 140.9 711350K .......... .......... .......... .......... .......... 10% 76.0M 18m6s
#17 140.9 711400K .......... .......... .......... .......... .......... 10% 5.78M 18m6s
#17 140.9 711450K .......... .......... .......... .......... .......... 10% 3.96M 18m6s
#17 140.9 711500K .......... .......... .......... .......... .......... 10% 4.55M 18m6s
#17 140.9 711550K .......... .......... .......... .......... .......... 10% 4.83M 18m6s
#17 140.9 711600K .......... .......... .......... .......... .......... 10% 9.42M 18m6s
#17 141.0 711650K .......... .......... .......... .......... .......... 10% 4.01M 18m6s
#17 141.0 711700K .......... .......... .......... .......... .......... 10% 52.3M 18m5s
#17 141.0 711750K .......... .......... .......... .......... .......... 10% 5.57M 18m5s
#17 141.0 711800K .......... .......... .......... .......... .......... 10% 5.67M 18m5s
#17 141.0 711850K .......... .......... .......... .......... .......... 10% 2.78M 18m6s
#17 141.3 711900K .......... .......... .......... .......... .......... 10%  165K 18m8s
#17 141.3 711950K .......... .......... .......... .......... .......... 10% 3.48M 18m8s
#17 141.3 712000K .......... .......... .......... .......... .......... 10%  216K 18m10s
#17 141.5 712050K .......... .......... .......... .......... .......... 10% 3.41M 18m10s
#17 141.6 712100K .......... .......... .......... .......... .......... 10% 3.95M 18m10s
#17 141.6 712150K .......... .......... .......... .......... .......... 10% 10.8M 18m10s
#17 141.6 712200K .......... .......... .......... .......... .......... 10% 3.41M 18m10s
#17 141.6 712250K .......... .......... .......... .......... .......... 10% 4.25M 18m10s
#17 141.6 712300K .......... .......... .......... .......... .......... 10% 4.64M 18m10s
#17 141.6 712350K .......... .......... .......... .......... .......... 10% 9.00M 18m10s
#17 141.6 712400K .......... .......... .......... .......... .......... 10% 4.99M 18m10s
#17 141.6 712450K .......... .......... .......... .......... .......... 10% 8.75M 18m10s
#17 141.6 712500K .......... .......... .......... .......... .......... 10% 5.94M 18m10s
#17 141.6 712550K .......... .......... .......... .......... .......... 10% 3.61M 18m10s
#17 141.7 712600K .......... .......... .......... .......... .......... 10% 2.23M 18m10s
#17 141.7 712650K .......... .......... .......... .......... .......... 10% 3.37M 18m10s
#17 141.7 712700K .......... .......... .......... .......... .......... 10% 4.52M 18m10s
#17 141.7 712750K .......... .......... .......... .......... .......... 10% 6.01M 18m10s
#17 141.7 712800K .......... .......... .......... .......... .......... 10% 5.54M 18m10s
#17 141.7 712850K .......... .......... .......... .......... .......... 10% 4.71M 18m10s
#17 141.7 712900K .......... .......... .......... .......... .......... 10% 5.39M 18m10s
#17 141.7 712950K .......... .......... .......... .......... .......... 10% 5.22M 18m10s
#17 141.8 713000K .......... .......... .......... .......... .......... 10% 7.46M 18m10s
#17 141.8 713050K .......... .......... .......... .......... .......... 10% 3.63M 18m10s
#17 141.8 713100K .......... .......... .......... .......... .......... 10% 5.41M 18m10s
#17 141.8 713150K .......... .......... .......... .......... .......... 10% 6.03M 18m10s
#17 141.8 713200K .......... .......... .......... .......... .......... 10% 4.64M 18m10s
#17 141.8 713250K .......... .......... .......... .......... .......... 10% 7.09M 18m10s
#17 141.8 713300K .......... .......... .......... .......... .......... 10% 5.83M 18m10s
#17 141.8 713350K .......... .......... .......... .......... .......... 10% 7.92M 18m10s
#17 141.8 713400K .......... .......... .......... .......... .......... 10% 5.53M 18m10s
#17 141.8 713450K .......... .......... .......... .......... .......... 10% 10.6M 18m10s
#17 141.8 713500K .......... .......... .......... .......... .......... 10% 1.19M 18m10s
#17 141.9 713550K .......... .......... .......... .......... .......... 10% 9.78M 18m10s
#17 141.9 713600K .......... .......... .......... .......... .......... 10% 2.98M 18m10s
#17 141.9 713650K .......... .......... .......... .......... .......... 10% 6.93M 18m10s
#17 141.9 713700K .......... .......... .......... .......... .......... 10% 6.55M 18m10s
#17 141.9 713750K .......... .......... .......... .......... .......... 10% 19.5M 18m10s
#17 141.9 713800K .......... .......... .......... .......... .......... 10% 4.93M 18m10s
#17 141.9 713850K .......... .......... .......... .......... .......... 10% 13.4M 18m10s
#17 141.9 713900K .......... .......... .......... .......... .......... 10% 4.26M 18m10s
#17 141.9 713950K .......... .......... .......... .......... .......... 10% 13.1M 18m10s
#17 141.9 714000K .......... .......... .......... .......... .......... 10% 5.67M 18m10s
#17 141.9 714050K .......... .......... .......... .......... .......... 10% 6.78M 18m10s
#17 142.0 714100K .......... .......... .......... .......... .......... 10% 4.04M 18m10s
#17 142.0 714150K .......... .......... .......... .......... .......... 10% 11.0M 18m10s
#17 142.0 714200K .......... .......... .......... .......... .......... 10% 3.23M 18m10s
#17 142.0 714250K .......... .......... .......... .......... .......... 10% 5.45M 18m10s
#17 142.0 714300K .......... .......... .......... .......... .......... 10% 17.8M 18m10s
#17 142.0 714350K .......... .......... .......... .......... .......... 10% 7.21M 18m10s
#17 142.0 714400K .......... .......... .......... .......... .......... 10% 5.29M 18m10s
#17 142.0 714450K .......... .......... .......... .......... .......... 10% 5.80M 18m10s
#17 142.0 714500K .......... .......... .......... .......... .......... 10% 10.6M 18m10s
#17 142.0 714550K .......... .......... .......... .......... .......... 10% 4.66M 18m10s
#17 142.0 714600K .......... .......... .......... .......... .......... 10% 4.00M 18m10s
#17 142.1 714650K .......... .......... .......... .......... .......... 10% 10.8M 18m10s
#17 142.1 714700K .......... .......... .......... .......... .......... 10% 8.04M 18m10s
#17 142.1 714750K .......... .......... .......... .......... .......... 10% 5.73M 18m10s
#17 142.1 714800K .......... .......... .......... .......... .......... 10% 5.80M 18m10s
#17 142.1 714850K .......... .......... .......... .......... .......... 10% 10.7M 18m10s
#17 142.1 714900K .......... .......... .......... .......... .......... 10% 5.69M 18m10s
#17 142.1 714950K .......... .......... .......... .......... .......... 10% 4.19M 18m10s
#17 142.1 715000K .......... .......... .......... .......... .......... 10% 5.67M 18m10s
#17 142.1 715050K .......... .......... .......... .......... .......... 10% 7.54M 18m10s
#17 142.1 715100K .......... .......... .......... .......... .......... 10% 25.0M 18m10s
#17 142.1 715150K .......... .......... .......... .......... .......... 10% 7.33M 18m9s
#17 142.1 715200K .......... .......... .......... .......... .......... 10% 4.79M 18m9s
#17 142.1 715250K .......... .......... .......... .......... .......... 10% 4.95M 18m9s
#17 142.1 715300K .......... .......... .......... .......... .......... 10% 5.41M 18m9s
#17 142.2 715350K .......... .......... .......... .......... .......... 10% 5.14M 18m9s
#17 142.2 715400K .......... .......... .......... .......... .......... 10% 7.54M 18m9s
#17 142.2 715450K .......... .......... .......... .......... .......... 10% 4.44M 18m9s
#17 142.2 715500K .......... .......... .......... .......... .......... 10% 9.46M 18m9s
#17 142.2 715550K .......... .......... .......... .......... .......... 10% 7.35M 18m9s
#17 142.2 715600K .......... .......... .......... .......... .......... 10% 4.44M 18m9s
#17 142.2 715650K .......... .......... .......... .......... .......... 10% 11.0M 18m9s
#17 142.2 715700K .......... .......... .......... .......... .......... 10% 10.3M 18m9s
#17 142.2 715750K .......... .......... .......... .......... .......... 10% 5.33M 18m9s
#17 142.2 715800K .......... .......... .......... .......... .......... 10% 5.44M 18m9s
#17 142.2 715850K .......... .......... .......... .......... .......... 10% 5.75M 18m9s
#17 142.2 715900K .......... .......... .......... .......... .......... 10% 5.31M 18m9s
#17 142.3 715950K .......... .......... .......... .......... .......... 10% 5.06M 18m9s
#17 142.3 716000K .......... .......... .......... .......... .......... 10% 4.53M 18m9s
#17 142.3 716050K .......... .......... .......... .......... .......... 10% 5.60M 18m9s
#17 142.3 716100K .......... .......... .......... .......... .......... 10% 9.18M 18m9s
#17 142.3 716150K .......... .......... .......... .......... .......... 10% 8.01M 18m9s
#17 142.3 716200K .......... .......... .......... .......... .......... 10% 10.2M 18m9s
#17 142.3 716250K .......... .......... .......... .......... .......... 10% 4.68M 18m9s
#17 142.3 716300K .......... .......... .......... .......... .......... 10% 10.0M 18m9s
#17 142.3 716350K .......... .......... .......... .......... .......... 10% 5.38M 18m9s
#17 142.3 716400K .......... .......... .......... .......... .......... 10% 4.82M 18m9s
#17 142.3 716450K .......... .......... .......... .......... .......... 10% 3.07M 18m9s
#17 142.3 716500K .......... .......... .......... .......... .......... 10% 10.7M 18m9s
#17 142.4 716550K .......... .......... .......... .......... .......... 10% 2.48M 18m9s
#17 142.4 716600K .......... .......... .......... .......... .......... 10% 5.52M 18m9s
#17 142.4 716650K .......... .......... .......... .......... .......... 10% 5.25M 18m9s
#17 142.4 716700K .......... .......... .......... .......... .......... 10% 5.59M 18m9s
#17 142.4 716750K .......... .......... .......... .......... .......... 10% 49.9M 18m9s
#17 142.4 716800K .......... .......... .......... .......... .......... 10% 90.9M 18m9s
#17 142.4 716850K .......... .......... .......... .......... .......... 10% 7.20M 18m9s
#17 142.4 716900K .......... .......... .......... .......... .......... 10% 8.37M 18m9s
#17 142.4 716950K .......... .......... .......... .......... .......... 10% 8.07M 18m9s
#17 142.4 717000K .......... .......... .......... .......... .......... 10% 4.24M 18m9s
#17 142.4 717050K .......... .......... .......... .......... .......... 10% 5.09M 18m9s
#17 142.4 717100K .......... .......... .......... .......... .......... 10% 5.83M 18m9s
#17 142.4 717150K .......... .......... .......... .......... .......... 10% 4.80M 18m9s
#17 142.5 717200K .......... .......... .......... .......... .......... 10% 11.9M 18m9s
#17 142.5 717250K .......... .......... .......... .......... .......... 10% 3.50M 18m9s
#17 142.5 717300K .......... .......... .......... .......... .......... 10% 2.91M 18m9s
#17 142.5 717350K .......... .......... .......... .......... .......... 10% 7.75M 18m9s
#17 142.5 717400K .......... .......... .......... .......... .......... 10% 1.95M 18m9s
#17 142.5 717450K .......... .......... .......... .......... .......... 10% 5.99M 18m9s
#17 142.5 717500K .......... .......... .......... .......... .......... 10% 34.1M 18m9s
#17 142.5 717550K .......... .......... .......... .......... .......... 10% 31.5M 18m9s
#17 142.5 717600K .......... .......... .......... .......... .......... 10% 3.51M 18m9s
#17 142.5 717650K .......... .......... .......... .......... .......... 10% 4.31M 18m9s
#17 142.6 717700K .......... .......... .......... .......... .......... 10% 7.03M 18m9s
#17 142.6 717750K .......... .......... .......... .......... .......... 10% 5.05M 18m9s
#17 142.6 717800K .......... .......... .......... .......... .......... 10% 6.82M 18m9s
#17 142.6 717850K .......... .......... .......... .......... .......... 10% 3.56M 18m9s
#17 142.6 717900K .......... .......... .......... .......... .......... 10% 99.2M 18m9s
#17 142.6 717950K .......... .......... .......... .......... .......... 10% 6.23M 18m9s
#17 142.6 718000K .......... .......... .......... .......... .......... 10% 5.63M 18m9s
#17 142.6 718050K .......... .......... .......... .......... .......... 10% 9.75M 18m9s
#17 142.6 718100K .......... .......... .......... .......... .......... 10% 6.83M 18m9s
#17 142.6 718150K .......... .......... .......... .......... .......... 10% 2.75M 18m9s
#17 142.6 718200K .......... .......... .......... .......... .......... 10% 5.57M 18m9s
#17 142.7 718250K .......... .......... .......... .......... .......... 10% 5.95M 18m9s
#17 142.7 718300K .......... .......... .......... .......... .......... 10% 10.8M 18m9s
#17 142.7 718350K .......... .......... .......... .......... .......... 10% 5.03M 18m9s
#17 142.7 718400K .......... .......... .......... .......... .......... 10% 33.3M 18m9s
#17 142.7 718450K .......... .......... .......... .......... .......... 10% 5.68M 18m9s
#17 142.7 718500K .......... .......... .......... .......... .......... 10% 7.54M 18m9s
#17 142.7 718550K .......... .......... .......... .......... .......... 10% 6.87M 18m9s
#17 142.7 718600K .......... .......... .......... .......... .......... 10% 5.53M 18m9s
#17 142.7 718650K .......... .......... .......... .......... .......... 10% 6.12M 18m9s
#17 142.7 718700K .......... .......... .......... .......... .......... 10% 7.59M 18m8s
#17 142.7 718750K .......... .......... .......... .......... .......... 10% 4.14M 18m9s
#17 142.7 718800K .......... .......... .......... .......... .......... 10% 6.24M 18m8s
#17 142.7 718850K .......... .......... .......... .......... .......... 10% 4.96M 18m8s
#17 142.8 718900K .......... .......... .......... .......... .......... 10% 4.58M 18m8s
#17 142.8 718950K .......... .......... .......... .......... .......... 10% 7.87M 18m8s
#17 142.8 719000K .......... .......... .......... .......... .......... 10% 6.52M 18m8s
#17 142.8 719050K .......... .......... .......... .......... .......... 10% 15.8M 18m8s
#17 142.8 719100K .......... .......... .......... .......... .......... 10% 5.76M 18m8s
#17 142.8 719150K .......... .......... .......... .......... .......... 10% 4.68M 18m8s
#17 142.8 719200K .......... .......... .......... .......... .......... 10% 3.26M 18m8s
#17 142.8 719250K .......... .......... .......... .......... .......... 10% 4.82M 18m8s
#17 142.8 719300K .......... .......... .......... .......... .......... 10% 12.2M 18m8s
#17 142.8 719350K .......... .......... .......... .......... .......... 10% 4.31M 18m8s
#17 142.8 719400K .......... .......... .......... .......... .......... 10% 13.0M 18m8s
#17 142.8 719450K .......... .......... .......... .......... .......... 10% 4.63M 18m8s
#17 142.9 719500K .......... .......... .......... .......... .......... 10% 9.47M 18m8s
#17 142.9 719550K .......... .......... .......... .......... .......... 10% 8.44M 18m8s
#17 142.9 719600K .......... .......... .......... .......... .......... 10% 3.18M 18m8s
#17 142.9 719650K .......... .......... .......... .......... .......... 10% 5.65M 18m8s
#17 142.9 719700K .......... .......... .......... .......... .......... 10% 5.29M 18m8s
#17 142.9 719750K .......... .......... .......... .......... .......... 10% 6.24M 18m8s
#17 142.9 719800K .......... .......... .......... .......... .......... 10% 3.68M 18m8s
#17 142.9 719850K .......... .......... .......... .......... .......... 10% 9.14M 18m8s
#17 142.9 719900K .......... .......... .......... .......... .......... 10% 3.56M 18m8s
#17 142.9 719950K .......... .......... .......... .......... .......... 10% 5.02M 18m8s
#17 142.9 720000K .......... .......... .......... .......... .......... 10% 4.51M 18m8s
#17 143.0 720050K .......... .......... .......... .......... .......... 10% 5.73M 18m8s
#17 143.0 720100K .......... .......... .......... .......... .......... 10% 5.07M 18m8s
#17 143.0 720150K .......... .......... .......... .......... .......... 10% 5.79M 18m8s
#17 143.0 720200K .......... .......... .......... .......... .......... 10% 9.72M 18m8s
#17 143.0 720250K .......... .......... .......... .......... .......... 10% 5.95M 18m8s
#17 143.0 720300K .......... .......... .......... .......... .......... 10% 5.32M 18m8s
#17 143.0 720350K .......... .......... .......... .......... .......... 10% 5.59M 18m8s
#17 143.0 720400K .......... .......... .......... .......... .......... 10% 4.50M 18m8s
#17 143.0 720450K .......... .......... .......... .......... .......... 10% 6.04M 18m8s
#17 143.0 720500K .......... .......... .......... .......... .......... 10% 16.6M 18m8s
#17 143.0 720550K .......... .......... .......... .......... .......... 10% 9.06M 18m8s
#17 143.0 720600K .......... .......... .......... .......... .......... 10% 5.48M 18m8s
#17 143.1 720650K .......... .......... .......... .......... .......... 10% 4.60M 18m8s
#17 143.1 720700K .......... .......... .......... .......... .......... 10% 9.50M 18m8s
#17 143.1 720750K .......... .......... .......... .......... .......... 10% 15.3M 18m8s
#17 143.1 720800K .......... .......... .......... .......... .......... 10% 3.17M 18m8s
#17 143.1 720850K .......... .......... .......... .......... .......... 10% 5.08M 18m8s
#17 143.1 720900K .......... .......... .......... .......... .......... 10% 7.36M 18m8s
#17 143.1 720950K .......... .......... .......... .......... .......... 10% 4.25M 18m8s
#17 143.1 721000K .......... .......... .......... .......... .......... 10% 1.82M 18m8s
#17 143.1 721050K .......... .......... .......... .......... .......... 10% 3.19M 18m8s
#17 143.2 721100K .......... .......... .......... .......... .......... 10% 5.17M 18m8s
#17 143.2 721150K .......... .......... .......... .......... .......... 10% 7.57M 18m8s
#17 143.2 721200K .......... .......... .......... .......... .......... 10% 3.91M 18m8s
#17 143.2 721250K .......... .......... .......... .......... .......... 10% 2.70M 18m8s
#17 143.2 721300K .......... .......... .......... .......... .......... 10% 6.03M 18m8s
#17 143.2 721350K .......... .......... .......... .......... .......... 10% 4.73M 18m8s
#17 143.2 721400K .......... .......... .......... .......... .......... 10% 4.65M 18m8s
#17 143.2 721450K .......... .......... .......... .......... .......... 10% 13.6M 18m8s
#17 143.2 721500K .......... .......... .......... .......... .......... 10% 5.57M 18m8s
#17 143.2 721550K .......... .......... .......... .......... .......... 10% 7.02M 18m8s
#17 143.3 721600K .......... .......... .......... .......... .......... 10% 3.29M 18m8s
#17 143.3 721650K .......... .......... .......... .......... .......... 10% 3.64M 18m8s
#17 143.3 721700K .......... .......... .......... .......... .......... 10% 5.23M 18m8s
#17 143.3 721750K .......... .......... .......... .......... .......... 10% 8.39M 18m8s
#17 143.3 721800K .......... .......... .......... .......... .......... 10% 4.45M 18m8s
#17 143.3 721850K .......... .......... .......... .......... .......... 10% 6.27M 18m8s
#17 143.3 721900K .......... .......... .......... .......... .......... 10% 5.97M 18m8s
#17 143.3 721950K .......... .......... .......... .......... .......... 10% 5.69M 18m8s
#17 143.3 722000K .......... .......... .......... .......... .......... 10% 4.41M 18m8s
#17 143.3 722050K .......... .......... .......... .......... .......... 10% 6.68M 18m8s
#17 143.3 722100K .......... .......... .......... .......... .......... 10% 8.80M 18m8s
#17 143.4 722150K .......... .......... .......... .......... .......... 10% 5.96M 18m8s
#17 143.4 722200K .......... .......... .......... .......... .......... 10% 1.75M 18m8s
#17 143.4 722250K .......... .......... .......... .......... .......... 10% 4.19M 18m8s
#17 143.4 722300K .......... .......... .......... .......... .......... 10% 3.05M 18m8s
#17 143.4 722350K .......... .......... .......... .......... .......... 10% 4.24M 18m8s
#17 143.4 722400K .......... .......... .......... .......... .......... 10% 9.41M 18m8s
#17 143.4 722450K .......... .......... .......... .......... .......... 10% 7.19M 18m8s
#17 143.4 722500K .......... .......... .......... .......... .......... 10% 9.77M 18m8s
#17 143.4 722550K .......... .......... .......... .......... .......... 10% 4.28M 18m8s
#17 143.5 722600K .......... .......... .......... .......... .......... 10% 4.62M 18m8s
#17 143.5 722650K .......... .......... .......... .......... .......... 10% 3.16M 18m8s
#17 143.5 722700K .......... .......... .......... .......... .......... 10% 11.8M 18m8s
#17 143.5 722750K .......... .......... .......... .......... .......... 10% 4.49M 18m8s
#17 143.5 722800K .......... .......... .......... .......... .......... 10% 8.07M 18m8s
#17 143.5 722850K .......... .......... .......... .......... .......... 10% 9.65M 18m8s
#17 143.5 722900K .......... .......... .......... .......... .......... 10% 6.37M 18m8s
#17 143.5 722950K .......... .......... .......... .......... .......... 10% 4.30M 18m8s
#17 143.5 723000K .......... .......... .......... .......... .......... 10% 39.0M 18m8s
#17 143.5 723050K .......... .......... .......... .......... .......... 10% 7.93M 18m8s
#17 143.5 723100K .......... .......... .......... .......... .......... 10% 3.86M 18m8s
#17 143.5 723150K .......... .......... .......... .......... .......... 10% 7.41M 18m8s
#17 143.6 723200K .......... .......... .......... .......... .......... 10% 3.35M 18m8s
#17 143.6 723250K .......... .......... .......... .......... .......... 10% 3.93M 18m8s
#17 143.6 723300K .......... .......... .......... .......... .......... 10% 14.6M 18m8s
#17 143.6 723350K .......... .......... .......... .......... .......... 10% 7.59M 18m8s
#17 143.6 723400K .......... .......... .......... .......... .......... 10% 4.38M 18m8s
#17 143.6 723450K .......... .......... .......... .......... .......... 10% 6.10M 18m8s
#17 143.6 723500K .......... .......... .......... .......... .......... 10% 2.21M 18m8s
#17 143.6 723550K .......... .......... .......... .......... .......... 10% 77.2M 18m8s
#17 143.6 723600K .......... .......... .......... .......... .......... 10% 1.69M 18m8s
#17 143.7 723650K .......... .......... .......... .......... .......... 10% 3.82M 18m8s
#17 143.7 723700K .......... .......... .......... .......... .......... 10% 14.7M 18m8s
#17 143.7 723750K .......... .......... .......... .......... .......... 10% 5.47M 18m8s
#17 143.7 723800K .......... .......... .......... .......... .......... 10% 5.54M 18m8s
#17 143.7 723850K .......... .......... .......... .......... .......... 10% 10.9M 18m8s
#17 143.7 723900K .......... .......... .......... .......... .......... 10% 5.21M 18m8s
#17 143.7 723950K .......... .......... .......... .......... .......... 10% 3.12M 18m8s
#17 143.7 724000K .......... .......... .......... .......... .......... 10% 8.46M 18m8s
#17 143.7 724050K .......... .......... .......... .......... .......... 10% 7.79M 18m8s
#17 143.7 724100K .......... .......... .......... .......... .......... 10% 12.8M 18m8s
#17 143.7 724150K .......... .......... .......... .......... .......... 10% 6.53M 18m8s
#17 143.7 724200K .......... .......... .......... .......... .......... 10% 4.07M 18m8s
#17 143.8 724250K .......... .......... .......... .......... .......... 10% 4.12M 18m8s
#17 143.8 724300K .......... .......... .......... .......... .......... 10% 6.50M 18m8s
#17 143.8 724350K .......... .......... .......... .......... .......... 10% 44.1M 18m8s
#17 143.8 724400K .......... .......... .......... .......... .......... 10% 5.56M 18m8s
#17 143.8 724450K .......... .......... .......... .......... .......... 10% 6.01M 18m8s
#17 143.8 724500K .......... .......... .......... .......... .......... 10% 5.38M 18m8s
#17 143.8 724550K .......... .......... .......... .......... .......... 10% 4.80M 18m8s
#17 143.8 724600K .......... .......... .......... .......... .......... 10% 21.5M 18m8s
#17 143.8 724650K .......... .......... .......... .......... .......... 10% 4.50M 18m8s
#17 143.8 724700K .......... .......... .......... .......... .......... 10% 6.88M 18m8s
#17 143.8 724750K .......... .......... .......... .......... .......... 10% 4.89M 18m8s
#17 143.9 724800K .......... .......... .......... .......... .......... 10% 3.37M 18m8s
#17 143.9 724850K .......... .......... .......... .......... .......... 10% 5.42M 18m8s
#17 143.9 724900K .......... .......... .......... .......... .......... 10% 15.2M 18m8s
#17 143.9 724950K .......... .......... .......... .......... .......... 10% 3.84M 18m8s
#17 143.9 725000K .......... .......... .......... .......... .......... 10% 21.1M 18m8s
#17 143.9 725050K .......... .......... .......... .......... .......... 10% 9.71M 18m8s
#17 143.9 725100K .......... .......... .......... .......... .......... 10% 6.09M 18m8s
#17 143.9 725150K .......... .......... .......... .......... .......... 10% 4.68M 18m8s
#17 143.9 725200K .......... .......... .......... .......... .......... 10% 6.23M 18m8s
#17 143.9 725250K .......... .......... .......... .......... .......... 10% 9.77M 18m8s
#17 143.9 725300K .......... .......... .......... .......... .......... 10% 5.66M 18m8s
#17 143.9 725350K .......... .......... .......... .......... .......... 10% 3.02M 18m8s
#17 144.0 725400K .......... .......... .......... .......... .......... 10% 11.2M 18m8s
#17 144.0 725450K .......... .......... .......... .......... .......... 10% 11.7M 18m7s
#17 144.0 725500K .......... .......... .......... .......... .......... 10% 5.55M 18m7s
#17 144.0 725550K .......... .......... .......... .......... .......... 10% 14.3M 18m7s
#17 144.0 725600K .......... .......... .......... .......... .......... 10% 4.44M 18m7s
#17 144.0 725650K .......... .......... .......... .......... .......... 10% 15.8M 18m7s
#17 144.0 725700K .......... .......... .......... .......... .......... 10% 6.82M 18m7s
#17 144.0 725750K .......... .......... .......... .......... .......... 10% 7.12M 18m7s
#17 144.0 725800K .......... .......... .......... .......... .......... 10% 3.42M 18m7s
#17 144.0 725850K .......... .......... .......... .......... .......... 10% 7.42M 18m7s
#17 144.0 725900K .......... .......... .......... .......... .......... 10% 4.23M 18m7s
#17 144.0 725950K .......... .......... .......... .......... .......... 10% 8.54M 18m7s
#17 144.0 726000K .......... .......... .......... .......... .......... 10% 5.94M 18m7s
#17 144.0 726050K .......... .......... .......... .......... .......... 10% 4.98M 18m7s
#17 144.1 726100K .......... .......... .......... .......... .......... 10% 3.79M 18m7s
#17 144.1 726150K .......... .......... .......... .......... .......... 10% 43.5M 18m7s
#17 144.1 726200K .......... .......... .......... .......... .......... 10% 6.31M 18m7s
#17 144.1 726250K .......... .......... .......... .......... .......... 10% 8.47M 18m7s
#17 144.1 726300K .......... .......... .......... .......... .......... 10% 11.1M 18m7s
#17 144.1 726350K .......... .......... .......... .......... .......... 10% 8.37M 18m7s
#17 144.1 726400K .......... .......... .......... .......... .......... 10% 3.94M 18m7s
#17 144.1 726450K .......... .......... .......... .......... .......... 10% 4.85M 18m7s
#17 144.1 726500K .......... .......... .......... .......... .......... 10% 6.16M 18m7s
#17 144.1 726550K .......... .......... .......... .......... .......... 10% 5.15M 18m7s
#17 144.1 726600K .......... .......... .......... .......... .......... 10% 6.51M 18m7s
#17 144.1 726650K .......... .......... .......... .......... .......... 10% 6.11M 18m7s
#17 144.1 726700K .......... .......... .......... .......... .......... 10% 11.3M 18m7s
#17 144.2 726750K .......... .......... .......... .......... .......... 10% 2.50M 18m7s
#17 144.2 726800K .......... .......... .......... .......... .......... 10% 32.6M 18m7s
#17 144.2 726850K .......... .......... .......... .......... .......... 10% 5.38M 18m7s
#17 144.2 726900K .......... .......... .......... .......... .......... 10% 10.5M 18m7s
#17 144.2 726950K .......... .......... .......... .......... .......... 10% 63.3M 18m7s
#17 144.2 727000K .......... .......... .......... .......... .......... 10% 5.24M 18m7s
#17 144.2 727050K .......... .......... .......... .......... .......... 10% 7.66M 18m7s
#17 144.2 727100K .......... .......... .......... .......... .......... 10% 5.25M 18m7s
#17 144.2 727150K .......... .......... .......... .......... .......... 10% 6.55M 18m7s
#17 144.2 727200K .......... .......... .......... .......... .......... 10% 3.69M 18m7s
#17 144.2 727250K .......... .......... .......... .......... .......... 10% 5.47M 18m7s
#17 144.2 727300K .......... .......... .......... .......... .......... 10% 7.55M 18m7s
#17 144.3 727350K .......... .......... .......... .......... .......... 10% 4.58M 18m7s
#17 144.3 727400K .......... .......... .......... .......... .......... 10% 3.37M 18m7s
#17 144.3 727450K .......... .......... .......... .......... .......... 10% 41.7M 18m7s
#17 144.3 727500K .......... .......... .......... .......... .......... 10% 73.6M 18m7s
#17 144.3 727550K .......... .......... .......... .......... .......... 10% 4.53M 18m7s
#17 144.3 727600K .......... .......... .......... .......... .......... 10% 6.65M 18m7s
#17 144.3 727650K .......... .......... .......... .......... .......... 10% 6.17M 18m7s
#17 144.3 727700K .......... .......... .......... .......... .......... 10% 6.50M 18m7s
#17 144.3 727750K .......... .......... .......... .......... .......... 10% 9.88M 18m7s
#17 144.3 727800K .......... .......... .......... .......... .......... 10% 3.90M 18m7s
#17 144.3 727850K .......... .......... .......... .......... .......... 10% 4.34M 18m7s
#17 144.3 727900K .......... .......... .......... .......... .......... 10% 7.74M 18m7s
#17 144.3 727950K .......... .......... .......... .......... .......... 10% 9.40M 18m7s
#17 144.4 728000K .......... .......... .......... .......... .......... 10% 3.01M 18m7s
#17 144.4 728050K .......... .......... .......... .......... .......... 10% 14.4M 18m7s
#17 144.4 728100K .......... .......... .......... .......... .......... 10% 8.13M 18m7s
#17 144.4 728150K .......... .......... .......... .......... .......... 10% 6.06M 18m6s
#17 144.4 728200K .......... .......... .......... .......... .......... 10% 7.63M 18m6s
#17 144.4 728250K .......... .......... .......... .......... .......... 10% 14.0M 18m6s
#17 144.4 728300K .......... .......... .......... .......... .......... 10% 5.92M 18m6s
#17 144.4 728350K .......... .......... .......... .......... .......... 10% 3.51M 18m6s
#17 144.4 728400K .......... .......... .......... .......... .......... 10% 4.35M 18m6s
#17 144.4 728450K .......... .......... .......... .......... .......... 10% 10.9M 18m6s
#17 144.4 728500K .......... .......... .......... .......... .......... 10% 5.94M 18m6s
#17 144.4 728550K .......... .......... .......... .......... .......... 10% 22.6M 18m6s
#17 144.4 728600K .......... .......... .......... .......... .......... 10% 7.58M 18m6s
#17 144.4 728650K .......... .......... .......... .......... .......... 10% 9.62M 18m6s
#17 144.5 728700K .......... .......... .......... .......... .......... 10% 5.25M 18m6s
#17 144.5 728750K .......... .......... .......... .......... .......... 10% 4.69M 18m6s
#17 144.5 728800K .......... .......... .......... .......... .......... 10% 4.40M 18m6s
#17 144.5 728850K .......... .......... .......... .......... .......... 10% 5.06M 18m6s
#17 144.5 728900K .......... .......... .......... .......... .......... 10% 9.51M 18m6s
#17 144.5 728950K .......... .......... .......... .......... .......... 10% 4.19M 18m6s
#17 144.5 729000K .......... .......... .......... .......... .......... 10% 7.15M 18m6s
#17 144.5 729050K .......... .......... .......... .......... .......... 10% 6.96M 18m6s
#17 144.5 729100K .......... .......... .......... .......... .......... 10% 5.73M 18m6s
#17 144.5 729150K .......... .......... .......... .......... .......... 10% 4.58M 18m6s
#17 144.5 729200K .......... .......... .......... .......... .......... 10% 7.47M 18m6s
#17 144.6 729250K .......... .......... .......... .......... .......... 10% 5.08M 18m6s
#17 144.6 729300K .......... .......... .......... .......... .......... 10% 8.37M 18m6s
#17 144.6 729350K .......... .......... .......... .......... .......... 10% 5.86M 18m6s
#17 144.6 729400K .......... .......... .......... .......... .......... 10% 8.36M 18m6s
#17 144.6 729450K .......... .......... .......... .......... .......... 10% 16.9M 18m6s
#17 144.6 729500K .......... .......... .......... .......... .......... 10% 5.70M 18m6s
#17 144.6 729550K .......... .......... .......... .......... .......... 10% 4.62M 18m6s
#17 144.6 729600K .......... .......... .......... .......... .......... 10% 8.33M 18m6s
#17 144.6 729650K .......... .......... .......... .......... .......... 10% 3.34M 18m6s
#17 144.6 729700K .......... .......... .......... .......... .......... 10% 29.3M 18m6s
#17 144.6 729750K .......... .......... .......... .......... .......... 10% 4.46M 18m6s
#17 144.6 729800K .......... .......... .......... .......... .......... 10% 4.99M 18m6s
#17 144.6 729850K .......... .......... .......... .......... .......... 10% 4.67M 18m6s
#17 144.7 729900K .......... .......... .......... .......... .......... 10% 3.83M 18m6s
#17 144.7 729950K .......... .......... .......... .......... .......... 10% 8.48M 18m6s
#17 144.7 730000K .......... .......... .......... .......... .......... 10% 3.96M 18m6s
#17 144.7 730050K .......... .......... .......... .......... .......... 10% 63.4M 18m6s
#17 144.7 730100K .......... .......... .......... .......... .......... 10% 89.4M 18m6s
#17 144.7 730150K .......... .......... .......... .......... .......... 10% 5.20M 18m6s
#17 144.7 730200K .......... .......... .......... .......... .......... 10% 7.77M 18m6s
#17 144.7 730250K .......... .......... .......... .......... .......... 10% 4.10M 18m6s
#17 144.7 730300K .......... .......... .......... .......... .......... 10% 9.44M 18m6s
#17 144.7 730350K .......... .......... .......... .......... .......... 10% 5.47M 18m6s
#17 144.7 730400K .......... .......... .......... .......... .......... 10% 6.78M 18m6s
#17 144.7 730450K .......... .......... .......... .......... .......... 10% 7.78M 18m6s
#17 144.7 730500K .......... .......... .......... .......... .......... 10% 8.29M 18m6s
#17 144.8 730550K .......... .......... .......... .......... .......... 10% 3.81M 18m6s
#17 144.8 730600K .......... .......... .......... .......... .......... 10% 4.04M 18m6s
#17 144.8 730650K .......... .......... .......... .......... .......... 10% 51.6M 18m6s
#17 144.8 730700K .......... .......... .......... .......... .......... 10% 6.70M 18m6s
#17 144.8 730750K .......... .......... .......... .......... .......... 10% 20.0M 18m5s
#17 144.8 730800K .......... .......... .......... .......... .......... 10% 6.98M 18m5s
#17 144.8 730850K .......... .......... .......... .......... .......... 10% 5.29M 18m5s
#17 144.8 730900K .......... .......... .......... .......... .......... 10% 12.1M 18m5s
#17 144.8 730950K .......... .......... .......... .......... .......... 10% 5.17M 18m5s
#17 144.8 731000K .......... .......... .......... .......... .......... 10% 4.10M 18m5s
#17 144.8 731050K .......... .......... .......... .......... .......... 10% 13.3M 18m5s
#17 144.8 731100K .......... .......... .......... .......... .......... 10% 8.20M 18m5s
#17 144.8 731150K .......... .......... .......... .......... .......... 10% 13.7M 18m5s
#17 144.8 731200K .......... .......... .......... .......... .......... 10% 7.37M 18m5s
#17 144.8 731250K .......... .......... .......... .......... .......... 10% 8.95M 18m5s
#17 144.9 731300K .......... .......... .......... .......... .......... 10% 3.76M 18m5s
#17 144.9 731350K .......... .......... .......... .......... .......... 10% 5.80M 18m5s
#17 144.9 731400K .......... .......... .......... .......... .......... 10% 9.71M 18m5s
#17 144.9 731450K .......... .......... .......... .......... .......... 10% 7.10M 18m5s
#17 144.9 731500K .......... .......... .......... .......... .......... 10% 7.11M 18m5s
#17 144.9 731550K .......... .......... .......... .......... .......... 10% 5.31M 18m5s
#17 144.9 731600K .......... .......... .......... .......... .......... 10% 8.83M 18m5s
#17 144.9 731650K .......... .......... .......... .......... .......... 10% 5.78M 18m5s
#17 144.9 731700K .......... .......... .......... .......... .......... 10% 13.9M 18m5s
#17 144.9 731750K .......... .......... .......... .......... .......... 10% 4.90M 18m5s
#17 144.9 731800K .......... .......... .......... .......... .......... 10% 8.42M 18m5s
#17 144.9 731850K .......... .......... .......... .......... .......... 10% 7.98M 18m5s
#17 144.9 731900K .......... .......... .......... .......... .......... 10% 6.01M 18m5s
#17 144.9 731950K .......... .......... .......... .......... .......... 10% 5.05M 18m5s
#17 145.0 732000K .......... .......... .......... .......... .......... 10% 5.17M 18m5s
#17 145.0 732050K .......... .......... .......... .......... .......... 10% 10.8M 18m5s
#17 145.0 732100K .......... .......... .......... .......... .......... 10% 2.47M 18m5s
#17 145.0 732150K .......... .......... .......... .......... .......... 10% 3.14M 18m5s
#17 145.0 732200K .......... .......... .......... .......... .......... 10% 14.3M 18m5s
#17 145.0 732250K .......... .......... .......... .......... .......... 10% 7.34M 18m5s
#17 145.0 732300K .......... .......... .......... .......... .......... 10% 8.67M 18m5s
#17 145.0 732350K .......... .......... .......... .......... .......... 10% 8.87M 18m5s
#17 145.0 732400K .......... .......... .......... .......... .......... 10% 18.4M 18m5s
#17 145.0 732450K .......... .......... .......... .......... .......... 10% 6.22M 18m5s
#17 145.0 732500K .......... .......... .......... .......... .......... 10% 80.4M 18m5s
#17 145.0 732550K .......... .......... .......... .......... .......... 10% 5.48M 18m5s
#17 145.0 732600K .......... .......... .......... .......... .......... 10% 4.13M 18m5s
#17 145.1 732650K .......... .......... .......... .......... .......... 10% 30.8M 18m5s
#17 145.1 732700K .......... .......... .......... .......... .......... 10% 6.78M 18m5s
#17 145.1 732750K .......... .......... .......... .......... .......... 10% 21.5M 18m5s
#17 145.1 732800K .......... .......... .......... .......... .......... 10% 3.76M 18m5s
#17 145.1 732850K .......... .......... .......... .......... .......... 10% 2.38M 18m5s
#17 145.1 732900K .......... .......... .......... .......... .......... 10% 5.81M 18m5s
#17 145.1 732950K .......... .......... .......... .......... .......... 10% 39.1M 18m5s
#17 145.1 733000K .......... .......... .......... .......... .......... 10% 70.3M 18m4s
#17 145.1 733050K .......... .......... .......... .......... .......... 10% 81.8M 18m4s
#17 145.1 733100K .......... .......... .......... .......... .......... 10% 6.21M 18m4s
#17 145.1 733150K .......... .......... .......... .......... .......... 10% 6.75M 18m4s
#17 145.1 733200K .......... .......... .......... .......... .......... 10% 31.1M 18m4s
#17 145.1 733250K .......... .......... .......... .......... .......... 10% 4.87M 18m4s
#17 145.1 733300K .......... .......... .......... .......... .......... 10% 10.2M 18m4s
#17 145.2 733350K .......... .......... .......... .......... .......... 10% 3.23M 18m4s
#17 145.2 733400K .......... .......... .......... .......... .......... 10% 9.70M 18m4s
#17 145.2 733450K .......... .......... .......... .......... .......... 10% 2.89M 18m4s
#17 145.2 733500K .......... .......... .......... .......... .......... 10% 21.1M 18m4s
#17 145.2 733550K .......... .......... .......... .......... .......... 10% 70.6M 18m4s
#17 145.2 733600K .......... .......... .......... .......... .......... 10% 3.98M 18m4s
#17 145.2 733650K .......... .......... .......... .......... .......... 10% 12.6M 18m4s
#17 145.2 733700K .......... .......... .......... .......... .......... 10% 16.8M 18m4s
#17 145.2 733750K .......... .......... .......... .......... .......... 10% 2.83M 18m4s
#17 145.2 733800K .......... .......... .......... .......... .......... 10% 21.2M 18m4s
#17 145.2 733850K .......... .......... .......... .......... .......... 10% 3.68M 18m4s
#17 145.2 733900K .......... .......... .......... .......... .......... 10%  862K 18m4s
#17 145.3 733950K .......... .......... .......... .......... .......... 10% 6.00M 18m4s
#17 145.3 734000K .......... .......... .......... .......... .......... 10% 2.12M 18m5s
#17 145.3 734050K .......... .......... .......... .......... .......... 10% 75.5M 18m4s
#17 145.3 734100K .......... .......... .......... .......... .......... 10% 11.1M 18m4s
#17 145.4 734150K .......... .......... .......... .......... .......... 10% 2.80M 18m4s
#17 145.4 734200K .......... .......... .......... .......... .......... 10% 2.98M 18m5s
#17 145.4 734250K .......... .......... .......... .......... .......... 10% 11.3M 18m4s
#17 145.4 734300K .......... .......... .......... .......... .......... 10% 3.50M 18m5s
#17 145.4 734350K .......... .......... .......... .......... .......... 10% 10.1M 18m4s
#17 145.4 734400K .......... .......... .......... .......... .......... 10% 3.09M 18m5s
#17 145.4 734450K .......... .......... .......... .......... .......... 10% 32.5M 18m4s
#17 145.4 734500K .......... .......... .......... .......... .......... 10% 6.21M 18m4s
#17 145.4 734550K .......... .......... .......... .......... .......... 10% 6.65M 18m4s
#17 145.4 734600K .......... .......... .......... .......... .......... 10% 6.20M 18m4s
#17 145.4 734650K .......... .......... .......... .......... .......... 10% 6.51M 18m4s
#17 145.4 734700K .......... .......... .......... .......... .......... 10% 15.9M 18m4s
#17 145.4 734750K .......... .......... .......... .......... .......... 10% 12.3M 18m4s
#17 145.4 734800K .......... .......... .......... .......... .......... 10% 7.36M 18m4s
#17 145.5 734850K .......... .......... .......... .......... .......... 10% 16.4M 18m4s
#17 145.5 734900K .......... .......... .......... .......... .......... 10% 4.53M 18m4s
#17 145.5 734950K .......... .......... .......... .......... .......... 10% 18.8M 18m4s
#17 145.5 735000K .......... .......... .......... .......... .......... 10% 39.3M 18m4s
#17 145.5 735050K .......... .......... .......... .......... .......... 10% 6.70M 18m4s
#17 145.5 735100K .......... .......... .......... .......... .......... 10% 9.82M 18m4s
#17 145.5 735150K .......... .......... .......... .......... .......... 10% 8.07M 18m4s
#17 145.5 735200K .......... .......... .......... .......... .......... 10% 8.77M 18m4s
#17 145.5 735250K .......... .......... .......... .......... .......... 10% 14.6M 18m4s
#17 145.5 735300K .......... .......... .......... .......... .......... 10% 14.4M 18m4s
#17 145.5 735350K .......... .......... .......... .......... .......... 10% 3.50M 18m4s
#17 145.5 735400K .......... .......... .......... .......... .......... 10% 76.7M 18m4s
#17 145.5 735450K .......... .......... .......... .......... .......... 10%  118M 18m4s
#17 145.5 735500K .......... .......... .......... .......... .......... 10% 9.28M 18m4s
#17 145.5 735550K .......... .......... .......... .......... .......... 10% 10.5M 18m4s
#17 145.5 735600K .......... .......... .......... .......... .......... 10% 11.0M 18m4s
#17 145.5 735650K .......... .......... .......... .......... .......... 10% 12.6M 18m4s
#17 145.5 735700K .......... .......... .......... .......... .......... 10% 4.53M 18m4s
#17 145.5 735750K .......... .......... .......... .......... .......... 10% 41.2M 18m3s
#17 145.5 735800K .......... .......... .......... .......... .......... 10% 49.3M 18m3s
#17 145.5 735850K .......... .......... .......... .......... .......... 10% 56.4M 18m3s
#17 145.5 735900K .......... .......... .......... .......... .......... 10% 27.6M 18m3s
#17 145.5 735950K .......... .......... .......... .......... .......... 10% 4.37M 18m3s
#17 145.6 736000K .......... .......... .......... .......... .......... 10% 10.7M 18m3s
#17 145.6 736050K .......... .......... .......... .......... .......... 10% 28.4M 18m3s
#17 145.6 736100K .......... .......... .......... .......... .......... 10% 4.26M 18m3s
#17 145.6 736150K .......... .......... .......... .......... .......... 10% 11.5M 18m3s
#17 145.6 736200K .......... .......... .......... .......... .......... 10% 4.78M 18m3s
#17 145.6 736250K .......... .......... .......... .......... .......... 10% 9.74M 18m3s
#17 145.6 736300K .......... .......... .......... .......... .......... 10% 11.0M 18m3s
#17 145.6 736350K .......... .......... .......... .......... .......... 10% 4.31M 18m3s
#17 145.6 736400K .......... .......... .......... .......... .......... 10% 16.2M 18m3s
#17 145.6 736450K .......... .......... .......... .......... .......... 10% 7.63M 18m3s
#17 145.6 736500K .......... .......... .......... .......... .......... 10% 2.68M 18m3s
#17 145.6 736550K .......... .......... .......... .......... .......... 10%  118M 18m3s
#17 145.6 736600K .......... .......... .......... .......... .......... 10%  137M 18m3s
#17 145.6 736650K .......... .......... .......... .......... .......... 10% 6.92M 18m3s
#17 145.6 736700K .......... .......... .......... .......... .......... 10% 7.02M 18m3s
#17 145.7 736750K .......... .......... .......... .......... .......... 10% 12.1M 18m3s
#17 145.7 736800K .......... .......... .......... .......... .......... 10% 9.05M 18m3s
#17 145.7 736850K .......... .......... .......... .......... .......... 10% 10.4M 18m3s
#17 145.7 736900K .......... .......... .......... .......... .......... 10% 14.6M 18m3s
#17 145.7 736950K .......... .......... .......... .......... .......... 10% 5.66M 18m3s
#17 145.7 737000K .......... .......... .......... .......... .......... 10% 4.58M 18m3s
#17 145.7 737050K .......... .......... .......... .......... .......... 10% 7.40M 18m3s
#17 145.7 737100K .......... .......... .......... .......... .......... 10% 5.02M 18m3s
#17 145.7 737150K .......... .......... .......... .......... .......... 10% 12.6M 18m3s
#17 145.7 737200K .......... .......... .......... .......... .......... 10% 4.28M 18m3s
#17 145.7 737250K .......... .......... .......... .......... .......... 10% 6.42M 18m2s
#17 145.7 737300K .......... .......... .......... .......... .......... 10% 6.82M 18m2s
#17 145.7 737350K .......... .......... .......... .......... .......... 10% 5.62M 18m2s
#17 145.7 737400K .......... .......... .......... .......... .......... 10% 6.87M 18m2s
#17 145.8 737450K .......... .......... .......... .......... .......... 10% 11.9M 18m2s
#17 145.8 737500K .......... .......... .......... .......... .......... 10% 8.58M 18m2s
#17 145.8 737550K .......... .......... .......... .......... .......... 10% 4.95M 18m2s
#17 145.8 737600K .......... .......... .......... .......... .......... 10% 8.18M 18m2s
#17 145.8 737650K .......... .......... .......... .......... .......... 10% 7.18M 18m2s
#17 145.8 737700K .......... .......... .......... .......... .......... 10% 4.72M 18m2s
#17 145.8 737750K .......... .......... .......... .......... .......... 10% 7.99M 18m2s
#17 145.8 737800K .......... .......... .......... .......... .......... 10% 5.67M 18m2s
#17 145.8 737850K .......... .......... .......... .......... .......... 10% 10.7M 18m2s
#17 145.8 737900K .......... .......... .......... .......... .......... 10% 4.42M 18m2s
#17 145.8 737950K .......... .......... .......... .......... .......... 10% 2.74M 18m2s
#17 145.8 738000K .......... .......... .......... .......... .......... 10% 14.0M 18m2s
#17 145.8 738050K .......... .......... .......... .......... .......... 10% 6.43M 18m2s
#17 145.9 738100K .......... .......... .......... .......... .......... 10% 10.1M 18m2s
#17 145.9 738150K .......... .......... .......... .......... .......... 10% 47.8M 18m2s
#17 145.9 738200K .......... .......... .......... .......... .......... 10% 5.89M 18m2s
#17 145.9 738250K .......... .......... .......... .......... .......... 10% 6.84M 18m2s
#17 145.9 738300K .......... .......... .......... .......... .......... 10% 6.97M 18m2s
#17 145.9 738350K .......... .......... .......... .......... .......... 10% 4.81M 18m2s
#17 145.9 738400K .......... .......... .......... .......... .......... 10% 3.65M 18m2s
#17 145.9 738450K .......... .......... .......... .......... .......... 10% 20.6M 18m2s
#17 145.9 738500K .......... .......... .......... .......... .......... 10% 10.0M 18m2s
#17 145.9 738550K .......... .......... .......... .......... .......... 10% 3.51M 18m2s
#17 145.9 738600K .......... .......... .......... .......... .......... 10% 11.5M 18m2s
#17 145.9 738650K .......... .......... .......... .......... .......... 10% 5.29M 18m2s
#17 146.0 738700K .......... .......... .......... .......... .......... 10% 8.80M 18m2s
#17 146.0 738750K .......... .......... .......... .......... .......... 10% 16.9M 18m2s
#17 146.0 738800K .......... .......... .......... .......... .......... 10% 5.64M 18m2s
#17 146.0 738850K .......... .......... .......... .......... .......... 10% 4.37M 18m2s
#17 146.0 738900K .......... .......... .......... .......... .......... 10% 52.4M 18m2s
#17 146.0 738950K .......... .......... .......... .......... .......... 10% 6.00M 18m2s
#17 146.0 739000K .......... .......... .......... .......... .......... 10% 1.33M 18m2s
#17 146.0 739050K .......... .......... .......... .......... .......... 10% 4.16M 18m2s
#17 146.0 739100K .......... .......... .......... .......... .......... 10% 7.04M 18m2s
#17 146.0 739150K .......... .......... .......... .......... .......... 10% 4.23M 18m2s
#17 146.0 739200K .......... .......... .......... .......... .......... 10% 7.83M 18m2s
#17 146.1 739250K .......... .......... .......... .......... .......... 10% 2.38M 18m2s
#17 146.1 739300K .......... .......... .......... .......... .......... 10% 64.6M 18m2s
#17 146.1 739350K .......... .......... .......... .......... .......... 10% 31.2M 18m2s
#17 146.1 739400K .......... .......... .......... .......... .......... 10% 9.80M 18m2s
#17 146.1 739450K .......... .......... .......... .......... .......... 10% 5.11M 18m2s
#17 146.1 739500K .......... .......... .......... .......... .......... 10% 8.07M 18m2s
#17 146.1 739550K .......... .......... .......... .......... .......... 10% 4.58M 18m2s
#17 146.1 739600K .......... .......... .......... .......... .......... 10% 4.56M 18m2s
#17 146.1 739650K .......... .......... .......... .......... .......... 10% 72.0M 18m2s
#17 146.1 739700K .......... .......... .......... .......... .......... 10% 6.98M 18m2s
#17 146.1 739750K .......... .......... .......... .......... .......... 10% 6.50M 18m2s
#17 146.1 739800K .......... .......... .......... .......... .......... 10% 7.50M 18m2s
#17 146.1 739850K .......... .......... .......... .......... .......... 10% 11.9M 18m2s
#17 146.1 739900K .......... .......... .......... .......... .......... 10% 4.57M 18m2s
#17 146.2 739950K .......... .......... .......... .......... .......... 10% 5.69M 18m2s
#17 146.2 740000K .......... .......... .......... .......... .......... 10% 4.18M 18m2s
#17 146.2 740050K .......... .......... .......... .......... .......... 10% 14.8M 18m2s
#17 146.2 740100K .......... .......... .......... .......... .......... 10% 8.34M 18m2s
#17 146.2 740150K .......... .......... .......... .......... .......... 10% 3.91M 18m2s
#17 146.2 740200K .......... .......... .......... .......... .......... 10% 6.43M 18m2s
#17 146.2 740250K .......... .......... .......... .......... .......... 10% 5.87M 18m1s
#17 146.2 740300K .......... .......... .......... .......... .......... 10% 5.96M 18m1s
#17 146.2 740350K .......... .......... .......... .......... .......... 10% 4.25M 18m1s
#17 146.2 740400K .......... .......... .......... .......... .......... 10% 4.16M 18m2s
#17 146.2 740450K .......... .......... .......... .......... .......... 10% 18.0M 18m1s
#17 146.2 740500K .......... .......... .......... .......... .......... 10% 2.44M 18m2s
#17 146.3 740550K .......... .......... .......... .......... .......... 10% 7.97M 18m1s
#17 146.3 740600K .......... .......... .......... .......... .......... 10% 7.57M 18m1s
#17 146.3 740650K .......... .......... .......... .......... .......... 10% 15.9M 18m1s
#17 146.3 740700K .......... .......... .......... .......... .......... 10% 5.16M 18m1s
#17 146.3 740750K .......... .......... .......... .......... .......... 10% 4.05M 18m1s
#17 146.3 740800K .......... .......... .......... .......... .......... 10% 11.7M 18m1s
#17 146.3 740850K .......... .......... .......... .......... .......... 10% 9.29M 18m1s
#17 146.3 740900K .......... .......... .......... .......... .......... 10% 10.2M 18m1s
#17 146.3 740950K .......... .......... .......... .......... .......... 10% 4.74M 18m1s
#17 146.3 741000K .......... .......... .......... .......... .......... 10% 6.00M 18m1s
#17 146.3 741050K .......... .......... .......... .......... .......... 10% 6.24M 18m1s
#17 146.3 741100K .......... .......... .......... .......... .......... 10% 34.4M 18m1s
#17 146.3 741150K .......... .......... .......... .......... .......... 10% 5.33M 18m1s
#17 146.4 741200K .......... .......... .......... .......... .......... 10% 4.51M 18m1s
#17 146.4 741250K .......... .......... .......... .......... .......... 10% 4.58M 18m1s
#17 146.4 741300K .......... .......... .......... .......... .......... 10% 7.65M 18m1s
#17 146.4 741350K .......... .......... .......... .......... .......... 10% 5.81M 18m1s
#17 146.4 741400K .......... .......... .......... .......... .......... 10% 4.62M 18m1s
#17 146.4 741450K .......... .......... .......... .......... .......... 10% 38.8M 18m1s
#17 146.4 741500K .......... .......... .......... .......... .......... 10% 3.28M 18m1s
#17 146.4 741550K .......... .......... .......... .......... .......... 10% 8.67M 18m1s
#17 146.4 741600K .......... .......... .......... .......... .......... 10% 50.1M 18m1s
#17 146.4 741650K .......... .......... .......... .......... .......... 10% 7.73M 18m1s
#17 146.4 741700K .......... .......... .......... .......... .......... 10% 4.53M 18m1s
#17 146.4 741750K .......... .......... .......... .......... .......... 10% 6.24M 18m1s
#17 146.4 741800K .......... .......... .......... .......... .......... 10% 5.68M 18m1s
#17 146.5 741850K .......... .......... .......... .......... .......... 10% 5.54M 18m1s
#17 146.5 741900K .......... .......... .......... .......... .......... 10% 5.95M 18m1s
#17 146.5 741950K .......... .......... .......... .......... .......... 10% 11.7M 18m1s
#17 146.5 742000K .......... .......... .......... .......... .......... 10% 4.42M 18m1s
#17 146.5 742050K .......... .......... .......... .......... .......... 10% 13.7M 18m1s
#17 146.5 742100K .......... .......... .......... .......... .......... 10% 6.24M 18m1s
#17 146.5 742150K .......... .......... .......... .......... .......... 10% 8.88M 18m1s
#17 146.5 742200K .......... .......... .......... .......... .......... 10% 4.81M 18m1s
#17 146.5 742250K .......... .......... .......... .......... .......... 10% 15.1M 18m1s
#17 146.5 742300K .......... .......... .......... .......... .......... 10% 4.35M 18m1s
#17 146.5 742350K .......... .......... .......... .......... .......... 10% 6.61M 18m1s
#17 146.5 742400K .......... .......... .......... .......... .......... 10% 78.0M 18m1s
#17 146.5 742450K .......... .......... .......... .......... .......... 10% 3.55M 18m1s
#17 146.6 742500K .......... .......... .......... .......... .......... 10% 25.3M 18m1s
#17 146.6 742550K .......... .......... .......... .......... .......... 10% 3.96M 18m1s
#17 146.6 742600K .......... .......... .......... .......... .......... 10% 14.3M 18m1s
#17 146.6 742650K .......... .......... .......... .......... .......... 10% 3.77M 18m1s
#17 146.6 742700K .......... .......... .......... .......... .......... 10% 5.59M 18m1s
#17 146.6 742750K .......... .......... .......... .......... .......... 10% 7.64M 18m1s
#17 146.6 742800K .......... .......... .......... .......... .......... 10% 21.3M 18m0s
#17 146.6 742850K .......... .......... .......... .......... .......... 10% 10.2M 18m0s
#17 146.6 742900K .......... .......... .......... .......... .......... 10% 8.12M 18m0s
#17 146.6 742950K .......... .......... .......... .......... .......... 10% 4.73M 18m0s
#17 146.6 743000K .......... .......... .......... .......... .......... 10% 6.80M 18m0s
#17 146.6 743050K .......... .......... .......... .......... .......... 10% 1.55M 18m1s
#17 146.7 743100K .......... .......... .......... .......... .......... 10% 40.1M 18m0s
#17 146.7 743150K .......... .......... .......... .......... .......... 10% 7.73M 18m0s
#17 146.7 743200K .......... .......... .......... .......... .......... 10% 34.7M 18m0s
#17 146.7 743250K .......... .......... .......... .......... .......... 10% 90.7M 18m0s
#17 146.7 743300K .......... .......... .......... .......... .......... 10% 7.56M 18m0s
#17 146.7 743350K .......... .......... .......... .......... .......... 10% 4.33M 18m0s
#17 146.7 743400K .......... .......... .......... .......... .......... 10% 43.9M 18m0s
#17 146.7 743450K .......... .......... .......... .......... .......... 10% 5.20M 18m0s
#17 146.7 743500K .......... .......... .......... .......... .......... 10% 19.4M 18m0s
#17 146.7 743550K .......... .......... .......... .......... .......... 10% 4.99M 18m0s
#17 146.7 743600K .......... .......... .......... .......... .......... 10% 7.61M 18m0s
#17 146.7 743650K .......... .......... .......... .......... .......... 10% 12.6M 18m0s
#17 146.7 743700K .......... .......... .......... .......... .......... 10% 19.2M 18m0s
#17 146.7 743750K .......... .......... .......... .......... .......... 10% 7.22M 18m0s
#17 146.7 743800K .......... .......... .......... .......... .......... 10% 3.33M 18m0s
#17 146.7 743850K .......... .......... .......... .......... .......... 10% 5.64M 18m0s
#17 146.8 743900K .......... .......... .......... .......... .......... 10% 4.14M 18m0s
#17 146.8 743950K .......... .......... .......... .......... .......... 10% 6.15M 18m0s
#17 146.8 744000K .......... .......... .......... .......... .......... 10% 5.81M 18m0s
#17 146.8 744050K .......... .......... .......... .......... .......... 10% 4.93M 18m0s
#17 146.8 744100K .......... .......... .......... .......... .......... 10% 8.99M 18m0s
#17 146.8 744150K .......... .......... .......... .......... .......... 10% 18.9M 18m0s
#17 146.8 744200K .......... .......... .......... .......... .......... 10% 14.1M 18m0s
#17 146.8 744250K .......... .......... .......... .......... .......... 10% 4.63M 18m0s
#17 146.8 744300K .......... .......... .......... .......... .......... 10% 10.7M 18m0s
#17 146.8 744350K .......... .......... .......... .......... .......... 10% 6.54M 18m0s
#17 146.8 744400K .......... .......... .......... .......... .......... 10% 7.25M 18m0s
#17 146.8 744450K .......... .......... .......... .......... .......... 10% 7.48M 18m0s
#17 146.8 744500K .......... .......... .......... .......... .......... 10% 4.94M 18m0s
#17 146.9 744550K .......... .......... .......... .......... .......... 10% 10.6M 18m0s
#17 146.9 744600K .......... .......... .......... .......... .......... 10% 4.19M 18m0s
#17 146.9 744650K .......... .......... .......... .......... .......... 10% 9.05M 18m0s
#17 146.9 744700K .......... .......... .......... .......... .......... 10% 26.8M 18m0s
#17 146.9 744750K .......... .......... .......... .......... .......... 10% 5.33M 18m0s
#17 146.9 744800K .......... .......... .......... .......... .......... 10% 3.85M 18m0s
#17 146.9 744850K .......... .......... .......... .......... .......... 10% 22.0M 18m0s
#17 146.9 744900K .......... .......... .......... .......... .......... 10% 7.09M 18m0s
#17 146.9 744950K .......... .......... .......... .......... .......... 10% 11.7M 17m59s
#17 146.9 745000K .......... .......... .......... .......... .......... 10% 5.96M 17m59s
#17 146.9 745050K .......... .......... .......... .......... .......... 10% 7.15M 17m59s
#17 146.9 745100K .......... .......... .......... .......... .......... 10% 5.37M 17m59s
#17 146.9 745150K .......... .......... .......... .......... .......... 10% 5.92M 17m59s
#17 146.9 745200K .......... .......... .......... .......... .......... 10% 6.04M 17m59s
#17 146.9 745250K .......... .......... .......... .......... .......... 10% 3.79M 17m59s
#17 147.0 745300K .......... .......... .......... .......... .......... 11% 2.71M 17m59s
#17 147.0 745350K .......... .......... .......... .......... .......... 11% 3.52M 18m0s
#17 147.0 745400K .......... .......... .......... .......... .......... 11% 38.4M 17m59s
#17 147.0 745450K .......... .......... .......... .......... .......... 11% 4.66M 17m59s
#17 147.0 745500K .......... .......... .......... .......... .......... 11% 3.50M 17m59s
#17 147.0 745550K .......... .......... .......... .......... .......... 11% 7.43M 17m59s
#17 147.0 745600K .......... .......... .......... .......... .......... 11% 4.36M 17m59s
#17 147.0 745650K .......... .......... .......... .......... .......... 11% 4.67M 17m59s
#17 147.1 745700K .......... .......... .......... .......... .......... 11% 10.4M 17m59s
#17 147.1 745750K .......... .......... .......... .......... .......... 11% 9.29M 17m59s
#17 147.1 745800K .......... .......... .......... .......... .......... 11% 4.77M 17m59s
#17 147.1 745850K .......... .......... .......... .......... .......... 11% 11.6M 17m59s
#17 147.1 745900K .......... .......... .......... .......... .......... 11% 10.2M 17m59s
#17 147.1 745950K .......... .......... .......... .......... .......... 11% 9.29M 17m59s
#17 147.1 746000K .......... .......... .......... .......... .......... 11% 6.00M 17m59s
#17 147.1 746050K .......... .......... .......... .......... .......... 11% 68.7M 17m59s
#17 147.1 746100K .......... .......... .......... .......... .......... 11% 6.69M 17m59s
#17 147.1 746150K .......... .......... .......... .......... .......... 11% 11.2M 17m59s
#17 147.1 746200K .......... .......... .......... .......... .......... 11% 33.0M 17m59s
#17 147.1 746250K .......... .......... .......... .......... .......... 11% 6.76M 17m59s
#17 147.1 746300K .......... .......... .......... .......... .......... 11% 18.8M 17m59s
#17 147.1 746350K .......... .......... .......... .......... .......... 11% 8.57M 17m59s
#17 147.1 746400K .......... .......... .......... .......... .......... 11% 4.01M 17m59s
#17 147.1 746450K .......... .......... .......... .......... .......... 11% 5.48M 17m59s
#17 147.1 746500K .......... .......... .......... .......... .......... 11% 16.8M 17m59s
#17 147.1 746550K .......... .......... .......... .......... .......... 11% 3.72M 17m59s
#17 147.2 746600K .......... .......... .......... .......... .......... 11% 13.6M 17m59s
#17 147.2 746650K .......... .......... .......... .......... .......... 11% 8.59M 17m59s
#17 147.2 746700K .......... .......... .......... .......... .......... 11% 13.8M 17m59s
#17 147.2 746750K .......... .......... .......... .......... .......... 11% 4.64M 17m59s
#17 147.2 746800K .......... .......... .......... .......... .......... 11% 5.51M 17m59s
#17 147.2 746850K .......... .......... .......... .......... .......... 11% 39.7M 17m59s
#17 147.2 746900K .......... .......... .......... .......... .......... 11% 4.39M 17m59s
#17 147.2 746950K .......... .......... .......... .......... .......... 11% 5.82M 17m59s
#17 147.2 747000K .......... .......... .......... .......... .......... 11% 11.0M 17m59s
#17 147.2 747050K .......... .......... .......... .......... .......... 11% 22.5M 17m59s
#17 147.2 747100K .......... .......... .......... .......... .......... 11% 6.68M 17m59s
#17 147.2 747150K .......... .......... .......... .......... .......... 11% 5.34M 17m59s
#17 147.2 747200K .......... .......... .......... .......... .......... 11% 6.12M 17m58s
#17 147.2 747250K .......... .......... .......... .......... .......... 11% 5.83M 17m58s
#17 147.2 747300K .......... .......... .......... .......... .......... 11% 18.5M 17m58s
#17 147.3 747350K .......... .......... .......... .......... .......... 11% 6.18M 17m58s
#17 147.3 747400K .......... .......... .......... .......... .......... 11% 6.30M 17m58s
#17 147.3 747450K .......... .......... .......... .......... .......... 11% 10.2M 17m58s
#17 147.3 747500K .......... .......... .......... .......... .......... 11% 5.88M 17m58s
#17 147.3 747550K .......... .......... .......... .......... .......... 11% 5.57M 17m58s
#17 147.3 747600K .......... .......... .......... .......... .......... 11% 5.50M 17m58s
#17 147.3 747650K .......... .......... .......... .......... .......... 11% 7.29M 17m58s
#17 147.3 747700K .......... .......... .......... .......... .......... 11% 4.85M 17m58s
#17 147.3 747750K .......... .......... .......... .......... .......... 11% 8.71M 17m58s
#17 147.3 747800K .......... .......... .......... .......... .......... 11% 4.95M 17m58s
#17 147.3 747850K .......... .......... .......... .......... .......... 11% 8.81M 17m58s
#17 147.3 747900K .......... .......... .......... .......... .......... 11% 22.2M 17m58s
#17 147.3 747950K .......... .......... .......... .......... .......... 11% 3.35M 17m58s
#17 147.4 748000K .......... .......... .......... .......... .......... 11% 10.0M 17m58s
#17 147.4 748050K .......... .......... .......... .......... .......... 11% 5.96M 17m58s
#17 147.4 748100K .......... .......... .......... .......... .......... 11% 10.9M 17m58s
#17 147.4 748150K .......... .......... .......... .......... .......... 11% 6.16M 17m58s
#17 147.4 748200K .......... .......... .......... .......... .......... 11% 16.1M 17m58s
#17 147.4 748250K .......... .......... .......... .......... .......... 11% 3.23M 17m58s
#17 147.4 748300K .......... .......... .......... .......... .......... 11% 87.2M 17m58s
#17 147.4 748350K .......... .......... .......... .......... .......... 11% 4.99M 17m58s
#17 147.4 748400K .......... .......... .......... .......... .......... 11% 6.54M 17m58s
#17 147.4 748450K .......... .......... .......... .......... .......... 11% 4.96M 17m58s
#17 147.4 748500K .......... .......... .......... .......... .......... 11% 6.77M 17m58s
#17 147.4 748550K .......... .......... .......... .......... .......... 11% 6.25M 17m58s
#17 147.4 748600K .......... .......... .......... .......... .......... 11% 7.89M 17m58s
#17 147.4 748650K .......... .......... .......... .......... .......... 11% 5.05M 17m58s
#17 147.5 748700K .......... .......... .......... .......... .......... 11% 10.3M 17m58s
#17 147.5 748750K .......... .......... .......... .......... .......... 11% 4.43M 17m58s
#17 147.5 748800K .......... .......... .......... .......... .......... 11% 7.13M 17m58s
#17 147.5 748850K .......... .......... .......... .......... .......... 11% 4.39M 17m58s
#17 147.5 748900K .......... .......... .......... .......... .......... 11% 14.7M 17m58s
#17 147.5 748950K .......... .......... .......... .......... .......... 11% 4.42M 17m58s
#17 147.5 749000K .......... .......... .......... .......... .......... 11% 11.2M 17m58s
#17 147.5 749050K .......... .......... .......... .......... .......... 11% 22.7M 17m58s
#17 147.5 749100K .......... .......... .......... .......... .......... 11% 8.41M 17m58s
#17 147.5 749150K .......... .......... .......... .......... .......... 11% 5.19M 17m58s
#17 147.5 749200K .......... .......... .......... .......... .......... 11% 5.91M 17m58s
#17 147.5 749250K .......... .......... .......... .......... .......... 11% 8.82M 17m58s
#17 147.5 749300K .......... .......... .......... .......... .......... 11% 9.17M 17m58s
#17 147.5 749350K .......... .......... .......... .......... .......... 11% 9.90M 17m57s
#17 147.5 749400K .......... .......... .......... .......... .......... 11% 4.09M 17m58s
#17 147.6 749450K .......... .......... .......... .......... .......... 11% 53.2M 17m57s
#17 147.6 749500K .......... .......... .......... .......... .......... 11% 8.35M 17m57s
#17 147.6 749550K .......... .......... .......... .......... .......... 11% 3.82M 17m57s
#17 147.6 749600K .......... .......... .......... .......... .......... 11% 3.18M 17m57s
#17 147.6 749650K .......... .......... .......... .......... .......... 11% 3.66M 17m57s
#17 147.6 749700K .......... .......... .......... .......... .......... 11% 23.8M 17m57s
#17 147.6 749750K .......... .......... .......... .......... .......... 11% 10.4M 17m57s
#17 147.6 749800K .......... .......... .......... .......... .......... 11% 14.5M 17m57s
#17 147.6 749850K .......... .......... .......... .......... .......... 11% 9.47M 17m57s
#17 147.6 749900K .......... .......... .......... .......... .......... 11% 6.52M 17m57s
#17 147.6 749950K .......... .......... .......... .......... .......... 11% 5.17M 17m57s
#17 147.6 750000K .......... .......... .......... .......... .......... 11% 6.88M 17m57s
#17 147.6 750050K .......... .......... .......... .......... .......... 11% 19.8M 17m57s
#17 147.7 750100K .......... .......... .......... .......... .......... 11% 13.4M 17m57s
#17 147.7 750150K .......... .......... .......... .......... .......... 11% 6.18M 17m57s
#17 147.7 750200K .......... .......... .......... .......... .......... 11% 9.48M 17m57s
#17 147.7 750250K .......... .......... .......... .......... .......... 11% 5.08M 17m57s
#17 147.7 750300K .......... .......... .......... .......... .......... 11% 9.70M 17m57s
#17 147.7 750350K .......... .......... .......... .......... .......... 11% 5.21M 17m57s
#17 147.7 750400K .......... .......... .......... .......... .......... 11% 6.44M 17m57s
#17 147.7 750450K .......... .......... .......... .......... .......... 11% 5.18M 17m57s
#17 147.7 750500K .......... .......... .......... .......... .......... 11% 6.77M 17m57s
#17 147.7 750550K .......... .......... .......... .......... .......... 11% 5.26M 17m57s
#17 147.7 750600K .......... .......... .......... .......... .......... 11% 6.87M 17m57s
#17 147.7 750650K .......... .......... .......... .......... .......... 11% 12.1M 17m57s
#17 147.7 750700K .......... .......... .......... .......... .......... 11% 4.84M 17m57s
#17 147.7 750750K .......... .......... .......... .......... .......... 11% 13.0M 17m57s
#17 147.7 750800K .......... .......... .......... .......... .......... 11% 6.41M 17m57s
#17 147.8 750850K .......... .......... .......... .......... .......... 11% 8.23M 17m57s
#17 147.8 750900K .......... .......... .......... .......... .......... 11% 7.04M 17m57s
#17 147.8 750950K .......... .......... .......... .......... .......... 11% 7.32M 17m57s
#17 147.8 751000K .......... .......... .......... .......... .......... 11% 15.2M 17m57s
#17 147.8 751050K .......... .......... .......... .......... .......... 11% 7.20M 17m57s
#17 147.8 751100K .......... .......... .......... .......... .......... 11% 3.06M 17m57s
#17 147.8 751150K .......... .......... .......... .......... .......... 11% 4.90M 17m57s
#17 147.8 751200K .......... .......... .......... .......... .......... 11% 33.8M 17m57s
#17 147.8 751250K .......... .......... .......... .......... .......... 11% 12.3M 17m57s
#17 147.8 751300K .......... .......... .......... .......... .......... 11% 8.56M 17m57s
#17 147.8 751350K .......... .......... .......... .......... .......... 11% 5.61M 17m57s
#17 147.8 751400K .......... .......... .......... .......... .......... 11% 11.4M 17m57s
#17 147.8 751450K .......... .......... .......... .......... .......... 11% 6.25M 17m56s
#17 147.8 751500K .......... .......... .......... .......... .......... 11% 6.08M 17m56s
#17 147.9 751550K .......... .......... .......... .......... .......... 11% 4.88M 17m56s
#17 147.9 751600K .......... .......... .......... .......... .......... 11% 5.57M 17m56s
#17 147.9 751650K .......... .......... .......... .......... .......... 11% 4.21M 17m56s
#17 147.9 751700K .......... .......... .......... .......... .......... 11% 68.5M 17m56s
#17 147.9 751750K .......... .......... .......... .......... .......... 11% 6.37M 17m56s
#17 147.9 751800K .......... .......... .......... .......... .......... 11% 8.94M 17m56s
#17 147.9 751850K .......... .......... .......... .......... .......... 11% 8.52M 17m56s
#17 147.9 751900K .......... .......... .......... .......... .......... 11% 6.28M 17m56s
#17 147.9 751950K .......... .......... .......... .......... .......... 11% 4.18M 17m56s
#17 147.9 752000K .......... .......... .......... .......... .......... 11% 37.4M 17m56s
#17 147.9 752050K .......... .......... .......... .......... .......... 11% 6.05M 17m56s
#17 147.9 752100K .......... .......... .......... .......... .......... 11% 6.99M 17m56s
#17 147.9 752150K .......... .......... .......... .......... .......... 11% 6.63M 17m56s
#17 147.9 752200K .......... .......... .......... .......... .......... 11% 9.40M 17m56s
#17 148.0 752250K .......... .......... .......... .......... .......... 11% 7.26M 17m56s
#17 148.0 752300K .......... .......... .......... .......... .......... 11% 5.37M 17m56s
#17 148.0 752350K .......... .......... .......... .......... .......... 11% 5.83M 17m56s
#17 148.0 752400K .......... .......... .......... .......... .......... 11% 6.18M 17m56s
#17 148.0 752450K .......... .......... .......... .......... .......... 11% 6.51M 17m56s
#17 148.0 752500K .......... .......... .......... .......... .......... 11% 6.95M 17m56s
#17 148.0 752550K .......... .......... .......... .......... .......... 11% 4.77M 17m56s
#17 148.0 752600K .......... .......... .......... .......... .......... 11% 10.1M 17m56s
#17 148.0 752650K .......... .......... .......... .......... .......... 11% 5.68M 17m56s
#17 148.0 752700K .......... .......... .......... .......... .......... 11% 20.5M 17m56s
#17 148.0 752750K .......... .......... .......... .......... .......... 11% 6.00M 17m56s
#17 148.0 752800K .......... .......... .......... .......... .......... 11% 6.94M 17m56s
#17 148.0 752850K .......... .......... .......... .......... .......... 11% 6.38M 17m56s
#17 148.0 752900K .......... .......... .......... .......... .......... 11% 5.83M 17m56s
#17 148.1 752950K .......... .......... .......... .......... .......... 11% 7.54M 17m56s
#17 148.1 753000K .......... .......... .......... .......... .......... 11% 5.19M 17m56s
#17 148.1 753050K .......... .......... .......... .......... .......... 11% 9.28M 17m56s
#17 148.1 753100K .......... .......... .......... .......... .......... 11% 6.07M 17m56s
#17 148.1 753150K .......... .......... .......... .......... .......... 11% 5.84M 17m56s
#17 148.1 753200K .......... .......... .......... .......... .......... 11% 8.32M 17m56s
#17 148.1 753250K .......... .......... .......... .......... .......... 11% 6.69M 17m56s
#17 148.1 753300K .......... .......... .......... .......... .......... 11% 8.09M 17m56s
#17 148.1 753350K .......... .......... .......... .......... .......... 11% 5.60M 17m56s
#17 148.1 753400K .......... .......... .......... .......... .......... 11% 5.88M 17m56s
#17 148.1 753450K .......... .......... .......... .......... .......... 11% 7.64M 17m56s
#17 148.1 753500K .......... .......... .......... .......... .......... 11% 4.88M 17m56s
#17 148.1 753550K .......... .......... .......... .......... .......... 11% 6.71M 17m56s
#17 148.2 753600K .......... .......... .......... .......... .......... 11% 5.48M 17m56s
#17 148.2 753650K .......... .......... .......... .......... .......... 11% 5.20M 17m56s
#17 148.2 753700K .......... .......... .......... .......... .......... 11% 6.13M 17m56s
#17 148.2 753750K .......... .......... .......... .......... .......... 11% 5.80M 17m56s
#17 148.2 753800K .......... .......... .......... .......... .......... 11% 27.9M 17m55s
#17 148.2 753850K .......... .......... .......... .......... .......... 11% 6.55M 17m55s
#17 148.2 753900K .......... .......... .......... .......... .......... 11% 6.95M 17m55s
#17 148.2 753950K .......... .......... .......... .......... .......... 11% 7.09M 17m55s
#17 148.2 754000K .......... .......... .......... .......... .......... 11% 5.32M 17m55s
#17 148.2 754050K .......... .......... .......... .......... .......... 11% 10.2M 17m55s
#17 148.2 754100K .......... .......... .......... .......... .......... 11% 5.77M 17m55s
#17 148.2 754150K .......... .......... .......... .......... .......... 11% 5.06M 17m55s
#17 148.2 754200K .......... .......... .......... .......... .......... 11% 9.14M 17m55s
#17 148.2 754250K .......... .......... .......... .......... .......... 11% 3.62M 17m55s
#17 148.3 754300K .......... .......... .......... .......... .......... 11% 9.70M 17m55s
#17 148.3 754350K .......... .......... .......... .......... .......... 11% 5.20M 17m55s
#17 148.3 754400K .......... .......... .......... .......... .......... 11% 7.63M 17m55s
#17 148.3 754450K .......... .......... .......... .......... .......... 11% 4.66M 17m55s
#17 148.3 754500K .......... .......... .......... .......... .......... 11% 9.30M 17m55s
#17 148.3 754550K .......... .......... .......... .......... .......... 11% 6.82M 17m55s
#17 148.3 754600K .......... .......... .......... .......... .......... 11% 4.31M 17m55s
#17 148.3 754650K .......... .......... .......... .......... .......... 11% 10.1M 17m55s
#17 148.3 754700K .......... .......... .......... .......... .......... 11% 11.1M 17m55s
#17 148.3 754750K .......... .......... .......... .......... .......... 11% 4.38M 17m55s
#17 148.3 754800K .......... .......... .......... .......... .......... 11% 5.35M 17m55s
#17 148.3 754850K .......... .......... .......... .......... .......... 11% 1.03M 17m55s
#17 148.4 754900K .......... .......... .......... .......... .......... 11% 5.29M 17m55s
#17 148.4 754950K .......... .......... .......... .......... .......... 11% 5.46M 17m55s
#17 148.4 755000K .......... .......... .......... .......... .......... 11% 9.90M 17m55s
#17 148.4 755050K .......... .......... .......... .......... .......... 11% 3.65M 17m55s
#17 148.4 755100K .......... .......... .......... .......... .......... 11% 12.7M 17m55s
#17 148.4 755150K .......... .......... .......... .......... .......... 11% 3.03M 17m55s
#17 148.5 755200K .......... .......... .......... .......... .......... 11% 9.34M 17m55s
#17 148.5 755250K .......... .......... .......... .......... .......... 11% 7.54M 17m55s
#17 148.5 755300K .......... .......... .......... .......... .......... 11% 4.16M 17m55s
#17 148.5 755350K .......... .......... .......... .......... .......... 11% 10.7M 17m55s
#17 148.5 755400K .......... .......... .......... .......... .......... 11% 6.75M 17m55s
#17 148.5 755450K .......... .......... .......... .......... .......... 11% 6.82M 17m55s
#17 148.5 755500K .......... .......... .......... .......... .......... 11% 6.74M 17m55s
#17 148.5 755550K .......... .......... .......... .......... .......... 11% 8.94M 17m55s
#17 148.5 755600K .......... .......... .......... .......... .......... 11% 12.1M 17m55s
#17 148.5 755650K .......... .......... .......... .......... .......... 11% 9.26M 17m55s
#17 148.5 755700K .......... .......... .......... .......... .......... 11% 1.99M 17m55s
#17 148.5 755750K .......... .......... .......... .......... .......... 11% 7.06M 17m55s
#17 148.5 755800K .......... .......... .......... .......... .......... 11% 13.2M 17m55s
#17 148.5 755850K .......... .......... .......... .......... .......... 11% 5.80M 17m55s
#17 148.6 755900K .......... .......... .......... .......... .......... 11% 4.68M 17m55s
#17 148.6 755950K .......... .......... .......... .......... .......... 11% 12.3M 17m55s
#17 148.6 756000K .......... .......... .......... .......... .......... 11% 6.44M 17m55s
#17 148.6 756050K .......... .......... .......... .......... .......... 11% 6.55M 17m55s
#17 148.6 756100K .......... .......... .......... .......... .......... 11% 5.81M 17m55s
#17 148.6 756150K .......... .......... .......... .......... .......... 11% 7.92M 17m55s
#17 148.6 756200K .......... .......... .......... .......... .......... 11% 8.74M 17m55s
#17 148.6 756250K .......... .......... .......... .......... .......... 11% 7.18M 17m55s
#17 148.6 756300K .......... .......... .......... .......... .......... 11% 7.01M 17m55s
#17 148.6 756350K .......... .......... .......... .......... .......... 11% 4.85M 17m55s
#17 148.6 756400K .......... .......... .......... .......... .......... 11% 7.55M 17m55s
#17 148.6 756450K .......... .......... .......... .......... .......... 11% 5.57M 17m55s
#17 148.6 756500K .......... .......... .......... .......... .......... 11% 5.35M 17m55s
#17 148.7 756550K .......... .......... .......... .......... .......... 11% 9.71M 17m55s
#17 148.7 756600K .......... .......... .......... .......... .......... 11% 12.3M 17m55s
#17 148.7 756650K .......... .......... .......... .......... .......... 11% 5.09M 17m55s
#17 148.7 756700K .......... .......... .......... .......... .......... 11% 7.74M 17m55s
#17 148.7 756750K .......... .......... .......... .......... .......... 11% 5.79M 17m55s
#17 148.7 756800K .......... .......... .......... .......... .......... 11% 10.5M 17m55s
#17 148.7 756850K .......... .......... .......... .......... .......... 11% 15.4M 17m55s
#17 148.7 756900K .......... .......... .......... .......... .......... 11% 4.69M 17m55s
#17 148.7 756950K .......... .......... .......... .......... .......... 11% 5.49M 17m55s
#17 148.7 757000K .......... .......... .......... .......... .......... 11% 5.34M 17m55s
#17 148.7 757050K .......... .......... .......... .......... .......... 11% 5.37M 17m55s
#17 148.7 757100K .......... .......... .......... .......... .......... 11% 4.53M 17m55s
#17 148.7 757150K .......... .......... .......... .......... .......... 11% 7.78M 17m55s
#17 148.8 757200K .......... .......... .......... .......... .......... 11% 11.2M 17m55s
#17 148.8 757250K .......... .......... .......... .......... .......... 11% 5.85M 17m55s
#17 148.8 757300K .......... .......... .......... .......... .......... 11% 8.09M 17m54s
#17 148.8 757350K .......... .......... .......... .......... .......... 11% 7.61M 17m54s
#17 148.8 757400K .......... .......... .......... .......... .......... 11% 4.89M 17m54s
#17 148.8 757450K .......... .......... .......... .......... .......... 11% 8.91M 17m54s
#17 148.8 757500K .......... .......... .......... .......... .......... 11% 12.9M 17m54s
#17 148.8 757550K .......... .......... .......... .......... .......... 11% 5.48M 17m54s
#17 148.8 757600K .......... .......... .......... .......... .......... 11% 6.59M 17m54s
#17 148.8 757650K .......... .......... .......... .......... .......... 11% 10.1M 17m54s
#17 148.8 757700K .......... .......... .......... .......... .......... 11% 3.56M 17m54s
#17 148.8 757750K .......... .......... .......... .......... .......... 11% 4.33M 17m54s
#17 148.8 757800K .......... .......... .......... .......... .......... 11% 5.85M 17m54s
#17 148.9 757850K .......... .......... .......... .......... .......... 11% 9.01M 17m54s
#17 148.9 757900K .......... .......... .......... .......... .......... 11% 3.56M 17m54s
#17 148.9 757950K .......... .......... .......... .......... .......... 11% 7.32M 17m54s
#17 148.9 758000K .......... .......... .......... .......... .......... 11% 3.27M 17m54s
#17 148.9 758050K .......... .......... .......... .......... .......... 11% 9.18M 17m54s
#17 148.9 758100K .......... .......... .......... .......... .......... 11% 6.35M 17m54s
#17 148.9 758150K .......... .......... .......... .......... .......... 11% 13.0M 17m54s
#17 148.9 758200K .......... .......... .......... .......... .......... 11% 4.04M 17m54s
#17 148.9 758250K .......... .......... .......... .......... .......... 11% 11.4M 17m54s
#17 148.9 758300K .......... .......... .......... .......... .......... 11% 4.59M 17m54s
#17 148.9 758350K .......... .......... .......... .......... .......... 11% 11.9M 17m54s
#17 148.9 758400K .......... .......... .......... .......... .......... 11% 10.9M 17m54s
#17 148.9 758450K .......... .......... .......... .......... .......... 11% 5.17M 17m54s
#17 149.0 758500K .......... .......... .......... .......... .......... 11% 4.95M 17m54s
#17 149.0 758550K .......... .......... .......... .......... .......... 11% 8.08M 17m54s
#17 149.0 758600K .......... .......... .......... .......... .......... 11% 18.9M 17m54s
#17 149.0 758650K .......... .......... .......... .......... .......... 11% 5.12M 17m54s
#17 149.0 758700K .......... .......... .......... .......... .......... 11% 5.82M 17m54s
#17 149.0 758750K .......... .......... .......... .......... .......... 11% 6.17M 17m54s
#17 149.0 758800K .......... .......... .......... .......... .......... 11% 4.33M 17m54s
#17 149.0 758850K .......... .......... .......... .......... .......... 11% 59.5M 17m54s
#17 149.0 758900K .......... .......... .......... .......... .......... 11% 4.03M 17m54s
#17 149.0 758950K .......... .......... .......... .......... .......... 11% 7.83M 17m54s
#17 149.0 759000K .......... .......... .......... .......... .......... 11% 15.3M 17m54s
#17 149.0 759050K .......... .......... .......... .......... .......... 11% 6.66M 17m54s
#17 149.0 759100K .......... .......... .......... .......... .......... 11% 7.28M 17m54s
#17 149.0 759150K .......... .......... .......... .......... .......... 11% 8.25M 17m54s
#17 149.1 759200K .......... .......... .......... .......... .......... 11% 3.00M 17m54s
#17 149.1 759250K .......... .......... .......... .......... .......... 11% 23.5M 17m54s
#17 149.1 759300K .......... .......... .......... .......... .......... 11% 9.19M 17m54s
#17 149.1 759350K .......... .......... .......... .......... .......... 11% 6.62M 17m54s
#17 149.1 759400K .......... .......... .......... .......... .......... 11% 6.44M 17m54s
#17 149.1 759450K .......... .......... .......... .......... .......... 11% 6.87M 17m54s
#17 149.1 759500K .......... .......... .......... .......... .......... 11% 5.85M 17m54s
#17 149.1 759550K .......... .......... .......... .......... .......... 11% 3.57M 17m54s
#17 149.1 759600K .......... .......... .......... .......... .......... 11% 6.89M 17m54s
#17 149.1 759650K .......... .......... .......... .......... .......... 11% 6.18M 17m54s
#17 149.1 759700K .......... .......... .......... .......... .......... 11% 4.58M 17m54s
#17 149.1 759750K .......... .......... .......... .......... .......... 11% 6.48M 17m54s
#17 149.2 759800K .......... .......... .......... .......... .......... 11% 14.3M 17m54s
#17 149.2 759850K .......... .......... .......... .......... .......... 11% 8.13M 17m54s
#17 149.2 759900K .......... .......... .......... .......... .......... 11% 8.19M 17m53s
#17 149.2 759950K .......... .......... .......... .......... .......... 11% 7.37M 17m53s
#17 149.2 760000K .......... .......... .......... .......... .......... 11% 5.28M 17m53s
#17 149.2 760050K .......... .......... .......... .......... .......... 11% 6.80M 17m53s
#17 149.2 760100K .......... .......... .......... .......... .......... 11% 5.97M 17m53s
#17 149.2 760150K .......... .......... .......... .......... .......... 11% 3.62M 17m53s
#17 149.2 760200K .......... .......... .......... .......... .......... 11% 3.73M 17m53s
#17 149.2 760250K .......... .......... .......... .......... .......... 11%  635K 17m54s
#17 149.3 760300K .......... .......... .......... .......... .......... 11% 1.60M 17m54s
#17 149.3 760350K .......... .......... .......... .......... .......... 11% 2.82M 17m54s
#17 149.4 760400K .......... .......... .......... .......... .......... 11% 3.03M 17m54s
#17 149.4 760450K .......... .......... .......... .......... .......... 11% 24.7M 17m54s
#17 149.4 760500K .......... .......... .......... .......... .......... 11% 3.49M 17m54s
#17 149.4 760550K .......... .......... .......... .......... .......... 11% 3.45M 17m54s
#17 149.4 760600K .......... .......... .......... .......... .......... 11% 25.7M 17m54s
#17 149.4 760650K .......... .......... .......... .......... .......... 11% 4.74M 17m54s
#17 149.4 760700K .......... .......... .......... .......... .......... 11% 7.35M 17m54s
#17 149.4 760750K .......... .......... .......... .......... .......... 11% 9.89M 17m54s
#17 149.4 760800K .......... .......... .......... .......... .......... 11% 12.7M 17m54s
#17 149.4 760850K .......... .......... .......... .......... .......... 11% 3.59M 17m54s
#17 149.4 760900K .......... .......... .......... .......... .......... 11% 9.93M 17m54s
#17 149.4 760950K .......... .......... .......... .......... .......... 11% 5.44M 17m54s
#17 149.5 761000K .......... .......... .......... .......... .......... 11% 63.8M 17m54s
#17 149.5 761050K .......... .......... .......... .......... .......... 11% 6.21M 17m54s
#17 149.5 761100K .......... .......... .......... .......... .......... 11% 9.29M 17m54s
#17 149.5 761150K .......... .......... .......... .......... .......... 11% 2.97M 17m54s
#17 149.5 761200K .......... .......... .......... .......... .......... 11% 8.39M 17m54s
#17 149.5 761250K .......... .......... .......... .......... .......... 11% 5.59M 17m54s
#17 149.5 761300K .......... .......... .......... .......... .......... 11% 5.62M 17m54s
#17 149.5 761350K .......... .......... .......... .......... .......... 11% 6.72M 17m54s
#17 149.5 761400K .......... .......... .......... .......... .......... 11% 6.90M 17m54s
#17 149.5 761450K .......... .......... .......... .......... .......... 11% 5.64M 17m54s
#17 149.5 761500K .......... .......... .......... .......... .......... 11% 20.2M 17m54s
#17 149.5 761550K .......... .......... .......... .......... .......... 11% 8.08M 17m54s
#17 149.5 761600K .......... .......... .......... .......... .......... 11% 6.55M 17m54s
#17 149.5 761650K .......... .......... .......... .......... .......... 11% 8.19M 17m54s
#17 149.6 761700K .......... .......... .......... .......... .......... 11% 4.56M 17m54s
#17 149.6 761750K .......... .......... .......... .......... .......... 11% 5.27M 17m54s
#17 149.6 761800K .......... .......... .......... .......... .......... 11% 5.47M 17m54s
#17 149.6 761850K .......... .......... .......... .......... .......... 11% 7.29M 17m54s
#17 149.6 761900K .......... .......... .......... .......... .......... 11% 7.92M 17m54s
#17 149.6 761950K .......... .......... .......... .......... .......... 11% 8.67M 17m54s
#17 149.6 762000K .......... .......... .......... .......... .......... 11% 4.86M 17m54s
#17 149.6 762050K .......... .......... .......... .......... .......... 11% 8.48M 17m54s
#17 149.6 762100K .......... .......... .......... .......... .......... 11% 2.74M 17m54s
#17 149.6 762150K .......... .......... .......... .......... .......... 11% 7.71M 17m54s
#17 149.6 762200K .......... .......... .......... .......... .......... 11% 8.62M 17m54s
#17 149.6 762250K .......... .......... .......... .......... .......... 11% 5.57M 17m54s
#17 149.7 762300K .......... .......... .......... .......... .......... 11% 6.87M 17m54s
#17 149.7 762350K .......... .......... .......... .......... .......... 11% 3.49M 17m54s
#17 149.7 762400K .......... .......... .......... .......... .......... 11% 7.59M 17m54s
#17 149.7 762450K .......... .......... .......... .......... .......... 11% 4.10M 17m54s
#17 149.7 762500K .......... .......... .......... .......... .......... 11% 13.3M 17m54s
#17 149.7 762550K .......... .......... .......... .......... .......... 11% 13.5M 17m53s
#17 149.7 762600K .......... .......... .......... .......... .......... 11% 7.46M 17m53s
#17 149.7 762650K .......... .......... .......... .......... .......... 11% 4.83M 17m53s
#17 149.7 762700K .......... .......... .......... .......... .......... 11% 6.12M 17m53s
#17 149.7 762750K .......... .......... .......... .......... .......... 11% 8.15M 17m53s
#17 149.7 762800K .......... .......... .......... .......... .......... 11% 16.9M 17m53s
#17 149.7 762850K .......... .......... .......... .......... .......... 11% 5.18M 17m53s
#17 149.7 762900K .......... .......... .......... .......... .......... 11% 8.43M 17m53s
#17 149.7 762950K .......... .......... .......... .......... .......... 11% 6.86M 17m53s
#17 149.8 763000K .......... .......... .......... .......... .......... 11% 6.13M 17m53s
#17 149.8 763050K .......... .......... .......... .......... .......... 11% 6.30M 17m53s
#17 149.8 763100K .......... .......... .......... .......... .......... 11% 4.89M 17m53s
#17 149.8 763150K .......... .......... .......... .......... .......... 11% 8.45M 17m53s
#17 149.8 763200K .......... .......... .......... .......... .......... 11% 5.75M 17m53s
#17 149.8 763250K .......... .......... .......... .......... .......... 11% 10.2M 17m53s
#17 149.8 763300K .......... .......... .......... .......... .......... 11% 1.51M 17m53s
#17 149.8 763350K .......... .......... .......... .......... .......... 11% 3.44M 17m53s
#17 149.8 763400K .......... .......... .......... .......... .......... 11% 7.88M 17m53s
#17 149.9 763450K .......... .......... .......... .......... .......... 11% 4.78M 17m53s
#17 149.9 763500K .......... .......... .......... .......... .......... 11% 7.60M 17m53s
#17 149.9 763550K .......... .......... .......... .......... .......... 11% 7.52M 17m53s
#17 149.9 763600K .......... .......... .......... .......... .......... 11% 6.15M 17m53s
#17 149.9 763650K .......... .......... .......... .......... .......... 11% 6.88M 17m53s
#17 149.9 763700K .......... .......... .......... .......... .......... 11% 77.5M 17m53s
#17 149.9 763750K .......... .......... .......... .......... .......... 11% 6.01M 17m53s
#17 149.9 763800K .......... .......... .......... .......... .......... 11% 4.96M 17m53s
#17 149.9 763850K .......... .......... .......... .......... .......... 11% 4.72M 17m53s
#17 149.9 763900K .......... .......... .......... .......... .......... 11% 6.12M 17m53s
#17 149.9 763950K .......... .......... .......... .......... .......... 11% 7.94M 17m53s
#17 149.9 764000K .......... .......... .......... .......... .......... 11% 5.36M 17m53s
#17 149.9 764050K .......... .......... .......... .......... .......... 11% 8.81M 17m53s
#17 149.9 764100K .......... .......... .......... .......... .......... 11% 6.09M 17m53s
#17 150.0 764150K .......... .......... .......... .......... .......... 11% 8.45M 17m53s
#17 150.0 764200K .......... .......... .......... .......... .......... 11% 6.07M 17m53s
#17 150.0 764250K .......... .......... .......... .......... .......... 11% 7.65M 17m53s
#17 150.0 764300K .......... .......... .......... .......... .......... 11% 8.18M 17m53s
#17 150.0 764350K .......... .......... .......... .......... .......... 11% 5.23M 17m53s
#17 150.0 764400K .......... .......... .......... .......... .......... 11% 13.6M 17m53s
#17 150.0 764450K .......... .......... .......... .......... .......... 11% 5.37M 17m53s
#17 150.0 764500K .......... .......... .......... .......... .......... 11% 8.98M 17m53s
#17 150.0 764550K .......... .......... .......... .......... .......... 11% 4.09M 17m53s
#17 150.0 764600K .......... .......... .......... .......... .......... 11% 4.61M 17m53s
#17 150.0 764650K .......... .......... .......... .......... .......... 11% 12.7M 17m53s
#17 150.0 764700K .......... .......... .......... .......... .......... 11% 12.4M 17m53s
#17 150.0 764750K .......... .......... .......... .......... .......... 11% 7.16M 17m53s
#17 150.0 764800K .......... .......... .......... .......... .......... 11% 8.55M 17m53s
#17 150.1 764850K .......... .......... .......... .......... .......... 11% 5.95M 17m53s
#17 150.1 764900K .......... .......... .......... .......... .......... 11% 7.05M 17m53s
#17 150.1 764950K .......... .......... .......... .......... .......... 11% 6.01M 17m53s
#17 150.1 765000K .......... .......... .......... .......... .......... 11% 4.27M 17m53s
#17 150.1 765050K .......... .......... .......... .......... .......... 11% 6.20M 17m53s
#17 150.1 765100K .......... .......... .......... .......... .......... 11% 29.1M 17m53s
#17 150.1 765150K .......... .......... .......... .......... .......... 11% 5.92M 17m53s
#17 150.1 765200K .......... .......... .......... .......... .......... 11% 30.9M 17m52s
#17 150.1 765250K .......... .......... .......... .......... .......... 11% 7.51M 17m52s
#17 150.1 765300K .......... .......... .......... .......... .......... 11% 4.19M 17m52s
#17 150.1 765350K .......... .......... .......... .......... .......... 11% 7.98M 17m52s
#17 150.1 765400K .......... .......... .......... .......... .......... 11% 4.30M 17m52s
#17 150.1 765450K .......... .......... .......... .......... .......... 11% 8.40M 17m52s
#17 150.2 765500K .......... .......... .......... .......... .......... 11% 5.81M 17m52s
#17 150.2 765550K .......... .......... .......... .......... .......... 11% 3.83M 17m52s
#17 150.2 765600K .......... .......... .......... .......... .......... 11% 9.16M 17m52s
#17 150.2 765650K .......... .......... .......... .......... .......... 11% 5.10M 17m52s
#17 150.2 765700K .......... .......... .......... .......... .......... 11% 43.4M 17m52s
#17 150.2 765750K .......... .......... .......... .......... .......... 11% 6.69M 17m52s
#17 150.2 765800K .......... .......... .......... .......... .......... 11% 5.55M 17m52s
#17 150.2 765850K .......... .......... .......... .......... .......... 11% 52.0M 17m52s
#17 150.2 765900K .......... .......... .......... .......... .......... 11% 5.82M 17m52s
#17 150.2 765950K .......... .......... .......... .......... .......... 11% 9.11M 17m52s
#17 150.2 766000K .......... .......... .......... .......... .......... 11% 6.79M 17m52s
#17 150.2 766050K .......... .......... .......... .......... .......... 11% 7.17M 17m52s
#17 150.2 766100K .......... .......... .......... .......... .......... 11% 5.43M 17m52s
#17 150.2 766150K .......... .......... .......... .......... .......... 11% 3.63M 17m52s
#17 150.3 766200K .......... .......... .......... .......... .......... 11% 3.43M 17m52s
#17 150.3 766250K .......... .......... .......... .......... .......... 11% 81.1M 17m52s
#17 150.3 766300K .......... .......... .......... .......... .......... 11% 5.01M 17m52s
#17 150.3 766350K .......... .......... .......... .......... .......... 11% 28.7M 17m52s
#17 150.3 766400K .......... .......... .......... .......... .......... 11% 22.2M 17m52s
#17 150.3 766450K .......... .......... .......... .......... .......... 11% 39.0M 17m52s
#17 150.3 766500K .......... .......... .......... .......... .......... 11% 6.76M 17m52s
#17 150.3 766550K .......... .......... .......... .......... .......... 11% 8.00M 17m52s
#17 150.3 766600K .......... .......... .......... .......... .......... 11% 3.04M 17m52s
#17 150.3 766650K .......... .......... .......... .......... .......... 11% 5.77M 17m52s
#17 150.3 766700K .......... .......... .......... .......... .......... 11% 8.04M 17m52s
#17 150.3 766750K .......... .......... .......... .......... .......... 11% 4.55M 17m52s
#17 150.3 766800K .......... .......... .......... .......... .......... 11% 3.86M 17m52s
#17 150.3 766850K .......... .......... .......... .......... .......... 11% 9.12M 17m52s
#17 150.4 766900K .......... .......... .......... .......... .......... 11% 8.09M 17m52s
#17 150.4 766950K .......... .......... .......... .......... .......... 11% 30.7M 17m52s
#17 150.4 767000K .......... .......... .......... .......... .......... 11% 4.99M 17m52s
#17 150.4 767050K .......... .......... .......... .......... .......... 11% 7.88M 17m52s
#17 150.4 767100K .......... .......... .......... .......... .......... 11% 9.51M 17m52s
#17 150.4 767150K .......... .......... .......... .......... .......... 11% 5.17M 17m52s
#17 150.4 767200K .......... .......... .......... .......... .......... 11% 4.64M 17m52s
#17 150.4 767250K .......... .......... .......... .......... .......... 11% 7.72M 17m52s
#17 150.4 767300K .......... .......... .......... .......... .......... 11% 10.6M 17m52s
#17 150.4 767350K .......... .......... .......... .......... .......... 11% 3.55M 17m52s
#17 150.4 767400K .......... .......... .......... .......... .......... 11% 3.76M 17m52s
#17 150.4 767450K .......... .......... .......... .......... .......... 11% 9.65M 17m52s
#17 150.4 767500K .......... .......... .......... .......... .......... 11% 8.49M 17m52s
#17 150.5 767550K .......... .......... .......... .......... .......... 11% 15.6M 17m52s
#17 150.5 767600K .......... .......... .......... .......... .......... 11% 4.28M 17m52s
#17 150.5 767650K .......... .......... .......... .......... .......... 11% 3.74M 17m52s
#17 150.5 767700K .......... .......... .......... .......... .......... 11% 14.2M 17m52s
#17 150.5 767750K .......... .......... .......... .......... .......... 11% 30.5M 17m51s
#17 150.5 767800K .......... .......... .......... .......... .......... 11% 21.1M 17m51s
#17 150.5 767850K .......... .......... .......... .......... .......... 11% 7.00M 17m51s
#17 150.5 767900K .......... .......... .......... .......... .......... 11% 4.58M 17m51s
#17 150.5 767950K .......... .......... .......... .......... .......... 11% 9.24M 17m51s
#17 150.5 768000K .......... .......... .......... .......... .......... 11% 10.2M 17m51s
#17 150.5 768050K .......... .......... .......... .......... .......... 11% 3.80M 17m51s
#17 150.5 768100K .......... .......... .......... .......... .......... 11% 11.3M 17m51s
#17 150.5 768150K .......... .......... .......... .......... .......... 11% 2.97M 17m51s
#17 150.5 768200K .......... .......... .......... .......... .......... 11% 3.08M 17m51s
#17 150.6 768250K .......... .......... .......... .......... .......... 11% 43.0M 17m51s
#17 150.6 768300K .......... .......... .......... .......... .......... 11% 7.98M 17m51s
#17 150.6 768350K .......... .......... .......... .......... .......... 11% 24.3M 17m51s
#17 150.6 768400K .......... .......... .......... .......... .......... 11% 2.98M 17m51s
#17 150.6 768450K .......... .......... .......... .......... .......... 11% 62.7M 17m51s
#17 150.6 768500K .......... .......... .......... .......... .......... 11% 21.4M 17m51s
#17 150.6 768550K .......... .......... .......... .......... .......... 11% 7.04M 17m51s
#17 150.6 768600K .......... .......... .......... .......... .......... 11% 9.15M 17m51s
#17 150.6 768650K .......... .......... .......... .......... .......... 11% 6.69M 17m51s
#17 150.6 768700K .......... .......... .......... .......... .......... 11% 7.66M 17m51s
#17 150.6 768750K .......... .......... .......... .......... .......... 11% 4.99M 17m51s
#17 150.6 768800K .......... .......... .......... .......... .......... 11% 5.80M 17m51s
#17 150.6 768850K .......... .......... .......... .......... .......... 11% 8.59M 17m51s
#17 150.6 768900K .......... .......... .......... .......... .......... 11% 2.15M 17m51s
#17 150.7 768950K .......... .......... .......... .......... .......... 11% 38.2M 17m51s
#17 150.7 769000K .......... .......... .......... .......... .......... 11% 39.6M 17m51s
#17 150.7 769050K .......... .......... .......... .......... .......... 11% 57.2M 17m51s
#17 150.7 769100K .......... .......... .......... .......... .......... 11% 12.7M 17m51s
#17 150.7 769150K .......... .......... .......... .......... .......... 11% 5.21M 17m51s
#17 150.7 769200K .......... .......... .......... .......... .......... 11% 8.40M 17m51s
#17 150.7 769250K .......... .......... .......... .......... .......... 11% 3.81M 17m51s
#17 150.7 769300K .......... .......... .......... .......... .......... 11% 7.81M 17m51s
#17 150.7 769350K .......... .......... .......... .......... .......... 11% 7.06M 17m51s
#17 150.7 769400K .......... .......... .......... .......... .......... 11% 4.64M 17m51s
#17 150.7 769450K .......... .......... .......... .......... .......... 11% 7.15M 17m51s
#17 150.7 769500K .......... .......... .......... .......... .......... 11% 6.01M 17m51s
#17 150.7 769550K .......... .......... .......... .......... .......... 11% 27.2M 17m51s
#17 150.7 769600K .......... .......... .......... .......... .......... 11% 6.87M 17m51s
#17 150.7 769650K .......... .......... .......... .......... .......... 11% 5.04M 17m51s
#17 150.8 769700K .......... .......... .......... .......... .......... 11% 10.3M 17m51s
#17 150.8 769750K .......... .......... .......... .......... .......... 11% 4.69M 17m51s
#17 150.8 769800K .......... .......... .......... .......... .......... 11% 5.41M 17m51s
#17 150.8 769850K .......... .......... .......... .......... .......... 11% 4.84M 17m51s
#17 150.8 769900K .......... .......... .......... .......... .......... 11% 19.9M 17m50s
#17 150.8 769950K .......... .......... .......... .......... .......... 11% 4.66M 17m50s
#17 150.8 770000K .......... .......... .......... .......... .......... 11% 4.67M 17m50s
#17 150.8 770050K .......... .......... .......... .......... .......... 11% 7.72M 17m50s
#17 150.8 770100K .......... .......... .......... .......... .......... 11% 7.33M 17m50s
#17 150.8 770150K .......... .......... .......... .......... .......... 11% 13.0M 17m50s
#17 150.8 770200K .......... .......... .......... .......... .......... 11% 3.43M 17m50s
#17 150.8 770250K .......... .......... .......... .......... .......... 11% 32.5M 17m50s
#17 150.8 770300K .......... .......... .......... .......... .......... 11% 4.60M 17m50s
#17 150.9 770350K .......... .......... .......... .......... .......... 11% 4.47M 17m50s
#17 150.9 770400K .......... .......... .......... .......... .......... 11% 4.52M 17m50s
#17 150.9 770450K .......... .......... .......... .......... .......... 11% 39.0M 17m50s
#17 150.9 770500K .......... .......... .......... .......... .......... 11% 4.17M 17m50s
#17 150.9 770550K .......... .......... .......... .......... .......... 11% 7.02M 17m50s
#17 150.9 770600K .......... .......... .......... .......... .......... 11% 5.39M 17m50s
#17 150.9 770650K .......... .......... .......... .......... .......... 11% 4.40M 17m50s
#17 150.9 770700K .......... .......... .......... .......... .......... 11% 37.3M 17m50s
#17 150.9 770750K .......... .......... .......... .......... .......... 11% 67.7M 17m50s
#17 150.9 770800K .......... .......... .......... .......... .......... 11% 5.54M 17m50s
#17 150.9 770850K .......... .......... .......... .......... .......... 11% 3.21M 17m50s
#17 150.9 770900K .......... .......... .......... .......... .......... 11%  121K 17m53s
#17 151.4 770950K .......... .......... .......... .......... .......... 11%  527K 17m54s
#17 151.5 771000K .......... .......... .......... .......... .......... 11% 3.99M 17m54s
#17 151.5 771050K .......... .......... .......... .......... .......... 11% 10.0M 17m54s
#17 151.5 771100K .......... .......... .......... .......... .......... 11% 5.17M 17m54s
#17 151.5 771150K .......... .......... .......... .......... .......... 11% 7.83M 17m54s
#17 151.5 771200K .......... .......... .......... .......... .......... 11% 6.18M 17m54s
#17 151.5 771250K .......... .......... .......... .......... .......... 11% 11.1M 17m54s
#17 151.5 771300K .......... .......... .......... .......... .......... 11% 10.0M 17m54s
#17 151.5 771350K .......... .......... .......... .......... .......... 11% 4.91M 17m54s
#17 151.5 771400K .......... .......... .......... .......... .......... 11% 5.44M 17m54s
#17 151.5 771450K .......... .......... .......... .......... .......... 11% 4.12M 17m54s
#17 151.5 771500K .......... .......... .......... .......... .......... 11% 4.34M 17m54s
#17 151.5 771550K .......... .......... .......... .......... .......... 11% 9.43M 17m54s
#17 151.6 771600K .......... .......... .......... .......... .......... 11% 4.74M 17m54s
#17 151.6 771650K .......... .......... .......... .......... .......... 11% 5.39M 17m54s
#17 151.6 771700K .......... .......... .......... .......... .......... 11% 7.17M 17m54s
#17 151.6 771750K .......... .......... .......... .......... .......... 11% 4.49M 17m54s
#17 151.6 771800K .......... .......... .......... .......... .......... 11% 10.3M 17m54s
#17 151.6 771850K .......... .......... .......... .......... .......... 11% 11.5M 17m54s
#17 151.6 771900K .......... .......... .......... .......... .......... 11% 5.10M 17m54s
#17 151.6 771950K .......... .......... .......... .......... .......... 11% 5.71M 17m54s
#17 151.6 772000K .......... .......... .......... .......... .......... 11% 3.99M 17m54s
#17 151.6 772050K .......... .......... .......... .......... .......... 11% 6.55M 17m54s
#17 151.6 772100K .......... .......... .......... .......... .......... 11% 1.12M 17m54s
#17 151.7 772150K .......... .......... .......... .......... .......... 11% 5.00M 17m54s
#17 151.7 772200K .......... .......... .......... .......... .......... 11% 3.01M 17m54s
#17 151.7 772250K .......... .......... .......... .......... .......... 11% 9.49M 17m54s
#17 151.7 772300K .......... .......... .......... .......... .......... 11% 7.07M 17m54s
#17 151.7 772350K .......... .......... .......... .......... .......... 11% 4.44M 17m54s
#17 151.7 772400K .......... .......... .......... .......... .......... 11% 11.2M 17m54s
#17 151.7 772450K .......... .......... .......... .......... .......... 11% 5.35M 17m54s
#17 151.7 772500K .......... .......... .......... .......... .......... 11% 5.57M 17m54s
#17 151.8 772550K .......... .......... .......... .......... .......... 11% 4.29M 17m54s
#17 151.8 772600K .......... .......... .......... .......... .......... 11% 5.26M 17m54s
#17 151.8 772650K .......... .......... .......... .......... .......... 11% 8.92M 17m54s
#17 151.8 772700K .......... .......... .......... .......... .......... 11% 20.1M 17m54s
#17 151.8 772750K .......... .......... .......... .......... .......... 11% 3.66M 17m54s
#17 151.8 772800K .......... .......... .......... .......... .......... 11% 3.74M 17m54s
#17 151.8 772850K .......... .......... .......... .......... .......... 11% 4.59M 17m54s
#17 151.8 772900K .......... .......... .......... .......... .......... 11% 3.94M 17m54s
#17 151.8 772950K .......... .......... .......... .......... .......... 11% 4.10M 17m54s
#17 151.8 773000K .......... .......... .......... .......... .......... 11% 7.47M 17m54s
#17 151.8 773050K .......... .......... .......... .......... .......... 11% 5.96M 17m54s
#17 151.9 773100K .......... .......... .......... .......... .......... 11% 6.28M 17m54s
#17 151.9 773150K .......... .......... .......... .......... .......... 11% 7.24M 17m54s
#17 151.9 773200K .......... .......... .......... .......... .......... 11% 5.32M 17m54s
#17 151.9 773250K .......... .......... .......... .......... .......... 11% 10.6M 17m54s
#17 151.9 773300K .......... .......... .......... .......... .......... 11% 8.29M 17m54s
#17 151.9 773350K .......... .......... .......... .......... .......... 11% 3.06M 17m54s
#17 151.9 773400K .......... .......... .......... .......... .......... 11% 9.05M 17m54s
#17 151.9 773450K .......... .......... .......... .......... .......... 11% 6.32M 17m54s
#17 151.9 773500K .......... .......... .......... .......... .......... 11% 5.00M 17m54s
#17 151.9 773550K .......... .......... .......... .......... .......... 11% 4.02M 17m54s
#17 151.9 773600K .......... .......... .......... .......... .......... 11% 5.64M 17m54s
#17 152.0 773650K .......... .......... .......... .......... .......... 11% 8.18M 17m54s
#17 152.0 773700K .......... .......... .......... .......... .......... 11% 7.95M 17m54s
#17 152.0 773750K .......... .......... .......... .......... .......... 11% 5.68M 17m54s
#17 152.0 773800K .......... .......... .......... .......... .......... 11% 41.0M 17m54s
#17 152.0 773850K .......... .......... .......... .......... .......... 11% 5.24M 17m54s
#17 152.0 773900K .......... .......... .......... .......... .......... 11% 6.35M 17m53s
#17 152.0 773950K .......... .......... .......... .......... .......... 11% 4.29M 17m54s
#17 152.0 774000K .......... .......... .......... .......... .......... 11% 13.0M 17m53s
#17 152.0 774050K .......... .......... .......... .......... .......... 11% 9.01M 17m53s
#17 152.0 774100K .......... .......... .......... .......... .......... 11% 6.20M 17m53s
#17 152.0 774150K .......... .......... .......... .......... .......... 11% 8.24M 17m53s
#17 152.0 774200K .......... .......... .......... .......... .......... 11% 2.58M 17m53s
#17 152.0 774250K .......... .......... .......... .......... .......... 11% 11.2M 17m53s
#17 152.0 774300K .......... .......... .......... .......... .......... 11% 6.81M 17m53s
#17 152.1 774350K .......... .......... .......... .......... .......... 11% 7.66M 17m53s
#17 152.1 774400K .......... .......... .......... .......... .......... 11% 4.89M 17m53s
#17 152.1 774450K .......... .......... .......... .......... .......... 11% 46.9M 17m53s
#17 152.1 774500K .......... .......... .......... .......... .......... 11% 3.69M 17m53s
#17 152.1 774550K .......... .......... .......... .......... .......... 11% 3.45M 17m53s
#17 152.1 774600K .......... .......... .......... .......... .......... 11% 8.67M 17m53s
#17 152.1 774650K .......... .......... .......... .......... .......... 11% 9.90M 17m53s
#17 152.1 774700K .......... .......... .......... .......... .......... 11% 4.82M 17m53s
#17 152.1 774750K .......... .......... .......... .......... .......... 11% 6.20M 17m53s
#17 152.1 774800K .......... .......... .......... .......... .......... 11% 3.44M 17m53s
#17 152.1 774850K .......... .......... .......... .......... .......... 11% 9.79M 17m53s
#17 152.1 774900K .......... .......... .......... .......... .......... 11% 4.14M 17m53s
#17 152.2 774950K .......... .......... .......... .......... .......... 11% 2.94M 17m53s
#17 152.2 775000K .......... .......... .......... .......... .......... 11% 2.70M 17m53s
#17 152.2 775050K .......... .......... .......... .......... .......... 11% 9.01M 17m53s
#17 152.2 775100K .......... .......... .......... .......... .......... 11% 5.79M 17m53s
#17 152.2 775150K .......... .......... .......... .......... .......... 11% 28.5M 17m53s
#17 152.2 775200K .......... .......... .......... .......... .......... 11% 14.9M 17m53s
#17 152.2 775250K .......... .......... .......... .......... .......... 11% 25.5M 17m53s
#17 152.2 775300K .......... .......... .......... .......... .......... 11% 5.43M 17m53s
#17 152.2 775350K .......... .......... .......... .......... .......... 11% 15.0M 17m53s
#17 152.2 775400K .......... .......... .......... .......... .......... 11% 5.63M 17m53s
#17 152.2 775450K .......... .......... .......... .......... .......... 11% 9.90M 17m53s
#17 152.2 775500K .......... .......... .......... .......... .......... 11% 4.49M 17m53s
#17 152.2 775550K .......... .......... .......... .......... .......... 11% 5.37M 17m53s
#17 152.3 775600K .......... .......... .......... .......... .......... 11% 6.46M 17m53s
#17 152.3 775650K .......... .......... .......... .......... .......... 11% 7.49M 17m53s
#17 152.3 775700K .......... .......... .......... .......... .......... 11% 4.57M 17m53s
#17 152.3 775750K .......... .......... .......... .......... .......... 11% 8.77M 17m53s
#17 152.3 775800K .......... .......... .......... .......... .......... 11% 4.94M 17m53s
#17 152.3 775850K .......... .......... .......... .......... .......... 11% 4.66M 17m53s
#17 152.3 775900K .......... .......... .......... .......... .......... 11% 11.6M 17m53s
#17 152.3 775950K .......... .......... .......... .......... .......... 11% 9.30M 17m53s
#17 152.3 776000K .......... .......... .......... .......... .......... 11% 6.01M 17m53s
#17 152.3 776050K .......... .......... .......... .......... .......... 11% 5.66M 17m53s
#17 152.3 776100K .......... .......... .......... .......... .......... 11% 12.7M 17m53s
#17 152.3 776150K .......... .......... .......... .......... .......... 11% 4.56M 17m53s
#17 152.4 776200K .......... .......... .......... .......... .......... 11% 15.4M 17m53s
#17 152.4 776250K .......... .......... .......... .......... .......... 11% 5.98M 17m53s
#17 152.4 776300K .......... .......... .......... .......... .......... 11% 2.55M 17m53s
#17 152.4 776350K .......... .......... .......... .......... .......... 11% 5.97M 17m53s
#17 152.4 776400K .......... .......... .......... .......... .......... 11% 29.7M 17m53s
#17 152.4 776450K .......... .......... .......... .......... .......... 11% 3.14M 17m53s
#17 152.4 776500K .......... .......... .......... .......... .......... 11% 9.71M 17m53s
#17 152.4 776550K .......... .......... .......... .......... .......... 11% 2.43M 17m53s
#17 152.4 776600K .......... .......... .......... .......... .......... 11% 10.7M 17m53s
#17 152.4 776650K .......... .......... .......... .......... .......... 11% 11.8M 17m53s
#17 152.4 776700K .......... .......... .......... .......... .......... 11% 10.6M 17m53s
#17 152.4 776750K .......... .......... .......... .......... .......... 11% 5.99M 17m53s
#17 152.5 776800K .......... .......... .......... .......... .......... 11% 36.4M 17m53s
#17 152.5 776850K .......... .......... .......... .......... .......... 11% 3.98M 17m53s
#17 152.5 776900K .......... .......... .......... .......... .......... 11% 3.75M 17m53s
#17 152.5 776950K .......... .......... .......... .......... .......... 11% 4.36M 17m53s
#17 152.5 777000K .......... .......... .......... .......... .......... 11% 11.6M 17m53s
#17 152.5 777050K .......... .......... .......... .......... .......... 11% 4.60M 17m53s
#17 152.5 777100K .......... .......... .......... .......... .......... 11% 6.99M 17m53s
#17 152.5 777150K .......... .......... .......... .......... .......... 11% 5.62M 17m53s
#17 152.5 777200K .......... .......... .......... .......... .......... 11% 4.98M 17m53s
#17 152.5 777250K .......... .......... .......... .......... .......... 11% 6.53M 17m53s
#17 152.5 777300K .......... .......... .......... .......... .......... 11% 8.18M 17m52s
#17 152.5 777350K .......... .......... .......... .......... .......... 11% 3.57M 17m53s
#17 152.6 777400K .......... .......... .......... .......... .......... 11% 6.12M 17m52s
#17 152.6 777450K .......... .......... .......... .......... .......... 11% 4.90M 17m52s
#17 152.6 777500K .......... .......... .......... .......... .......... 11% 14.0M 17m52s
#17 152.6 777550K .......... .......... .......... .......... .......... 11% 4.55M 17m52s
#17 152.6 777600K .......... .......... .......... .......... .......... 11% 8.38M 17m52s
#17 152.6 777650K .......... .......... .......... .......... .......... 11% 6.75M 17m52s
#17 152.6 777700K .......... .......... .......... .......... .......... 11% 5.69M 17m52s
#17 152.6 777750K .......... .......... .......... .......... .......... 11% 9.89M 17m52s
#17 152.6 777800K .......... .......... .......... .......... .......... 11% 4.57M 17m52s
#17 152.6 777850K .......... .......... .......... .......... .......... 11% 6.57M 17m52s
#17 152.6 777900K .......... .......... .......... .......... .......... 11% 7.16M 17m52s
#17 152.6 777950K .......... .......... .......... .......... .......... 11% 3.87M 17m52s
#17 152.7 778000K .......... .......... .......... .......... .......... 11% 6.20M 17m52s
#17 152.7 778050K .......... .......... .......... .......... .......... 11% 3.12M 17m52s
#17 152.7 778100K .......... .......... .......... .......... .......... 11% 4.25M 17m52s
#17 152.7 778150K .......... .......... .......... .......... .......... 11% 11.5M 17m52s
#17 152.7 778200K .......... .......... .......... .......... .......... 11% 6.45M 17m52s
#17 152.7 778250K .......... .......... .......... .......... .......... 11% 6.74M 17m52s
#17 152.7 778300K .......... .......... .......... .......... .......... 11% 3.99M 17m52s
#17 152.7 778350K .......... .......... .......... .......... .......... 11% 10.1M 17m52s
#17 152.7 778400K .......... .......... .......... .......... .......... 11% 7.53M 17m52s
#17 152.7 778450K .......... .......... .......... .......... .......... 11% 4.50M 17m52s
#17 152.7 778500K .......... .......... .......... .......... .......... 11% 4.66M 17m52s
#17 152.8 778550K .......... .......... .......... .......... .......... 11% 3.64M 17m52s
#17 152.8 778600K .......... .......... .......... .......... .......... 11% 4.26M 17m52s
#17 152.8 778650K .......... .......... .......... .......... .......... 11% 6.61M 17m52s
#17 152.8 778700K .......... .......... .......... .......... .......... 11% 5.44M 17m52s
#17 152.8 778750K .......... .......... .......... .......... .......... 11% 5.85M 17m52s
#17 152.8 778800K .......... .......... .......... .......... .......... 11% 4.48M 17m52s
#17 152.8 778850K .......... .......... .......... .......... .......... 11% 4.34M 17m52s
#17 152.8 778900K .......... .......... .......... .......... .......... 11% 4.89M 17m52s
#17 152.8 778950K .......... .......... .......... .......... .......... 11% 4.90M 17m52s
#17 152.8 779000K .......... .......... .......... .......... .......... 11% 6.40M 17m52s
#17 152.9 779050K .......... .......... .......... .......... .......... 11% 4.08M 17m52s
#17 152.9 779100K .......... .......... .......... .......... .......... 11% 2.80M 17m52s
#17 152.9 779150K .......... .......... .......... .......... .......... 11% 5.87M 17m52s
#17 152.9 779200K .......... .......... .......... .......... .......... 11% 7.25M 17m52s
#17 152.9 779250K .......... .......... .......... .......... .......... 11% 4.73M 17m52s
#17 152.9 779300K .......... .......... .......... .......... .......... 11% 5.95M 17m52s
#17 152.9 779350K .......... .......... .......... .......... .......... 11% 4.22M 17m52s
#17 152.9 779400K .......... .......... .......... .......... .......... 11% 3.64M 17m52s
#17 152.9 779450K .......... .......... .......... .......... .......... 11% 3.94M 17m52s
#17 153.0 779500K .......... .......... .......... .......... .......... 11% 3.77M 17m52s
#17 153.0 779550K .......... .......... .......... .......... .......... 11% 3.21M 17m52s
#17 153.0 779600K .......... .......... .......... .......... .......... 11% 7.71M 17m52s
#17 153.0 779650K .......... .......... .......... .......... .......... 11% 5.12M 17m52s
#17 153.0 779700K .......... .......... .......... .......... .......... 11% 6.59M 17m52s
#17 153.0 779750K .......... .......... .......... .......... .......... 11% 3.52M 17m52s
#17 153.0 779800K .......... .......... .......... .......... .......... 11% 6.35M 17m52s
#17 153.0 779850K .......... .......... .......... .......... .......... 11% 6.54M 17m52s
#17 153.0 779900K .......... .......... .......... .......... .......... 11% 4.17M 17m52s
#17 153.0 779950K .......... .......... .......... .......... .......... 11% 5.39M 17m52s
#17 153.1 780000K .......... .......... .......... .......... .......... 11% 6.38M 17m52s
#17 153.1 780050K .......... .......... .......... .......... .......... 11% 5.61M 17m52s
#17 153.1 780100K .......... .......... .......... .......... .......... 11% 8.86M 17m52s
#17 153.1 780150K .......... .......... .......... .......... .......... 11% 3.79M 17m52s
#17 153.1 780200K .......... .......... .......... .......... .......... 11% 8.14M 17m52s
#17 153.1 780250K .......... .......... .......... .......... .......... 11% 1.01M 17m53s
#17 153.1 780300K .......... .......... .......... .......... .......... 11% 2.53M 17m53s
#17 153.2 780350K .......... .......... .......... .......... .......... 11% 3.27M 17m53s
#17 153.2 780400K .......... .......... .......... .......... .......... 11% 2.60M 17m53s
#17 153.2 780450K .......... .......... .......... .......... .......... 11% 2.77M 17m53s
#17 153.2 780500K .......... .......... .......... .......... .......... 11% 16.1M 17m53s
#17 153.2 780550K .......... .......... .......... .......... .......... 11% 4.82M 17m53s
#17 153.2 780600K .......... .......... .......... .......... .......... 11% 29.9M 17m53s
#17 153.2 780650K .......... .......... .......... .......... .......... 11% 5.41M 17m53s
#17 153.2 780700K .......... .......... .......... .......... .......... 11% 9.44M 17m53s
#17 153.2 780750K .......... .......... .......... .......... .......... 11% 3.67M 17m53s
#17 153.3 780800K .......... .......... .......... .......... .......... 11% 16.8M 17m53s
#17 153.3 780850K .......... .......... .......... .......... .......... 11% 51.9M 17m52s
#17 153.3 780900K .......... .......... .......... .......... .......... 11% 63.0M 17m52s
#17 153.3 780950K .......... .......... .......... .......... .......... 11% 3.43M 17m52s
#17 153.3 781000K .......... .......... .......... .......... .......... 11% 18.0M 17m52s
#17 153.3 781050K .......... .......... .......... .......... .......... 11% 12.6M 17m52s
#17 153.3 781100K .......... .......... .......... .......... .......... 11% 6.09M 17m52s
#17 153.3 781150K .......... .......... .......... .......... .......... 11% 2.50M 17m52s
#17 153.3 781200K .......... .......... .......... .......... .......... 11% 21.9M 17m52s
#17 153.3 781250K .......... .......... .......... .......... .......... 11% 7.15M 17m52s
#17 153.3 781300K .......... .......... .......... .......... .......... 11% 6.00M 17m52s
#17 153.3 781350K .......... .......... .......... .......... .......... 11% 3.51M 17m52s
#17 153.3 781400K .......... .......... .......... .......... .......... 11% 6.63M 17m52s
#17 153.3 781450K .......... .......... .......... .......... .......... 11% 1.85M 17m52s
#17 153.4 781500K .......... .......... .......... .......... .......... 11% 4.19M 17m52s
#17 153.4 781550K .......... .......... .......... .......... .......... 11% 5.33M 17m52s
#17 153.4 781600K .......... .......... .......... .......... .......... 11% 3.80M 17m52s
#17 153.4 781650K .......... .......... .......... .......... .......... 11% 10.6M 17m52s
#17 153.4 781700K .......... .......... .......... .......... .......... 11% 3.14M 17m52s
#17 153.4 781750K .......... .......... .......... .......... .......... 11% 4.08M 17m52s
#17 153.4 781800K .......... .......... .......... .......... .......... 11% 8.54M 17m52s
#17 153.4 781850K .......... .......... .......... .......... .......... 11% 5.64M 17m52s
#17 153.5 781900K .......... .......... .......... .......... .......... 11% 7.21M 17m52s
#17 153.5 781950K .......... .......... .......... .......... .......... 11% 3.50M 17m52s
#17 153.5 782000K .......... .......... .......... .......... .......... 11% 26.4M 17m52s
#17 153.5 782050K .......... .......... .......... .......... .......... 11% 6.33M 17m52s
#17 153.5 782100K .......... .......... .......... .......... .......... 11% 9.31M 17m52s
#17 153.5 782150K .......... .......... .......... .......... .......... 11% 3.92M 17m52s
#17 153.5 782200K .......... .......... .......... .......... .......... 11% 5.87M 17m52s
#17 153.5 782250K .......... .......... .......... .......... .......... 11% 4.07M 17m52s
#17 153.5 782300K .......... .......... .......... .......... .......... 11% 6.23M 17m52s
#17 153.5 782350K .......... .......... .......... .......... .......... 11% 4.65M 17m52s
#17 153.5 782400K .......... .......... .......... .......... .......... 11% 5.15M 17m52s
#17 153.6 782450K .......... .......... .......... .......... .......... 11% 3.69M 17m52s
#17 153.6 782500K .......... .......... .......... .......... .......... 11% 6.81M 17m52s
#17 153.6 782550K .......... .......... .......... .......... .......... 11% 4.30M 17m52s
#17 153.6 782600K .......... .......... .......... .......... .......... 11% 5.95M 17m52s
#17 153.6 782650K .......... .......... .......... .......... .......... 11% 3.93M 17m52s
#17 153.6 782700K .......... .......... .......... .......... .......... 11% 5.28M 17m52s
#17 153.6 782750K .......... .......... .......... .......... .......... 11% 4.01M 17m52s
#17 153.6 782800K .......... .......... .......... .......... .......... 11% 5.53M 17m52s
#17 153.6 782850K .......... .......... .......... .......... .......... 11% 15.6M 17m52s
#17 153.6 782900K .......... .......... .......... .......... .......... 11% 5.27M 17m52s
#17 153.6 782950K .......... .......... .......... .......... .......... 11% 3.16M 17m52s
#17 153.7 783000K .......... .......... .......... .......... .......... 11% 6.27M 17m52s
#17 153.7 783050K .......... .......... .......... .......... .......... 11% 9.27M 17m52s
#17 153.7 783100K .......... .......... .......... .......... .......... 11% 4.95M 17m52s
#17 153.7 783150K .......... .......... .......... .......... .......... 11% 6.90M 17m52s
#17 153.7 783200K .......... .......... .......... .......... .......... 11% 5.41M 17m52s
#17 153.7 783250K .......... .......... .......... .......... .......... 11% 4.39M 17m52s
#17 153.7 783300K .......... .......... .......... .......... .......... 11% 3.10M 17m52s
#17 153.7 783350K .......... .......... .......... .......... .......... 11% 3.12M 17m52s
#17 153.7 783400K .......... .......... .......... .......... .......... 11% 4.49M 17m52s
#17 153.8 783450K .......... .......... .......... .......... .......... 11% 15.0M 17m52s
#17 153.8 783500K .......... .......... .......... .......... .......... 11% 23.4M 17m52s
#17 153.8 783550K .......... .......... .......... .......... .......... 11% 7.88M 17m52s
#17 153.8 783600K .......... .......... .......... .......... .......... 11% 3.69M 17m52s
#17 153.8 783650K .......... .......... .......... .......... .......... 11% 3.56M 17m52s
#17 153.8 783700K .......... .......... .......... .......... .......... 11% 8.05M 17m52s
#17 153.8 783750K .......... .......... .......... .......... .......... 11% 3.50M 17m52s
#17 153.8 783800K .......... .......... .......... .......... .......... 11% 5.29M 17m52s
#17 153.8 783850K .......... .......... .......... .......... .......... 11% 26.1M 17m52s
#17 153.8 783900K .......... .......... .......... .......... .......... 11% 6.84M 17m52s
#17 153.8 783950K .......... .......... .......... .......... .......... 11% 4.57M 17m52s
#17 153.8 784000K .......... .......... .......... .......... .......... 11% 13.9M 17m52s
#17 153.8 784050K .......... .......... .......... .......... .......... 11% 8.48M 17m52s
#17 153.8 784100K .......... .......... .......... .......... .......... 11% 5.22M 17m52s
#17 153.9 784150K .......... .......... .......... .......... .......... 11% 4.09M 17m52s
#17 153.9 784200K .......... .......... .......... .......... .......... 11% 9.17M 17m52s
#17 153.9 784250K .......... .......... .......... .......... .......... 11% 4.95M 17m52s
#17 153.9 784300K .......... .......... .......... .......... .......... 11% 4.61M 17m52s
#17 153.9 784350K .......... .......... .......... .......... .......... 11% 3.61M 17m52s
#17 153.9 784400K .......... .......... .......... .......... .......... 11% 5.81M 17m52s
#17 153.9 784450K .......... .......... .......... .......... .......... 11% 1.69M 17m52s
#17 153.9 784500K .......... .......... .......... .......... .......... 11% 44.2M 17m52s
#17 153.9 784550K .......... .......... .......... .......... .......... 11% 3.27M 17m52s
#17 154.0 784600K .......... .......... .......... .......... .......... 11% 9.00M 17m52s
#17 154.0 784650K .......... .......... .......... .......... .......... 11% 3.28M 17m52s
#17 154.0 784700K .......... .......... .......... .......... .......... 11% 3.77M 17m52s
#17 154.0 784750K .......... .......... .......... .......... .......... 11% 5.30M 17m52s
#17 154.0 784800K .......... .......... .......... .......... .......... 11% 44.0M 17m52s
#17 154.0 784850K .......... .......... .......... .......... .......... 11% 15.8M 17m52s
#17 154.0 784900K .......... .......... .......... .......... .......... 11% 3.64M 17m52s
#17 154.0 784950K .......... .......... .......... .......... .......... 11% 10.6M 17m52s
#17 154.0 785000K .......... .......... .......... .......... .......... 11% 23.1M 17m52s
#17 154.0 785050K .......... .......... .......... .......... .......... 11% 94.2M 17m52s
#17 154.0 785100K .......... .......... .......... .......... .......... 11% 98.9M 17m52s
#17 154.0 785150K .......... .......... .......... .......... .......... 11% 34.4M 17m52s
#17 154.0 785200K .......... .......... .......... .......... .......... 11% 5.45M 17m52s
#17 154.0 785250K .......... .......... .......... .......... .......... 11% 8.41M 17m52s
#17 154.1 785300K .......... .......... .......... .......... .......... 11% 4.46M 17m52s
#17 154.1 785350K .......... .......... .......... .......... .......... 11% 4.84M 17m52s
#17 154.1 785400K .......... .......... .......... .......... .......... 11% 10.6M 17m52s
#17 154.1 785450K .......... .......... .......... .......... .......... 11% 3.96M 17m52s
#17 154.1 785500K .......... .......... .......... .......... .......... 11% 8.04M 17m52s
#17 154.1 785550K .......... .......... .......... .......... .......... 11% 2.96M 17m52s
#17 154.1 785600K .......... .......... .......... .......... .......... 11% 8.55M 17m52s
#17 154.1 785650K .......... .......... .......... .......... .......... 11% 6.65M 17m52s
#17 154.1 785700K .......... .......... .......... .......... .......... 11% 6.80M 17m52s
#17 154.1 785750K .......... .......... .......... .......... .......... 11% 4.83M 17m52s
#17 154.1 785800K .......... .......... .......... .......... .......... 11% 5.12M 17m52s
#17 154.1 785850K .......... .......... .......... .......... .......... 11% 6.84M 17m52s
#17 154.2 785900K .......... .......... .......... .......... .......... 11% 6.44M 17m52s
#17 154.2 785950K .......... .......... .......... .......... .......... 11% 36.4M 17m51s
#17 154.2 786000K .......... .......... .......... .......... .......... 11% 3.22M 17m52s
#17 154.2 786050K .......... .......... .......... .......... .......... 11% 10.3M 17m51s
#17 154.2 786100K .......... .......... .......... .......... .......... 11% 5.24M 17m51s
#17 154.2 786150K .......... .......... .......... .......... .......... 11% 4.49M 17m51s
#17 154.2 786200K .......... .......... .......... .......... .......... 11% 33.7M 17m51s
#17 154.2 786250K .......... .......... .......... .......... .......... 11% 4.34M 17m51s
#17 154.2 786300K .......... .......... .......... .......... .......... 11% 3.94M 17m51s
#17 154.2 786350K .......... .......... .......... .......... .......... 11% 7.60M 17m51s
#17 154.2 786400K .......... .......... .......... .......... .......... 11% 3.64M 17m51s
#17 154.2 786450K .......... .......... .......... .......... .......... 11% 3.59M 17m51s
#17 154.3 786500K .......... .......... .......... .......... .......... 11% 6.02M 17m51s
#17 154.3 786550K .......... .......... .......... .......... .......... 11% 3.26M 17m51s
#17 154.3 786600K .......... .......... .......... .......... .......... 11% 25.9M 17m51s
#17 154.3 786650K .......... .......... .......... .......... .......... 11% 5.39M 17m51s
#17 154.3 786700K .......... .......... .......... .......... .......... 11% 16.0M 17m51s
#17 154.3 786750K .......... .......... .......... .......... .......... 11% 4.05M 17m51s
#17 154.3 786800K .......... .......... .......... .......... .......... 11% 18.5M 17m51s
#17 154.3 786850K .......... .......... .......... .......... .......... 11% 4.07M 17m51s
#17 154.3 786900K .......... .......... .......... .......... .......... 11% 8.52M 17m51s
#17 154.3 786950K .......... .......... .......... .......... .......... 11% 6.92M 17m51s
#17 154.3 787000K .......... .......... .......... .......... .......... 11% 4.15M 17m51s
#17 154.4 787050K .......... .......... .......... .......... .......... 11% 6.70M 17m51s
#17 154.4 787100K .......... .......... .......... .......... .......... 11% 4.33M 17m51s
#17 154.4 787150K .......... .......... .......... .......... .......... 11% 32.5M 17m51s
#17 154.4 787200K .......... .......... .......... .......... .......... 11% 5.89M 17m51s
#17 154.4 787250K .......... .......... .......... .......... .......... 11% 6.29M 17m51s
#17 154.4 787300K .......... .......... .......... .......... .......... 11% 2.44M 17m51s
#17 154.4 787350K .......... .......... .......... .......... .......... 11% 3.70M 17m51s
#17 154.4 787400K .......... .......... .......... .......... .......... 11% 13.5M 17m51s
#17 154.4 787450K .......... .......... .......... .......... .......... 11% 2.08M 17m51s
#17 154.5 787500K .......... .......... .......... .......... .......... 11% 22.3M 17m51s
#17 154.5 787550K .......... .......... .......... .......... .......... 11% 6.93M 17m51s
#17 154.5 787600K .......... .......... .......... .......... .......... 11% 24.0M 17m51s
#17 154.5 787650K .......... .......... .......... .......... .......... 11% 2.64M 17m51s
#17 154.5 787700K .......... .......... .......... .......... .......... 11% 12.7M 17m51s
#17 154.5 787750K .......... .......... .......... .......... .......... 11% 8.35M 17m51s
#17 154.5 787800K .......... .......... .......... .......... .......... 11% 7.28M 17m51s
#17 154.5 787850K .......... .......... .......... .......... .......... 11% 3.53M 17m51s
#17 154.5 787900K .......... .......... .......... .......... .......... 11% 22.2M 17m51s
#17 154.5 787950K .......... .......... .......... .......... .......... 11% 2.93M 17m51s
#17 154.5 788000K .......... .......... .......... .......... .......... 11% 4.39M 17m51s
#17 154.5 788050K .......... .......... .......... .......... .......... 11% 7.27M 17m51s
#17 154.5 788100K .......... .......... .......... .......... .......... 11% 3.67M 17m51s
#17 154.6 788150K .......... .......... .......... .......... .......... 11% 25.4M 17m51s
#17 154.6 788200K .......... .......... .......... .......... .......... 11% 4.59M 17m51s
#17 154.6 788250K .......... .......... .......... .......... .......... 11% 5.29M 17m51s
#17 154.6 788300K .......... .......... .......... .......... .......... 11% 6.29M 17m51s
#17 154.6 788350K .......... .......... .......... .......... .......... 11% 5.18M 17m51s
#17 154.6 788400K .......... .......... .......... .......... .......... 11% 10.6M 17m51s
#17 154.6 788450K .......... .......... .......... .......... .......... 11% 4.32M 17m51s
#17 154.6 788500K .......... .......... .......... .......... .......... 11% 4.64M 17m51s
#17 154.6 788550K .......... .......... .......... .......... .......... 11% 8.07M 17m51s
#17 154.6 788600K .......... .......... .......... .......... .......... 11% 5.28M 17m51s
#17 154.6 788650K .......... .......... .......... .......... .......... 11% 3.60M 17m51s
#17 154.7 788700K .......... .......... .......... .......... .......... 11% 4.54M 17m51s
#17 154.7 788750K .......... .......... .......... .......... .......... 11% 15.6M 17m51s
#17 154.7 788800K .......... .......... .......... .......... .......... 11% 3.65M 17m51s
#17 154.7 788850K .......... .......... .......... .......... .......... 11% 9.07M 17m51s
#17 154.7 788900K .......... .......... .......... .......... .......... 11% 3.67M 17m51s
#17 154.7 788950K .......... .......... .......... .......... .......... 11% 4.36M 17m51s
#17 154.7 789000K .......... .......... .......... .......... .......... 11% 91.7M 17m51s
#17 154.7 789050K .......... .......... .......... .......... .......... 11% 3.46M 17m51s
#17 154.7 789100K .......... .......... .......... .......... .......... 11% 5.57M 17m51s
#17 154.7 789150K .......... .......... .......... .......... .......... 11% 6.46M 17m51s
#17 154.7 789200K .......... .......... .......... .......... .......... 11% 6.30M 17m51s
#17 154.7 789250K .......... .......... .......... .......... .......... 11% 7.27M 17m51s
#17 154.8 789300K .......... .......... .......... .......... .......... 11% 4.42M 17m51s
#17 154.8 789350K .......... .......... .......... .......... .......... 11% 6.90M 17m51s
#17 154.8 789400K .......... .......... .......... .......... .......... 11% 3.91M 17m51s
#17 154.8 789450K .......... .......... .......... .......... .......... 11% 3.70M 17m51s
#17 154.8 789500K .......... .......... .......... .......... .......... 11% 6.51M 17m51s
#17 154.8 789550K .......... .......... .......... .......... .......... 11% 4.22M 17m51s
#17 154.8 789600K .......... .......... .......... .......... .......... 11% 7.26M 17m51s
#17 154.8 789650K .......... .......... .......... .......... .......... 11% 7.16M 17m51s
#17 154.8 789700K .......... .......... .......... .......... .......... 11% 4.37M 17m51s
#17 154.8 789750K .......... .......... .......... .......... .......... 11% 7.03M 17m51s
#17 154.9 789800K .......... .......... .......... .......... .......... 11% 3.69M 17m51s
#17 154.9 789850K .......... .......... .......... .......... .......... 11% 5.30M 17m51s
#17 154.9 789900K .......... .......... .......... .......... .......... 11% 10.7M 17m51s
#17 154.9 789950K .......... .......... .......... .......... .......... 11% 6.89M 17m51s
#17 154.9 790000K .......... .......... .......... .......... .......... 11% 5.43M 17m51s
#17 154.9 790050K .......... .......... .......... .......... .......... 11% 3.73M 17m51s
#17 154.9 790100K .......... .......... .......... .......... .......... 11% 4.40M 17m51s
#17 154.9 790150K .......... .......... .......... .......... .......... 11% 7.32M 17m51s
#17 154.9 790200K .......... .......... .......... .......... .......... 11% 3.18M 17m51s
#17 154.9 790250K .......... .......... .......... .......... .......... 11% 6.79M 17m51s
#17 154.9 790300K .......... .......... .......... .......... .......... 11% 4.84M 17m51s
#17 155.0 790350K .......... .......... .......... .......... .......... 11% 8.53M 17m51s
#17 155.0 790400K .......... .......... .......... .......... .......... 11% 6.70M 17m51s
#17 155.0 790450K .......... .......... .......... .......... .......... 11% 3.44M 17m51s
#17 155.0 790500K .......... .......... .......... .......... .......... 11% 8.54M 17m51s
#17 155.0 790550K .......... .......... .......... .......... .......... 11% 4.26M 17m51s
#17 155.0 790600K .......... .......... .......... .......... .......... 11% 4.53M 17m51s
#17 155.0 790650K .......... .......... .......... .......... .......... 11% 2.73M 17m51s
#17 155.0 790700K .......... .......... .......... .......... .......... 11% 7.89M 17m51s
#17 155.0 790750K .......... .......... .......... .......... .......... 11% 4.61M 17m51s
#17 155.0 790800K .......... .......... .......... .......... .......... 11% 8.16M 17m51s
#17 155.1 790850K .......... .......... .......... .......... .......... 11% 6.75M 17m51s
#17 155.1 790900K .......... .......... .......... .......... .......... 11% 6.67M 17m51s
#17 155.1 790950K .......... .......... .......... .......... .......... 11% 6.34M 17m51s
#17 155.1 791000K .......... .......... .......... .......... .......... 11% 6.59M 17m51s
#17 155.1 791050K .......... .......... .......... .......... .......... 11% 3.98M 17m51s
#17 155.1 791100K .......... .......... .......... .......... .......... 11% 5.71M 17m51s
#17 155.1 791150K .......... .......... .......... .......... .......... 11% 5.63M 17m51s
#17 155.1 791200K .......... .......... .......... .......... .......... 11% 3.78M 17m51s
#17 155.1 791250K .......... .......... .......... .......... .......... 11% 4.82M 17m51s
#17 155.1 791300K .......... .......... .......... .......... .......... 11% 7.77M 17m51s
#17 155.1 791350K .......... .......... .......... .......... .......... 11% 4.12M 17m51s
#17 155.2 791400K .......... .......... .......... .......... .......... 11% 9.44M 17m51s
#17 155.2 791450K .......... .......... .......... .......... .......... 11% 3.63M 17m51s
#17 155.2 791500K .......... .......... .......... .......... .......... 11% 4.20M 17m51s
#17 155.2 791550K .......... .......... .......... .......... .......... 11% 51.3M 17m51s
#17 155.2 791600K .......... .......... .......... .......... .......... 11% 3.25M 17m51s
#17 155.2 791650K .......... .......... .......... .......... .......... 11% 3.62M 17m51s
#17 155.2 791700K .......... .......... .......... .......... .......... 11% 3.32M 17m51s
#17 155.2 791750K .......... .......... .......... .......... .......... 11% 11.6M 17m51s
#17 155.2 791800K .......... .......... .......... .......... .......... 11% 4.29M 17m51s
#17 155.2 791850K .......... .......... .......... .......... .......... 11% 2.66M 17m51s
#17 155.3 791900K .......... .......... .......... .......... .......... 11% 8.09M 17m51s
#17 155.3 791950K .......... .......... .......... .......... .......... 11% 4.22M 17m51s
#17 155.3 792000K .......... .......... .......... .......... .......... 11% 5.62M 17m51s
#17 155.3 792050K .......... .......... .......... .......... .......... 11% 7.67M 17m51s
#17 155.3 792100K .......... .......... .......... .......... .......... 11% 2.64M 17m51s
#17 155.3 792150K .......... .......... .......... .......... .......... 11% 4.42M 17m51s
#17 155.3 792200K .......... .......... .......... .......... .......... 11% 8.01M 17m51s
#17 155.3 792250K .......... .......... .......... .......... .......... 11% 17.4M 17m51s
#17 155.3 792300K .......... .......... .......... .......... .......... 11% 6.40M 17m51s
#17 155.3 792350K .......... .......... .......... .......... .......... 11% 11.1M 17m51s
#17 155.3 792400K .......... .......... .......... .......... .......... 11% 5.63M 17m51s
#17 155.4 792450K .......... .......... .......... .......... .......... 11% 5.26M 17m51s
#17 155.4 792500K .......... .......... .......... .......... .......... 11% 5.19M 17m51s
#17 155.4 792550K .......... .......... .......... .......... .......... 11% 6.61M 17m51s
#17 155.4 792600K .......... .......... .......... .......... .......... 11% 3.70M 17m51s
#17 155.4 792650K .......... .......... .......... .......... .......... 11% 3.06M 17m51s
#17 155.4 792700K .......... .......... .......... .......... .......... 11% 4.09M 17m51s
#17 155.4 792750K .......... .......... .......... .......... .......... 11% 4.67M 17m51s
#17 155.4 792800K .......... .......... .......... .......... .......... 11% 3.64M 17m51s
#17 155.4 792850K .......... .......... .......... .......... .......... 11% 9.99M 17m51s
#17 155.4 792900K .......... .......... .......... .......... .......... 11% 30.6M 17m51s
#17 155.5 792950K .......... .......... .......... .......... .......... 11% 5.12M 17m51s
#17 155.5 793000K .......... .......... .......... .......... .......... 11% 2.43M 17m51s
#17 155.5 793050K .......... .......... .......... .......... .......... 11% 2.39M 17m51s
#17 155.5 793100K .......... .......... .......... .......... .......... 11% 5.44M 17m51s
#17 155.5 793150K .......... .......... .......... .......... .......... 11% 5.01M 17m51s
#17 155.5 793200K .......... .......... .......... .......... .......... 11% 32.9M 17m51s
#17 155.5 793250K .......... .......... .......... .......... .......... 11% 9.98M 17m51s
#17 155.5 793300K .......... .......... .......... .......... .......... 11% 4.56M 17m51s
#17 155.5 793350K .......... .......... .......... .......... .......... 11% 2.29M 17m51s
#17 155.6 793400K .......... .......... .......... .......... .......... 11% 8.61M 17m51s
#17 155.6 793450K .......... .......... .......... .......... .......... 11% 52.3M 17m51s
#17 155.6 793500K .......... .......... .......... .......... .......... 11% 7.43M 17m51s
#17 155.6 793550K .......... .......... .......... .......... .......... 11% 4.58M 17m51s
#17 155.6 793600K .......... .......... .......... .......... .......... 11% 3.77M 17m51s
#17 155.6 793650K .......... .......... .......... .......... .......... 11% 3.51M 17m51s
#17 155.6 793700K .......... .......... .......... .......... .......... 11% 1.85M 17m51s
#17 155.6 793750K .......... .......... .......... .......... .......... 11% 89.0M 17m51s
#17 155.6 793800K .......... .......... .......... .......... .......... 11% 5.26M 17m51s
#17 155.7 793850K .......... .......... .......... .......... .......... 11%  125K 17m54s
#17 156.0 793900K .......... .......... .......... .......... .......... 11% 2.93M 17m54s
#17 156.1 793950K .......... .......... .......... .......... .......... 11% 4.95M 17m54s
#17 156.1 794000K .......... .......... .......... .......... .......... 11% 5.55M 17m54s
#17 156.1 794050K .......... .......... .......... .......... .......... 11% 4.02M 17m54s
#17 156.1 794100K .......... .......... .......... .......... .......... 11% 5.06M 17m54s
#17 156.1 794150K .......... .......... .......... .......... .......... 11% 1.43M 17m54s
#17 156.1 794200K .......... .......... .......... .......... .......... 11% 6.30M 17m54s
#17 156.1 794250K .......... .......... .......... .......... .......... 11% 10.4M 17m54s
#17 156.1 794300K .......... .......... .......... .......... .......... 11% 4.29M 17m54s
#17 156.2 794350K .......... .......... .......... .......... .......... 11% 22.2M 17m54s
#17 156.2 794400K .......... .......... .......... .......... .......... 11% 12.6M 17m54s
#17 156.2 794450K .......... .......... .......... .......... .......... 11% 6.25M 17m54s
#17 156.2 794500K .......... .......... .......... .......... .......... 11% 14.3M 17m54s
#17 156.2 794550K .......... .......... .......... .......... .......... 11% 1.18M 17m54s
#17 156.2 794600K .......... .......... .......... .......... .......... 11% 4.24M 17m54s
#17 156.2 794650K .......... .......... .......... .......... .......... 11% 6.17M 17m54s
#17 156.2 794700K .......... .......... .......... .......... .......... 11% 3.71M 17m54s
#17 156.3 794750K .......... .......... .......... .......... .......... 11% 4.23M 17m54s
#17 156.3 794800K .......... .......... .......... .......... .......... 11%  295K 17m55s
#17 156.4 794850K .......... .......... .......... .......... .......... 11% 1.97M 17m55s
#17 156.5 794900K .......... .......... .......... .......... .......... 11% 6.77M 17m55s
#17 156.5 794950K .......... .......... .......... .......... .......... 11% 5.11M 17m55s
#17 156.5 795000K .......... .......... .......... .......... .......... 11% 6.48M 17m55s
#17 156.5 795050K .......... .......... .......... .......... .......... 11% 79.7K 18m0s
#17 157.1 795100K .......... .......... .......... .......... .......... 11% 7.95M 18m0s
#17 157.1 795150K .......... .......... .......... .......... .......... 11% 5.37M 18m0s
#17 157.1 795200K .......... .......... .......... .......... .......... 11% 5.46M 18m0s
#17 157.1 795250K .......... .......... .......... .......... .......... 11% 5.87M 18m0s
#17 157.1 795300K .......... .......... .......... .......... .......... 11% 6.42M 18m0s
#17 157.1 795350K .......... .......... .......... .......... .......... 11% 14.8M 18m0s
#17 157.2 795400K .......... .......... .......... .......... .......... 11% 9.74M 18m0s
#17 157.2 795450K .......... .......... .......... .......... .......... 11% 4.96M 18m0s
#17 157.2 795500K .......... .......... .......... .......... .......... 11% 15.5M 18m0s
#17 157.2 795550K .......... .......... .......... .......... .......... 11% 10.9M 17m59s
#17 157.2 795600K .......... .......... .......... .......... .......... 11% 6.15M 17m59s
#17 157.2 795650K .......... .......... .......... .......... .......... 11% 12.1M 17m59s
#17 157.2 795700K .......... .......... .......... .......... .......... 11% 37.3M 17m59s
#17 157.2 795750K .......... .......... .......... .......... .......... 11% 10.3M 17m59s
#17 157.2 795800K .......... .......... .......... .......... .......... 11% 14.4M 17m59s
#17 157.2 795850K .......... .......... .......... .......... .......... 11%  484K 18m0s
#17 157.3 795900K .......... .......... .......... .......... .......... 11% 5.94M 18m0s
#17 157.3 795950K .......... .......... .......... .......... .......... 11% 4.00M 18m0s
#17 157.3 796000K .......... .......... .......... .......... .......... 11% 8.60M 18m0s
#17 157.3 796050K .......... .......... .......... .......... .......... 11% 4.57M 18m0s
#17 157.3 796100K .......... .......... .......... .......... .......... 11% 75.8K 18m5s
#17 158.0 796150K .......... .......... .......... .......... .......... 11% 3.63M 18m5s
#17 158.0 796200K .......... .......... .......... .......... .......... 11% 10.2M 18m5s
#17 158.0 796250K .......... .......... .......... .......... .......... 11% 5.79M 18m5s
#17 158.0 796300K .......... .......... .......... .......... .......... 11% 7.51M 18m5s
#17 158.0 796350K .......... .......... .......... .......... .......... 11% 5.18M 18m5s
#17 158.0 796400K .......... .......... .......... .......... .......... 11% 22.6M 18m5s
#17 158.0 796450K .......... .......... .......... .......... .......... 11% 8.68M 18m5s
#17 158.0 796500K .......... .......... .......... .......... .......... 11% 6.34M 18m5s
#17 158.1 796550K .......... .......... .......... .......... .......... 11% 5.30M 18m5s
#17 158.1 796600K .......... .......... .......... .......... .......... 11% 19.9M 18m5s
#17 158.1 796650K .......... .......... .......... .......... .......... 11% 15.2M 18m5s
#17 158.1 796700K .......... .......... .......... .......... .......... 11% 7.31M 18m4s
#17 158.1 796750K .......... .......... .......... .......... .......... 11% 9.22M 18m4s
#17 158.1 796800K .......... .......... .......... .......... .......... 11% 26.0M 18m4s
#17 158.1 796850K .......... .......... .......... .......... .......... 11% 42.1M 18m4s
#17 158.1 796900K .......... .......... .......... .......... .......... 11% 12.9M 18m4s
#17 158.1 796950K .......... .......... .......... .......... .......... 11% 7.32M 18m4s
#17 158.1 797000K .......... .......... .......... .......... .......... 11% 1001K 18m5s
#17 158.1 797050K .......... .......... .......... .......... .......... 11% 3.00M 18m5s
#17 158.2 797100K .......... .......... .......... .......... .......... 11% 2.55M 18m5s
#17 158.2 797150K .......... .......... .......... .......... .......... 11% 2.21M 18m5s
#17 158.2 797200K .......... .......... .......... .......... .......... 11%  309K 18m6s
#17 158.4 797250K .......... .......... .......... .......... .......... 11% 4.72M 18m6s
#17 158.4 797300K .......... .......... .......... .......... .......... 11% 4.97M 18m6s
#17 158.4 797350K .......... .......... .......... .......... .......... 11% 3.65M 18m6s
#17 158.4 797400K .......... .......... .......... .......... .......... 11% 2.72M 18m6s
#17 158.4 797450K .......... .......... .......... .......... .......... 11%  585K 18m7s
#17 158.5 797500K .......... .......... .......... .......... .......... 11% 4.52M 18m7s
#17 158.5 797550K .......... .......... .......... .......... .......... 11% 5.79M 18m7s
#17 158.5 797600K .......... .......... .......... .......... .......... 11% 7.25M 18m6s
#17 158.5 797650K .......... .......... .......... .......... .......... 11% 7.15M 18m6s
#17 158.5 797700K .......... .......... .......... .......... .......... 11% 4.17M 18m6s
#17 158.5 797750K .......... .......... .......... .......... .......... 11% 9.05M 18m6s
#17 158.5 797800K .......... .......... .......... .......... .......... 11% 4.89M 18m6s
#17 158.6 797850K .......... .......... .......... .......... .......... 11% 80.1K 18m11s
#17 159.2 797900K .......... .......... .......... .......... .......... 11% 7.36M 18m11s
#17 159.2 797950K .......... .......... .......... .......... .......... 11% 3.85M 18m11s
#17 159.2 798000K .......... .......... .......... .......... .......... 11% 6.15M 18m11s
#17 159.2 798050K .......... .......... .......... .......... .......... 11% 7.66M 18m11s
#17 159.2 798100K .......... .......... .......... .......... .......... 11% 10.4M 18m11s
#17 159.2 798150K .......... .......... .......... .......... .......... 11% 4.77M 18m11s
#17 159.2 798200K .......... .......... .......... .......... .......... 11% 7.93M 18m11s
#17 159.2 798250K .......... .......... .......... .......... .......... 11% 4.70M 18m11s
#17 159.3 798300K .......... .......... .......... .......... .......... 11% 10.7M 18m11s
#17 159.3 798350K .......... .......... .......... .......... .......... 11%  444K 18m12s
#17 159.4 798400K .......... .......... .......... .......... .......... 11% 3.52M 18m12s
#17 159.4 798450K .......... .......... .......... .......... .......... 11% 3.04M 18m12s
#17 159.4 798500K .......... .......... .......... .......... .......... 11%  285K 18m13s
#17 159.6 798550K .......... .......... .......... .......... .......... 11% 1.75M 18m13s
#17 159.6 798600K .......... .......... .......... .......... .......... 11% 1.70M 18m13s
#17 159.6 798650K .......... .......... .......... .......... .......... 11% 3.60M 18m13s
#17 159.6 798700K .......... .......... .......... .......... .......... 11%  319K 18m14s
#17 159.8 798750K .......... .......... .......... .......... .......... 11% 1.75M 18m14s
#17 159.8 798800K .......... .......... .......... .......... .......... 11%  253K 18m16s
#17 160.0 798850K .......... .......... .......... .......... .......... 11% 7.19M 18m16s
#17 160.0 798900K .......... .......... .......... .......... .......... 11% 2.68M 18m16s
#17 160.0 798950K .......... .......... .......... .......... .......... 11% 3.89M 18m16s
#17 160.1 799000K .......... .......... .......... .......... .......... 11% 7.81M 18m16s
#17 160.1 799050K .......... .......... .......... .......... .......... 11%  306K 18m17s
#17 160.2 799100K .......... .......... .......... .......... .......... 11% 3.91M 18m17s
#17 160.2 799150K .......... .......... .......... .......... .......... 11% 9.43M 18m17s
#17 160.2 799200K .......... .......... .......... .......... .......... 11%  265K 18m18s
#17 160.4 799250K .......... .......... .......... .......... .......... 11% 4.70M 18m18s
#17 160.4 799300K .......... .......... .......... .......... .......... 11% 5.65M 18m18s
#17 160.5 799350K .......... .......... .......... .......... .......... 11% 2.59M 18m18s
#17 160.5 799400K .......... .......... .......... .......... .......... 11% 6.91M 18m18s
#17 160.5 799450K .......... .......... .......... .......... .......... 11% 5.62M 18m18s
#17 160.5 799500K .......... .......... .......... .......... .......... 11%  276K 18m20s
#17 160.7 799550K .......... .......... .......... .......... .......... 11%  208K 18m21s
#17 160.9 799600K .......... .......... .......... .......... .......... 11%  287K 18m23s
#17 161.1 799650K .......... .......... .......... .......... .......... 11% 2.17M 18m23s
#17 161.1 799700K .......... .......... .......... .......... .......... 11% 2.97M 18m23s
#17 161.1 799750K .......... .......... .......... .......... .......... 11% 3.63M 18m23s
#17 161.1 799800K .......... .......... .......... .......... .......... 11%  321K 18m24s
#17 161.3 799850K .......... .......... .......... .......... .......... 11% 3.08M 18m24s
#17 161.3 799900K .......... .......... .......... .......... .......... 11% 1.14M 18m24s
#17 161.4 799950K .......... .......... .......... .......... .......... 11% 1.45M 18m24s
#17 161.4 800000K .......... .......... .......... .......... .......... 11% 1.70M 18m24s
#17 161.4 800050K .......... .......... .......... .......... .......... 11% 1.69M 18m25s
#17 161.4 800100K .......... .......... .......... .......... .......... 11% 1.48M 18m25s
#17 161.5 800150K .......... .......... .......... .......... .......... 11% 1.12M 18m25s
#17 161.5 800200K .......... .......... .......... .......... .......... 11% 1.67M 18m25s
#17 161.6 800250K .......... .......... .......... .......... .......... 11% 1.52M 18m25s
#17 161.6 800300K .......... .......... .......... .......... .......... 11% 1.54M 18m25s
#17 161.6 800350K .......... .......... .......... .......... .......... 11% 1.61M 18m26s
#17 161.6 800400K .......... .......... .......... .......... .......... 11% 1.61M 18m26s
#17 161.7 800450K .......... .......... .......... .......... .......... 11% 1.73M 18m26s
#17 161.7 800500K .......... .......... .......... .......... .......... 11% 1.97M 18m26s
#17 161.7 800550K .......... .......... .......... .......... .......... 11% 1.26M 18m26s
#17 161.8 800600K .......... .......... .......... .......... .......... 11% 1.78M 18m26s
#17 161.8 800650K .......... .......... .......... .......... .......... 11% 1.45M 18m26s
#17 161.8 800700K .......... .......... .......... .......... .......... 11% 1.78M 18m27s
#17 161.9 800750K .......... .......... .......... .......... .......... 11% 2.10M 18m27s
#17 161.9 800800K .......... .......... .......... .......... .......... 11% 1.96M 18m27s
#17 161.9 800850K .......... .......... .......... .......... .......... 11% 2.07M 18m27s
#17 161.9 800900K .......... .......... .......... .......... .......... 11% 1.71M 18m27s
#17 162.0 800950K .......... .......... .......... .......... .......... 11% 1.67M 18m27s
#17 162.0 801000K .......... .......... .......... .......... .......... 11% 1.60M 18m27s
#17 162.0 801050K .......... .......... .......... .......... .......... 11% 1.93M 18m27s
#17 162.0 801100K .......... .......... .......... .......... .......... 11% 1.85M 18m28s
#17 162.1 801150K .......... .......... .......... .......... .......... 11% 3.36M 18m28s
#17 162.1 801200K .......... .......... .......... .......... .......... 11% 1.96M 18m28s
#17 162.1 801250K .......... .......... .......... .......... .......... 11% 2.24M 18m28s
#17 162.1 801300K .......... .......... .......... .......... .......... 11% 2.11M 18m28s
#17 162.2 801350K .......... .......... .......... .......... .......... 11% 1.61M 18m28s
#17 162.2 801400K .......... .......... .......... .......... .......... 11% 2.52M 18m28s
#17 162.2 801450K .......... .......... .......... .......... .......... 11% 2.16M 18m28s
#17 162.2 801500K .......... .......... .......... .......... .......... 11% 2.33M 18m28s
#17 162.2 801550K .......... .......... .......... .......... .......... 11% 2.62M 18m28s
#17 162.3 801600K .......... .......... .......... .......... .......... 11% 3.19M 18m28s
#17 162.3 801650K .......... .......... .......... .......... .......... 11% 1.90M 18m28s
#17 162.3 801700K .......... .......... .......... .......... .......... 11% 2.15M 18m29s
#17 162.3 801750K .......... .......... .......... .......... .......... 11%  245K 18m30s
#17 162.5 801800K .......... .......... .......... .......... .......... 11% 4.35M 18m30s
#17 162.5 801850K .......... .......... .......... .......... .......... 11% 5.05M 18m30s
#17 162.6 801900K .......... .......... .......... .......... .......... 11% 4.71M 18m30s
#17 162.6 801950K .......... .......... .......... .......... .......... 11% 3.84M 18m30s
#17 162.6 802000K .......... .......... .......... .......... .......... 11% 5.68M 18m30s
#17 162.6 802050K .......... .......... .......... .......... .......... 11% 2.74M 18m30s
#17 162.6 802100K .......... .......... .......... .......... .......... 11% 2.12M 18m30s
#17 162.6 802150K .......... .......... .......... .......... .......... 11% 1.28M 18m30s
#17 162.7 802200K .......... .......... .......... .......... .......... 11% 3.45M 18m30s
#17 162.7 802250K .......... .......... .......... .......... .......... 11% 2.18M 18m30s
#17 162.7 802300K .......... .......... .......... .......... .......... 11% 2.68M 18m30s
#17 162.7 802350K .......... .......... .......... .......... .......... 11% 4.02M 18m30s
#17 162.7 802400K .......... .......... .......... .......... .......... 11% 2.30M 18m31s
#17 162.8 802450K .......... .......... .......... .......... .......... 11% 3.11M 18m31s
#17 162.8 802500K .......... .......... .......... .......... .......... 11% 2.38M 18m31s
#17 162.8 802550K .......... .......... .......... .......... .......... 11% 2.36M 18m31s
#17 162.8 802600K .......... .......... .......... .......... .......... 11% 2.81M 18m31s
#17 162.8 802650K .......... .......... .......... .......... .......... 11% 2.20M 18m31s
#17 162.8 802700K .......... .......... .......... .......... .......... 11% 2.39M 18m31s
#17 162.9 802750K .......... .......... .......... .......... .......... 11% 2.63M 18m31s
#17 162.9 802800K .......... .......... .......... .......... .......... 11% 2.31M 18m31s
#17 162.9 802850K .......... .......... .......... .......... .......... 11% 3.86M 18m31s
#17 162.9 802900K .......... .......... .......... .......... .......... 11% 3.42M 18m31s
#17 162.9 802950K .......... .......... .......... .......... .......... 11% 1.89M 18m31s
#17 163.0 803000K .......... .......... .......... .......... .......... 11% 3.16M 18m31s
#17 163.0 803050K .......... .......... .......... .......... .......... 11% 3.13M 18m31s
#17 163.0 803100K .......... .......... .......... .......... .......... 11% 2.68M 18m31s
#17 163.0 803150K .......... .......... .......... .......... .......... 11% 3.27M 18m31s
#17 163.0 803200K .......... .......... .......... .......... .......... 11% 3.02M 18m31s
#17 163.0 803250K .......... .......... .......... .......... .......... 11% 2.83M 18m32s
#17 163.1 803300K .......... .......... .......... .......... .......... 11% 2.29M 18m32s
#17 163.1 803350K .......... .......... .......... .......... .......... 11% 2.04M 18m32s
#17 163.1 803400K .......... .......... .......... .......... .......... 11% 3.83M 18m32s
#17 163.1 803450K .......... .......... .......... .......... .......... 11% 6.22M 18m32s
#17 163.1 803500K .......... .......... .......... .......... .......... 11% 3.54M 18m32s
#17 163.1 803550K .......... .......... .......... .......... .......... 11% 4.22M 18m32s
#17 163.2 803600K .......... .......... .......... .......... .......... 11% 3.44M 18m32s
#17 163.2 803650K .......... .......... .......... .......... .......... 11% 2.92M 18m32s
#17 163.2 803700K .......... .......... .......... .......... .......... 11% 2.98M 18m32s
#17 163.2 803750K .......... .......... .......... .......... .......... 11% 2.62M 18m32s
#17 163.2 803800K .......... .......... .......... .......... .......... 11% 2.83M 18m32s
#17 163.2 803850K .......... .......... .......... .......... .......... 11% 3.61M 18m32s
#17 163.2 803900K .......... .......... .......... .......... .......... 11% 4.70M 18m32s
#17 163.3 803950K .......... .......... .......... .......... .......... 11% 3.26M 18m32s
#17 163.3 804000K .......... .......... .......... .......... .......... 11% 4.23M 18m32s
#17 163.3 804050K .......... .......... .......... .......... .......... 11% 3.72M 18m32s
#17 163.3 804100K .......... .......... .......... .......... .......... 11% 2.27M 18m32s
#17 163.3 804150K .......... .......... .......... .......... .......... 11% 4.48M 18m32s
#17 163.3 804200K .......... .......... .......... .......... .......... 11% 1.19M 18m32s
#17 163.4 804250K .......... .......... .......... .......... .......... 11% 43.6M 18m32s
#17 163.4 804300K .......... .......... .......... .......... .......... 11% 2.57M 18m32s
#17 163.4 804350K .......... .......... .......... .......... .......... 11% 2.00M 18m32s
#17 163.4 804400K .......... .......... .......... .......... .......... 11% 34.8M 18m32s
#17 163.4 804450K .......... .......... .......... .......... .......... 11% 55.0M 18m32s
#17 163.4 804500K .......... .......... .......... .......... .......... 11% 3.54M 18m32s
#17 163.4 804550K .......... .......... .......... .......... .......... 11% 3.53M 18m32s
#17 163.4 804600K .......... .......... .......... .......... .......... 11%  466K 18m33s
#17 163.6 804650K .......... .......... .......... .......... .......... 11% 2.89M 18m33s
#17 163.6 804700K .......... .......... .......... .......... .......... 11% 8.53M 18m33s
#17 163.6 804750K .......... .......... .......... .......... .......... 11% 3.25M 18m33s
#17 163.6 804800K .......... .......... .......... .......... .......... 11% 3.04M 18m33s
#17 163.6 804850K .......... .......... .......... .......... .......... 11% 3.82M 18m33s
#17 163.6 804900K .......... .......... .......... .......... .......... 11% 6.57M 18m33s
#17 163.6 804950K .......... .......... .......... .......... .......... 11% 1.98M 18m33s
#17 163.7 805000K .......... .......... .......... .......... .......... 11% 49.3M 18m33s
#17 163.7 805050K .......... .......... .......... .......... .......... 11% 36.0M 18m33s
#17 163.7 805100K .......... .......... .......... .......... .......... 11% 5.08M 18m33s
#17 163.7 805150K .......... .......... .......... .......... .......... 11% 42.7M 18m33s
#17 163.7 805200K .......... .......... .......... .......... .......... 11% 1.77M 18m33s
#17 163.7 805250K .......... .......... .......... .......... .......... 11% 44.7M 18m33s
#17 163.7 805300K .......... .......... .......... .......... .......... 11% 11.0M 18m33s
#17 163.7 805350K .......... .......... .......... .......... .......... 11% 24.4M 18m33s
#17 163.7 805400K .......... .......... .......... .......... .......... 11% 22.8M 18m33s
#17 163.7 805450K .......... .......... .......... .......... .......... 11% 3.32M 18m33s
#17 163.7 805500K .......... .......... .......... .......... .......... 11% 24.2M 18m33s
#17 163.7 805550K .......... .......... .......... .......... .......... 11% 62.9M 18m33s
#17 163.7 805600K .......... .......... .......... .......... .......... 11% 2.68M 18m33s
#17 163.7 805650K .......... .......... .......... .......... .......... 11% 31.2M 18m33s
#17 163.7 805700K .......... .......... .......... .......... .......... 11% 46.3M 18m33s
#17 163.7 805750K .......... .......... .......... .......... .......... 11% 14.1M 18m33s
#17 163.7 805800K .......... .......... .......... .......... .......... 11% 2.19M 18m33s
#17 163.8 805850K .......... .......... .......... .......... .......... 11%  122M 18m33s
#17 163.8 805900K .......... .......... .......... .......... .......... 11%  114M 18m33s
#17 163.8 805950K .......... .......... .......... .......... .......... 11% 3.01M 18m33s
#17 163.8 806000K .......... .......... .......... .......... .......... 11% 3.90M 18m33s
#17 163.8 806050K .......... .......... .......... .......... .......... 11% 36.6M 18m33s
#17 163.8 806100K .......... .......... .......... .......... .......... 11% 11.9M 18m33s
#17 163.8 806150K .......... .......... .......... .......... .......... 11% 3.83M 18m33s
#17 163.8 806200K .......... .......... .......... .......... .......... 11% 36.2M 18m32s
#17 163.8 806250K .......... .......... .......... .......... .......... 11% 3.27M 18m33s
#17 163.8 806300K .......... .......... .......... .......... .......... 11% 3.05M 18m33s
#17 163.8 806350K .......... .......... .......... .......... .......... 11% 6.07M 18m33s
#17 163.9 806400K .......... .......... .......... .......... .......... 11% 3.96M 18m33s
#17 163.9 806450K .......... .......... .......... .......... .......... 11% 4.37M 18m33s
#17 163.9 806500K .......... .......... .......... .......... .......... 11% 4.15M 18m33s
#17 163.9 806550K .......... .......... .......... .......... .......... 11% 7.48M 18m33s
#17 163.9 806600K .......... .......... .......... .......... .......... 11% 2.45M 18m33s
#17 163.9 806650K .......... .......... .......... .......... .......... 11% 7.05M 18m33s
#17 163.9 806700K .......... .......... .......... .......... .......... 11% 2.59M 18m33s
#17 163.9 806750K .......... .......... .......... .......... .......... 11% 6.62M 18m33s
#17 163.9 806800K .......... .......... .......... .......... .......... 11% 7.03M 18m33s
#17 164.0 806850K .......... .......... .......... .......... .......... 11% 8.15M 18m33s
#17 164.0 806900K .......... .......... .......... .......... .......... 11% 4.12M 18m33s
#17 164.0 806950K .......... .......... .......... .......... .......... 11% 3.34M 18m33s
#17 164.0 807000K .......... .......... .......... .......... .......... 11% 4.41M 18m33s
#17 164.0 807050K .......... .......... .......... .......... .......... 11% 3.25M 18m33s
#17 164.0 807100K .......... .......... .......... .......... .......... 11% 4.13M 18m33s
#17 164.0 807150K .......... .......... .......... .......... .......... 11% 4.91M 18m33s
#17 164.0 807200K .......... .......... .......... .......... .......... 11% 10.4M 18m33s
#17 164.0 807250K .......... .......... .......... .......... .......... 11% 5.52M 18m33s
#17 164.0 807300K .......... .......... .......... .......... .......... 11% 4.04M 18m33s
#17 164.1 807350K .......... .......... .......... .......... .......... 11% 4.46M 18m33s
#17 164.1 807400K .......... .......... .......... .......... .......... 11% 4.12M 18m33s
#17 164.1 807450K .......... .......... .......... .......... .......... 11% 3.66M 18m33s
#17 164.1 807500K .......... .......... .......... .......... .......... 11% 7.54M 18m33s
#17 164.1 807550K .......... .......... .......... .......... .......... 11% 3.41M 18m33s
#17 164.1 807600K .......... .......... .......... .......... .......... 11% 5.11M 18m33s
#17 164.1 807650K .......... .......... .......... .......... .......... 11% 4.47M 18m33s
#17 164.1 807700K .......... .......... .......... .......... .......... 11% 6.78M 18m33s
#17 164.1 807750K .......... .......... .......... .......... .......... 11% 3.82M 18m33s
#17 164.2 807800K .......... .......... .......... .......... .......... 11% 2.71M 18m33s
#17 164.2 807850K .......... .......... .......... .......... .......... 11% 3.76M 18m33s
#17 164.2 807900K .......... .......... .......... .......... .......... 11% 5.14M 18m33s
#17 164.2 807950K .......... .......... .......... .......... .......... 11% 6.16M 18m33s
#17 164.2 808000K .......... .......... .......... .......... .......... 11% 6.85M 18m33s
#17 164.2 808050K .......... .......... .......... .......... .......... 11% 8.44M 18m33s
#17 164.2 808100K .......... .......... .......... .......... .......... 11% 7.76M 18m33s
#17 164.2 808150K .......... .......... .......... .......... .......... 11% 4.82M 18m33s
#17 164.2 808200K .......... .......... .......... .......... .......... 11% 5.92M 18m33s
#17 164.2 808250K .......... .......... .......... .......... .......... 11% 5.89M 18m33s
#17 164.3 808300K .......... .......... .......... .......... .......... 11% 5.85M 18m33s
#17 164.3 808350K .......... .......... .......... .......... .......... 11% 3.33M 18m33s
#17 164.3 808400K .......... .......... .......... .......... .......... 11% 3.75M 18m33s
#17 164.3 808450K .......... .......... .......... .......... .......... 11% 6.92M 18m33s
#17 164.3 808500K .......... .......... .......... .......... .......... 11% 2.56M 18m33s
#17 164.3 808550K .......... .......... .......... .......... .......... 11% 3.70M 18m33s
#17 164.3 808600K .......... .......... .......... .......... .......... 11% 50.1M 18m33s
#17 164.3 808650K .......... .......... .......... .......... .......... 11% 4.69M 18m33s
#17 164.3 808700K .......... .......... .......... .......... .......... 11% 4.91M 18m33s
#17 164.3 808750K .......... .......... .......... .......... .......... 11% 8.39M 18m33s
#17 164.4 808800K .......... .......... .......... .......... .......... 11% 7.64M 18m32s
#17 164.4 808850K .......... .......... .......... .......... .......... 11% 4.03M 18m32s
#17 164.4 808900K .......... .......... .......... .......... .......... 11% 3.63M 18m33s
#17 164.4 808950K .......... .......... .......... .......... .......... 11% 7.48M 18m32s
#17 164.4 809000K .......... .......... .......... .......... .......... 11% 6.45M 18m32s
#17 164.4 809050K .......... .......... .......... .......... .......... 11% 4.18M 18m32s
#17 164.4 809100K .......... .......... .......... .......... .......... 11% 4.01M 18m32s
#17 164.4 809150K .......... .......... .......... .......... .......... 11% 12.9M 18m32s
#17 164.4 809200K .......... .......... .......... .......... .......... 11% 5.72M 18m32s
#17 164.4 809250K .......... .......... .......... .......... .......... 11% 5.54M 18m32s
#17 164.4 809300K .......... .......... .......... .......... .......... 11% 6.34M 18m32s
#17 164.5 809350K .......... .......... .......... .......... .......... 11% 4.79M 18m32s
#17 164.5 809400K .......... .......... .......... .......... .......... 11% 7.54M 18m32s
#17 164.5 809450K .......... .......... .......... .......... .......... 11% 5.76M 18m32s
#17 164.5 809500K .......... .......... .......... .......... .......... 11% 4.22M 18m32s
#17 164.5 809550K .......... .......... .......... .......... .......... 11% 3.09M 18m32s
#17 164.5 809600K .......... .......... .......... .......... .......... 11% 7.64M 18m32s
#17 164.5 809650K .......... .......... .......... .......... .......... 11% 7.43M 18m32s
#17 164.5 809700K .......... .......... .......... .......... .......... 11% 4.96M 18m32s
#17 164.5 809750K .......... .......... .......... .......... .......... 11% 5.68M 18m32s
#17 164.5 809800K .......... .......... .......... .......... .......... 11% 6.56M 18m32s
#17 164.5 809850K .......... .......... .......... .......... .......... 11% 6.31M 18m32s
#17 164.6 809900K .......... .......... .......... .......... .......... 11% 6.25M 18m32s
#17 164.6 809950K .......... .......... .......... .......... .......... 11% 4.46M 18m32s
#17 164.6 810000K .......... .......... .......... .......... .......... 11% 3.70M 18m32s
#17 164.6 810050K .......... .......... .......... .......... .......... 11% 4.98M 18m32s
#17 164.6 810100K .......... .......... .......... .......... .......... 11% 4.56M 18m32s
#17 164.6 810150K .......... .......... .......... .......... .......... 11% 7.80M 18m32s
#17 164.6 810200K .......... .......... .......... .......... .......... 11% 7.99M 18m32s
#17 164.6 810250K .......... .......... .......... .......... .......... 11% 4.43M 18m32s
#17 164.6 810300K .......... .......... .......... .......... .......... 11% 13.3M 18m32s
#17 164.6 810350K .......... .......... .......... .......... .......... 11% 4.15M 18m32s
#17 164.6 810400K .......... .......... .......... .......... .......... 11% 4.29M 18m32s
#17 164.7 810450K .......... .......... .......... .......... .......... 11% 43.9M 18m32s
#17 164.7 810500K .......... .......... .......... .......... .......... 11% 7.18M 18m32s
#17 164.7 810550K .......... .......... .......... .......... .......... 11% 4.67M 18m32s
#17 164.7 810600K .......... .......... .......... .......... .......... 11% 5.79M 18m32s
#17 164.7 810650K .......... .......... .......... .......... .......... 11% 4.32M 18m32s
#17 164.7 810700K .......... .......... .......... .......... .......... 11% 6.92M 18m32s
#17 164.7 810750K .......... .......... .......... .......... .......... 11% 21.0M 18m32s
#17 164.7 810800K .......... .......... .......... .......... .......... 11% 8.14M 18m32s
#17 164.7 810850K .......... .......... .......... .......... .......... 11% 10.3M 18m32s
#17 164.7 810900K .......... .......... .......... .......... .......... 11% 4.73M 18m32s
#17 164.7 810950K .......... .......... .......... .......... .......... 11% 5.03M 18m32s
#17 164.7 811000K .......... .......... .......... .......... .......... 11% 7.83M 18m32s
#17 164.7 811050K .......... .......... .......... .......... .......... 11% 7.76M 18m32s
#17 164.7 811100K .......... .......... .......... .......... .......... 11% 8.16M 18m32s
#17 164.8 811150K .......... .......... .......... .......... .......... 11% 5.35M 18m32s
#17 164.8 811200K .......... .......... .......... .......... .......... 11% 7.23M 18m32s
#17 164.8 811250K .......... .......... .......... .......... .......... 11% 5.74M 18m32s
#17 164.8 811300K .......... .......... .......... .......... .......... 11% 4.70M 18m32s
#17 164.8 811350K .......... .......... .......... .......... .......... 11% 4.29M 18m32s
#17 164.8 811400K .......... .......... .......... .......... .......... 11% 7.46M 18m32s
#17 164.8 811450K .......... .......... .......... .......... .......... 11% 13.1M 18m32s
#17 164.8 811500K .......... .......... .......... .......... .......... 11% 12.0M 18m32s
#17 164.8 811550K .......... .......... .......... .......... .......... 11% 2.71M 18m32s
#17 164.8 811600K .......... .......... .......... .......... .......... 11% 4.65M 18m32s
#17 164.8 811650K .......... .......... .......... .......... .......... 11% 59.3M 18m32s
#17 164.9 811700K .......... .......... .......... .......... .......... 11% 2.24M 18m32s
#17 164.9 811750K .......... .......... .......... .......... .......... 11% 7.59M 18m32s
#17 164.9 811800K .......... .......... .......... .......... .......... 11% 5.96M 18m32s
#17 164.9 811850K .......... .......... .......... .......... .......... 11% 6.84M 18m32s
#17 164.9 811900K .......... .......... .......... .......... .......... 11% 7.23M 18m32s
#17 164.9 811950K .......... .......... .......... .......... .......... 11% 1.66M 18m32s
#17 164.9 812000K .......... .......... .......... .......... .......... 11% 42.4M 18m32s
#17 164.9 812050K .......... .......... .......... .......... .......... 11% 7.58M 18m32s
#17 164.9 812100K .......... .......... .......... .......... .......... 11% 5.40M 18m32s
#17 164.9 812150K .......... .......... .......... .......... .......... 11% 4.20M 18m32s
#17 164.9 812200K .......... .......... .......... .......... .......... 11% 6.68M 18m32s
#17 165.0 812250K .......... .......... .......... .......... .......... 11% 6.02M 18m32s
#17 165.0 812300K .......... .......... .......... .......... .......... 11% 2.88M 18m32s
#17 165.0 812350K .......... .......... .......... .......... .......... 11% 54.6M 18m32s
#17 165.0 812400K .......... .......... .......... .......... .......... 11% 6.16M 18m31s
#17 165.0 812450K .......... .......... .......... .......... .......... 11% 5.28M 18m31s
#17 165.0 812500K .......... .......... .......... .......... .......... 11% 49.6M 18m31s
#17 165.0 812550K .......... .......... .......... .......... .......... 11% 15.4M 18m31s
#17 165.0 812600K .......... .......... .......... .......... .......... 11% 10.3M 18m31s
#17 165.0 812650K .......... .......... .......... .......... .......... 11% 6.08M 18m31s
#17 165.0 812700K .......... .......... .......... .......... .......... 11% 49.3M 18m31s
#17 165.0 812750K .......... .......... .......... .......... .......... 11% 4.55M 18m31s
#17 165.0 812800K .......... .......... .......... .......... .......... 11% 81.6M 18m31s
#17 165.0 812850K .......... .......... .......... .......... .......... 11% 6.49M 18m31s
#17 165.0 812900K .......... .......... .......... .......... .......... 11% 7.10M 18m31s
#17 165.0 812950K .......... .......... .......... .......... .......... 11% 7.01M 18m31s
#17 165.1 813000K .......... .......... .......... .......... .......... 11% 5.83M 18m31s
#17 165.1 813050K .......... .......... .......... .......... .......... 12% 16.9M 18m31s
#17 165.1 813100K .......... .......... .......... .......... .......... 12% 56.3M 18m31s
#17 165.1 813150K .......... .......... .......... .......... .......... 12% 49.3M 18m31s
#17 165.1 813200K .......... .......... .......... .......... .......... 12% 6.41M 18m31s
#17 165.1 813250K .......... .......... .......... .......... .......... 12% 8.94M 18m31s
#17 165.1 813300K .......... .......... .......... .......... .......... 12% 85.3M 18m31s
#17 165.1 813350K .......... .......... .......... .......... .......... 12% 5.02M 18m31s
#17 165.1 813400K .......... .......... .......... .......... .......... 12% 11.0M 18m31s
#17 165.1 813450K .......... .......... .......... .......... .......... 12% 4.85M 18m31s
#17 165.1 813500K .......... .......... .......... .......... .......... 12% 47.2M 18m31s
#17 165.1 813550K .......... .......... .......... .......... .......... 12% 7.79M 18m31s
#17 165.1 813600K .......... .......... .......... .......... .......... 12% 18.5M 18m31s
#17 165.1 813650K .......... .......... .......... .......... .......... 12% 3.24M 18m31s
#17 165.1 813700K .......... .......... .......... .......... .......... 12% 8.21M 18m31s
#17 165.1 813750K .......... .......... .......... .......... .......... 12% 4.92M 18m31s
#17 165.1 813800K .......... .......... .......... .......... .......... 12% 12.4M 18m30s
#17 165.1 813850K .......... .......... .......... .......... .......... 12% 4.36M 18m30s
#17 165.2 813900K .......... .......... .......... .......... .......... 12% 37.7M 18m30s
#17 165.2 813950K .......... .......... .......... .......... .......... 12% 5.22M 18m30s
#17 165.2 814000K .......... .......... .......... .......... .......... 12% 9.31M 18m30s
#17 165.2 814050K .......... .......... .......... .......... .......... 12% 4.87M 18m30s
#17 165.2 814100K .......... .......... .......... .......... .......... 12% 9.58M 18m30s
#17 165.2 814150K .......... .......... .......... .......... .......... 12% 11.5M 18m30s
#17 165.2 814200K .......... .......... .......... .......... .......... 12% 5.05M 18m30s
#17 165.2 814250K .......... .......... .......... .......... .......... 12% 5.25M 18m30s
#17 165.2 814300K .......... .......... .......... .......... .......... 12% 7.40M 18m30s
#17 165.2 814350K .......... .......... .......... .......... .......... 12% 20.2M 18m30s
#17 165.2 814400K .......... .......... .......... .......... .......... 12% 6.51M 18m30s
#17 165.2 814450K .......... .......... .......... .......... .......... 12% 5.27M 18m30s
#17 165.2 814500K .......... .......... .......... .......... .......... 12% 4.84M 18m30s
#17 165.2 814550K .......... .......... .......... .......... .......... 12% 38.7M 18m30s
#17 165.2 814600K .......... .......... .......... .......... .......... 12% 7.26M 18m30s
#17 165.3 814650K .......... .......... .......... .......... .......... 12% 3.52M 18m30s
#17 165.3 814700K .......... .......... .......... .......... .......... 12% 11.8M 18m30s
#17 165.3 814750K .......... .......... .......... .......... .......... 12% 8.35M 18m30s
#17 165.3 814800K .......... .......... .......... .......... .......... 12% 9.11M 18m30s
#17 165.3 814850K .......... .......... .......... .......... .......... 12% 11.4M 18m30s
#17 165.3 814900K .......... .......... .......... .......... .......... 12% 7.24M 18m30s
#17 165.3 814950K .......... .......... .......... .......... .......... 12% 7.18M 18m30s
#17 165.3 815000K .......... .......... .......... .......... .......... 12% 7.23M 18m30s
#17 165.3 815050K .......... .......... .......... .......... .......... 12% 4.62M 18m30s
#17 165.3 815100K .......... .......... .......... .......... .......... 12% 6.01M 18m30s
#17 165.3 815150K .......... .......... .......... .......... .......... 12% 7.92M 18m30s
#17 165.3 815200K .......... .......... .......... .......... .......... 12% 9.14M 18m30s
#17 165.3 815250K .......... .......... .......... .......... .......... 12% 5.56M 18m30s
#17 165.3 815300K .......... .......... .......... .......... .......... 12% 4.45M 18m30s
#17 165.4 815350K .......... .......... .......... .......... .......... 12% 4.42M 18m30s
#17 165.4 815400K .......... .......... .......... .......... .......... 12% 27.5M 18m30s
#17 165.4 815450K .......... .......... .......... .......... .......... 12% 7.49M 18m30s
#17 165.4 815500K .......... .......... .......... .......... .......... 12% 10.3M 18m30s
#17 165.4 815550K .......... .......... .......... .......... .......... 12% 7.96M 18m30s
#17 165.4 815600K .......... .......... .......... .......... .......... 12% 6.64M 18m30s
#17 165.4 815650K .......... .......... .......... .......... .......... 12% 11.4M 18m29s
#17 165.4 815700K .......... .......... .......... .......... .......... 12% 11.4M 18m29s
#17 165.4 815750K .......... .......... .......... .......... .......... 12% 4.02M 18m29s
#17 165.4 815800K .......... .......... .......... .......... .......... 12% 6.39M 18m29s
#17 165.4 815850K .......... .......... .......... .......... .......... 12% 6.04M 18m29s
#17 165.4 815900K .......... .......... .......... .......... .......... 12% 11.6M 18m29s
#17 165.4 815950K .......... .......... .......... .......... .......... 12% 5.52M 18m29s
#17 165.4 816000K .......... .......... .......... .......... .......... 12% 3.64M 18m29s
#17 165.5 816050K .......... .......... .......... .......... .......... 12% 4.80M 18m29s
#17 165.5 816100K .......... .......... .......... .......... .......... 12% 4.10M 18m29s
#17 165.5 816150K .......... .......... .......... .......... .......... 12% 47.2M 18m29s
#17 165.5 816200K .......... .......... .......... .......... .......... 12% 10.8M 18m29s
#17 165.5 816250K .......... .......... .......... .......... .......... 12% 6.87M 18m29s
#17 165.5 816300K .......... .......... .......... .......... .......... 12% 17.3M 18m29s
#17 165.5 816350K .......... .......... .......... .......... .......... 12% 4.20M 18m29s
#17 165.5 816400K .......... .......... .......... .......... .......... 12% 5.33M 18m29s
#17 165.5 816450K .......... .......... .......... .......... .......... 12% 9.25M 18m29s
#17 165.5 816500K .......... .......... .......... .......... .......... 12% 4.85M 18m29s
#17 165.5 816550K .......... .......... .......... .......... .......... 12% 14.4M 18m29s
#17 165.5 816600K .......... .......... .......... .......... .......... 12% 2.89M 18m29s
#17 165.6 816650K .......... .......... .......... .......... .......... 12% 4.32M 18m29s
#17 165.6 816700K .......... .......... .......... .......... .......... 12% 80.0M 18m29s
#17 165.6 816750K .......... .......... .......... .......... .......... 12% 99.4M 18m29s
#17 165.6 816800K .......... .......... .......... .......... .......... 12% 3.68M 18m29s
#17 165.6 816850K .......... .......... .......... .......... .......... 12% 5.84M 18m29s
#17 165.6 816900K .......... .......... .......... .......... .......... 12% 10.5M 18m29s
#17 165.6 816950K .......... .......... .......... .......... .......... 12% 4.80M 18m29s
#17 165.6 817000K .......... .......... .......... .......... .......... 12% 8.79M 18m29s
#17 165.6 817050K .......... .......... .......... .......... .......... 12% 56.4M 18m29s
#17 165.6 817100K .......... .......... .......... .......... .......... 12% 13.3M 18m29s
#17 165.6 817150K .......... .......... .......... .......... .......... 12% 5.15M 18m29s
#17 165.6 817200K .......... .......... .......... .......... .......... 12% 3.86M 18m29s
#17 165.6 817250K .......... .......... .......... .......... .......... 12% 9.03M 18m29s
#17 165.6 817300K .......... .......... .......... .......... .......... 12% 5.39M 18m29s
#17 165.7 817350K .......... .......... .......... .......... .......... 12% 3.15M 18m29s
#17 165.7 817400K .......... .......... .......... .......... .......... 12% 5.45M 18m29s
#17 165.7 817450K .......... .......... .......... .......... .......... 12% 14.5M 18m29s
#17 165.7 817500K .......... .......... .......... .......... .......... 12% 3.02M 18m29s
#17 165.7 817550K .......... .......... .......... .......... .......... 12% 16.0M 18m29s
#17 165.7 817600K .......... .......... .......... .......... .......... 12% 13.5M 18m29s
#17 165.7 817650K .......... .......... .......... .......... .......... 12% 2.20M 18m29s
#17 165.7 817700K .......... .......... .......... .......... .......... 12% 53.5M 18m29s
#17 165.7 817750K .......... .......... .......... .......... .......... 12% 29.7M 18m29s
#17 165.7 817800K .......... .......... .......... .......... .......... 12% 6.96M 18m29s
#17 165.7 817850K .......... .......... .......... .......... .......... 12% 8.25M 18m29s
#17 165.7 817900K .......... .......... .......... .......... .......... 12% 5.54M 18m29s
#17 165.7 817950K .......... .......... .......... .......... .......... 12% 5.14M 18m29s
#17 165.8 818000K .......... .......... .......... .......... .......... 12% 7.78M 18m28s
#17 165.8 818050K .......... .......... .......... .......... .......... 12% 98.7M 18m28s
#17 165.8 818100K .......... .......... .......... .......... .......... 12% 10.0M 18m28s
#17 165.8 818150K .......... .......... .......... .......... .......... 12% 9.75M 18m28s
#17 165.8 818200K .......... .......... .......... .......... .......... 12% 39.5M 18m28s
#17 165.8 818250K .......... .......... .......... .......... .......... 12% 8.87M 18m28s
#17 165.8 818300K .......... .......... .......... .......... .......... 12% 4.60M 18m28s
#17 165.8 818350K .......... .......... .......... .......... .......... 12% 7.72M 18m28s
#17 165.8 818400K .......... .......... .......... .......... .......... 12% 4.66M 18m28s
#17 165.8 818450K .......... .......... .......... .......... .......... 12% 6.19M 18m28s
#17 165.8 818500K .......... .......... .......... .......... .......... 12% 5.21M 18m28s
#17 165.8 818550K .......... .......... .......... .......... .......... 12% 5.16M 18m28s
#17 165.8 818600K .......... .......... .......... .......... .......... 12% 10.9M 18m28s
#17 165.8 818650K .......... .......... .......... .......... .......... 12% 5.59M 18m28s
#17 165.8 818700K .......... .......... .......... .......... .......... 12% 6.67M 18m28s
#17 165.9 818750K .......... .......... .......... .......... .......... 12% 4.27M 18m28s
#17 165.9 818800K .......... .......... .......... .......... .......... 12% 15.9M 18m28s
#17 165.9 818850K .......... .......... .......... .......... .......... 12% 4.07M 18m28s
#17 165.9 818900K .......... .......... .......... .......... .......... 12% 60.9M 18m28s
#17 165.9 818950K .......... .......... .......... .......... .......... 12% 19.7M 18m28s
#17 165.9 819000K .......... .......... .......... .......... .......... 12% 4.96M 18m28s
#17 165.9 819050K .......... .......... .......... .......... .......... 12% 10.5M 18m28s
#17 165.9 819100K .......... .......... .......... .......... .......... 12% 7.29M 18m28s
#17 165.9 819150K .......... .......... .......... .......... .......... 12% 6.15M 18m28s
#17 165.9 819200K .......... .......... .......... .......... .......... 12% 1.33M 18m28s
#17 166.0 819250K .......... .......... .......... .......... .......... 12% 7.77M 18m28s
#17 166.0 819300K .......... .......... .......... .......... .......... 12% 5.76M 18m28s
#17 166.0 819350K .......... .......... .......... .......... .......... 12% 12.2M 18m28s
#17 166.0 819400K .......... .......... .......... .......... .......... 12% 3.75M 18m28s
#17 166.0 819450K .......... .......... .......... .......... .......... 12% 11.1M 18m28s
#17 166.0 819500K .......... .......... .......... .......... .......... 12% 6.68M 18m28s
#17 166.0 819550K .......... .......... .......... .......... .......... 12% 4.07M 18m28s
#17 166.0 819600K .......... .......... .......... .......... .......... 12% 5.99M 18m28s
#17 166.0 819650K .......... .......... .......... .......... .......... 12% 6.31M 18m28s
#17 166.0 819700K .......... .......... .......... .......... .......... 12% 10.6M 18m28s
#17 166.0 819750K .......... .......... .......... .......... .......... 12% 4.86M 18m28s
#17 166.0 819800K .......... .......... .......... .......... .......... 12% 4.73M 18m28s
#17 166.0 819850K .......... .......... .......... .......... .......... 12% 67.2M 18m28s
#17 166.0 819900K .......... .......... .......... .......... .......... 12% 24.9M 18m28s
#17 166.0 819950K .......... .......... .......... .......... .......... 12% 6.45M 18m28s
#17 166.1 820000K .......... .......... .......... .......... .......... 12% 5.70M 18m28s
#17 166.1 820050K .......... .......... .......... .......... .......... 12% 12.9M 18m28s
#17 166.1 820100K .......... .......... .......... .......... .......... 12%  862K 18m28s
#17 166.1 820150K .......... .......... .......... .......... .......... 12% 1.30M 18m28s
#17 166.2 820200K .......... .......... .......... .......... .......... 12% 1.94M 18m28s
#17 166.2 820250K .......... .......... .......... .......... .......... 12% 2.19M 18m28s
#17 166.2 820300K .......... .......... .......... .......... .......... 12% 1.77M 18m28s
#17 166.2 820350K .......... .......... .......... .......... .......... 12% 2.05M 18m28s
#17 166.3 820400K .......... .......... .......... .......... .......... 12% 1.54M 18m29s
#17 166.3 820450K .......... .......... .......... .......... .......... 12% 51.2M 18m29s
#17 166.3 820500K .......... .......... .......... .......... .......... 12% 3.57M 18m29s
#17 166.3 820550K .......... .......... .......... .......... .......... 12% 1.51M 18m29s
#17 166.4 820600K .......... .......... .......... .......... .......... 12% 1.29M 18m29s
#17 166.4 820650K .......... .......... .......... .......... .......... 12% 11.3M 18m29s
#17 166.4 820700K .......... .......... .......... .......... .......... 12% 21.4M 18m29s
#17 166.4 820750K .......... .......... .......... .......... .......... 12% 3.00M 18m29s
#17 166.4 820800K .......... .......... .......... .......... .......... 12% 39.1M 18m29s
#17 166.4 820850K .......... .......... .......... .......... .......... 12% 15.1M 18m29s
#17 166.4 820900K .......... .......... .......... .......... .......... 12% 5.12M 18m29s
#17 166.4 820950K .......... .......... .......... .......... .......... 12% 7.52M 18m29s
#17 166.4 821000K .......... .......... .......... .......... .......... 12% 1.68M 18m29s
#17 166.5 821050K .......... .......... .......... .......... .......... 12% 3.26M 18m29s
#17 166.5 821100K .......... .......... .......... .......... .......... 12% 39.8M 18m29s
#17 166.5 821150K .......... .......... .......... .......... .......... 12% 5.01M 18m29s
#17 166.5 821200K .......... .......... .......... .......... .......... 12% 5.09M 18m29s
#17 166.5 821250K .......... .......... .......... .......... .......... 12% 4.84M 18m29s
#17 166.5 821300K .......... .......... .......... .......... .......... 12% 3.06M 18m29s
#17 166.5 821350K .......... .......... .......... .......... .......... 12% 8.37M 18m29s
#17 166.5 821400K .......... .......... .......... .......... .......... 12% 6.34M 18m29s
#17 166.5 821450K .......... .......... .......... .......... .......... 12% 8.60M 18m29s
#17 166.5 821500K .......... .......... .......... .......... .......... 12% 3.22M 18m29s
#17 166.6 821550K .......... .......... .......... .......... .......... 12% 7.09M 18m29s
#17 166.6 821600K .......... .......... .......... .......... .......... 12% 3.25M 18m29s
#17 166.6 821650K .......... .......... .......... .......... .......... 12% 4.35M 18m29s
#17 166.6 821700K .......... .......... .......... .......... .......... 12% 33.5M 18m29s
#17 166.6 821750K .......... .......... .......... .......... .......... 12% 67.2M 18m29s
#17 166.6 821800K .......... .......... .......... .......... .......... 12% 2.55M 18m29s
#17 166.6 821850K .......... .......... .......... .......... .......... 12% 1.74M 18m29s
#17 166.6 821900K .......... .......... .......... .......... .......... 12% 9.47M 18m29s
#17 166.6 821950K .......... .......... .......... .......... .......... 12% 30.7M 18m29s
#17 166.6 822000K .......... .......... .......... .......... .......... 12% 30.9M 18m29s
#17 166.6 822050K .......... .......... .......... .......... .......... 12% 42.8M 18m29s
#17 166.6 822100K .......... .......... .......... .......... .......... 12% 2.66M 18m29s
#17 166.7 822150K .......... .......... .......... .......... .......... 12% 1.79M 18m29s
#17 166.7 822200K .......... .......... .......... .......... .......... 12% 24.7M 18m29s
#17 166.7 822250K .......... .......... .......... .......... .......... 12% 60.2M 18m29s
#17 166.7 822300K .......... .......... .......... .......... .......... 12% 60.7M 18m29s
#17 166.7 822350K .......... .......... .......... .......... .......... 12% 2.74M 18m29s
#17 166.7 822400K .......... .......... .......... .......... .......... 12% 1.80M 18m29s
#17 166.7 822450K .......... .......... .......... .......... .......... 12% 5.68M 18m29s
#17 166.7 822500K .......... .......... .......... .......... .......... 12% 3.69M 18m29s
#17 166.8 822550K .......... .......... .......... .......... .......... 12% 31.6M 18m29s
#17 166.8 822600K .......... .......... .......... .......... .......... 12% 2.18M 18m29s
#17 166.8 822650K .......... .......... .......... .......... .......... 12% 65.6M 18m29s
#17 166.8 822700K .......... .......... .......... .......... .......... 12% 44.0M 18m29s
#17 166.8 822750K .......... .......... .......... .......... .......... 12% 4.96M 18m29s
#17 166.8 822800K .......... .......... .......... .......... .......... 12% 24.7M 18m29s
#17 166.8 822850K .......... .......... .......... .......... .......... 12% 3.15M 18m29s
#17 166.8 822900K .......... .......... .......... .......... .......... 12% 2.02M 18m29s
#17 166.8 822950K .......... .......... .......... .......... .......... 12% 36.9M 18m29s
#17 166.8 823000K .......... .......... .......... .......... .......... 12% 16.3M 18m29s
#17 166.8 823050K .......... .......... .......... .......... .......... 12% 21.8M 18m29s
#17 166.8 823100K .......... .......... .......... .......... .......... 12% 21.6M 18m28s
#17 166.8 823150K .......... .......... .......... .......... .......... 12% 3.33M 18m28s
#17 166.9 823200K .......... .......... .......... .......... .......... 12% 53.8M 18m28s
#17 166.9 823250K .......... .......... .......... .......... .......... 12% 51.1M 18m28s
#17 166.9 823300K .......... .......... .......... .......... .......... 12% 3.33M 18m28s
#17 166.9 823350K .......... .......... .......... .......... .......... 12% 26.9M 18m28s
#17 166.9 823400K .......... .......... .......... .......... .......... 12% 44.2M 18m28s
#17 166.9 823450K .......... .......... .......... .......... .......... 12% 4.12M 18m28s
#17 166.9 823500K .......... .......... .......... .......... .......... 12% 23.2M 18m28s
#17 166.9 823550K .......... .......... .......... .......... .......... 12% 2.75M 18m28s
#17 166.9 823600K .......... .......... .......... .......... .......... 12% 5.06M 18m28s
#17 166.9 823650K .......... .......... .......... .......... .......... 12% 3.38M 18m28s
#17 166.9 823700K .......... .......... .......... .......... .......... 12% 33.7M 18m28s
#17 166.9 823750K .......... .......... .......... .......... .......... 12% 6.48M 18m28s
#17 166.9 823800K .......... .......... .......... .......... .......... 12% 4.78M 18m28s
#17 167.0 823850K .......... .......... .......... .......... .......... 12% 6.31M 18m28s
#17 167.0 823900K .......... .......... .......... .......... .......... 12% 9.16M 18m28s
#17 167.0 823950K .......... .......... .......... .......... .......... 12% 3.41M 18m28s
#17 167.0 824000K .......... .......... .......... .......... .......... 12% 7.61M 18m28s
#17 167.0 824050K .......... .......... .......... .......... .......... 12% 6.04M 18m28s
#17 167.0 824100K .......... .......... .......... .......... .......... 12% 63.5M 18m28s
#17 167.0 824150K .......... .......... .......... .......... .......... 12% 55.8M 18m28s
#17 167.0 824200K .......... .......... .......... .......... .......... 12% 4.15M 18m28s
#17 167.0 824250K .......... .......... .......... .......... .......... 12% 53.6M 18m28s
#17 167.0 824300K .......... .......... .......... .......... .......... 12% 63.0M 18m28s
#17 167.0 824350K .......... .......... .......... .......... .......... 12% 27.8M 18m28s
#17 167.0 824400K .......... .......... .......... .......... .......... 12% 5.88M 18m28s
#17 167.0 824450K .......... .......... .......... .......... .......... 12% 11.7M 18m28s
#17 167.0 824500K .......... .......... .......... .......... .......... 12% 3.41M 18m28s
#17 167.0 824550K .......... .......... .......... .......... .......... 12% 13.8M 18m28s
#17 167.0 824600K .......... .......... .......... .......... .......... 12% 7.12M 18m28s
#17 167.0 824650K .......... .......... .......... .......... .......... 12% 5.13M 18m28s
#17 167.1 824700K .......... .......... .......... .......... .......... 12% 7.64M 18m28s
#17 167.1 824750K .......... .......... .......... .......... .......... 12% 5.34M 18m28s
#17 167.1 824800K .......... .......... .......... .......... .......... 12% 4.19M 18m28s
#17 167.1 824850K .......... .......... .......... .......... .......... 12% 2.89M 18m28s
#17 167.1 824900K .......... .......... .......... .......... .......... 12% 34.5M 18m28s
#17 167.1 824950K .......... .......... .......... .......... .......... 12% 87.0M 18m28s
#17 167.1 825000K .......... .......... .......... .......... .......... 12% 13.2M 18m27s
#17 167.1 825050K .......... .......... .......... .......... .......... 12% 4.19M 18m27s
#17 167.1 825100K .......... .......... .......... .......... .......... 12% 44.4M 18m27s
#17 167.1 825150K .......... .......... .......... .......... .......... 12% 5.76M 18m27s
#17 167.1 825200K .......... .......... .......... .......... .......... 12% 90.6M 18m27s
#17 167.1 825250K .......... .......... .......... .......... .......... 12%  137M 18m27s
#17 167.1 825300K .......... .......... .......... .......... .......... 12% 8.44M 18m27s
#17 167.1 825350K .......... .......... .......... .......... .......... 12% 56.5M 18m27s
#17 167.1 825400K .......... .......... .......... .......... .......... 12% 5.34M 18m27s
#17 167.1 825450K .......... .......... .......... .......... .......... 12% 22.2M 18m27s
#17 167.1 825500K .......... .......... .......... .......... .......... 12% 21.8M 18m27s
#17 167.2 825550K .......... .......... .......... .......... .......... 12% 13.7M 18m27s
#17 167.2 825600K .......... .......... .......... .......... .......... 12% 6.18M 18m27s
#17 167.2 825650K .......... .......... .......... .......... .......... 12% 3.44M 18m27s
#17 167.2 825700K .......... .......... .......... .......... .......... 12% 5.48M 18m27s
#17 167.2 825750K .......... .......... .......... .......... .......... 12% 7.01M 18m27s
#17 167.2 825800K .......... .......... .......... .......... .......... 12% 47.8M 18m27s
#17 167.2 825850K .......... .......... .......... .......... .......... 12% 52.6M 18m27s
#17 167.2 825900K .......... .......... .......... .......... .......... 12% 3.80M 18m27s
#17 167.2 825950K .......... .......... .......... .......... .......... 12% 14.6M 18m27s
#17 167.2 826000K .......... .......... .......... .......... .......... 12% 23.2M 18m27s
#17 167.2 826050K .......... .......... .......... .......... .......... 12% 9.52M 18m27s
#17 167.2 826100K .......... .......... .......... .......... .......... 12%  116M 18m27s
#17 167.2 826150K .......... .......... .......... .......... .......... 12% 12.7M 18m27s
#17 167.2 826200K .......... .......... .......... .......... .......... 12% 20.7M 18m26s
#17 167.2 826250K .......... .......... .......... .......... .......... 12% 8.83M 18m26s
#17 167.2 826300K .......... .......... .......... .......... .......... 12% 13.9M 18m26s
#17 167.2 826350K .......... .......... .......... .......... .......... 12% 8.42M 18m26s
#17 167.2 826400K .......... .......... .......... .......... .......... 12% 15.7M 18m26s
#17 167.2 826450K .......... .......... .......... .......... .......... 12% 6.10M 18m26s
#17 167.2 826500K .......... .......... .......... .......... .......... 12% 13.4M 18m26s
#17 167.6 826550K .......... .......... .......... .......... .......... 12% 15.9M 18m26s
#17 167.6 826600K .......... .......... .......... .......... .......... 12% 7.50M 18m26s
#17 167.6 826650K .......... .......... .......... .......... .......... 12% 9.91M 18m26s
#17 167.6 826700K .......... .......... .......... .......... .......... 12% 21.2M 18m26s
#17 167.6 826750K .......... .......... .......... .......... .......... 12% 40.4M 18m26s
#17 167.6 826800K .......... .......... .......... .......... .......... 12% 57.7M 18m26s
#17 167.6 826850K .......... .......... .......... .......... .......... 12% 7.86M 18m26s
#17 167.6 826900K .......... .......... .......... .......... .......... 12% 6.78M 18m26s
#17 167.6 826950K .......... .......... .......... .......... .......... 12% 13.8M 18m26s
#17 167.6 827000K .......... .......... .......... .......... .......... 12% 3.20M 18m26s
#17 167.6 827050K .......... .......... .......... .......... .......... 12% 43.1M 18m26s
#17 167.6 827100K .......... .......... .......... .......... .......... 12% 4.30M 18m26s
#17 167.6 827150K .......... .......... .......... .......... .......... 12% 5.24M 18m26s
#17 167.6 827200K .......... .......... .......... .......... .......... 12% 2.01M 18m26s
#17 167.7 827250K .......... .......... .......... .......... .......... 12% 4.59M 18m26s
#17 167.7 827300K .......... .......... .......... .......... .......... 12% 10.3M 18m26s
#17 167.7 827350K .......... .......... .......... .......... .......... 12% 4.37M 18m26s
#17 167.7 827400K .......... .......... .......... .......... .......... 12% 3.33M 18m26s
#17 167.7 827450K .......... .......... .......... .......... .......... 12% 4.42M 18m26s
#17 167.7 827500K .......... .......... .......... .......... .......... 12% 42.5M 18m26s
#17 167.7 827550K .......... .......... .......... .......... .......... 12% 63.9M 18m26s
#17 167.7 827600K .......... .......... .......... .......... .......... 12% 5.27M 18m26s
#17 167.7 827650K .......... .......... .......... .......... .......... 12% 6.05M 18m26s
#17 167.7 827700K .......... .......... .......... .......... .......... 12% 7.44M 18m26s
#17 167.7 827750K .......... .......... .......... .......... .......... 12% 47.6M 18m26s
#17 167.7 827800K .......... .......... .......... .......... .......... 12% 6.09M 18m26s
#17 167.8 827850K .......... .......... .......... .......... .......... 12% 6.18M 18m26s
#17 167.8 827900K .......... .......... .......... .......... .......... 12% 3.00M 18m26s
#17 167.8 827950K .......... .......... .......... .......... .......... 12% 51.5M 18m26s
#17 167.8 828000K .......... .......... .......... .......... .......... 12% 8.52M 18m25s
#17 167.8 828050K .......... .......... .......... .......... .......... 12% 4.44M 18m25s
#17 167.8 828100K .......... .......... .......... .......... .......... 12% 6.19M 18m25s
#17 167.8 828150K .......... .......... .......... .......... .......... 12% 4.27M 18m25s
#17 167.8 828200K .......... .......... .......... .......... .......... 12% 7.63M 18m25s
#17 167.8 828250K .......... .......... .......... .......... .......... 12% 83.4M 18m25s
#17 167.8 828300K .......... .......... .......... .......... .......... 12% 13.1M 18m25s
#17 167.8 828350K .......... .......... .......... .......... .......... 12% 10.4M 18m25s
#17 167.8 828400K .......... .......... .......... .......... .......... 12% 8.12M 18m25s
#17 167.8 828450K .......... .......... .......... .......... .......... 12% 75.4M 18m25s
#17 167.8 828500K .......... .......... .......... .......... .......... 12% 14.5M 18m25s
#17 167.8 828550K .......... .......... .......... .......... .......... 12% 13.4M 18m25s
#17 167.8 828600K .......... .......... .......... .......... .......... 12% 5.95M 18m25s
#17 167.9 828650K .......... .......... .......... .......... .......... 12% 50.0M 18m25s
#17 167.9 828700K .......... .......... .......... .......... .......... 12% 7.54M 18m25s
#17 167.9 828750K .......... .......... .......... .......... .......... 12% 7.67M 18m25s
#17 170.0 828800K .......... .......... .......... .......... .......... 12% 4.37M 18m25s
#17 170.0 828850K .......... .......... .......... .......... .......... 12% 41.6M 18m25s
#17 170.0 828900K .......... .......... .......... .......... .......... 12% 6.47M 18m25s
#17 170.0 828950K .......... .......... .......... .......... .......... 12% 8.96M 18m25s
#17 170.0 829000K .......... .......... .......... .......... .......... 12% 4.84M 18m25s
#17 170.0 829050K .......... .......... .......... .......... .......... 12% 6.82M 18m25s
#17 170.0 829100K .......... .......... .......... .......... .......... 12% 4.79M 18m25s
#17 170.0 829150K .......... .......... .......... .......... .......... 12% 9.32M 18m25s
#17 170.0 829200K .......... .......... .......... .......... .......... 12% 4.97M 18m25s
#17 170.0 829250K .......... .......... .......... .......... .......... 12% 5.92M 18m25s
#17 170.0 829300K .......... .......... .......... .......... .......... 12% 12.0M 18m25s
#17 170.0 829350K .......... .......... .......... .......... .......... 12% 10.9M 18m25s
#17 170.0 829400K .......... .......... .......... .......... .......... 12% 3.24M 18m25s
#17 170.1 829450K .......... .......... .......... .......... .......... 12% 29.1M 18m25s
#17 170.1 829500K .......... .......... .......... .......... .......... 12% 7.34M 18m25s
#17 170.1 829550K .......... .......... .......... .......... .......... 12% 5.57M 18m25s
#17 170.1 829600K .......... .......... .......... .......... .......... 12% 8.34M 18m25s
#17 170.1 829650K .......... .......... .......... .......... .......... 12% 6.56M 18m25s
#17 170.1 829700K .......... .......... .......... .......... .......... 12% 7.18M 18m24s
#17 170.1 829750K .......... .......... .......... .......... .......... 12% 5.91M 18m24s
#17 170.1 829800K .......... .......... .......... .......... .......... 12% 1.50M 18m25s
#17 170.1 829850K .......... .......... .......... .......... .......... 12% 4.55M 18m25s
#17 170.1 829900K .......... .......... .......... .......... .......... 12% 4.20M 18m25s
#17 170.2 829950K .......... .......... .......... .......... .......... 12% 5.31M 18m25s
#17 170.2 830000K .......... .......... .......... .......... .......... 12% 71.1M 18m25s
#17 170.2 830050K .......... .......... .......... .......... .......... 12% 8.54M 18m25s
#17 170.2 830100K .......... .......... .......... .......... .......... 12% 5.87M 18m24s
#17 170.2 830150K .......... .......... .......... .......... .......... 12% 6.08M 18m24s
#17 170.2 830200K .......... .......... .......... .......... .......... 12% 5.79M 18m24s
#17 170.2 830250K .......... .......... .......... .......... .......... 12% 1.95M 18m25s
#17 170.2 830300K .......... .......... .......... .......... .......... 12% 6.67M 18m25s
#17 170.2 830350K .......... .......... .......... .......... .......... 12% 5.25M 18m25s
#17 170.2 830400K .......... .......... .......... .......... .......... 12% 3.34M 18m25s
#17 170.3 830450K .......... .......... .......... .......... .......... 12% 73.3M 18m24s
#17 170.3 830500K .......... .......... .......... .......... .......... 12% 18.0M 18m24s
#17 170.3 830550K .......... .......... .......... .......... .......... 12% 6.99M 18m24s
#17 170.3 830600K .......... .......... .......... .......... .......... 12% 14.4M 18m24s
#17 170.3 830650K .......... .......... .......... .......... .......... 12% 8.46M 18m24s
#17 170.3 830700K .......... .......... .......... .......... .......... 12% 4.68M 18m24s
#17 170.3 830750K .......... .......... .......... .......... .......... 12% 13.3M 18m24s
#17 170.3 830800K .......... .......... .......... .......... .......... 12% 6.70M 18m24s
#17 170.3 830850K .......... .......... .......... .......... .......... 12% 5.74M 18m24s
#17 170.3 830900K .......... .......... .......... .......... .......... 12% 10.3M 18m24s
#17 170.3 830950K .......... .......... .......... .......... .......... 12% 3.30M 18m24s
#17 170.3 831000K .......... .......... .......... .......... .......... 12% 17.8M 18m24s
#17 170.3 831050K .......... .......... .......... .......... .......... 12% 5.65M 18m24s
#17 170.3 831100K .......... .......... .......... .......... .......... 12% 4.79M 18m24s
#17 170.3 831150K .......... .......... .......... .......... .......... 12% 7.66M 18m24s
#17 170.4 831200K .......... .......... .......... .......... .......... 12% 7.83M 18m24s
#17 170.4 831250K .......... .......... .......... .......... .......... 12% 5.64M 18m24s
#17 170.4 831300K .......... .......... .......... .......... .......... 12% 4.73M 18m24s
#17 170.4 831350K .......... .......... .......... .......... .......... 12% 19.3M 18m24s
#17 170.4 831400K .......... .......... .......... .......... .......... 12% 3.47M 18m24s
#17 170.4 831450K .......... .......... .......... .......... .......... 12% 6.33M 18m24s
#17 170.4 831500K .......... .......... .......... .......... .......... 12% 5.30M 18m24s
#17 170.4 831550K .......... .......... .......... .......... .......... 12% 23.4M 18m24s
#17 170.4 831600K .......... .......... .......... .......... .......... 12% 3.35M 18m24s
#17 170.4 831650K .......... .......... .......... .......... .......... 12% 60.7M 18m24s
#17 170.4 831700K .......... .......... .......... .......... .......... 12% 31.4M 18m24s
#17 170.4 831750K .......... .......... .......... .......... .......... 12% 6.32M 18m24s
#17 170.4 831800K .......... .......... .......... .......... .......... 12% 5.09M 18m24s
#17 170.5 831850K .......... .......... .......... .......... .......... 12% 4.62M 18m24s
#17 170.5 831900K .......... .......... .......... .......... .......... 12% 5.27M 18m24s
#17 170.5 831950K .......... .......... .......... .......... .......... 12% 5.08M 18m24s
#17 170.5 832000K .......... .......... .......... .......... .......... 12% 5.79M 18m24s
#17 170.5 832050K .......... .......... .......... .......... .......... 12% 18.6M 18m24s
#17 170.5 832100K .......... .......... .......... .......... .......... 12% 10.7M 18m24s
#17 170.5 832150K .......... .......... .......... .......... .......... 12% 36.8M 18m24s
#17 170.5 832200K .......... .......... .......... .......... .......... 12% 3.19M 18m24s
#17 170.5 832250K .......... .......... .......... .......... .......... 12% 18.8M 18m24s
#17 170.5 832300K .......... .......... .......... .......... .......... 12% 7.42M 18m24s
#17 170.5 832350K .......... .......... .......... .......... .......... 12% 5.02M 18m24s
#17 170.5 832400K .......... .......... .......... .......... .......... 12% 12.2M 18m24s
#17 170.5 832450K .......... .......... .......... .......... .......... 12% 11.4M 18m23s
#17 170.5 832500K .......... .......... .......... .......... .......... 12% 4.06M 18m23s
#17 170.5 832550K .......... .......... .......... .......... .......... 12% 6.48M 18m23s
#17 170.6 832600K .......... .......... .......... .......... .......... 12% 8.86M 18m23s
#17 170.6 832650K .......... .......... .......... .......... .......... 12% 6.40M 18m23s
#17 170.6 832700K .......... .......... .......... .......... .......... 12% 5.61M 18m23s
#17 170.6 832750K .......... .......... .......... .......... .......... 12% 7.54M 18m23s
#17 170.6 832800K .......... .......... .......... .......... .......... 12% 5.96M 18m23s
#17 170.6 832850K .......... .......... .......... .......... .......... 12% 7.57M 18m23s
#17 170.6 832900K .......... .......... .......... .......... .......... 12% 12.2M 18m23s
#17 170.6 832950K .......... .......... .......... .......... .......... 12% 8.29M 18m23s
#17 170.6 833000K .......... .......... .......... .......... .......... 12% 4.27M 18m23s
#17 170.6 833050K .......... .......... .......... .......... .......... 12% 7.95M 18m23s
#17 170.6 833100K .......... .......... .......... .......... .......... 12% 7.28M 18m23s
#17 170.6 833150K .......... .......... .......... .......... .......... 12% 6.63M 18m23s
#17 170.6 833200K .......... .......... .......... .......... .......... 12% 1.77M 18m23s
#17 170.7 833250K .......... .......... .......... .......... .......... 12% 5.17M 18m23s
#17 170.7 833300K .......... .......... .......... .......... .......... 12% 20.4M 18m23s
#17 170.7 833350K .......... .......... .......... .......... .......... 12% 7.79M 18m23s
#17 170.7 833400K .......... .......... .......... .......... .......... 12% 4.60M 18m23s
#17 170.7 833450K .......... .......... .......... .......... .......... 12% 10.1M 18m23s
#17 170.7 833500K .......... .......... .......... .......... .......... 12% 5.93M 18m23s
#17 170.7 833550K .......... .......... .......... .......... .......... 12% 5.23M 18m23s
#17 170.7 833600K .......... .......... .......... .......... .......... 12% 6.41M 18m23s
#17 170.7 833650K .......... .......... .......... .......... .......... 12% 41.0M 18m23s
#17 170.7 833700K .......... .......... .......... .......... .......... 12% 20.5M 18m23s
#17 170.7 833750K .......... .......... .......... .......... .......... 12% 5.85M 18m23s
#17 170.7 833800K .......... .......... .......... .......... .......... 12% 6.24M 18m23s
#17 170.7 833850K .......... .......... .......... .......... .......... 12% 4.89M 18m23s
#17 170.8 833900K .......... .......... .......... .......... .......... 12% 7.83M 18m23s
#17 170.8 833950K .......... .......... .......... .......... .......... 12% 13.7M 18m23s
#17 170.8 834000K .......... .......... .......... .......... .......... 12% 4.07M 18m23s
#17 170.8 834050K .......... .......... .......... .......... .......... 12% 4.50M 18m23s
#17 170.8 834100K .......... .......... .......... .......... .......... 12% 10.4M 18m23s
#17 170.8 834150K .......... .......... .......... .......... .......... 12% 13.1M 18m23s
#17 170.8 834200K .......... .......... .......... .......... .......... 12% 6.19M 18m23s
#17 170.8 834250K .......... .......... .......... .......... .......... 12% 10.1M 18m23s
#17 170.8 834300K .......... .......... .......... .......... .......... 12% 8.66M 18m23s
#17 170.8 834350K .......... .......... .......... .......... .......... 12% 30.0M 18m23s
#17 170.8 834400K .......... .......... .......... .......... .......... 12% 4.32M 18m23s
#17 170.8 834450K .......... .......... .......... .......... .......... 12% 6.75M 18m23s
#17 170.8 834500K .......... .......... .......... .......... .......... 12% 25.5M 18m23s
#17 170.8 834550K .......... .......... .......... .......... .......... 12% 5.85M 18m23s
#17 170.8 834600K .......... .......... .......... .......... .......... 12% 5.17M 18m22s
#17 170.9 834650K .......... .......... .......... .......... .......... 12% 10.6M 18m22s
#17 170.9 834700K .......... .......... .......... .......... .......... 12% 4.69M 18m22s
#17 170.9 834750K .......... .......... .......... .......... .......... 12% 14.9M 18m22s
#17 170.9 834800K .......... .......... .......... .......... .......... 12% 4.44M 18m22s
#17 170.9 834850K .......... .......... .......... .......... .......... 12% 3.79M 18m22s
#17 170.9 834900K .......... .......... .......... .......... .......... 12% 38.2M 18m22s
#17 170.9 834950K .......... .......... .......... .......... .......... 12% 11.8M 18m22s
#17 170.9 835000K .......... .......... .......... .......... .......... 12% 5.12M 18m22s
#17 170.9 835050K .......... .......... .......... .......... .......... 12% 16.4M 18m22s
#17 170.9 835100K .......... .......... .......... .......... .......... 12% 5.30M 18m22s
#17 170.9 835150K .......... .......... .......... .......... .......... 12% 5.98M 18m22s
#17 170.9 835200K .......... .......... .......... .......... .......... 12% 6.32M 18m22s
#17 170.9 835250K .......... .......... .......... .......... .......... 12% 6.47M 18m22s
#17 170.9 835300K .......... .......... .......... .......... .......... 12% 4.55M 18m22s
#17 171.0 835350K .......... .......... .......... .......... .......... 12% 6.43M 18m22s
#17 171.0 835400K .......... .......... .......... .......... .......... 12% 4.44M 18m22s
#17 171.0 835450K .......... .......... .......... .......... .......... 12% 7.40M 18m22s
#17 171.0 835500K .......... .......... .......... .......... .......... 12% 5.55M 18m22s
#17 171.0 835550K .......... .......... .......... .......... .......... 12% 17.1M 18m22s
#17 171.0 835600K .......... .......... .......... .......... .......... 12% 28.5M 18m22s
#17 171.0 835650K .......... .......... .......... .......... .......... 12% 5.91M 18m22s
#17 171.0 835700K .......... .......... .......... .......... .......... 12% 12.4M 18m22s
#17 171.0 835750K .......... .......... .......... .......... .......... 12% 5.90M 18m22s
#17 171.0 835800K .......... .......... .......... .......... .......... 12% 7.13M 18m22s
#17 171.0 835850K .......... .......... .......... .......... .......... 12% 15.3M 18m22s
#17 171.0 835900K .......... .......... .......... .......... .......... 12% 3.70M 18m22s
#17 171.0 835950K .......... .......... .......... .......... .......... 12% 7.61M 18m22s
#17 171.0 836000K .......... .......... .......... .......... .......... 12% 1.90M 18m22s
#17 171.1 836050K .......... .......... .......... .......... .......... 12% 6.06M 18m22s
#17 171.1 836100K .......... .......... .......... .......... .......... 12% 5.26M 18m22s
#17 171.1 836150K .......... .......... .......... .......... .......... 12% 45.9M 18m22s
#17 171.1 836200K .......... .......... .......... .......... .......... 12% 8.30M 18m22s
#17 171.1 836250K .......... .......... .......... .......... .......... 12% 5.70M 18m22s
#17 171.1 836300K .......... .......... .......... .......... .......... 12% 7.83M 18m22s
#17 171.1 836350K .......... .......... .......... .......... .......... 12% 8.21M 18m22s
#17 171.1 836400K .......... .......... .......... .......... .......... 12% 5.17M 18m22s
#17 171.1 836450K .......... .......... .......... .......... .......... 12% 7.68M 18m22s
#17 171.1 836500K .......... .......... .......... .......... .......... 12% 83.7M 18m22s
#17 171.1 836550K .......... .......... .......... .......... .......... 12%  103M 18m22s
#17 171.1 836600K .......... .......... .......... .......... .......... 12% 5.17M 18m22s
#17 171.1 836650K .......... .......... .......... .......... .......... 12% 58.8M 18m21s
#17 171.1 836700K .......... .......... .......... .......... .......... 12% 5.69M 18m21s
#17 171.2 836750K .......... .......... .......... .......... .......... 12% 5.44M 18m21s
#17 171.2 836800K .......... .......... .......... .......... .......... 12% 4.20M 18m21s
#17 171.2 836850K .......... .......... .......... .......... .......... 12% 16.0M 18m21s
#17 171.2 836900K .......... .......... .......... .......... .......... 12% 5.82M 18m21s
#17 171.2 836950K .......... .......... .......... .......... .......... 12% 7.72M 18m21s
#17 171.2 837000K .......... .......... .......... .......... .......... 12% 6.40M 18m21s
#17 171.2 837050K .......... .......... .......... .......... .......... 12% 7.82M 18m21s
#17 171.2 837100K .......... .......... .......... .......... .......... 12% 4.99M 18m21s
#17 171.2 837150K .......... .......... .......... .......... .......... 12% 7.25M 18m21s
#17 171.2 837200K .......... .......... .......... .......... .......... 12% 6.11M 18m21s
#17 171.2 837250K .......... .......... .......... .......... .......... 12% 6.75M 18m21s
#17 171.2 837300K .......... .......... .......... .......... .......... 12% 3.51M 18m21s
#17 171.3 837350K .......... .......... .......... .......... .......... 12% 11.3M 18m21s
#17 171.3 837400K .......... .......... .......... .......... .......... 12% 17.5M 18m21s
#17 171.3 837450K .......... .......... .......... .......... .......... 12% 4.25M 18m21s
#17 171.3 837500K .......... .......... .......... .......... .......... 12% 2.93M 18m21s
#17 171.3 837550K .......... .......... .......... .......... .......... 12%  135M 18m21s
#17 171.3 837600K .......... .......... .......... .......... .......... 12% 6.81M 18m21s
#17 171.3 837650K .......... .......... .......... .......... .......... 12% 4.98M 18m21s
#17 171.3 837700K .......... .......... .......... .......... .......... 12% 31.3M 18m21s
#17 171.3 837750K .......... .......... .......... .......... .......... 12% 8.14M 18m21s
#17 171.3 837800K .......... .......... .......... .......... .......... 12% 6.76M 18m21s
#17 171.3 837850K .......... .......... .......... .......... .......... 12% 5.31M 18m21s
#17 171.3 837900K .......... .......... .......... .......... .......... 12% 3.83M 18m21s
#17 171.3 837950K .......... .......... .......... .......... .......... 12% 11.7M 18m21s
#17 171.3 838000K .......... .......... .......... .......... .......... 12% 3.94M 18m21s
#17 171.4 838050K .......... .......... .......... .......... .......... 12% 9.81M 18m21s
#17 171.4 838100K .......... .......... .......... .......... .......... 12% 5.37M 18m21s
#17 171.4 838150K .......... .......... .......... .......... .......... 12% 10.6M 18m21s
#17 171.4 838200K .......... .......... .......... .......... .......... 12% 6.85M 18m21s
#17 171.4 838250K .......... .......... .......... .......... .......... 12% 10.2M 18m21s
#17 171.4 838300K .......... .......... .......... .......... .......... 12% 4.99M 18m21s
#17 171.4 838350K .......... .......... .......... .......... .......... 12% 11.4M 18m21s
#17 171.4 838400K .......... .......... .......... .......... .......... 12% 4.69M 18m21s
#17 171.4 838450K .......... .......... .......... .......... .......... 12% 5.30M 18m21s
#17 171.4 838500K .......... .......... .......... .......... .......... 12% 11.4M 18m21s
#17 171.4 838550K .......... .......... .......... .......... .......... 12% 4.35M 18m21s
#17 171.4 838600K .......... .......... .......... .......... .......... 12% 10.3M 18m21s
#17 171.4 838650K .......... .......... .......... .......... .......... 12% 5.13M 18m21s
#17 171.5 838700K .......... .......... .......... .......... .......... 12% 1.62M 18m21s
#17 171.5 838750K .......... .......... .......... .......... .......... 12% 4.06M 18m21s
#17 171.5 838800K .......... .......... .......... .......... .......... 12% 7.71M 18m21s
#17 171.5 838850K .......... .......... .......... .......... .......... 12% 10.2M 18m21s
#17 171.5 838900K .......... .......... .......... .......... .......... 12% 5.15M 18m21s
#17 171.5 838950K .......... .......... .......... .......... .......... 12% 20.7M 18m21s
#17 171.5 839000K .......... .......... .......... .......... .......... 12% 51.2M 18m21s
#17 171.5 839050K .......... .......... .......... .......... .......... 12% 7.50M 18m21s
#17 171.5 839100K .......... .......... .......... .......... .......... 12% 8.95M 18m21s
#17 171.5 839150K .......... .......... .......... .......... .......... 12% 13.6M 18m20s
#17 171.5 839200K .......... .......... .......... .......... .......... 12% 6.22M 18m20s
#17 171.5 839250K .......... .......... .......... .......... .......... 12% 24.8M 18m20s
#17 171.5 839300K .......... .......... .......... .......... .......... 12% 42.7M 18m20s
#17 171.5 839350K .......... .......... .......... .......... .......... 12% 6.74M 18m20s
#17 171.6 839400K .......... .......... .......... .......... .......... 12% 6.23M 18m20s
#17 171.6 839450K .......... .......... .......... .......... .......... 12% 7.39M 18m20s
#17 171.6 839500K .......... .......... .......... .......... .......... 12% 3.18M 18m20s
#17 171.6 839550K .......... .......... .......... .......... .......... 12% 4.08M 18m20s
#17 171.6 839600K .......... .......... .......... .......... .......... 12% 10.5M 18m20s
#17 171.6 839650K .......... .......... .......... .......... .......... 12% 10.6M 18m20s
#17 171.6 839700K .......... .......... .......... .......... .......... 12% 2.99M 18m20s
#17 171.6 839750K .......... .......... .......... .......... .......... 12% 13.0M 18m20s
#17 171.6 839800K .......... .......... .......... .......... .......... 12% 25.3M 18m20s
#17 171.6 839850K .......... .......... .......... .......... .......... 12% 3.35M 18m20s
#17 171.6 839900K .......... .......... .......... .......... .......... 12% 4.35M 18m20s
#17 171.6 839950K .......... .......... .......... .......... .......... 12% 22.0M 18m20s
#17 171.7 840000K .......... .......... .......... .......... .......... 12% 5.26M 18m20s
#17 171.7 840050K .......... .......... .......... .......... .......... 12% 6.02M 18m20s
#17 171.7 840100K .......... .......... .......... .......... .......... 12% 18.8M 18m20s
#17 171.7 840150K .......... .......... .......... .......... .......... 12% 3.74M 18m20s
#17 171.7 840200K .......... .......... .......... .......... .......... 12% 4.94M 18m20s
#17 171.7 840250K .......... .......... .......... .......... .......... 12% 48.9M 18m20s
#17 171.7 840300K .......... .......... .......... .......... .......... 12% 23.8M 18m20s
#17 171.7 840350K .......... .......... .......... .......... .......... 12% 4.88M 18m20s
#17 171.7 840400K .......... .......... .......... .......... .......... 12% 11.0M 18m20s
#17 171.7 840450K .......... .......... .......... .......... .......... 12% 1.87M 18m20s
#17 171.7 840500K .......... .......... .......... .......... .......... 12% 5.37M 18m20s
#17 171.7 840550K .......... .......... .......... .......... .......... 12% 6.15M 18m20s
#17 171.8 840600K .......... .......... .......... .......... .......... 12% 62.4M 18m20s
#17 171.8 840650K .......... .......... .......... .......... .......... 12% 4.68M 18m20s
#17 171.8 840700K .......... .......... .......... .......... .......... 12% 8.30M 18m20s
#17 171.8 840750K .......... .......... .......... .......... .......... 12% 15.4M 18m20s
#17 171.8 840800K .......... .......... .......... .......... .......... 12% 4.91M 18m20s
#17 171.8 840850K .......... .......... .......... .......... .......... 12% 39.7M 18m20s
#17 171.8 840900K .......... .......... .......... .......... .......... 12% 5.16M 18m20s
#17 171.8 840950K .......... .......... .......... .......... .......... 12% 3.61M 18m20s
#17 171.8 841000K .......... .......... .......... .......... .......... 12% 34.3M 18m20s
#17 171.8 841050K .......... .......... .......... .......... .......... 12% 60.2M 18m20s
#17 171.8 841100K .......... .......... .......... .......... .......... 12% 15.6M 18m20s
#17 171.8 841150K .......... .......... .......... .......... .......... 12% 16.9M 18m20s
#17 171.8 841200K .......... .......... .......... .......... .......... 12% 6.00M 18m19s
#17 171.8 841250K .......... .......... .......... .......... .......... 12% 7.23M 18m19s
#17 171.8 841300K .......... .......... .......... .......... .......... 12% 4.55M 18m19s
#17 171.8 841350K .......... .......... .......... .......... .......... 12% 1.74M 18m20s
#17 171.9 841400K .......... .......... .......... .......... .......... 12% 5.91M 18m20s
#17 171.9 841450K .......... .......... .......... .......... .......... 12% 4.92M 18m20s
#17 171.9 841500K .......... .......... .......... .......... .......... 12% 29.4M 18m20s
#17 171.9 841550K .......... .......... .......... .......... .......... 12% 12.5M 18m19s
#17 171.9 841600K .......... .......... .......... .......... .......... 12% 5.37M 18m19s
#17 171.9 841650K .......... .......... .......... .......... .......... 12% 11.6M 18m19s
#17 171.9 841700K .......... .......... .......... .......... .......... 12% 16.1M 18m19s
#17 171.9 841750K .......... .......... .......... .......... .......... 12% 3.09M 18m19s
#17 171.9 841800K .......... .......... .......... .......... .......... 12% 6.51M 18m19s
#17 171.9 841850K .......... .......... .......... .......... .......... 12% 8.18M 18m19s
#17 171.9 841900K .......... .......... .......... .......... .......... 12% 4.19M 18m19s
#17 172.0 841950K .......... .......... .......... .......... .......... 12% 4.79M 18m19s
#17 172.0 842000K .......... .......... .......... .......... .......... 12% 39.0M 18m19s
#17 172.0 842050K .......... .......... .......... .......... .......... 12% 76.8M 18m19s
#17 172.0 842100K .......... .......... .......... .......... .......... 12% 9.51M 18m19s
#17 172.0 842150K .......... .......... .......... .......... .......... 12% 4.67M 18m19s
#17 172.0 842200K .......... .......... .......... .......... .......... 12% 5.37M 18m19s
#17 172.0 842250K .......... .......... .......... .......... .......... 12% 2.93M 18m19s
#17 172.0 842300K .......... .......... .......... .......... .......... 12% 2.63M 18m19s
#17 172.0 842350K .......... .......... .......... .......... .......... 12% 8.19M 18m19s
#17 172.0 842400K .......... .......... .......... .......... .......... 12% 5.87M 18m19s
#17 172.0 842450K .......... .......... .......... .......... .......... 12% 74.5M 18m19s
#17 172.0 842500K .......... .......... .......... .......... .......... 12% 63.8M 18m19s
#17 172.0 842550K .......... .......... .......... .......... .......... 12% 5.71M 18m19s
#17 172.0 842600K .......... .......... .......... .......... .......... 12% 12.0M 18m19s
#17 172.1 842650K .......... .......... .......... .......... .......... 12% 8.32M 18m19s
#17 172.1 842700K .......... .......... .......... .......... .......... 12% 5.06M 18m19s
#17 172.1 842750K .......... .......... .......... .......... .......... 12% 13.0M 18m19s
#17 172.1 842800K .......... .......... .......... .......... .......... 12% 7.37M 18m19s
#17 172.1 842850K .......... .......... .......... .......... .......... 12% 5.19M 18m19s
#17 172.1 842900K .......... .......... .......... .......... .......... 12% 7.38M 18m19s
#17 172.1 842950K .......... .......... .......... .......... .......... 12% 5.72M 18m19s
#17 172.1 843000K .......... .......... .......... .......... .......... 12% 4.78M 18m19s
#17 172.1 843050K .......... .......... .......... .......... .......... 12% 10.3M 18m19s
#17 172.1 843100K .......... .......... .......... .......... .......... 12% 5.84M 18m19s
#17 172.1 843150K .......... .......... .......... .......... .......... 12% 7.21M 18m19s
#17 172.1 843200K .......... .......... .......... .......... .......... 12% 7.30M 18m19s
#17 172.1 843250K .......... .......... .......... .......... .......... 12% 3.90M 18m19s
#17 172.2 843300K .......... .......... .......... .......... .......... 12% 43.0M 18m19s
#17 172.2 843350K .......... .......... .......... .......... .......... 12% 6.67M 18m19s
#17 172.2 843400K .......... .......... .......... .......... .......... 12% 3.84M 18m19s
#17 172.2 843450K .......... .......... .......... .......... .......... 12% 3.69M 18m19s
#17 172.2 843500K .......... .......... .......... .......... .......... 12% 13.4M 18m19s
#17 172.2 843550K .......... .......... .......... .......... .......... 12% 7.08M 18m19s
#17 172.2 843600K .......... .......... .......... .......... .......... 12% 5.86M 18m19s
#17 172.2 843650K .......... .......... .......... .......... .......... 12% 5.86M 18m19s
#17 172.2 843700K .......... .......... .......... .......... .......... 12% 4.31M 18m19s
#17 172.2 843750K .......... .......... .......... .......... .......... 12% 5.81M 18m19s
#17 172.2 843800K .......... .......... .......... .......... .......... 12% 8.11M 18m19s
#17 172.2 843850K .......... .......... .......... .......... .......... 12% 9.00M 18m18s
#17 172.2 843900K .......... .......... .......... .......... .......... 12% 8.47M 18m18s
#17 172.3 843950K .......... .......... .......... .......... .......... 12% 7.00M 18m18s
#17 172.3 844000K .......... .......... .......... .......... .......... 12% 4.29M 18m18s
#17 172.3 844050K .......... .......... .......... .......... .......... 12% 9.24M 18m18s
#17 172.3 844100K .......... .......... .......... .......... .......... 12% 1.88M 18m19s
#17 172.3 844150K .......... .......... .......... .......... .......... 12% 4.89M 18m19s
#17 172.3 844200K .......... .......... .......... .......... .......... 12% 8.29M 18m18s
#17 172.3 844250K .......... .......... .......... .......... .......... 12% 5.44M 18m18s
#17 172.3 844300K .......... .......... .......... .......... .......... 12% 8.15M 18m18s
#17 172.3 844350K .......... .......... .......... .......... .......... 12% 9.83M 18m18s
#17 172.3 844400K .......... .......... .......... .......... .......... 12% 21.9M 18m18s
#17 172.3 844450K .......... .......... .......... .......... .......... 12% 6.74M 18m18s
#17 172.3 844500K .......... .......... .......... .......... .......... 12% 5.71M 18m18s
#17 172.4 844550K .......... .......... .......... .......... .......... 12% 9.12M 18m18s
#17 172.4 844600K .......... .......... .......... .......... .......... 12% 2.82M 18m18s
#17 172.4 844650K .......... .......... .......... .......... .......... 12% 13.0M 18m18s
#17 172.4 844700K .......... .......... .......... .......... .......... 12% 90.5M 18m18s
#17 172.4 844750K .......... .......... .......... .......... .......... 12% 11.1M 18m18s
#17 172.4 844800K .......... .......... .......... .......... .......... 12% 5.54M 18m18s
#17 172.4 844850K .......... .......... .......... .......... .......... 12% 9.79M 18m18s
#17 172.4 844900K .......... .......... .......... .......... .......... 12% 4.16M 18m18s
#17 172.4 844950K .......... .......... .......... .......... .......... 12% 7.78M 18m18s
#17 172.4 845000K .......... .......... .......... .......... .......... 12% 4.05M 18m18s
#17 172.4 845050K .......... .......... .......... .......... .......... 12% 8.66M 18m18s
#17 172.4 845100K .......... .......... .......... .......... .......... 12% 5.21M 18m18s
#17 172.4 845150K .......... .......... .......... .......... .......... 12% 3.81M 18m18s
#17 172.5 845200K .......... .......... .......... .......... .......... 12% 4.69M 18m18s
#17 172.5 845250K .......... .......... .......... .......... .......... 12% 13.0M 18m18s
#17 172.5 845300K .......... .......... .......... .......... .......... 12% 6.77M 18m18s
#17 172.5 845350K .......... .......... .......... .......... .......... 12% 7.29M 18m18s
#17 172.5 845400K .......... .......... .......... .......... .......... 12% 4.70M 18m18s
#17 172.5 845450K .......... .......... .......... .......... .......... 12% 13.8M 18m18s
#17 172.5 845500K .......... .......... .......... .......... .......... 12% 6.09M 18m18s
#17 172.5 845550K .......... .......... .......... .......... .......... 12% 5.32M 18m18s
#17 172.5 845600K .......... .......... .......... .......... .......... 12% 3.66M 18m18s
#17 172.5 845650K .......... .......... .......... .......... .......... 12% 6.75M 18m18s
#17 172.5 845700K .......... .......... .......... .......... .......... 12% 8.02M 18m18s
#17 172.5 845750K .......... .......... .......... .......... .......... 12% 9.35M 18m18s
#17 172.5 845800K .......... .......... .......... .......... .......... 12% 3.96M 18m18s
#17 172.6 845850K .......... .......... .......... .......... .......... 12% 24.2M 18m18s
#17 172.6 845900K .......... .......... .......... .......... .......... 12% 7.30M 18m18s
#17 172.6 845950K .......... .......... .......... .......... .......... 12% 10.7M 18m18s
#17 172.6 846000K .......... .......... .......... .......... .......... 12% 5.06M 18m18s
#17 172.6 846050K .......... .......... .......... .......... .......... 12% 6.95M 18m18s
#17 172.6 846100K .......... .......... .......... .......... .......... 12% 5.07M 18m18s
#17 172.6 846150K .......... .......... .......... .......... .......... 12% 3.37M 18m18s
#17 172.6 846200K .......... .......... .......... .......... .......... 12% 3.66M 18m18s
#17 172.6 846250K .......... .......... .......... .......... .......... 12% 37.7M 18m18s
#17 172.6 846300K .......... .......... .......... .......... .......... 12% 3.05M 18m18s
#17 172.6 846350K .......... .......... .......... .......... .......... 12% 14.8M 18m18s
#17 172.6 846400K .......... .......... .......... .......... .......... 12% 3.00M 18m18s
#17 172.7 846450K .......... .......... .......... .......... .......... 12% 8.67M 18m18s
#17 172.7 846500K .......... .......... .......... .......... .......... 12% 14.5M 18m18s
#17 172.7 846550K .......... .......... .......... .......... .......... 12% 3.46M 18m18s
#17 172.7 846600K .......... .......... .......... .......... .......... 12% 5.13M 18m18s
#17 172.7 846650K .......... .......... .......... .......... .......... 12% 20.9M 18m18s
#17 172.7 846700K .......... .......... .......... .......... .......... 12% 10.6M 18m17s
#17 172.7 846750K .......... .......... .......... .......... .......... 12% 63.6M 18m17s
#17 172.7 846800K .......... .......... .......... .......... .......... 12% 20.3M 18m17s
#17 172.7 846850K .......... .......... .......... .......... .......... 12% 4.15M 18m17s
#17 172.7 846900K .......... .......... .......... .......... .......... 12% 3.96M 18m17s
#17 172.7 846950K .......... .......... .......... .......... .......... 12% 32.0M 18m17s
#17 172.7 847000K .......... .......... .......... .......... .......... 12% 1.87M 18m17s
#17 172.8 847050K .......... .......... .......... .......... .......... 12% 8.02M 18m17s
#17 172.8 847100K .......... .......... .......... .......... .......... 12% 3.98M 18m17s
#17 172.8 847150K .......... .......... .......... .......... .......... 12% 3.67M 18m17s
#17 172.8 847200K .......... .......... .......... .......... .......... 12% 10.3M 18m17s
#17 172.8 847250K .......... .......... .......... .......... .......... 12% 3.91M 18m17s
#17 172.8 847300K .......... .......... .......... .......... .......... 12% 21.9M 18m17s
#17 172.8 847350K .......... .......... .......... .......... .......... 12% 63.7M 18m17s
#17 172.8 847400K .......... .......... .......... .......... .......... 12% 48.1M 18m17s
#17 172.8 847450K .......... .......... .......... .......... .......... 12% 86.7M 18m17s
#17 172.8 847500K .......... .......... .......... .......... .......... 12% 23.5M 18m17s
#17 172.8 847550K .......... .......... .......... .......... .......... 12% 4.62M 18m17s
#17 172.8 847600K .......... .......... .......... .......... .......... 12% 9.62M 18m17s
#17 172.8 847650K .......... .......... .......... .......... .......... 12% 2.97M 18m17s
#17 172.9 847700K .......... .......... .......... .......... .......... 12% 38.7M 18m17s
#17 172.9 847750K .......... .......... .......... .......... .......... 12% 10.8M 18m17s
#17 172.9 847800K .......... .......... .......... .......... .......... 12% 5.85M 18m17s
#17 172.9 847850K .......... .......... .......... .......... .......... 12% 5.98M 18m17s
#17 172.9 847900K .......... .......... .......... .......... .......... 12% 15.0M 18m17s
#17 172.9 847950K .......... .......... .......... .......... .......... 12% 3.00M 18m17s
#17 172.9 848000K .......... .......... .......... .......... .......... 12% 4.00M 18m17s
#17 172.9 848050K .......... .......... .......... .......... .......... 12% 15.6M 18m17s
#17 172.9 848100K .......... .......... .......... .......... .......... 12% 20.9M 18m17s
#17 172.9 848150K .......... .......... .......... .......... .......... 12% 3.88M 18m17s
#17 172.9 848200K .......... .......... .......... .......... .......... 12% 9.34M 18m17s
#17 172.9 848250K .......... .......... .......... .......... .......... 12% 4.48M 18m17s
#17 172.9 848300K .......... .......... .......... .......... .......... 12% 6.74M 18m17s
#17 172.9 848350K .......... .......... .......... .......... .......... 12% 15.3M 18m17s
#17 172.9 848400K .......... .......... .......... .......... .......... 12% 1.70M 18m17s
#17 173.0 848450K .......... .......... .......... .......... .......... 12% 3.68M 18m17s
#17 173.0 848500K .......... .......... .......... .......... .......... 12% 5.99M 18m17s
#17 173.0 848550K .......... .......... .......... .......... .......... 12% 8.74M 18m17s
#17 173.0 848600K .......... .......... .......... .......... .......... 12% 2.95M 18m17s
#17 173.0 848650K .......... .......... .......... .......... .......... 12% 16.3M 18m17s
#17 173.0 848700K .......... .......... .......... .......... .......... 12% 11.1M 18m17s
#17 173.0 848750K .......... .......... .......... .......... .......... 12% 6.25M 18m17s
#17 173.0 848800K .......... .......... .......... .......... .......... 12% 15.9M 18m17s
#17 173.0 848850K .......... .......... .......... .......... .......... 12% 12.5M 18m17s
#17 173.0 848900K .......... .......... .......... .......... .......... 12% 7.11M 18m17s
#17 173.0 848950K .......... .......... .......... .......... .......... 12% 4.14M 18m17s
#17 173.1 849000K .......... .......... .......... .......... .......... 12% 7.51M 18m17s
#17 173.1 849050K .......... .......... .......... .......... .......... 12% 9.26M 18m17s
#17 173.1 849100K .......... .......... .......... .......... .......... 12%  377K 18m17s
#17 173.2 849150K .......... .......... .......... .......... .......... 12%  375K 18m18s
#17 173.3 849200K .......... .......... .......... .......... .......... 12% 3.16M 18m18s
#17 173.4 849250K .......... .......... .......... .......... .......... 12% 8.79M 18m18s
#17 173.4 849300K .......... .......... .......... .......... .......... 12% 5.19M 18m18s
#17 173.4 849350K .......... .......... .......... .......... .......... 12% 10.5M 18m18s
#17 173.4 849400K .......... .......... .......... .......... .......... 12% 4.73M 18m18s
#17 173.4 849450K .......... .......... .......... .......... .......... 12% 14.4M 18m18s
#17 173.4 849500K .......... .......... .......... .......... .......... 12% 4.41M 18m18s
#17 173.4 849550K .......... .......... .......... .......... .......... 12% 8.28M 18m18s
#17 173.4 849600K .......... .......... .......... .......... .......... 12% 6.51M 18m18s
#17 173.4 849650K .......... .......... .......... .......... .......... 12% 7.41M 18m18s
#17 173.4 849700K .......... .......... .......... .......... .......... 12% 4.86M 18m18s
#17 173.4 849750K .......... .......... .......... .......... .......... 12% 3.56M 18m18s
#17 173.4 849800K .......... .......... .......... .......... .......... 12% 11.5M 18m18s
#17 173.4 849850K .......... .......... .......... .......... .......... 12% 4.51M 18m18s
#17 173.5 849900K .......... .......... .......... .......... .......... 12% 4.40M 18m18s
#17 173.5 849950K .......... .......... .......... .......... .......... 12% 6.77M 18m18s
#17 173.5 850000K .......... .......... .......... .......... .......... 12% 2.87M 18m18s
#17 173.5 850050K .......... .......... .......... .......... .......... 12% 3.73M 18m18s
#17 173.5 850100K .......... .......... .......... .......... .......... 12% 3.25M 18m18s
#17 173.5 850150K .......... .......... .......... .......... .......... 12% 38.0M 18m18s
#17 173.5 850200K .......... .......... .......... .......... .......... 12% 51.0M 18m18s
#17 173.5 850250K .......... .......... .......... .......... .......... 12% 4.16M 18m18s
#17 173.5 850300K .......... .......... .......... .......... .......... 12% 9.66M 18m18s
#17 173.5 850350K .......... .......... .......... .......... .......... 12% 4.70M 18m18s
#17 173.5 850400K .......... .......... .......... .......... .......... 12% 3.87M 18m18s
#17 173.6 850450K .......... .......... .......... .......... .......... 12% 4.58M 18m18s
#17 173.6 850500K .......... .......... .......... .......... .......... 12% 7.41M 18m18s
#17 173.6 850550K .......... .......... .......... .......... .......... 12% 7.65M 18m18s
#17 173.6 850600K .......... .......... .......... .......... .......... 12% 8.45M 18m18s
#17 173.6 850650K .......... .......... .......... .......... .......... 12% 5.58M 18m18s
#17 173.6 850700K .......... .......... .......... .......... .......... 12% 3.37M 18m18s
#17 173.6 850750K .......... .......... .......... .......... .......... 12% 5.20M 18m18s
#17 173.6 850800K .......... .......... .......... .......... .......... 12% 7.72M 18m18s
#17 173.6 850850K .......... .......... .......... .......... .......... 12% 9.98M 18m18s
#17 173.6 850900K .......... .......... .......... .......... .......... 12% 5.38M 18m18s
#17 173.7 850950K .......... .......... .......... .......... .......... 12% 2.22M 18m18s
#17 173.7 851000K .......... .......... .......... .......... .......... 12% 10.6M 18m18s
#17 173.7 851050K .......... .......... .......... .......... .......... 12% 7.47M 18m18s
#17 173.7 851100K .......... .......... .......... .......... .......... 12% 28.2M 18m18s
#17 173.7 851150K .......... .......... .......... .......... .......... 12% 1.68M 18m18s
#17 173.7 851200K .......... .......... .......... .......... .......... 12% 5.73M 18m18s
#17 173.7 851250K .......... .......... .......... .......... .......... 12% 5.35M 18m18s
#17 173.7 851300K .......... .......... .......... .......... .......... 12% 4.63M 18m18s
#17 173.7 851350K .......... .......... .......... .......... .......... 12% 3.63M 18m18s
#17 173.7 851400K .......... .......... .......... .......... .......... 12% 3.83M 18m18s
#17 173.8 851450K .......... .......... .......... .......... .......... 12% 4.16M 18m18s
#17 173.8 851500K .......... .......... .......... .......... .......... 12% 1.63M 18m18s
#17 173.8 851550K .......... .......... .......... .......... .......... 12% 4.02M 18m18s
#17 173.8 851600K .......... .......... .......... .......... .......... 12% 13.1M 18m18s
#17 173.8 851650K .......... .......... .......... .......... .......... 12% 7.57M 18m18s
#17 173.8 851700K .......... .......... .......... .......... .......... 12% 5.02M 18m18s
#17 173.8 851750K .......... .......... .......... .......... .......... 12% 7.10M 18m18s
#17 173.8 851800K .......... .......... .......... .......... .......... 12% 10.4M 18m18s
#17 173.8 851850K .......... .......... .......... .......... .......... 12% 7.04M 18m18s
#17 173.9 851900K .......... .......... .......... .......... .......... 12% 7.21M 18m18s
#17 173.9 851950K .......... .......... .......... .......... .......... 12% 15.1M 18m18s
#17 173.9 852000K .......... .......... .......... .......... .......... 12% 4.12M 18m18s
#17 173.9 852050K .......... .......... .......... .......... .......... 12% 13.9M 18m18s
#17 173.9 852100K .......... .......... .......... .......... .......... 12% 7.99M 18m18s
#17 173.9 852150K .......... .......... .......... .......... .......... 12% 4.53M 18m18s
#17 173.9 852200K .......... .......... .......... .......... .......... 12% 27.6M 18m18s
#17 173.9 852250K .......... .......... .......... .......... .......... 12% 9.63M 18m18s
#17 173.9 852300K .......... .......... .......... .......... .......... 12% 5.96M 18m18s
#17 173.9 852350K .......... .......... .......... .......... .......... 12% 9.75M 18m18s
#17 173.9 852400K .......... .......... .......... .......... .......... 12% 6.95M 18m18s
#17 173.9 852450K .......... .......... .......... .......... .......... 12% 10.5M 18m18s
#17 173.9 852500K .......... .......... .......... .......... .......... 12% 2.68M 18m18s
#17 174.0 852550K .......... .......... .......... .......... .......... 12% 4.89M 18m18s
#17 174.0 852600K .......... .......... .......... .......... .......... 12% 2.03M 18m18s
#17 174.0 852650K .......... .......... .......... .......... .......... 12% 3.83M 18m18s
#17 174.0 852700K .......... .......... .......... .......... .......... 12% 2.12M 18m18s
#17 174.0 852750K .......... .......... .......... .......... .......... 12% 8.61M 18m18s
#17 174.0 852800K .......... .......... .......... .......... .......... 12% 4.56M 18m18s
#17 174.0 852850K .......... .......... .......... .......... .......... 12% 29.5M 18m18s
#17 174.0 852900K .......... .......... .......... .......... .......... 12% 6.55M 18m18s
#17 174.0 852950K .......... .......... .......... .......... .......... 12% 4.92M 18m18s
#17 174.1 853000K .......... .......... .......... .......... .......... 12% 7.70M 18m18s
#17 174.1 853050K .......... .......... .......... .......... .......... 12% 5.62M 18m18s
#17 174.1 853100K .......... .......... .......... .......... .......... 12% 5.85M 18m18s
#17 174.1 853150K .......... .......... .......... .......... .......... 12% 5.77M 18m18s
#17 174.1 853200K .......... .......... .......... .......... .......... 12% 9.79M 18m18s
#17 174.1 853250K .......... .......... .......... .......... .......... 12% 4.64M 18m18s
#17 174.1 853300K .......... .......... .......... .......... .......... 12% 6.63M 18m18s
#17 174.1 853350K .......... .......... .......... .......... .......... 12% 4.35M 18m18s
#17 174.1 853400K .......... .......... .......... .......... .......... 12% 9.58M 18m17s
#17 174.1 853450K .......... .......... .......... .......... .......... 12% 6.44M 18m17s
#17 174.1 853500K .......... .......... .......... .......... .......... 12% 4.44M 18m17s
#17 174.1 853550K .......... .......... .......... .......... .......... 12% 3.99M 18m17s
#17 174.2 853600K .......... .......... .......... .......... .......... 12% 7.06M 18m17s
#17 174.2 853650K .......... .......... .......... .......... .......... 12% 9.33M 18m17s
#17 174.2 853700K .......... .......... .......... .......... .......... 12% 10.5M 18m17s
#17 174.2 853750K .......... .......... .......... .......... .......... 12% 4.63M 18m17s
#17 174.2 853800K .......... .......... .......... .......... .......... 12% 6.87M 18m17s
#17 174.2 853850K .......... .......... .......... .......... .......... 12% 5.25M 18m17s
#17 174.2 853900K .......... .......... .......... .......... .......... 12% 5.88M 18m17s
#17 174.2 853950K .......... .......... .......... .......... .......... 12% 36.1M 18m17s
#17 174.2 854000K .......... .......... .......... .......... .......... 12% 5.19M 18m17s
#17 174.2 854050K .......... .......... .......... .......... .......... 12% 11.3M 18m17s
#17 174.2 854100K .......... .......... .......... .......... .......... 12% 3.03M 18m17s
#17 174.2 854150K .......... .......... .......... .......... .......... 12% 6.04M 18m17s
#17 174.2 854200K .......... .......... .......... .......... .......... 12% 2.77M 18m17s
#17 174.3 854250K .......... .......... .......... .......... .......... 12% 6.51M 18m17s
#17 174.3 854300K .......... .......... .......... .......... .......... 12% 3.82M 18m17s
#17 174.3 854350K .......... .......... .......... .......... .......... 12% 7.47M 18m17s
#17 174.3 854400K .......... .......... .......... .......... .......... 12% 4.19M 18m17s
#17 174.3 854450K .......... .......... .......... .......... .......... 12% 15.7M 18m17s
#17 174.3 854500K .......... .......... .......... .......... .......... 12% 7.85M 18m17s
#17 174.3 854550K .......... .......... .......... .......... .......... 12% 32.0M 18m17s
#17 174.3 854600K .......... .......... .......... .......... .......... 12% 1.53M 18m17s
#17 174.3 854650K .......... .......... .......... .......... .......... 12% 6.24M 18m17s
#17 174.4 854700K .......... .......... .......... .......... .......... 12% 29.2M 18m17s
#17 174.4 854750K .......... .......... .......... .......... .......... 12% 13.4M 18m17s
#17 174.4 854800K .......... .......... .......... .......... .......... 12% 5.45M 18m17s
#17 174.4 854850K .......... .......... .......... .......... .......... 12% 14.2M 18m17s
#17 174.4 854900K .......... .......... .......... .......... .......... 12% 44.0M 18m17s
#17 174.4 854950K .......... .......... .......... .......... .......... 12% 60.1M 18m17s
#17 174.4 855000K .......... .......... .......... .......... .......... 12% 9.77M 18m17s
#17 174.4 855050K .......... .......... .......... .......... .......... 12% 15.7M 18m17s
#17 174.4 855100K .......... .......... .......... .......... .......... 12% 4.90M 18m17s
#17 174.4 855150K .......... .......... .......... .......... .......... 12% 6.47M 18m17s
#17 174.4 855200K .......... .......... .......... .......... .......... 12% 5.77M 18m17s
#17 174.4 855250K .......... .......... .......... .......... .......... 12% 5.63M 18m17s
#17 174.4 855300K .......... .......... .......... .......... .......... 12% 4.63M 18m17s
#17 174.4 855350K .......... .......... .......... .......... .......... 12% 5.23M 18m17s
#17 174.4 855400K .......... .......... .......... .......... .......... 12% 8.59M 18m17s
#17 174.4 855450K .......... .......... .......... .......... .......... 12% 6.16M 18m17s
#17 174.5 855500K .......... .......... .......... .......... .......... 12% 4.08M 18m17s
#17 174.5 855550K .......... .......... .......... .......... .......... 12% 5.92M 18m17s
#17 174.5 855600K .......... .......... .......... .......... .......... 12% 29.6M 18m17s
#17 174.5 855650K .......... .......... .......... .......... .......... 12% 5.89M 18m17s
#17 174.5 855700K .......... .......... .......... .......... .......... 12% 11.7M 18m17s
#17 174.5 855750K .......... .......... .......... .......... .......... 12% 7.39M 18m17s
#17 174.5 855800K .......... .......... .......... .......... .......... 12% 5.28M 18m17s
#17 174.5 855850K .......... .......... .......... .......... .......... 12% 5.19M 18m17s
#17 174.5 855900K .......... .......... .......... .......... .......... 12% 2.28M 18m17s
#17 174.5 855950K .......... .......... .......... .......... .......... 12% 8.27M 18m17s
#17 174.5 856000K .......... .......... .......... .......... .......... 12% 5.12M 18m17s
#17 174.5 856050K .......... .......... .......... .......... .......... 12% 6.23M 18m17s
#17 174.6 856100K .......... .......... .......... .......... .......... 12% 5.92M 18m17s
#17 174.6 856150K .......... .......... .......... .......... .......... 12% 8.24M 18m17s
#17 174.6 856200K .......... .......... .......... .......... .......... 12% 8.65M 18m16s
#17 174.6 856250K .......... .......... .......... .......... .......... 12% 6.31M 18m16s
#17 174.6 856300K .......... .......... .......... .......... .......... 12% 10.8M 18m16s
#17 174.6 856350K .......... .......... .......... .......... .......... 12% 5.65M 18m16s
#17 174.6 856400K .......... .......... .......... .......... .......... 12% 5.81M 18m16s
#17 174.6 856450K .......... .......... .......... .......... .......... 12% 5.00M 18m16s
#17 174.6 856500K .......... .......... .......... .......... .......... 12% 6.58M 18m16s
#17 174.6 856550K .......... .......... .......... .......... .......... 12% 12.5M 18m16s
#17 174.6 856600K .......... .......... .......... .......... .......... 12% 6.80M 18m16s
#17 174.6 856650K .......... .......... .......... .......... .......... 12% 5.54M 18m16s
#17 174.6 856700K .......... .......... .......... .......... .......... 12% 8.28M 18m16s
#17 174.6 856750K .......... .......... .......... .......... .......... 12% 2.05M 18m16s
#17 174.7 856800K .......... .......... .......... .......... .......... 12% 1.99M 18m16s
#17 174.7 856850K .......... .......... .......... .......... .......... 12% 4.06M 18m16s
#17 174.7 856900K .......... .......... .......... .......... .......... 12% 4.63M 18m16s
#17 174.7 856950K .......... .......... .......... .......... .......... 12% 3.54M 18m16s
#17 174.7 857000K .......... .......... .......... .......... .......... 12% 18.2M 18m16s
#17 174.7 857050K .......... .......... .......... .......... .......... 12% 6.34M 18m16s
#17 174.7 857100K .......... .......... .......... .......... .......... 12% 7.54M 18m16s
#17 174.7 857150K .......... .......... .......... .......... .......... 12% 6.28M 18m16s
#17 174.8 857200K .......... .......... .......... .......... .......... 12% 6.64M 18m16s
#17 174.8 857250K .......... .......... .......... .......... .......... 12% 4.47M 18m16s
#17 174.8 857300K .......... .......... .......... .......... .......... 12% 5.35M 18m16s
#17 174.8 857350K .......... .......... .......... .......... .......... 12% 5.37M 18m16s
#17 174.8 857400K .......... .......... .......... .......... .......... 12% 4.46M 18m16s
#17 174.8 857450K .......... .......... .......... .......... .......... 12% 3.81M 18m16s
#17 174.8 857500K .......... .......... .......... .......... .......... 12% 8.11M 18m16s
#17 174.8 857550K .......... .......... .......... .......... .......... 12% 6.82M 18m16s
#17 174.8 857600K .......... .......... .......... .......... .......... 12% 3.64M 18m16s
#17 174.8 857650K .......... .......... .......... .......... .......... 12% 3.18M 18m16s
#17 174.9 857700K .......... .......... .......... .......... .......... 12% 9.08M 18m16s
#17 174.9 857750K .......... .......... .......... .......... .......... 12% 4.97M 18m16s
#17 174.9 857800K .......... .......... .......... .......... .......... 12% 4.14M 18m16s
#17 174.9 857850K .......... .......... .......... .......... .......... 12% 15.4M 18m16s
#17 174.9 857900K .......... .......... .......... .......... .......... 12% 3.80M 18m16s
#17 174.9 857950K .......... .......... .......... .......... .......... 12% 65.6M 18m16s
#17 174.9 858000K .......... .......... .......... .......... .......... 12% 13.4M 18m16s
#17 174.9 858050K .......... .......... .......... .......... .......... 12% 5.06M 18m16s
#17 174.9 858100K .......... .......... .......... .......... .......... 12% 6.73M 18m16s
#17 174.9 858150K .......... .......... .......... .......... .......... 12% 5.10M 18m16s
#17 174.9 858200K .......... .......... .......... .......... .......... 12% 10.4M 18m16s
#17 174.9 858250K .......... .......... .......... .......... .......... 12% 63.0M 18m16s
#17 174.9 858300K .......... .......... .......... .......... .......... 12% 18.2M 18m16s
#17 174.9 858350K .......... .......... .......... .......... .......... 12% 11.4M 18m16s
#17 174.9 858400K .......... .......... .......... .......... .......... 12% 19.7M 18m16s
#17 174.9 858450K .......... .......... .......... .......... .......... 12% 4.62M 18m16s
#17 175.0 858500K .......... .......... .......... .......... .......... 12% 7.15M 18m16s
#17 175.0 858550K .......... .......... .......... .......... .......... 12% 5.88M 18m16s
#17 175.0 858600K .......... .......... .......... .......... .......... 12% 16.7M 18m16s
#17 175.0 858650K .......... .......... .......... .......... .......... 12% 4.77M 18m16s
#17 175.0 858700K .......... .......... .......... .......... .......... 12% 6.29M 18m16s
#17 175.0 858750K .......... .......... .......... .......... .......... 12% 4.05M 18m16s
#17 175.0 858800K .......... .......... .......... .......... .......... 12% 4.37M 18m16s
#17 175.0 858850K .......... .......... .......... .......... .......... 12% 19.7M 18m16s
#17 175.0 858900K .......... .......... .......... .......... .......... 12% 17.8M 18m16s
#17 175.0 858950K .......... .......... .......... .......... .......... 12% 5.29M 18m16s
#17 175.0 859000K .......... .......... .......... .......... .......... 12% 6.46M 18m16s
#17 175.0 859050K .......... .......... .......... .......... .......... 12% 1.50M 18m16s
#17 175.1 859100K .......... .......... .......... .......... .......... 12% 9.03M 18m16s
#17 175.1 859150K .......... .......... .......... .......... .......... 12% 8.83M 18m16s
#17 175.1 859200K .......... .......... .......... .......... .......... 12% 2.65M 18m16s
#17 175.1 859250K .......... .......... .......... .......... .......... 12% 24.9M 18m16s
#17 175.1 859300K .......... .......... .......... .......... .......... 12% 19.5M 18m16s
#17 175.1 859350K .......... .......... .......... .......... .......... 12% 31.8M 18m16s
#17 175.1 859400K .......... .......... .......... .......... .......... 12% 5.23M 18m16s
#17 175.1 859450K .......... .......... .......... .......... .......... 12% 5.10M 18m16s
#17 175.1 859500K .......... .......... .......... .......... .......... 12% 17.5M 18m15s
#17 175.1 859550K .......... .......... .......... .......... .......... 12% 8.36M 18m15s
#17 175.1 859600K .......... .......... .......... .......... .......... 12% 9.86M 18m15s
#17 175.1 859650K .......... .......... .......... .......... .......... 12% 2.30M 18m15s
#17 175.2 859700K .......... .......... .......... .......... .......... 12% 39.1M 18m15s
#17 175.2 859750K .......... .......... .......... .......... .......... 12% 30.7M 18m15s
#17 175.2 859800K .......... .......... .......... .......... .......... 12% 1.69M 18m15s
#17 175.2 859850K .......... .......... .......... .......... .......... 12% 22.8M 18m15s
#17 175.2 859900K .......... .......... .......... .......... .......... 12% 62.9M 18m15s
#17 175.2 859950K .......... .......... .......... .......... .......... 12% 10.2M 18m15s
#17 175.2 860000K .......... .......... .......... .......... .......... 12% 5.40M 18m15s
#17 175.2 860050K .......... .......... .......... .......... .......... 12% 2.54M 18m15s
#17 175.2 860100K .......... .......... .......... .......... .......... 12% 4.05M 18m15s
#17 175.2 860150K .......... .......... .......... .......... .......... 12% 3.68M 18m15s
#17 175.3 860200K .......... .......... .......... .......... .......... 12% 3.90M 18m15s
#17 175.3 860250K .......... .......... .......... .......... .......... 12% 2.62M 18m15s
#17 175.3 860300K .......... .......... .......... .......... .......... 12% 6.39M 18m15s
#17 175.3 860350K .......... .......... .......... .......... .......... 12% 39.6M 18m15s
#17 175.3 860400K .......... .......... .......... .......... .......... 12% 9.32M 18m15s
#17 175.3 860450K .......... .......... .......... .......... .......... 12% 8.62M 18m15s
#17 175.3 860500K .......... .......... .......... .......... .......... 12% 45.6M 18m15s
#17 175.3 860550K .......... .......... .......... .......... .......... 12% 6.60M 18m15s
#17 175.3 860600K .......... .......... .......... .......... .......... 12% 4.47M 18m15s
#17 175.3 860650K .......... .......... .......... .......... .......... 12% 6.37M 18m15s
#17 175.3 860700K .......... .......... .......... .......... .......... 12% 5.95M 18m15s
#17 175.3 860750K .......... .......... .......... .......... .......... 12% 2.42M 18m15s
#17 175.4 860800K .......... .......... .......... .......... .......... 12% 24.0M 18m15s
#17 175.4 860850K .......... .......... .......... .......... .......... 12% 7.54M 18m15s
#17 175.4 860900K .......... .......... .......... .......... .......... 12% 43.1M 18m15s
#17 175.4 860950K .......... .......... .......... .......... .......... 12% 2.26M 18m15s
#17 175.4 861000K .......... .......... .......... .......... .......... 12% 30.2M 18m15s
#17 175.4 861050K .......... .......... .......... .......... .......... 12% 7.75M 18m15s
#17 175.4 861100K .......... .......... .......... .......... .......... 12% 65.7M 18m15s
#17 175.4 861150K .......... .......... .......... .......... .......... 12%  147M 18m15s
#17 175.4 861200K .......... .......... .......... .......... .......... 12% 3.62M 18m15s
#17 175.4 861250K .......... .......... .......... .......... .......... 12% 4.89M 18m15s
#17 175.4 861300K .......... .......... .......... .......... .......... 12% 6.64M 18m15s
#17 175.4 861350K .......... .......... .......... .......... .......... 12% 80.8M 18m15s
#17 175.4 861400K .......... .......... .......... .......... .......... 12% 3.20M 18m15s
#17 175.4 861450K .......... .......... .......... .......... .......... 12% 3.25M 18m15s
#17 175.5 861500K .......... .......... .......... .......... .......... 12% 6.93M 18m15s
#17 175.5 861550K .......... .......... .......... .......... .......... 12% 3.88M 18m15s
#17 175.5 861600K .......... .......... .......... .......... .......... 12% 3.73M 18m15s
#17 175.5 861650K .......... .......... .......... .......... .......... 12% 12.3M 18m15s
#17 175.5 861700K .......... .......... .......... .......... .......... 12% 53.9M 18m15s
#17 175.5 861750K .......... .......... .......... .......... .......... 12%  879K 18m15s
#17 175.6 861800K .......... .......... .......... .......... .......... 12%  756K 18m16s
#17 175.6 861850K .......... .......... .......... .......... .......... 12% 4.46M 18m16s
#17 175.6 861900K .......... .......... .......... .......... .......... 12% 7.19M 18m15s
#17 175.6 861950K .......... .......... .......... .......... .......... 12% 2.92M 18m16s
#17 175.7 862000K .......... .......... .......... .......... .......... 12% 10.7M 18m15s
#17 175.7 862050K .......... .......... .......... .......... .......... 12% 31.9M 18m15s
#17 175.7 862100K .......... .......... .......... .......... .......... 12% 4.14M 18m15s
#17 175.7 862150K .......... .......... .......... .......... .......... 12% 4.99M 18m15s
#17 175.7 862200K .......... .......... .......... .......... .......... 12% 3.40M 18m15s
#17 175.7 862250K .......... .......... .......... .......... .......... 12% 6.02M 18m15s
#17 175.7 862300K .......... .......... .......... .......... .......... 12% 9.04M 18m15s
#17 175.7 862350K .......... .......... .......... .......... .......... 12% 17.9M 18m15s
#17 175.7 862400K .......... .......... .......... .......... .......... 12% 35.1M 18m15s
#17 175.7 862450K .......... .......... .......... .......... .......... 12% 54.7M 18m15s
#17 175.7 862500K .......... .......... .......... .......... .......... 12% 9.52M 18m15s
#17 175.7 862550K .......... .......... .......... .......... .......... 12% 11.2M 18m15s
#17 175.7 862600K .......... .......... .......... .......... .......... 12% 8.34M 18m15s
#17 175.7 862650K .......... .......... .......... .......... .......... 12% 11.4M 18m15s
#17 175.7 862700K .......... .......... .......... .......... .......... 12% 44.8M 18m15s
#17 175.7 862750K .......... .......... .......... .......... .......... 12% 5.83M 18m15s
#17 175.7 862800K .......... .......... .......... .......... .......... 12% 9.69M 18m15s
#17 175.7 862850K .......... .......... .......... .......... .......... 12% 10.9M 18m15s
#17 175.8 862900K .......... .......... .......... .......... .......... 12% 3.99M 18m15s
#17 175.8 862950K .......... .......... .......... .......... .......... 12% 3.06M 18m15s
#17 175.8 863000K .......... .......... .......... .......... .......... 12% 24.1M 18m15s
#17 175.8 863050K .......... .......... .......... .......... .......... 12% 32.6M 18m15s
#17 175.8 863100K .......... .......... .......... .......... .......... 12% 37.7M 18m15s
#17 175.8 863150K .......... .......... .......... .......... .......... 12% 6.64M 18m15s
#17 175.8 863200K .......... .......... .......... .......... .......... 12% 34.1M 18m15s
#17 175.8 863250K .......... .......... .......... .......... .......... 12% 14.5M 18m15s
#17 175.8 863300K .......... .......... .......... .......... .......... 12% 4.01M 18m15s
#17 175.8 863350K .......... .......... .......... .......... .......... 12% 53.7M 18m15s
#17 175.8 863400K .......... .......... .......... .......... .......... 12% 5.90M 18m15s
#17 175.8 863450K .......... .......... .......... .......... .......... 12% 80.4M 18m14s
#17 175.8 863500K .......... .......... .......... .......... .......... 12% 6.28M 18m14s
#17 175.8 863550K .......... .......... .......... .......... .......... 12% 7.76M 18m14s
#17 175.8 863600K .......... .......... .......... .......... .......... 12% 53.2M 18m14s
#17 175.8 863650K .......... .......... .......... .......... .......... 12% 15.9M 18m14s
#17 175.8 863700K .......... .......... .......... .......... .......... 12% 6.32M 18m14s
#17 175.8 863750K .......... .......... .......... .......... .......... 12% 71.8M 18m14s
#17 175.8 863800K .......... .......... .......... .......... .......... 12% 47.5M 18m14s
#17 175.8 863850K .......... .......... .......... .......... .......... 12% 18.6M 18m14s
#17 175.9 863900K .......... .......... .......... .......... .......... 12% 4.42M 18m14s
#17 175.9 863950K .......... .......... .......... .......... .......... 12% 5.47M 18m14s
#17 175.9 864000K .......... .......... .......... .......... .......... 12% 3.97M 18m14s
#17 175.9 864050K .......... .......... .......... .......... .......... 12% 3.11M 18m14s
#17 175.9 864100K .......... .......... .......... .......... .......... 12% 5.65M 18m14s
#17 175.9 864150K .......... .......... .......... .......... .......... 12% 5.46M 18m14s
#17 175.9 864200K .......... .......... .......... .......... .......... 12% 2.90M 18m14s
#17 175.9 864250K .......... .......... .......... .......... .......... 12% 7.90M 18m14s
#17 175.9 864300K .......... .......... .......... .......... .......... 12% 6.27M 18m14s
#17 175.9 864350K .......... .......... .......... .......... .......... 12% 9.67M 18m14s
#17 176.0 864400K .......... .......... .......... .......... .......... 12% 22.1M 18m14s
#17 176.0 864450K .......... .......... .......... .......... .......... 12% 72.8M 18m14s
#17 176.0 864500K .......... .......... .......... .......... .......... 12% 9.46M 18m14s
#17 176.0 864550K .......... .......... .......... .......... .......... 12% 9.00M 18m14s
#17 176.0 864600K .......... .......... .......... .......... .......... 12% 42.0M 18m14s
#17 176.0 864650K .......... .......... .......... .......... .......... 12% 4.46M 18m14s
#17 176.0 864700K .......... .......... .......... .......... .......... 12% 14.7M 18m14s
#17 176.0 864750K .......... .......... .......... .......... .......... 12% 4.46M 18m14s
#17 176.0 864800K .......... .......... .......... .......... .......... 12% 4.88M 18m14s
#17 176.0 864850K .......... .......... .......... .......... .......... 12% 3.70M 18m14s
#17 176.0 864900K .......... .......... .......... .......... .......... 12% 6.60M 18m14s
#17 176.0 864950K .......... .......... .......... .......... .......... 12% 10.7M 18m14s
#17 176.0 865000K .......... .......... .......... .......... .......... 12% 5.33M 18m14s
#17 176.0 865050K .......... .......... .......... .......... .......... 12% 46.9M 18m14s
#17 176.0 865100K .......... .......... .......... .......... .......... 12% 5.19M 18m14s
#17 176.0 865150K .......... .......... .......... .......... .......... 12% 5.43M 18m14s
#17 176.1 865200K .......... .......... .......... .......... .......... 12% 8.92M 18m14s
#17 176.1 865250K .......... .......... .......... .......... .......... 12% 5.11M 18m14s
#17 176.1 865300K .......... .......... .......... .......... .......... 12% 16.8M 18m14s
#17 176.1 865350K .......... .......... .......... .......... .......... 12% 6.43M 18m14s
#17 176.1 865400K .......... .......... .......... .......... .......... 12% 5.16M 18m14s
#17 176.1 865450K .......... .......... .......... .......... .......... 12% 5.63M 18m13s
#17 176.1 865500K .......... .......... .......... .......... .......... 12% 7.05M 18m13s
#17 176.1 865550K .......... .......... .......... .......... .......... 12% 2.78M 18m14s
#17 176.1 865600K .......... .......... .......... .......... .......... 12% 5.23M 18m14s
#17 176.1 865650K .......... .......... .......... .......... .......... 12% 7.19M 18m13s
#17 176.1 865700K .......... .......... .......... .......... .......... 12% 85.0M 18m13s
#17 176.1 865750K .......... .......... .......... .......... .......... 12% 5.13M 18m13s
#17 176.1 865800K .......... .......... .......... .......... .......... 12% 6.65M 18m13s
#17 176.2 865850K .......... .......... .......... .......... .......... 12% 8.39M 18m13s
#17 176.2 865900K .......... .......... .......... .......... .......... 12% 6.23M 18m13s
#17 176.2 865950K .......... .......... .......... .......... .......... 12% 2.81M 18m13s
#17 176.2 866000K .......... .......... .......... .......... .......... 12% 12.5M 18m13s
#17 176.2 866050K .......... .......... .......... .......... .......... 12% 5.46M 18m13s
#17 176.2 866100K .......... .......... .......... .......... .......... 12%  112M 18m13s
#17 176.2 866150K .......... .......... .......... .......... .......... 12% 9.26M 18m13s
#17 176.2 866200K .......... .......... .......... .......... .......... 12% 5.20M 18m13s
#17 176.2 866250K .......... .......... .......... .......... .......... 12% 5.70M 18m13s
#17 176.2 866300K .......... .......... .......... .......... .......... 12% 9.55M 18m13s
#17 176.2 866350K .......... .......... .......... .......... .......... 12% 8.14M 18m13s
#17 176.2 866400K .......... .......... .......... .......... .......... 12% 5.13M 18m13s
#17 176.2 866450K .......... .......... .......... .......... .......... 12% 1.61M 18m13s
#17 176.3 866500K .......... .......... .......... .......... .......... 12% 2.86M 18m13s
#17 176.3 866550K .......... .......... .......... .......... .......... 12% 2.70M 18m13s
#17 176.3 866600K .......... .......... .......... .......... .......... 12% 2.89M 18m13s
#17 176.3 866650K .......... .......... .......... .......... .......... 12% 24.5M 18m13s
#17 176.3 866700K .......... .......... .......... .......... .......... 12% 39.7M 18m13s
#17 176.3 866750K .......... .......... .......... .......... .......... 12% 8.46M 18m13s
#17 176.3 866800K .......... .......... .......... .......... .......... 12% 5.29M 18m13s
#17 176.3 866850K .......... .......... .......... .......... .......... 12% 2.85M 18m13s
#17 176.4 866900K .......... .......... .......... .......... .......... 12% 9.33M 18m13s
#17 176.4 866950K .......... .......... .......... .......... .......... 12% 5.82M 18m13s
#17 176.4 867000K .......... .......... .......... .......... .......... 12% 4.45M 18m13s
#17 176.4 867050K .......... .......... .......... .......... .......... 12% 9.90M 18m13s
#17 176.4 867100K .......... .......... .......... .......... .......... 12% 7.81M 18m13s
#17 176.4 867150K .......... .......... .......... .......... .......... 12% 4.55M 18m13s
#17 176.4 867200K .......... .......... .......... .......... .......... 12% 4.83M 18m13s
#17 176.4 867250K .......... .......... .......... .......... .......... 12% 7.17M 18m13s
#17 176.4 867300K .......... .......... .......... .......... .......... 12% 4.65M 18m13s
#17 176.4 867350K .......... .......... .......... .......... .......... 12% 7.23M 18m13s
#17 176.4 867400K .......... .......... .......... .......... .......... 12% 35.8M 18m13s
#17 176.4 867450K .......... .......... .......... .......... .......... 12% 4.96M 18m13s
#17 176.5 867500K .......... .......... .......... .......... .......... 12% 3.36M 18m13s
#17 176.5 867550K .......... .......... .......... .......... .......... 12%  114M 18m13s
#17 176.5 867600K .......... .......... .......... .......... .......... 12% 11.3M 18m13s
#17 176.5 867650K .......... .......... .......... .......... .......... 12% 3.95M 18m13s
#17 176.5 867700K .......... .......... .......... .......... .......... 12% 4.97M 18m13s
#17 176.5 867750K .......... .......... .......... .......... .......... 12% 6.72M 18m13s
#17 176.5 867800K .......... .......... .......... .......... .......... 12% 1.35M 18m13s
#17 176.5 867850K .......... .......... .......... .......... .......... 12% 7.83M 18m13s
#17 176.5 867900K .......... .......... .......... .......... .......... 12% 5.35M 18m13s
#17 176.6 867950K .......... .......... .......... .......... .......... 12% 6.81M 18m13s
#17 176.6 868000K .......... .......... .......... .......... .......... 12% 7.88M 18m13s
#17 176.6 868050K .......... .......... .......... .......... .......... 12% 40.8M 18m13s
#17 176.6 868100K .......... .......... .......... .......... .......... 12% 4.05M 18m13s
#17 176.6 868150K .......... .......... .......... .......... .......... 12% 24.3M 18m13s
#17 176.6 868200K .......... .......... .......... .......... .......... 12% 17.0M 18m13s
#17 176.6 868250K .......... .......... .......... .......... .......... 12% 3.72M 18m13s
#17 176.6 868300K .......... .......... .......... .......... .......... 12% 9.42M 18m13s
#17 176.6 868350K .......... .......... .......... .......... .......... 12% 2.86M 18m13s
#17 176.6 868400K .......... .......... .......... .......... .......... 12% 2.41M 18m13s
#17 176.6 868450K .......... .......... .......... .......... .......... 12% 4.85M 18m13s
#17 176.7 868500K .......... .......... .......... .......... .......... 12% 3.02M 18m13s
#17 176.7 868550K .......... .......... .......... .......... .......... 12% 39.7M 18m13s
#17 176.7 868600K .......... .......... .......... .......... .......... 12% 4.89M 18m13s
#17 176.7 868650K .......... .......... .......... .......... .......... 12% 11.5M 18m13s
#17 176.7 868700K .......... .......... .......... .......... .......... 12% 5.84M 18m13s
#17 176.7 868750K .......... .......... .......... .......... .......... 12% 11.3M 18m13s
#17 176.7 868800K .......... .......... .......... .......... .......... 12% 18.4M 18m13s
#17 176.7 868850K .......... .......... .......... .......... .......... 12% 7.82M 18m13s
#17 176.7 868900K .......... .......... .......... .......... .......... 12% 3.26M 18m13s
#17 176.7 868950K .......... .......... .......... .......... .......... 12% 75.9M 18m13s
#17 176.7 869000K .......... .......... .......... .......... .......... 12% 74.6M 18m13s
#17 176.7 869050K .......... .......... .......... .......... .......... 12% 11.6M 18m13s
#17 176.7 869100K .......... .......... .......... .......... .......... 12% 4.18M 18m13s
#17 176.7 869150K .......... .......... .......... .......... .......... 12% 30.7M 18m13s
#17 176.7 869200K .......... .......... .......... .......... .......... 12% 9.36M 18m12s
#17 176.7 869250K .......... .......... .......... .......... .......... 12% 7.28M 18m12s
#17 176.8 869300K .......... .......... .......... .......... .......... 12% 8.33M 18m12s
#17 176.8 869350K .......... .......... .......... .......... .......... 12% 5.70M 18m12s
#17 176.8 869400K .......... .......... .......... .......... .......... 12% 8.62M 18m12s
#17 176.8 869450K .......... .......... .......... .......... .......... 12% 9.89M 18m12s
#17 176.8 869500K .......... .......... .......... .......... .......... 12% 26.4M 18m12s
#17 176.8 869550K .......... .......... .......... .......... .......... 12% 14.9M 18m12s
#17 176.8 869600K .......... .......... .......... .......... .......... 12% 4.02M 18m12s
#17 176.8 869650K .......... .......... .......... .......... .......... 12% 51.2M 18m12s
#17 176.8 869700K .......... .......... .......... .......... .......... 12% 6.07M 18m12s
#17 176.8 869750K .......... .......... .......... .......... .......... 12% 20.6M 18m12s
#17 176.8 869800K .......... .......... .......... .......... .......... 12% 4.34M 18m12s
#17 176.8 869850K .......... .......... .......... .......... .......... 12% 6.44M 18m12s
#17 176.8 869900K .......... .......... .......... .......... .......... 12% 48.2M 18m12s
#17 176.8 869950K .......... .......... .......... .......... .......... 12% 9.38M 18m12s
#17 176.8 870000K .......... .......... .......... .......... .......... 12% 3.27M 18m12s
#17 176.8 870050K .......... .......... .......... .......... .......... 12% 5.49M 18m12s
#17 176.9 870100K .......... .......... .......... .......... .......... 12% 7.53M 18m12s
#17 176.9 870150K .......... .......... .......... .......... .......... 12% 3.68M 18m12s
#17 176.9 870200K .......... .......... .......... .......... .......... 12% 10.7M 18m12s
#17 176.9 870250K .......... .......... .......... .......... .......... 12% 5.33M 18m12s
#17 176.9 870300K .......... .......... .......... .......... .......... 12% 6.88M 18m12s
#17 176.9 870350K .......... .......... .......... .......... .......... 12% 12.7M 18m12s
#17 176.9 870400K .......... .......... .......... .......... .......... 12% 3.99M 18m12s
#17 176.9 870450K .......... .......... .......... .......... .......... 12% 8.24M 18m12s
#17 176.9 870500K .......... .......... .......... .......... .......... 12% 8.79M 18m12s
#17 176.9 870550K .......... .......... .......... .......... .......... 12% 5.58M 18m12s
#17 176.9 870600K .......... .......... .......... .......... .......... 12% 8.19M 18m12s
#17 176.9 870650K .......... .......... .......... .......... .......... 12% 6.14M 18m12s
#17 176.9 870700K .......... .......... .......... .......... .......... 12% 4.87M 18m12s
#17 177.0 870750K .......... .......... .......... .......... .......... 12% 15.5M 18m12s
#17 177.0 870800K .......... .......... .......... .......... .......... 12% 3.44M 18m12s
#17 177.0 870850K .......... .......... .......... .......... .......... 12% 1.65M 18m12s
#17 177.0 870900K .......... .......... .......... .......... .......... 12% 6.69M 18m12s
#17 177.0 870950K .......... .......... .......... .......... .......... 12% 7.02M 18m12s
#17 177.0 871000K .......... .......... .......... .......... .......... 12% 4.56M 18m12s
#17 177.0 871050K .......... .......... .......... .......... .......... 12% 6.20M 18m12s
#17 177.0 871100K .......... .......... .......... .......... .......... 12% 25.1M 18m12s
#17 177.0 871150K .......... .......... .......... .......... .......... 12% 9.31M 18m12s
#17 177.0 871200K .......... .......... .......... .......... .......... 12% 17.3M 18m12s
#17 177.0 871250K .......... .......... .......... .......... .......... 12% 5.05M 18m12s
#17 177.1 871300K .......... .......... .......... .......... .......... 12% 6.31M 18m12s
#17 177.1 871350K .......... .......... .......... .......... .......... 12% 7.82M 18m12s
#17 177.1 871400K .......... .......... .......... .......... .......... 12% 6.39M 18m12s
#17 177.1 871450K .......... .......... .......... .......... .......... 12% 8.35M 18m12s
#17 177.1 871500K .......... .......... .......... .......... .......... 12% 2.52M 18m12s
#17 177.1 871550K .......... .......... .......... .......... .......... 12% 13.2M 18m12s
#17 177.1 871600K .......... .......... .......... .......... .......... 12% 66.5M 18m11s
#17 177.1 871650K .......... .......... .......... .......... .......... 12% 5.99M 18m11s
#17 177.1 871700K .......... .......... .......... .......... .......... 12% 42.5M 18m11s
#17 177.1 871750K .......... .......... .......... .......... .......... 12% 40.2M 18m11s
#17 177.1 871800K .......... .......... .......... .......... .......... 12% 12.6M 18m11s
#17 177.1 871850K .......... .......... .......... .......... .......... 12% 6.67M 18m11s
#17 177.1 871900K .......... .......... .......... .......... .......... 12% 14.5M 18m11s
#17 177.1 871950K .......... .......... .......... .......... .......... 12% 4.85M 18m11s
#17 177.1 872000K .......... .......... .......... .......... .......... 12% 7.17M 18m11s
#17 177.1 872050K .......... .......... .......... .......... .......... 12% 4.42M 18m11s
#17 177.2 872100K .......... .......... .......... .......... .......... 12% 21.1M 18m11s
#17 177.2 872150K .......... .......... .......... .......... .......... 12% 5.94M 18m11s
#17 177.2 872200K .......... .......... .......... .......... .......... 12% 8.43M 18m11s
#17 177.2 872250K .......... .......... .......... .......... .......... 12% 5.92M 18m11s
#17 177.2 872300K .......... .......... .......... .......... .......... 12% 5.38M 18m11s
#17 177.2 872350K .......... .......... .......... .......... .......... 12% 12.5M 18m11s
#17 177.2 872400K .......... .......... .......... .......... .......... 12% 9.86M 18m11s
#17 177.2 872450K .......... .......... .......... .......... .......... 12% 5.79M 18m11s
#17 177.2 872500K .......... .......... .......... .......... .......... 12% 3.14M 18m11s
#17 177.2 872550K .......... .......... .......... .......... .......... 12% 3.01M 18m11s
#17 177.2 872600K .......... .......... .......... .......... .......... 12% 30.1M 18m11s
#17 177.2 872650K .......... .......... .......... .......... .......... 12% 6.42M 18m11s
#17 177.3 872700K .......... .......... .......... .......... .......... 12% 3.93M 18m11s
#17 177.3 872750K .......... .......... .......... .......... .......... 12% 11.2M 18m11s
#17 177.3 872800K .......... .......... .......... .......... .......... 12% 4.15M 18m11s
#17 177.3 872850K .......... .......... .......... .......... .......... 12% 33.8M 18m11s
#17 177.3 872900K .......... .......... .......... .......... .......... 12% 9.78M 18m11s
#17 177.3 872950K .......... .......... .......... .......... .......... 12% 13.0M 18m11s
#17 177.3 873000K .......... .......... .......... .......... .......... 12% 3.85M 18m11s
#17 177.3 873050K .......... .......... .......... .......... .......... 12% 21.2M 18m11s
#17 177.3 873100K .......... .......... .......... .......... .......... 12% 4.65M 18m11s
#17 177.3 873150K .......... .......... .......... .......... .......... 12% 3.89M 18m11s
#17 177.3 873200K .......... .......... .......... .......... .......... 12% 2.85M 18m11s
#17 177.3 873250K .......... .......... .......... .......... .......... 12% 8.74M 18m11s
#17 177.3 873300K .......... .......... .......... .......... .......... 12% 8.51M 18m11s
#17 177.4 873350K .......... .......... .......... .......... .......... 12% 5.94M 18m11s
#17 177.4 873400K .......... .......... .......... .......... .......... 12% 3.84M 18m11s
#17 177.4 873450K .......... .......... .......... .......... .......... 12% 3.23M 18m11s
#17 177.4 873500K .......... .......... .......... .......... .......... 12% 4.52M 18m11s
#17 177.4 873550K .......... .......... .......... .......... .......... 12% 5.84M 18m11s
#17 177.4 873600K .......... .......... .......... .......... .......... 12% 9.51M 18m11s
#17 177.4 873650K .......... .......... .......... .......... .......... 12% 2.12M 18m11s
#17 177.4 873700K .......... .......... .......... .......... .......... 12% 45.0M 18m11s
#17 177.4 873750K .......... .......... .......... .......... .......... 12% 3.51M 18m11s
#17 177.5 873800K .......... .......... .......... .......... .......... 12% 10.7M 18m11s
#17 177.5 873850K .......... .......... .......... .......... .......... 12% 4.28M 18m11s
#17 177.5 873900K .......... .......... .......... .......... .......... 12% 8.19M 18m11s
#17 177.5 873950K .......... .......... .......... .......... .......... 12% 37.7M 18m11s
#17 177.5 874000K .......... .......... .......... .......... .......... 12% 40.5M 18m11s
#17 177.5 874050K .......... .......... .......... .......... .......... 12% 7.26M 18m11s
#17 177.5 874100K .......... .......... .......... .......... .......... 12% 3.63M 18m11s
#17 177.5 874150K .......... .......... .......... .......... .......... 12% 39.3M 18m10s
#17 177.5 874200K .......... .......... .......... .......... .......... 12% 89.5M 18m10s
#17 177.5 874250K .......... .......... .......... .......... .......... 12% 9.31M 18m10s
#17 177.5 874300K .......... .......... .......... .......... .......... 12% 12.6M 18m10s
#17 177.5 874350K .......... .......... .......... .......... .......... 12% 12.0M 18m10s
#17 177.5 874400K .......... .......... .......... .......... .......... 12% 4.74M 18m10s
#17 177.5 874450K .......... .......... .......... .......... .......... 12% 20.9M 18m10s
#17 177.5 874500K .......... .......... .......... .......... .......... 12% 10.2M 18m10s
#17 177.5 874550K .......... .......... .......... .......... .......... 12% 3.27M 18m10s
#17 177.6 874600K .......... .......... .......... .......... .......... 12% 26.3M 18m10s
#17 177.6 874650K .......... .......... .......... .......... .......... 12% 12.6M 18m10s
#17 177.6 874700K .......... .......... .......... .......... .......... 12% 6.82M 18m10s
#17 177.6 874750K .......... .......... .......... .......... .......... 12% 10.3M 18m10s
#17 177.6 874800K .......... .......... .......... .......... .......... 12% 3.23M 18m10s
#17 177.6 874850K .......... .......... .......... .......... .......... 12% 8.93M 18m10s
#17 177.6 874900K .......... .......... .......... .......... .......... 12% 10.7M 18m10s
#17 177.6 874950K .......... .......... .......... .......... .......... 12% 13.1M 18m10s
#17 177.6 875000K .......... .......... .......... .......... .......... 12% 2.77M 18m10s
#17 177.6 875050K .......... .......... .......... .......... .......... 12% 11.1M 18m10s
#17 177.6 875100K .......... .......... .......... .......... .......... 12% 8.04M 18m10s
#17 177.6 875150K .......... .......... .......... .......... .......... 12% 7.04M 18m10s
#17 177.6 875200K .......... .......... .......... .......... .......... 12% 4.67M 18m10s
#17 177.6 875250K .......... .......... .......... .......... .......... 12% 2.10M 18m10s
#17 177.7 875300K .......... .......... .......... .......... .......... 12% 47.5M 18m10s
#17 177.7 875350K .......... .......... .......... .......... .......... 12% 8.60M 18m10s
#17 177.7 875400K .......... .......... .......... .......... .......... 12% 6.13M 18m10s
#17 177.7 875450K .......... .......... .......... .......... .......... 12% 47.4M 18m10s
#17 177.7 875500K .......... .......... .......... .......... .......... 12% 24.1M 18m10s
#17 177.7 875550K .......... .......... .......... .......... .......... 12% 4.50M 18m10s
#17 177.7 875600K .......... .......... .......... .......... .......... 12% 9.75M 18m10s
#17 177.7 875650K .......... .......... .......... .......... .......... 12% 5.37M 18m10s
#17 177.7 875700K .......... .......... .......... .......... .......... 12% 7.73M 18m10s
#17 177.7 875750K .......... .......... .......... .......... .......... 12% 6.90M 18m10s
#17 177.7 875800K .......... .......... .......... .......... .......... 12% 4.82M 18m10s
#17 177.7 875850K .......... .......... .......... .......... .......... 12% 4.86M 18m10s
#17 177.7 875900K .......... .......... .......... .......... .......... 12% 11.6M 18m10s
#17 177.7 875950K .......... .......... .......... .......... .......... 12% 5.11M 18m10s
#17 177.8 876000K .......... .......... .......... .......... .......... 12% 6.73M 18m10s
#17 177.8 876050K .......... .......... .......... .......... .......... 12% 9.90M 18m10s
#17 177.8 876100K .......... .......... .......... .......... .......... 12% 6.89M 18m10s
#17 177.8 876150K .......... .......... .......... .......... .......... 12% 1.74M 18m10s
#17 177.8 876200K .......... .......... .......... .......... .......... 12% 5.71M 18m10s
#17 177.8 876250K .......... .......... .......... .......... .......... 12% 8.52M 18m10s
#17 177.8 876300K .......... .......... .......... .......... .......... 12% 8.03M 18m10s
#17 177.8 876350K .......... .......... .......... .......... .......... 12% 8.31M 18m10s
#17 177.8 876400K .......... .......... .......... .......... .......... 12% 7.09M 18m9s
#17 177.8 876450K .......... .......... .......... .......... .......... 12% 5.12M 18m9s
#17 177.8 876500K .......... .......... .......... .......... .......... 12% 32.2M 18m9s
#17 177.8 876550K .......... .......... .......... .......... .......... 12% 4.52M 18m9s
#17 177.9 876600K .......... .......... .......... .......... .......... 12% 14.9M 18m9s
#17 177.9 876650K .......... .......... .......... .......... .......... 12% 4.70M 18m9s
#17 177.9 876700K .......... .......... .......... .......... .......... 12% 20.3M 18m9s
#17 177.9 876750K .......... .......... .......... .......... .......... 12% 5.90M 18m9s
#17 177.9 876800K .......... .......... .......... .......... .......... 12% 6.24M 18m9s
#17 177.9 876850K .......... .......... .......... .......... .......... 12% 6.75M 18m9s
#17 177.9 876900K .......... .......... .......... .......... .......... 12% 5.18M 18m9s
#17 177.9 876950K .......... .......... .......... .......... .......... 12% 5.76M 18m9s
#17 177.9 877000K .......... .......... .......... .......... .......... 12% 4.66M 18m9s
#17 177.9 877050K .......... .......... .......... .......... .......... 12% 8.27M 18m9s
#17 177.9 877100K .......... .......... .......... .......... .......... 12% 11.8M 18m9s
#17 177.9 877150K .......... .......... .......... .......... .......... 12% 4.35M 18m9s
#17 177.9 877200K .......... .......... .......... .......... .......... 12% 5.52M 18m9s
#17 178.0 877250K .......... .......... .......... .......... .......... 12% 8.51M 18m9s
#17 178.0 877300K .......... .......... .......... .......... .......... 12% 6.86M 18m9s
#17 178.0 877350K .......... .......... .......... .......... .......... 12% 4.80M 18m9s
#17 178.0 877400K .......... .......... .......... .......... .......... 12% 5.41M 18m9s
#17 178.0 877450K .......... .......... .......... .......... .......... 12% 8.46M 18m9s
#17 178.0 877500K .......... .......... .......... .......... .......... 12% 4.40M 18m9s
#17 178.0 877550K .......... .......... .......... .......... .......... 12% 10.8M 18m9s
#17 178.0 877600K .......... .......... .......... .......... .......... 12% 6.26M 18m9s
#17 178.0 877650K .......... .......... .......... .......... .......... 12% 4.72M 18m9s
#17 178.0 877700K .......... .......... .......... .......... .......... 12% 8.56M 18m9s
#17 178.0 877750K .......... .......... .......... .......... .......... 12% 6.69M 18m9s
#17 178.0 877800K .......... .......... .......... .......... .......... 12% 8.16M 18m9s
#17 178.0 877850K .......... .......... .......... .......... .......... 12% 12.7M 18m9s
#17 178.0 877900K .......... .......... .......... .......... .......... 12% 4.06M 18m9s
#17 178.1 877950K .......... .......... .......... .......... .......... 12% 5.16M 18m9s
#17 178.1 878000K .......... .......... .......... .......... .......... 12% 4.46M 18m9s
#17 178.1 878050K .......... .......... .......... .......... .......... 12% 4.63M 18m9s
#17 178.1 878100K .......... .......... .......... .......... .......... 12% 3.38M 18m9s
#17 178.1 878150K .......... .......... .......... .......... .......... 12% 9.33M 18m9s
#17 178.1 878200K .......... .......... .......... .......... .......... 12% 19.6M 18m9s
#17 178.1 878250K .......... .......... .......... .......... .......... 12% 11.4M 18m9s
#17 178.1 878300K .......... .......... .......... .......... .......... 12% 4.12M 18m9s
#17 178.1 878350K .......... .......... .......... .......... .......... 12% 13.3M 18m9s
#17 178.1 878400K .......... .......... .......... .......... .......... 12% 4.13M 18m9s
#17 178.1 878450K .......... .......... .......... .......... .......... 12% 4.63M 18m9s
#17 178.2 878500K .......... .......... .......... .......... .......... 12% 16.4M 18m9s
#17 178.2 878550K .......... .......... .......... .......... .......... 12% 2.63M 18m9s
#17 178.2 878600K .......... .......... .......... .......... .......... 12% 6.31M 18m9s
#17 178.2 878650K .......... .......... .......... .......... .......... 12% 4.18M 18m9s
#17 178.2 878700K .......... .......... .......... .......... .......... 12% 9.24M 18m9s
#17 178.2 878750K .......... .......... .......... .......... .......... 12% 4.55M 18m9s
#17 178.2 878800K .......... .......... .......... .......... .......... 12% 9.86M 18m9s
#17 178.2 878850K .......... .......... .......... .......... .......... 12% 13.1M 18m9s
#17 178.2 878900K .......... .......... .......... .......... .......... 12% 6.66M 18m9s
#17 178.2 878950K .......... .......... .......... .......... .......... 12% 2.96M 18m9s
#17 178.2 879000K .......... .......... .......... .......... .......... 12% 29.7M 18m9s
#17 178.2 879050K .......... .......... .......... .......... .......... 12% 9.62M 18m9s
#17 178.2 879100K .......... .......... .......... .......... .......... 12% 3.80M 18m9s
#17 178.3 879150K .......... .......... .......... .......... .......... 12% 7.54M 18m9s
#17 178.3 879200K .......... .......... .......... .......... .......... 12% 3.17M 18m9s
#17 178.3 879250K .......... .......... .......... .......... .......... 12% 6.53M 18m9s
#17 178.3 879300K .......... .......... .......... .......... .......... 12% 3.70M 18m9s
#17 178.3 879350K .......... .......... .......... .......... .......... 12% 4.98M 18m9s
#17 178.3 879400K .......... .......... .......... .......... .......... 12% 6.86M 18m9s
#17 178.3 879450K .......... .......... .......... .......... .......... 12% 6.79M 18m8s
#17 178.3 879500K .......... .......... .......... .......... .......... 12% 8.02M 18m8s
#17 178.3 879550K .......... .......... .......... .......... .......... 12% 6.14M 18m8s
#17 178.3 879600K .......... .......... .......... .......... .......... 12% 8.60M 18m8s
#17 178.3 879650K .......... .......... .......... .......... .......... 12% 8.17M 18m8s
#17 178.4 879700K .......... .......... .......... .......... .......... 12% 9.18M 18m8s
#17 178.4 879750K .......... .......... .......... .......... .......... 12% 9.41M 18m8s
#17 178.4 879800K .......... .......... .......... .......... .......... 12% 6.27M 18m8s
#17 178.4 879850K .......... .......... .......... .......... .......... 12% 6.47M 18m8s
#17 178.4 879900K .......... .......... .......... .......... .......... 12% 4.41M 18m8s
#17 178.4 879950K .......... .......... .......... .......... .......... 12% 5.41M 18m8s
#17 178.4 880000K .......... .......... .......... .......... .......... 12% 86.1M 18m8s
#17 178.4 880050K .......... .......... .......... .......... .......... 12% 5.08M 18m8s
#17 178.4 880100K .......... .......... .......... .......... .......... 12% 3.89M 18m8s
#17 178.4 880150K .......... .......... .......... .......... .......... 12% 10.5M 18m8s
#17 178.4 880200K .......... .......... .......... .......... .......... 12% 7.12M 18m8s
#17 178.4 880250K .......... .......... .......... .......... .......... 12% 5.80M 18m8s
#17 178.4 880300K .......... .......... .......... .......... .......... 12% 4.60M 18m8s
#17 178.5 880350K .......... .......... .......... .......... .......... 12% 44.4M 18m8s
#17 178.5 880400K .......... .......... .......... .......... .......... 12% 8.13M 18m8s
#17 178.5 880450K .......... .......... .......... .......... .......... 12% 4.12M 18m8s
#17 178.5 880500K .......... .......... .......... .......... .......... 12% 2.92M 18m8s
#17 178.5 880550K .......... .......... .......... .......... .......... 12% 10.8M 18m8s
#17 178.5 880600K .......... .......... .......... .......... .......... 12% 3.99M 18m8s
#17 178.5 880650K .......... .......... .......... .......... .......... 12% 14.7M 18m8s
#17 178.5 880700K .......... .......... .......... .......... .......... 12% 5.08M 18m8s
#17 178.5 880750K .......... .......... .......... .......... .......... 12% 9.44M 18m8s
#17 178.5 880800K .......... .......... .......... .......... .......... 13% 45.9M 18m8s
#17 178.5 880850K .......... .......... .......... .......... .......... 13% 8.45M 18m8s
#17 178.5 880900K .......... .......... .......... .......... .......... 13% 10.8M 18m8s
#17 178.5 880950K .......... .......... .......... .......... .......... 13% 7.05M 18m8s
#17 178.5 881000K .......... .......... .......... .......... .......... 13% 11.6M 18m8s
#17 178.5 881050K .......... .......... .......... .......... .......... 13% 5.95M 18m8s
#17 178.6 881100K .......... .......... .......... .......... .......... 13% 1.60M 18m8s
#17 178.6 881150K .......... .......... .......... .......... .......... 13% 4.75M 18m8s
#17 178.6 881200K .......... .......... .......... .......... .......... 13% 3.36M 18m8s
#17 178.6 881250K .......... .......... .......... .......... .......... 13% 34.5M 18m8s
#17 178.6 881300K .......... .......... .......... .......... .......... 13% 7.64M 18m8s
#17 178.6 881350K .......... .......... .......... .......... .......... 13% 4.59M 18m8s
#17 178.6 881400K .......... .......... .......... .......... .......... 13% 3.70M 18m8s
#17 178.6 881450K .......... .......... .......... .......... .......... 13% 5.02M 18m8s
#17 178.7 881500K .......... .......... .......... .......... .......... 13% 3.53M 18m8s
#17 178.7 881550K .......... .......... .......... .......... .......... 13% 9.29M 18m8s
#17 178.7 881600K .......... .......... .......... .......... .......... 13% 2.80M 18m8s
#17 178.7 881650K .......... .......... .......... .......... .......... 13% 1.83M 18m8s
#17 178.7 881700K .......... .......... .......... .......... .......... 13% 3.06M 18m8s
#17 178.7 881750K .......... .......... .......... .......... .......... 13% 11.6M 18m8s
#17 178.7 881800K .......... .......... .......... .......... .......... 13% 2.91M 18m8s
#17 178.8 881850K .......... .......... .......... .......... .......... 13% 7.27M 18m8s
#17 178.8 881900K .......... .......... .......... .......... .......... 13% 5.58M 18m8s
#17 178.8 881950K .......... .......... .......... .......... .......... 13% 6.06M 18m8s
#17 178.8 882000K .......... .......... .......... .......... .......... 13% 5.81M 18m8s
#17 178.8 882050K .......... .......... .......... .......... .......... 13% 8.45M 18m8s
#17 178.8 882100K .......... .......... .......... .......... .......... 13% 12.7M 18m8s
#17 178.8 882150K .......... .......... .......... .......... .......... 13% 7.25M 18m8s
#17 178.8 882200K .......... .......... .......... .......... .......... 13% 35.7M 18m8s
#17 178.8 882250K .......... .......... .......... .......... .......... 13% 29.7M 18m8s
#17 178.8 882300K .......... .......... .......... .......... .......... 13% 7.42M 18m8s
#17 178.8 882350K .......... .......... .......... .......... .......... 13% 24.0M 18m8s
#17 178.8 882400K .......... .......... .......... .......... .......... 13% 7.86M 18m8s
#17 178.8 882450K .......... .......... .......... .......... .......... 13% 7.83M 18m8s
#17 178.8 882500K .......... .......... .......... .......... .......... 13% 5.86M 18m8s
#17 178.8 882550K .......... .......... .......... .......... .......... 13% 47.8M 18m7s
#17 178.8 882600K .......... .......... .......... .......... .......... 13% 16.4M 18m7s
#17 178.8 882650K .......... .......... .......... .......... .......... 13% 4.60M 18m7s
#17 178.8 882700K .......... .......... .......... .......... .......... 13% 7.18M 18m7s
#17 178.9 882750K .......... .......... .......... .......... .......... 13% 7.28M 18m7s
#17 178.9 882800K .......... .......... .......... .......... .......... 13% 13.7M 18m7s
#17 178.9 882850K .......... .......... .......... .......... .......... 13% 43.2M 18m7s
#17 178.9 882900K .......... .......... .......... .......... .......... 13% 15.1M 18m7s
#17 178.9 882950K .......... .......... .......... .......... .......... 13% 11.5M 18m7s
#17 178.9 883000K .......... .......... .......... .......... .......... 13% 18.1M 18m7s
#17 178.9 883050K .......... .......... .......... .......... .......... 13% 8.95M 18m7s
#17 178.9 883100K .......... .......... .......... .......... .......... 13% 11.9M 18m7s
#17 178.9 883150K .......... .......... .......... .......... .......... 13% 8.95M 18m7s
#17 178.9 883200K .......... .......... .......... .......... .......... 13% 3.82M 18m7s
#17 178.9 883250K .......... .......... .......... .......... .......... 13% 16.6M 18m7s
#17 178.9 883300K .......... .......... .......... .......... .......... 13% 61.8M 18m7s
#17 178.9 883350K .......... .......... .......... .......... .......... 13% 99.3M 18m7s
#17 178.9 883400K .......... .......... .......... .......... .......... 13% 11.1M 18m7s
#17 178.9 883450K .......... .......... .......... .......... .......... 13% 5.35M 18m7s
#17 178.9 883500K .......... .......... .......... .......... .......... 13% 4.27M 18m7s
#17 178.9 883550K .......... .......... .......... .......... .......... 13% 13.2M 18m7s
#17 178.9 883600K .......... .......... .......... .......... .......... 13% 4.66M 18m7s
#17 178.9 883650K .......... .......... .......... .......... .......... 13% 15.5M 18m7s
#17 179.0 883700K .......... .......... .......... .......... .......... 13% 9.34M 18m7s
#17 179.0 883750K .......... .......... .......... .......... .......... 13% 4.27M 18m7s
#17 179.0 883800K .......... .......... .......... .......... .......... 13% 2.04M 18m7s
#17 179.0 883850K .......... .......... .......... .......... .......... 13% 2.67M 18m7s
#17 179.0 883900K .......... .......... .......... .......... .......... 13% 8.14M 18m7s
#17 179.0 883950K .......... .......... .......... .......... .......... 13% 4.91M 18m7s
#17 179.0 884000K .......... .......... .......... .......... .......... 13% 22.2M 18m7s
#17 179.0 884050K .......... .......... .......... .......... .......... 13% 11.7M 18m7s
#17 179.0 884100K .......... .......... .......... .......... .......... 13% 8.27M 18m7s
#17 179.0 884150K .......... .......... .......... .......... .......... 13% 7.16M 18m7s
#17 179.0 884200K .......... .......... .......... .......... .......... 13% 14.4M 18m7s
#17 179.0 884250K .......... .......... .......... .......... .......... 13% 5.17M 18m7s
#17 179.1 884300K .......... .......... .......... .......... .......... 13% 21.2M 18m6s
#17 179.1 884350K .......... .......... .......... .......... .......... 13% 6.21M 18m6s
#17 179.1 884400K .......... .......... .......... .......... .......... 13% 4.09M 18m6s
#17 179.1 884450K .......... .......... .......... .......... .......... 13% 49.9M 18m6s
#17 179.1 884500K .......... .......... .......... .......... .......... 13% 82.8M 18m6s
#17 179.1 884550K .......... .......... .......... .......... .......... 13% 7.70M 18m6s
#17 179.1 884600K .......... .......... .......... .......... .......... 13% 7.02M 18m6s
#17 179.1 884650K .......... .......... .......... .......... .......... 13% 20.5M 18m6s
#17 179.1 884700K .......... .......... .......... .......... .......... 13% 8.13M 18m6s
#17 179.1 884750K .......... .......... .......... .......... .......... 13% 8.52M 18m6s
#17 179.1 884800K .......... .......... .......... .......... .......... 13% 3.67M 18m6s
#17 179.1 884850K .......... .......... .......... .......... .......... 13% 29.1M 18m6s
#17 179.1 884900K .......... .......... .......... .......... .......... 13% 3.90M 18m6s
#17 179.1 884950K .......... .......... .......... .......... .......... 13% 56.0M 18m6s
#17 179.1 885000K .......... .......... .......... .......... .......... 13% 4.73M 18m6s
#17 179.1 885050K .......... .......... .......... .......... .......... 13% 5.04M 18m6s
#17 179.2 885100K .......... .......... .......... .......... .......... 13% 7.11M 18m6s
#17 179.2 885150K .......... .......... .......... .......... .......... 13% 10.9M 18m6s
#17 179.2 885200K .......... .......... .......... .......... .......... 13% 5.34M 18m6s
#17 179.2 885250K .......... .......... .......... .......... .......... 13% 6.38M 18m6s
#17 179.2 885300K .......... .......... .......... .......... .......... 13% 11.0M 18m6s
#17 179.2 885350K .......... .......... .......... .......... .......... 13% 5.66M 18m6s
#17 179.2 885400K .......... .......... .......... .......... .......... 13% 8.08M 18m6s
#17 179.2 885450K .......... .......... .......... .......... .......... 13% 6.03M 18m6s
#17 179.2 885500K .......... .......... .......... .......... .......... 13% 2.93M 18m6s
#17 179.2 885550K .......... .......... .......... .......... .......... 13% 34.7M 18m6s
#17 179.2 885600K .......... .......... .......... .......... .......... 13% 7.59M 18m6s
#17 179.2 885650K .......... .......... .......... .......... .......... 13% 7.99M 18m6s
#17 179.2 885700K .......... .......... .......... .......... .......... 13% 5.60M 18m6s
#17 179.3 885750K .......... .......... .......... .......... .......... 13% 3.00M 18m6s
#17 179.3 885800K .......... .......... .......... .......... .......... 13% 2.72M 18m6s
#17 179.3 885850K .......... .......... .......... .......... .......... 13% 7.64M 18m6s
#17 179.3 885900K .......... .......... .......... .......... .......... 13% 48.1M 18m6s
#17 179.3 885950K .......... .......... .......... .......... .......... 13% 16.1M 18m6s
#17 179.3 886000K .......... .......... .......... .......... .......... 13% 8.43M 18m6s
#17 179.3 886050K .......... .......... .......... .......... .......... 13% 6.99M 18m6s
#17 179.3 886100K .......... .......... .......... .......... .......... 13% 4.51M 18m6s
#17 179.3 886150K .......... .......... .......... .......... .......... 13% 4.34M 18m6s
#17 179.3 886200K .......... .......... .......... .......... .......... 13% 17.5M 18m6s
#17 179.3 886250K .......... .......... .......... .......... .......... 13% 9.08M 18m6s
#17 179.3 886300K .......... .......... .......... .......... .......... 13% 5.93M 18m6s
#17 179.3 886350K .......... .......... .......... .......... .......... 13% 12.1M 18m6s
#17 179.4 886400K .......... .......... .......... .......... .......... 13% 7.41M 18m6s
#17 179.4 886450K .......... .......... .......... .......... .......... 13% 5.26M 18m6s
#17 179.4 886500K .......... .......... .......... .......... .......... 13% 18.0M 18m5s
#17 179.4 886550K .......... .......... .......... .......... .......... 13% 2.40M 18m6s
#17 179.4 886600K .......... .......... .......... .......... .......... 13% 4.34M 18m6s
#17 179.4 886650K .......... .......... .......... .......... .......... 13% 3.68M 18m6s
#17 179.4 886700K .......... .......... .......... .......... .......... 13% 35.5M 18m5s
#17 179.4 886750K .......... .......... .......... .......... .......... 13% 4.12M 18m5s
#17 179.4 886800K .......... .......... .......... .......... .......... 13% 9.03M 18m5s
#17 179.4 886850K .......... .......... .......... .......... .......... 13% 18.9M 18m5s
#17 179.4 886900K .......... .......... .......... .......... .......... 13% 5.97M 18m5s
#17 179.5 886950K .......... .......... .......... .......... .......... 13% 10.2M 18m5s
#17 179.5 887000K .......... .......... .......... .......... .......... 13% 22.2M 18m5s
#17 179.5 887050K .......... .......... .......... .......... .......... 13% 17.0M 18m5s
#17 179.5 887100K .......... .......... .......... .......... .......... 13% 4.47M 18m5s
#17 179.5 887150K .......... .......... .......... .......... .......... 13% 20.2M 18m5s
#17 179.5 887200K .......... .......... .......... .......... .......... 13% 3.12M 18m5s
#17 179.5 887250K .......... .......... .......... .......... .......... 13% 3.61M 18m5s
#17 179.5 887300K .......... .......... .......... .......... .......... 13% 7.58M 18m5s
#17 179.5 887350K .......... .......... .......... .......... .......... 13% 10.9M 18m5s
#17 179.5 887400K .......... .......... .......... .......... .......... 13% 2.20M 18m5s
#17 179.5 887450K .......... .......... .......... .......... .......... 13% 2.48M 18m5s
#17 179.5 887500K .......... .......... .......... .......... .......... 13% 6.80M 18m5s
#17 179.6 887550K .......... .......... .......... .......... .......... 13% 7.75M 18m5s
#17 179.6 887600K .......... .......... .......... .......... .......... 13% 5.97M 18m5s
#17 179.6 887650K .......... .......... .......... .......... .......... 13% 4.34M 18m5s
#17 179.6 887700K .......... .......... .......... .......... .......... 13% 7.60M 18m5s
#17 179.6 887750K .......... .......... .......... .......... .......... 13% 2.17M 18m5s
#17 179.6 887800K .......... .......... .......... .......... .......... 13% 5.31M 18m5s
#17 179.6 887850K .......... .......... .......... .......... .......... 13% 4.60M 18m5s
#17 179.6 887900K .......... .......... .......... .......... .......... 13% 4.32M 18m5s
#17 179.6 887950K .......... .......... .......... .......... .......... 13% 8.41M 18m5s
#17 179.6 888000K .......... .......... .......... .......... .......... 13%  149M 18m5s
#17 179.6 888050K .......... .......... .......... .......... .......... 13% 94.8M 18m5s
#17 179.6 888100K .......... .......... .......... .......... .......... 13% 10.5M 18m5s
#17 179.7 888150K .......... .......... .......... .......... .......... 13% 5.25M 18m5s
#17 179.7 888200K .......... .......... .......... .......... .......... 13% 3.01M 18m5s
#17 179.7 888250K .......... .......... .......... .......... .......... 13% 1.43M 18m5s
#17 179.7 888300K .......... .......... .......... .......... .......... 13% 1.91M 18m5s
#17 179.7 888350K .......... .......... .......... .......... .......... 13% 6.48M 18m5s
#17 179.7 888400K .......... .......... .......... .......... .......... 13% 8.16M 18m5s
#17 179.8 888450K .......... .......... .......... .......... .......... 13% 9.47M 18m5s
#17 179.8 888500K .......... .......... .......... .......... .......... 13% 12.3M 18m5s
#17 179.8 888550K .......... .......... .......... .......... .......... 13% 10.7M 18m5s
#17 179.8 888600K .......... .......... .......... .......... .......... 13% 6.32M 18m5s
#17 179.8 888650K .......... .......... .......... .......... .......... 13% 6.69M 18m5s
#17 179.8 888700K .......... .......... .......... .......... .......... 13% 21.5M 18m5s
#17 179.8 888750K .......... .......... .......... .......... .......... 13% 10.9M 18m5s
#17 179.8 888800K .......... .......... .......... .......... .......... 13% 3.89M 18m5s
#17 179.8 888850K .......... .......... .......... .......... .......... 13% 11.1M 18m5s
#17 179.8 888900K .......... .......... .......... .......... .......... 13% 13.5M 18m5s
#17 179.8 888950K .......... .......... .......... .......... .......... 13% 3.80M 18m5s
#17 179.8 889000K .......... .......... .......... .......... .......... 13% 6.21M 18m5s
#17 179.8 889050K .......... .......... .......... .......... .......... 13% 8.80M 18m5s
#17 179.8 889100K .......... .......... .......... .......... .......... 13% 12.1M 18m5s
#17 179.8 889150K .......... .......... .......... .......... .......... 13% 4.52M 18m5s
#17 179.8 889200K .......... .......... .......... .......... .......... 13% 11.6M 18m5s
#17 179.9 889250K .......... .......... .......... .......... .......... 13% 5.99M 18m5s
#17 179.9 889300K .......... .......... .......... .......... .......... 13% 7.25M 18m5s
#17 179.9 889350K .......... .......... .......... .......... .......... 13% 8.23M 18m5s
#17 179.9 889400K .......... .......... .......... .......... .......... 13% 3.71M 18m5s
#17 179.9 889450K .......... .......... .......... .......... .......... 13% 12.6M 18m5s
#17 179.9 889500K .......... .......... .......... .......... .......... 13% 8.79M 18m5s
#17 179.9 889550K .......... .......... .......... .......... .......... 13% 10.6M 18m5s
#17 179.9 889600K .......... .......... .......... .......... .......... 13% 4.47M 18m5s
#17 179.9 889650K .......... .......... .......... .......... .......... 13% 18.5M 18m5s
#17 179.9 889700K .......... .......... .......... .......... .......... 13% 1.12M 18m5s
#17 180.0 889750K .......... .......... .......... .......... .......... 13% 8.00M 18m5s
#17 180.0 889800K .......... .......... .......... .......... .......... 13% 3.95M 18m5s
#17 180.0 889850K .......... .......... .......... .......... .......... 13% 6.81M 18m5s
#17 180.0 889900K .......... .......... .......... .......... .......... 13% 23.9M 18m5s
#17 180.0 889950K .......... .......... .......... .......... .......... 13% 5.22M 18m5s
#17 180.0 890000K .......... .......... .......... .......... .......... 13% 10.1M 18m5s
#17 180.0 890050K .......... .......... .......... .......... .......... 13% 6.98M 18m5s
#17 180.0 890100K .......... .......... .......... .......... .......... 13% 6.94M 18m5s
#17 180.0 890150K .......... .......... .......... .......... .......... 13% 4.33M 18m5s
#17 180.0 890200K .......... .......... .......... .......... .......... 13% 6.98M 18m5s
#17 180.0 890250K .......... .......... .......... .......... .......... 13% 16.2M 18m5s
#17 180.0 890300K .......... .......... .......... .......... .......... 13% 3.29M 18m5s
#17 180.1 890350K .......... .......... .......... .......... .......... 13% 49.2M 18m5s
#17 180.1 890400K .......... .......... .......... .......... .......... 13% 2.25M 18m5s
#17 180.1 890450K .......... .......... .......... .......... .......... 13% 4.75M 18m5s
#17 180.1 890500K .......... .......... .......... .......... .......... 13% 7.58M 18m5s
#17 180.1 890550K .......... .......... .......... .......... .......... 13% 10.7M 18m5s
#17 180.1 890600K .......... .......... .......... .......... .......... 13% 16.1M 18m5s
#17 180.1 890650K .......... .......... .......... .......... .......... 13% 16.6M 18m4s
#17 180.1 890700K .......... .......... .......... .......... .......... 13% 5.32M 18m4s
#17 180.1 890750K .......... .......... .......... .......... .......... 13% 15.8M 18m4s
#17 180.1 890800K .......... .......... .......... .......... .......... 13% 6.80M 18m4s
#17 180.1 890850K .......... .......... .......... .......... .......... 13% 63.3M 18m4s
#17 180.1 890900K .......... .......... .......... .......... .......... 13% 4.67M 18m4s
#17 180.1 890950K .......... .......... .......... .......... .......... 13% 7.82M 18m4s
#17 180.1 891000K .......... .......... .......... .......... .......... 13% 4.32M 18m4s
#17 180.1 891050K .......... .......... .......... .......... .......... 13% 5.41M 18m4s
#17 180.2 891100K .......... .......... .......... .......... .......... 13% 5.34M 18m4s
#17 180.2 891150K .......... .......... .......... .......... .......... 13% 5.91M 18m4s
#17 180.2 891200K .......... .......... .......... .......... .......... 13% 5.09M 18m4s
#17 180.2 891250K .......... .......... .......... .......... .......... 13% 8.25M 18m4s
#17 180.2 891300K .......... .......... .......... .......... .......... 13% 3.73M 18m4s
#17 180.2 891350K .......... .......... .......... .......... .......... 13% 8.56M 18m4s
#17 180.2 891400K .......... .......... .......... .......... .......... 13% 8.35M 18m4s
#17 180.2 891450K .......... .......... .......... .......... .......... 13% 3.60M 18m4s
#17 180.2 891500K .......... .......... .......... .......... .......... 13% 8.26M 18m4s
#17 180.2 891550K .......... .......... .......... .......... .......... 13% 4.41M 18m4s
#17 180.2 891600K .......... .......... .......... .......... .......... 13% 6.02M 18m4s
#17 180.3 891650K .......... .......... .......... .......... .......... 13% 65.6M 18m4s
#17 180.3 891700K .......... .......... .......... .......... .......... 13% 3.01M 18m4s
#17 180.3 891750K .......... .......... .......... .......... .......... 13% 45.7M 18m4s
#17 180.3 891800K .......... .......... .......... .......... .......... 13% 8.22M 18m4s
#17 180.3 891850K .......... .......... .......... .......... .......... 13% 6.45M 18m4s
#17 180.3 891900K .......... .......... .......... .......... .......... 13% 10.2M 18m4s
#17 180.3 891950K .......... .......... .......... .......... .......... 13% 3.21M 18m4s
#17 180.3 892000K .......... .......... .......... .......... .......... 13% 3.82M 18m4s
#17 180.3 892050K .......... .......... .......... .......... .......... 13% 5.51M 18m4s
#17 180.3 892100K .......... .......... .......... .......... .......... 13% 3.68M 18m4s
#17 180.3 892150K .......... .......... .......... .......... .......... 13% 7.72M 18m4s
#17 180.3 892200K .......... .......... .......... .......... .......... 13% 3.36M 18m4s
#17 180.4 892250K .......... .......... .......... .......... .......... 13% 27.8M 18m4s
#17 180.4 892300K .......... .......... .......... .......... .......... 13%  108M 18m4s
#17 180.4 892350K .......... .......... .......... .......... .......... 13% 4.29M 18m4s
#17 180.4 892400K .......... .......... .......... .......... .......... 13% 6.63M 18m4s
#17 180.4 892450K .......... .......... .......... .......... .......... 13% 86.9M 18m4s
#17 180.4 892500K .......... .......... .......... .......... .......... 13% 6.38M 18m4s
#17 180.4 892550K .......... .......... .......... .......... .......... 13% 9.05M 18m4s
#17 180.4 892600K .......... .......... .......... .......... .......... 13% 3.79M 18m4s
#17 180.4 892650K .......... .......... .......... .......... .......... 13% 5.82M 18m4s
#17 180.4 892700K .......... .......... .......... .......... .......... 13% 37.4M 18m4s
#17 180.4 892750K .......... .......... .......... .......... .......... 13% 15.8M 18m4s
#17 180.4 892800K .......... .......... .......... .......... .......... 13% 16.4M 18m4s
#17 180.4 892850K .......... .......... .......... .......... .......... 13% 8.32M 18m4s
#17 180.4 892900K .......... .......... .......... .......... .......... 13% 15.7M 18m4s
#17 180.4 892950K .......... .......... .......... .......... .......... 13% 28.5M 18m3s
#17 180.4 893000K .......... .......... .......... .......... .......... 13% 4.60M 18m3s
#17 180.4 893050K .......... .......... .......... .......... .......... 13% 4.54M 18m3s
#17 180.5 893100K .......... .......... .......... .......... .......... 13% 17.0M 18m3s
#17 180.5 893150K .......... .......... .......... .......... .......... 13% 4.27M 18m3s
#17 180.5 893200K .......... .......... .......... .......... .......... 13% 8.86M 18m3s
#17 180.5 893250K .......... .......... .......... .......... .......... 13% 7.11M 18m3s
#17 180.5 893300K .......... .......... .......... .......... .......... 13% 7.50M 18m3s
#17 180.5 893350K .......... .......... .......... .......... .......... 13% 34.4M 18m3s
#17 180.5 893400K .......... .......... .......... .......... .......... 13% 9.60M 18m3s
#17 180.5 893450K .......... .......... .......... .......... .......... 13% 5.16M 18m3s
#17 180.5 893500K .......... .......... .......... .......... .......... 13% 1.88M 18m3s
#17 180.5 893550K .......... .......... .......... .......... .......... 13% 2.49M 18m3s
#17 180.6 893600K .......... .......... .......... .......... .......... 13% 36.4M 18m3s
#17 180.6 893650K .......... .......... .......... .......... .......... 13%  112M 18m3s
#17 180.6 893700K .......... .......... .......... .......... .......... 13% 4.97M 18m3s
#17 180.6 893750K .......... .......... .......... .......... .......... 13% 8.18M 18m3s
#17 180.6 893800K .......... .......... .......... .......... .......... 13% 4.00M 18m3s
#17 180.6 893850K .......... .......... .......... .......... .......... 13% 7.45M 18m3s
#17 180.6 893900K .......... .......... .......... .......... .......... 13% 45.1M 18m3s
#17 180.6 893950K .......... .......... .......... .......... .......... 13% 54.7M 18m3s
#17 180.6 894000K .......... .......... .......... .......... .......... 13% 9.23M 18m3s
#17 180.6 894050K .......... .......... .......... .......... .......... 13% 10.1M 18m3s
#17 180.6 894100K .......... .......... .......... .......... .......... 13% 42.9M 18m3s
#17 180.6 894150K .......... .......... .......... .......... .......... 13% 9.15M 18m3s
#17 180.6 894200K .......... .......... .......... .......... .......... 13% 5.61M 18m3s
#17 180.6 894250K .......... .......... .......... .......... .......... 13% 9.59M 18m3s
#17 180.6 894300K .......... .......... .......... .......... .......... 13% 4.43M 18m3s
#17 180.6 894350K .......... .......... .......... .......... .......... 13% 4.17M 18m3s
#17 180.6 894400K .......... .......... .......... .......... .......... 13% 20.4M 18m3s
#17 180.6 894450K .......... .......... .......... .......... .......... 13% 4.10M 18m3s
#17 180.7 894500K .......... .......... .......... .......... .......... 13% 41.2M 18m3s
#17 180.7 894550K .......... .......... .......... .......... .......... 13% 9.04M 18m3s
#17 180.7 894600K .......... .......... .......... .......... .......... 13% 7.48M 18m3s
#17 180.7 894650K .......... .......... .......... .......... .......... 13% 4.57M 18m3s
#17 180.7 894700K .......... .......... .......... .......... .......... 13% 7.86M 18m3s
#17 180.7 894750K .......... .......... .......... .......... .......... 13% 6.73M 18m3s
#17 180.7 894800K .......... .......... .......... .......... .......... 13% 3.25M 18m3s
#17 180.7 894850K .......... .......... .......... .......... .......... 13% 85.4M 18m3s
#17 180.7 894900K .......... .......... .......... .......... .......... 13% 3.79M 18m3s
#17 180.7 894950K .......... .......... .......... .......... .......... 13% 4.45M 18m3s
#17 180.7 895000K .......... .......... .......... .......... .......... 13% 2.95M 18m3s
#17 180.8 895050K .......... .......... .......... .......... .......... 13% 4.88M 18m3s
#17 180.8 895100K .......... .......... .......... .......... .......... 13% 5.09M 18m3s
#17 180.8 895150K .......... .......... .......... .......... .......... 13% 2.92M 18m3s
#17 180.8 895200K .......... .......... .......... .......... .......... 13% 3.41M 18m3s
#17 180.8 895250K .......... .......... .......... .......... .......... 13% 2.98M 18m3s
#17 180.8 895300K .......... .......... .......... .......... .......... 13% 1.65M 18m3s
#17 180.8 895350K .......... .......... .......... .......... .......... 13% 1.68M 18m3s
#17 180.9 895400K .......... .......... .......... .......... .......... 13% 2.20M 18m3s
#17 180.9 895450K .......... .......... .......... .......... .......... 13% 1.41M 18m3s
#17 180.9 895500K .......... .......... .......... .......... .......... 13% 2.57M 18m3s
#17 181.0 895550K .......... .......... .......... .......... .......... 13% 1.41M 18m3s
#17 181.0 895600K .......... .......... .......... .......... .......... 13% 1.28M 18m4s
#17 181.0 895650K .......... .......... .......... .......... .......... 13% 10.4M 18m4s
#17 181.0 895700K .......... .......... .......... .......... .......... 13% 3.70M 18m4s
#17 181.0 895750K .......... .......... .......... .......... .......... 13% 3.65M 18m4s
#17 181.1 895800K .......... .......... .......... .......... .......... 13% 3.73M 18m4s
#17 181.1 895850K .......... .......... .......... .......... .......... 13% 9.95M 18m4s
#17 181.1 895900K .......... .......... .......... .......... .......... 13% 4.54M 18m4s
#17 181.1 895950K .......... .......... .......... .......... .......... 13% 3.86M 18m4s
#17 181.1 896000K .......... .......... .......... .......... .......... 13% 5.48M 18m4s
#17 181.1 896050K .......... .......... .......... .......... .......... 13% 5.07M 18m4s
#17 181.1 896100K .......... .......... .......... .......... .......... 13% 4.88M 18m4s
#17 181.1 896150K .......... .......... .......... .......... .......... 13% 14.5M 18m4s
#17 181.1 896200K .......... .......... .......... .......... .......... 13% 8.18M 18m4s
#17 181.1 896250K .......... .......... .......... .......... .......... 13% 52.6M 18m3s
#17 181.1 896300K .......... .......... .......... .......... .......... 13% 9.39M 18m3s
#17 181.1 896350K .......... .......... .......... .......... .......... 13% 4.02M 18m3s
#17 181.2 896400K .......... .......... .......... .......... .......... 13% 3.68M 18m3s
#17 181.2 896450K .......... .......... .......... .......... .......... 13% 56.5M 18m3s
#17 181.2 896500K .......... .......... .......... .......... .......... 13% 3.84M 18m3s
#17 181.2 896550K .......... .......... .......... .......... .......... 13% 11.3M 18m3s
#17 181.2 896600K .......... .......... .......... .......... .......... 13% 25.6M 18m3s
#17 181.2 896650K .......... .......... .......... .......... .......... 13% 2.94M 18m3s
#17 181.2 896700K .......... .......... .......... .......... .......... 13% 6.22M 18m3s
#17 181.2 896750K .......... .......... .......... .......... .......... 13% 4.41M 18m3s
#17 181.2 896800K .......... .......... .......... .......... .......... 13% 5.74M 18m3s
#17 181.2 896850K .......... .......... .......... .......... .......... 13% 8.07M 18m3s
#17 181.2 896900K .......... .......... .......... .......... .......... 13% 8.69M 18m3s
#17 181.2 896950K .......... .......... .......... .......... .......... 13% 4.12M 18m3s
#17 181.3 897000K .......... .......... .......... .......... .......... 13% 61.2M 18m3s
#17 181.3 897050K .......... .......... .......... .......... .......... 13% 4.22M 18m3s
#17 181.3 897100K .......... .......... .......... .......... .......... 13% 5.25M 18m3s
#17 181.3 897150K .......... .......... .......... .......... .......... 13% 4.64M 18m3s
#17 181.3 897200K .......... .......... .......... .......... .......... 13% 5.32M 18m3s
#17 181.3 897250K .......... .......... .......... .......... .......... 13% 2.24M 18m3s
#17 181.3 897300K .......... .......... .......... .......... .......... 13% 54.0M 18m3s
#17 181.3 897350K .......... .......... .......... .......... .......... 13% 15.2M 18m3s
#17 181.3 897400K .......... .......... .......... .......... .......... 13% 16.2M 18m3s
#17 181.3 897450K .......... .......... .......... .......... .......... 13% 14.9M 18m3s
#17 181.3 897500K .......... .......... .......... .......... .......... 13% 6.37M 18m3s
#17 181.3 897550K .......... .......... .......... .......... .......... 13% 2.99M 18m3s
#17 181.4 897600K .......... .......... .......... .......... .......... 13% 4.91M 18m3s
#17 181.4 897650K .......... .......... .......... .......... .......... 13% 6.31M 18m3s
#17 181.4 897700K .......... .......... .......... .......... .......... 13% 11.3M 18m3s
#17 181.4 897750K .......... .......... .......... .......... .......... 13% 2.93M 18m3s
#17 181.4 897800K .......... .......... .......... .......... .......... 13% 5.14M 18m3s
#17 181.4 897850K .......... .......... .......... .......... .......... 13% 4.91M 18m3s
#17 181.4 897900K .......... .......... .......... .......... .......... 13% 20.5M 18m3s
#17 181.4 897950K .......... .......... .......... .......... .......... 13% 19.5M 18m3s
#17 181.4 898000K .......... .......... .......... .......... .......... 13% 5.21M 18m3s
#17 181.4 898050K .......... .......... .......... .......... .......... 13% 6.30M 18m3s
#17 181.4 898100K .......... .......... .......... .......... .......... 13% 5.35M 18m3s
#17 181.4 898150K .......... .......... .......... .......... .......... 13% 7.73M 18m3s
#17 181.4 898200K .......... .......... .......... .......... .......... 13% 4.19M 18m3s
#17 181.5 898250K .......... .......... .......... .......... .......... 13% 2.26M 18m3s
#17 181.5 898300K .......... .......... .......... .......... .......... 13% 3.57M 18m3s
#17 181.5 898350K .......... .......... .......... .......... .......... 13% 5.16M 18m3s
#17 181.5 898400K .......... .......... .......... .......... .......... 13% 5.13M 18m3s
#17 181.5 898450K .......... .......... .......... .......... .......... 13% 8.44M 18m3s
#17 181.5 898500K .......... .......... .......... .......... .......... 13% 5.52M 18m3s
#17 181.5 898550K .......... .......... .......... .......... .......... 13% 2.55M 18m3s
#17 181.5 898600K .......... .......... .......... .......... .......... 13% 4.24M 18m3s
#17 181.6 898650K .......... .......... .......... .......... .......... 13% 4.50M 18m3s
#17 181.6 898700K .......... .......... .......... .......... .......... 13% 5.76M 18m3s
#17 181.6 898750K .......... .......... .......... .......... .......... 13% 3.00M 18m3s
#17 181.6 898800K .......... .......... .......... .......... .......... 13% 12.3M 18m3s
#17 181.6 898850K .......... .......... .......... .......... .......... 13% 5.54M 18m3s
#17 181.6 898900K .......... .......... .......... .......... .......... 13% 26.6M 18m3s
#17 181.6 898950K .......... .......... .......... .......... .......... 13% 6.57M 18m3s
#17 181.6 899000K .......... .......... .......... .......... .......... 13% 14.4M 18m3s
#17 181.6 899050K .......... .......... .......... .......... .......... 13% 4.01M 18m3s
#17 181.6 899100K .......... .......... .......... .......... .......... 13% 13.3M 18m3s
#17 181.6 899150K .......... .......... .......... .......... .......... 13% 17.4M 18m3s
#17 181.6 899200K .......... .......... .......... .......... .......... 13% 3.70M 18m3s
#17 181.7 899250K .......... .......... .......... .......... .......... 13% 6.95M 18m3s
#17 181.7 899300K .......... .......... .......... .......... .......... 13% 11.1M 18m3s
#17 181.7 899350K .......... .......... .......... .......... .......... 13% 6.41M 18m3s
#17 181.7 899400K .......... .......... .......... .......... .......... 13% 4.05M 18m3s
#17 181.7 899450K .......... .......... .......... .......... .......... 13% 11.2M 18m3s
#17 181.7 899500K .......... .......... .......... .......... .......... 13% 3.00M 18m3s
#17 181.7 899550K .......... .......... .......... .......... .......... 13% 12.6M 18m3s
#17 181.7 899600K .......... .......... .......... .......... .......... 13% 5.51M 18m3s
#17 181.7 899650K .......... .......... .......... .......... .......... 13% 5.57M 18m3s
#17 181.7 899700K .......... .......... .......... .......... .......... 13% 16.2M 18m3s
#17 181.7 899750K .......... .......... .......... .......... .......... 13% 3.95M 18m3s
#17 181.7 899800K .......... .......... .......... .......... .......... 13% 8.33M 18m3s
#17 181.7 899850K .......... .......... .......... .......... .......... 13% 62.7M 18m2s
#17 181.7 899900K .......... .......... .......... .......... .......... 13% 4.31M 18m2s
#17 181.8 899950K .......... .......... .......... .......... .......... 13% 3.96M 18m2s
#17 181.8 900000K .......... .......... .......... .......... .......... 13% 45.2M 18m2s
#17 181.8 900050K .......... .......... .......... .......... .......... 13% 6.91M 18m2s
#17 181.8 900100K .......... .......... .......... .......... .......... 13% 5.83M 18m2s
#17 181.8 900150K .......... .......... .......... .......... .......... 13% 11.0M 18m2s
#17 181.8 900200K .......... .......... .......... .......... .......... 13% 3.05M 18m2s
#17 181.8 900250K .......... .......... .......... .......... .......... 13% 17.2M 18m2s
#17 181.8 900300K .......... .......... .......... .......... .......... 13% 50.3M 18m2s
#17 181.8 900350K .......... .......... .......... .......... .......... 13% 3.37M 18m2s
#17 181.8 900400K .......... .......... .......... .......... .......... 13% 96.1M 18m2s
#17 181.8 900450K .......... .......... .......... .......... .......... 13%  100M 18m2s
#17 181.8 900500K .......... .......... .......... .......... .......... 13%  114M 18m2s
#17 181.8 900550K .......... .......... .......... .......... .......... 13% 3.61M 18m2s
#17 181.8 900600K .......... .......... .......... .......... .......... 13% 10.6M 18m2s
#17 181.8 900650K .......... .......... .......... .......... .......... 13% 5.67M 18m2s
#17 181.9 900700K .......... .......... .......... .......... .......... 13% 68.0M 18m2s
#17 181.9 900750K .......... .......... .......... .......... .......... 13% 70.5M 18m2s
#17 181.9 900800K .......... .......... .......... .......... .......... 13% 3.54M 18m2s
#17 181.9 900850K .......... .......... .......... .......... .......... 13% 90.5M 18m2s
#17 181.9 900900K .......... .......... .......... .......... .......... 13% 50.3M 18m2s
#17 181.9 900950K .......... .......... .......... .......... .......... 13% 5.07M 18m2s
#17 181.9 901000K .......... .......... .......... .......... .......... 13% 2.26M 18m2s
#17 181.9 901050K .......... .......... .......... .......... .......... 13% 21.8M 18m2s
#17 181.9 901100K .......... .......... .......... .......... .......... 13% 5.55M 18m2s
#17 181.9 901150K .......... .......... .......... .......... .......... 13% 4.94M 18m2s
#17 181.9 901200K .......... .......... .......... .......... .......... 13% 6.47M 18m2s
#17 181.9 901250K .......... .......... .......... .......... .......... 13% 4.02M 18m2s
#17 181.9 901300K .......... .......... .......... .......... .......... 13% 7.28M 18m2s
#17 181.9 901350K .......... .......... .......... .......... .......... 13% 50.2M 18m2s
#17 181.9 901400K .......... .......... .......... .......... .......... 13% 11.6M 18m2s
#17 182.0 901450K .......... .......... .......... .......... .......... 13% 7.19M 18m2s
#17 182.0 901500K .......... .......... .......... .......... .......... 13% 5.29M 18m2s
#17 182.0 901550K .......... .......... .......... .......... .......... 13% 5.64M 18m2s
#17 182.0 901600K .......... .......... .......... .......... .......... 13% 9.28M 18m2s
#17 182.0 901650K .......... .......... .......... .......... .......... 13% 12.7M 18m2s
#17 182.0 901700K .......... .......... .......... .......... .......... 13% 25.8M 18m1s
#17 182.0 901750K .......... .......... .......... .......... .......... 13% 3.87M 18m1s
#17 182.0 901800K .......... .......... .......... .......... .......... 13% 93.6M 18m1s
#17 182.0 901850K .......... .......... .......... .......... .......... 13% 7.11M 18m1s
#17 182.0 901900K .......... .......... .......... .......... .......... 13% 36.8M 18m1s
#17 182.0 901950K .......... .......... .......... .......... .......... 13% 20.3M 18m1s
#17 182.0 902000K .......... .......... .......... .......... .......... 13% 3.81M 18m1s
#17 182.0 902050K .......... .......... .......... .......... .......... 13% 9.62M 18m1s
#17 182.0 902100K .......... .......... .......... .......... .......... 13% 64.2M 18m1s
#17 182.0 902150K .......... .......... .......... .......... .......... 13% 5.81M 18m1s
#17 182.0 902200K .......... .......... .......... .......... .......... 13% 23.2M 18m1s
#17 182.0 902250K .......... .......... .......... .......... .......... 13% 46.5M 18m1s
#17 182.0 902300K .......... .......... .......... .......... .......... 13% 4.88M 18m1s
#17 182.1 902350K .......... .......... .......... .......... .......... 13% 7.91M 18m1s
#17 182.1 902400K .......... .......... .......... .......... .......... 13% 8.64M 18m1s
#17 182.1 902450K .......... .......... .......... .......... .......... 13% 15.3M 18m1s
#17 182.1 902500K .......... .......... .......... .......... .......... 13% 7.95M 18m1s
#17 182.1 902550K .......... .......... .......... .......... .......... 13% 16.4M 18m1s
#17 182.1 902600K .......... .......... .......... .......... .......... 13% 52.3M 18m1s
#17 182.1 902650K .......... .......... .......... .......... .......... 13% 48.3M 18m1s
#17 182.1 902700K .......... .......... .......... .......... .......... 13% 67.6M 18m1s
#17 182.1 902750K .......... .......... .......... .......... .......... 13% 4.31M 18m1s
#17 182.1 902800K .......... .......... .......... .......... .......... 13% 31.1M 18m1s
#17 182.1 902850K .......... .......... .......... .......... .......... 13% 8.90M 18m1s
#17 182.1 902900K .......... .......... .......... .......... .......... 13% 72.4M 18m1s
#17 182.1 902950K .......... .......... .......... .......... .......... 13% 5.59M 18m1s
#17 182.1 903000K .......... .......... .......... .......... .......... 13% 5.27M 18m1s
#17 182.1 903050K .......... .......... .......... .......... .......... 13% 60.2M 18m0s
#17 182.1 903100K .......... .......... .......... .......... .......... 13% 6.23M 18m0s
#17 182.1 903150K .......... .......... .......... .......... .......... 13% 33.9M 18m0s
#17 182.1 903200K .......... .......... .......... .......... .......... 13% 17.6M 18m0s
#17 182.1 903250K .......... .......... .......... .......... .......... 13% 7.59M 18m0s
#17 182.1 903300K .......... .......... .......... .......... .......... 13% 58.0M 18m0s
#17 182.1 903350K .......... .......... .......... .......... .......... 13% 3.80M 18m0s
#17 182.2 903400K .......... .......... .......... .......... .......... 13% 13.4M 18m0s
#17 182.2 903450K .......... .......... .......... .......... .......... 13% 6.70M 18m0s
#17 182.2 903500K .......... .......... .......... .......... .......... 13% 39.9M 18m0s
#17 182.2 903550K .......... .......... .......... .......... .......... 13% 14.7M 18m0s
#17 182.2 903600K .......... .......... .......... .......... .......... 13% 27.8M 18m0s
#17 182.2 903650K .......... .......... .......... .......... .......... 13% 4.53M 18m0s
#17 182.2 903700K .......... .......... .......... .......... .......... 13% 16.9M 18m0s
#17 182.2 903750K .......... .......... .......... .......... .......... 13% 37.6M 18m0s
#17 182.2 903800K .......... .......... .......... .......... .......... 13% 16.4M 18m0s
#17 182.2 903850K .......... .......... .......... .......... .......... 13% 14.0M 18m0s
#17 182.2 903900K .......... .......... .......... .......... .......... 13% 21.0M 18m0s
#17 182.2 903950K .......... .......... .......... .......... .......... 13% 15.8M 18m0s
#17 182.2 904000K .......... .......... .......... .......... .......... 13% 13.7M 18m0s
#17 182.2 904050K .......... .......... .......... .......... .......... 13% 5.26M 18m0s
#17 182.2 904100K .......... .......... .......... .......... .......... 13% 6.16M 18m0s
#17 182.2 904150K .......... .......... .......... .......... .......... 13% 7.58M 18m0s
#17 182.2 904200K .......... .......... .......... .......... .......... 13% 3.80M 18m0s
#17 182.2 904250K .......... .......... .......... .......... .......... 13% 4.71M 18m0s
#17 182.2 904300K .......... .......... .......... .......... .......... 13% 6.31M 18m0s
#17 182.3 904350K .......... .......... .......... .......... .......... 13% 18.0M 18m0s
#17 182.3 904400K .......... .......... .......... .......... .......... 13% 20.3M 17m59s
#17 182.3 904450K .......... .......... .......... .......... .......... 13% 4.12M 17m59s
#17 182.3 904500K .......... .......... .......... .......... .......... 13% 3.19M 18m0s
#17 182.3 904550K .......... .......... .......... .......... .......... 13% 4.93M 18m0s
#17 182.3 904600K .......... .......... .......... .......... .......... 13% 5.86M 18m0s
#17 182.3 904650K .......... .......... .......... .......... .......... 13% 9.93M 17m59s
#17 182.3 904700K .......... .......... .......... .......... .......... 13% 3.30M 17m59s
#17 182.3 904750K .......... .......... .......... .......... .......... 13% 35.5M 17m59s
#17 182.3 904800K .......... .......... .......... .......... .......... 13% 8.41M 17m59s
#17 182.3 904850K .......... .......... .......... .......... .......... 13% 2.29M 17m59s
#17 182.4 904900K .......... .......... .......... .......... .......... 13% 2.51M 18m0s
#17 182.4 904950K .......... .......... .......... .......... .......... 13% 3.51M 18m0s
#17 182.4 905000K .......... .......... .......... .......... .......... 13% 38.9M 17m59s
#17 182.4 905050K .......... .......... .......... .......... .......... 13% 15.9M 17m59s
#17 182.4 905100K .......... .......... .......... .......... .......... 13% 37.8M 17m59s
#17 182.4 905150K .......... .......... .......... .......... .......... 13% 3.99M 17m59s
#17 182.4 905200K .......... .......... .......... .......... .......... 13% 5.00M 17m59s
#17 182.4 905250K .......... .......... .......... .......... .......... 13% 58.4M 17m59s
#17 182.4 905300K .......... .......... .......... .......... .......... 13% 11.9M 17m59s
#17 182.4 905350K .......... .......... .......... .......... .......... 13% 4.67M 17m59s
#17 182.4 905400K .......... .......... .......... .......... .......... 13% 9.11M 17m59s
#17 182.4 905450K .......... .......... .......... .......... .......... 13% 69.7M 17m59s
#17 182.4 905500K .......... .......... .......... .......... .......... 13% 59.3M 17m59s
#17 182.4 905550K .......... .......... .......... .......... .......... 13% 6.88M 17m59s
#17 182.4 905600K .......... .......... .......... .......... .......... 13% 3.93M 17m59s
#17 182.5 905650K .......... .......... .......... .......... .......... 13% 2.45M 17m59s
#17 182.5 905700K .......... .......... .......... .......... .......... 13% 11.4M 17m59s
#17 182.5 905750K .......... .......... .......... .......... .......... 13% 44.0M 17m59s
#17 182.5 905800K .......... .......... .......... .......... .......... 13% 11.7M 17m59s
#17 182.5 905850K .......... .......... .......... .......... .......... 13% 5.41M 17m59s
#17 182.5 905900K .......... .......... .......... .......... .......... 13% 25.7M 17m59s
#17 182.5 905950K .......... .......... .......... .......... .......... 13% 2.73M 17m59s
#17 182.5 906000K .......... .......... .......... .......... .......... 13% 91.1M 17m59s
#17 182.5 906050K .......... .......... .......... .......... .......... 13% 62.7M 17m59s
#17 182.5 906100K .......... .......... .......... .......... .......... 13% 3.36M 17m59s
#17 182.5 906150K .......... .......... .......... .......... .......... 13% 3.66M 17m59s
#17 182.5 906200K .......... .......... .......... .......... .......... 13% 48.3M 17m59s
#17 182.5 906250K .......... .......... .......... .......... .......... 13% 2.55M 17m59s
#17 182.6 906300K .......... .......... .......... .......... .......... 13% 10.7M 17m59s
#17 182.6 906350K .......... .......... .......... .......... .......... 13% 54.1M 17m59s
#17 182.6 906400K .......... .......... .......... .......... .......... 13% 74.3M 17m59s
#17 182.6 906450K .......... .......... .......... .......... .......... 13% 57.5M 17m59s
#17 182.6 906500K .......... .......... .......... .......... .......... 13% 4.07M 17m59s
#17 182.6 906550K .......... .......... .......... .......... .......... 13% 3.56M 17m59s
#17 182.6 906600K .......... .......... .......... .......... .......... 13% 4.28M 17m59s
#17 182.6 906650K .......... .......... .......... .......... .......... 13% 11.0M 17m59s
#17 182.6 906700K .......... .......... .......... .......... .......... 13% 5.67M 17m59s
#17 182.6 906750K .......... .......... .......... .......... .......... 13% 6.01M 17m59s
#17 182.6 906800K .......... .......... .......... .......... .......... 13% 4.58M 17m59s
#17 182.6 906850K .......... .......... .......... .......... .......... 13% 8.96M 17m59s
#17 182.6 906900K .......... .......... .......... .......... .......... 13% 22.7M 17m59s
#17 182.6 906950K .......... .......... .......... .......... .......... 13% 3.68M 17m59s
#17 182.7 907000K .......... .......... .......... .......... .......... 13% 2.81M 17m59s
#17 182.7 907050K .......... .......... .......... .......... .......... 13% 3.66M 17m59s
#17 182.7 907100K .......... .......... .......... .......... .......... 13% 26.8M 17m59s
#17 182.7 907150K .......... .......... .......... .......... .......... 13% 27.5M 17m59s
#17 182.7 907200K .......... .......... .......... .......... .......... 13% 54.4M 17m58s
#17 182.7 907250K .......... .......... .......... .......... .......... 13% 16.4M 17m58s
#17 182.7 907300K .......... .......... .......... .......... .......... 13% 3.45M 17m58s
#17 182.7 907350K .......... .......... .......... .......... .......... 13% 14.2M 17m58s
#17 182.7 907400K .......... .......... .......... .......... .......... 13% 4.24M 17m58s
#17 182.7 907450K .......... .......... .......... .......... .......... 13% 4.70M 17m58s
#17 182.7 907500K .......... .......... .......... .......... .......... 13% 31.5M 17m58s
#17 182.7 907550K .......... .......... .......... .......... .......... 13% 11.3M 17m58s
#17 182.7 907600K .......... .......... .......... .......... .......... 13% 18.2M 17m58s
#17 182.7 907650K .......... .......... .......... .......... .......... 13% 48.4M 17m58s
#17 182.7 907700K .......... .......... .......... .......... .......... 13% 2.54M 17m58s
#17 182.8 907750K .......... .......... .......... .......... .......... 13% 2.22M 17m58s
#17 182.8 907800K .......... .......... .......... .......... .......... 13% 3.29M 17m58s
#17 182.8 907850K .......... .......... .......... .......... .......... 13% 15.2M 17m58s
#17 182.8 907900K .......... .......... .......... .......... .......... 13% 4.24M 17m58s
#17 182.8 907950K .......... .......... .......... .......... .......... 13% 3.39M 17m58s
#17 182.8 908000K .......... .......... .......... .......... .......... 13% 5.45M 17m58s
#17 182.8 908050K .......... .......... .......... .......... .......... 13% 13.6M 17m58s
#17 182.8 908100K .......... .......... .......... .......... .......... 13% 5.97M 17m58s
#17 182.9 908150K .......... .......... .......... .......... .......... 13% 12.7M 17m58s
#17 182.9 908200K .......... .......... .......... .......... .......... 13% 33.0M 17m58s
#17 182.9 908250K .......... .......... .......... .......... .......... 13% 21.1M 17m58s
#17 182.9 908300K .......... .......... .......... .......... .......... 13% 10.3M 17m58s
#17 182.9 908350K .......... .......... .......... .......... .......... 13% 6.78M 17m58s
#17 182.9 908400K .......... .......... .......... .......... .......... 13% 4.11M 17m58s
#17 182.9 908450K .......... .......... .......... .......... .......... 13% 5.73M 17m58s
#17 182.9 908500K .......... .......... .......... .......... .......... 13% 67.3M 17m58s
#17 182.9 908550K .......... .......... .......... .......... .......... 13% 15.5M 17m58s
#17 182.9 908600K .......... .......... .......... .......... .......... 13% 3.56M 17m58s
#17 182.9 908650K .......... .......... .......... .......... .......... 13% 82.6M 17m58s
#17 182.9 908700K .......... .......... .......... .......... .......... 13%  101M 17m58s
#17 182.9 908750K .......... .......... .......... .......... .......... 13% 95.6M 17m58s
#17 182.9 908800K .......... .......... .......... .......... .......... 13% 4.32M 17m58s
#17 182.9 908850K .......... .......... .......... .......... .......... 13% 20.8M 17m58s
#17 182.9 908900K .......... .......... .......... .......... .......... 13% 7.75M 17m58s
#17 182.9 908950K .......... .......... .......... .......... .......... 13% 5.03M 17m58s
#17 182.9 909000K .......... .......... .......... .......... .......... 13% 10.3M 17m58s
#17 182.9 909050K .......... .......... .......... .......... .......... 13% 67.0M 17m58s
#17 182.9 909100K .......... .......... .......... .......... .......... 13% 10.5M 17m58s
#17 183.0 909150K .......... .......... .......... .......... .......... 13% 7.09M 17m57s
#17 183.0 909200K .......... .......... .......... .......... .......... 13% 15.9M 17m57s
#17 183.0 909250K .......... .......... .......... .......... .......... 13% 25.3M 17m57s
#17 183.0 909300K .......... .......... .......... .......... .......... 13% 6.84M 17m57s
#17 183.0 909350K .......... .......... .......... .......... .......... 13% 24.9M 17m57s
#17 183.0 909400K .......... .......... .......... .......... .......... 13% 5.56M 17m57s
#17 183.0 909450K .......... .......... .......... .......... .......... 13% 35.5M 17m57s
#17 183.0 909500K .......... .......... .......... .......... .......... 13% 8.67M 17m57s
#17 183.0 909550K .......... .......... .......... .......... .......... 13% 7.49M 17m57s
#17 183.0 909600K .......... .......... .......... .......... .......... 13% 18.6M 17m57s
#17 183.0 909650K .......... .......... .......... .......... .......... 13% 99.4M 17m57s
#17 183.0 909700K .......... .......... .......... .......... .......... 13% 10.9M 17m57s
#17 183.0 909750K .......... .......... .......... .......... .......... 13% 10.4M 17m57s
#17 183.0 909800K .......... .......... .......... .......... .......... 13% 5.43M 17m57s
#17 183.0 909850K .......... .......... .......... .......... .......... 13% 4.87M 17m57s
#17 183.0 909900K .......... .......... .......... .......... .......... 13% 15.4M 17m57s
#17 183.0 909950K .......... .......... .......... .......... .......... 13% 6.74M 17m57s
#17 183.0 910000K .......... .......... .......... .......... .......... 13% 4.83M 17m57s
#17 183.0 910050K .......... .......... .......... .......... .......... 13% 4.58M 17m57s
#17 183.1 910100K .......... .......... .......... .......... .......... 13% 26.9M 17m57s
#17 183.1 910150K .......... .......... .......... .......... .......... 13% 5.20M 17m57s
#17 183.1 910200K .......... .......... .......... .......... .......... 13% 5.00M 17m57s
#17 183.1 910250K .......... .......... .......... .......... .......... 13% 3.23M 17m57s
#17 183.1 910300K .......... .......... .......... .......... .......... 13% 16.6M 17m57s
#17 183.1 910350K .......... .......... .......... .......... .......... 13% 5.06M 17m57s
#17 183.1 910400K .......... .......... .......... .......... .......... 13% 2.96M 17m57s
#17 183.1 910450K .......... .......... .......... .......... .......... 13% 3.39M 17m57s
#17 183.1 910500K .......... .......... .......... .......... .......... 13% 20.7M 17m57s
#17 183.1 910550K .......... .......... .......... .......... .......... 13% 3.95M 17m57s
#17 183.2 910600K .......... .......... .......... .......... .......... 13% 18.3M 17m57s
#17 183.2 910650K .......... .......... .......... .......... .......... 13% 45.9M 17m57s
#17 183.2 910700K .......... .......... .......... .......... .......... 13% 7.12M 17m57s
#17 183.2 910750K .......... .......... .......... .......... .......... 13% 5.91M 17m57s
#17 183.2 910800K .......... .......... .......... .......... .......... 13% 1.52M 17m57s
#17 183.2 910850K .......... .......... .......... .......... .......... 13% 1.95M 17m57s
#17 183.2 910900K .......... .......... .......... .......... .......... 13% 33.1M 17m57s
#17 183.2 910950K .......... .......... .......... .......... .......... 13% 60.1M 17m57s
#17 183.2 911000K .......... .......... .......... .......... .......... 13% 3.13M 17m57s
#17 183.2 911050K .......... .......... .......... .......... .......... 13% 7.82M 17m57s
#17 183.3 911100K .......... .......... .......... .......... .......... 13% 4.60M 17m57s
#17 183.3 911150K .......... .......... .......... .......... .......... 13% 9.14M 17m57s
#17 183.3 911200K .......... .......... .......... .......... .......... 13% 8.98M 17m57s
#17 183.3 911250K .......... .......... .......... .......... .......... 13% 4.70M 17m57s
#17 183.3 911300K .......... .......... .......... .......... .......... 13% 18.1M 17m57s
#17 183.3 911350K .......... .......... .......... .......... .......... 13% 8.23M 17m57s
#17 183.3 911400K .......... .......... .......... .......... .......... 13% 3.86M 17m57s
#17 183.3 911450K .......... .......... .......... .......... .......... 13% 4.14M 17m57s
#17 183.3 911500K .......... .......... .......... .......... .......... 13% 12.8M 17m57s
#17 183.3 911550K .......... .......... .......... .......... .......... 13% 3.08M 17m57s
#17 183.3 911600K .......... .......... .......... .......... .......... 13% 7.05M 17m57s
#17 183.3 911650K .......... .......... .......... .......... .......... 13% 5.19M 17m57s
#17 183.4 911700K .......... .......... .......... .......... .......... 13% 8.31M 17m57s
#17 183.4 911750K .......... .......... .......... .......... .......... 13% 1.85M 17m57s
#17 183.4 911800K .......... .......... .......... .......... .......... 13% 41.3M 17m57s
#17 183.4 911850K .......... .......... .......... .......... .......... 13% 5.79M 17m57s
#17 183.4 911900K .......... .......... .......... .......... .......... 13% 12.1M 17m57s
#17 183.4 911950K .......... .......... .......... .......... .......... 13% 4.86M 17m57s
#17 183.4 912000K .......... .......... .......... .......... .......... 13% 38.2M 17m57s
#17 183.4 912050K .......... .......... .......... .......... .......... 13% 62.2M 17m56s
#17 183.4 912100K .......... .......... .......... .......... .......... 13% 3.37M 17m56s
#17 183.4 912150K .......... .......... .......... .......... .......... 13% 18.6M 17m56s
#17 183.4 912200K .......... .......... .......... .......... .......... 13% 5.50M 17m56s
#17 183.4 912250K .......... .......... .......... .......... .......... 13% 9.83M 17m56s
#17 183.4 912300K .......... .......... .......... .......... .......... 13% 27.8M 17m56s
#17 183.4 912350K .......... .......... .......... .......... .......... 13% 6.28M 17m56s
#17 183.5 912400K .......... .......... .......... .......... .......... 13% 2.34M 17m56s
#17 183.5 912450K .......... .......... .......... .......... .......... 13% 38.6M 17m56s
#17 183.5 912500K .......... .......... .......... .......... .......... 13% 62.2M 17m56s
#17 183.5 912550K .......... .......... .......... .......... .......... 13%  103M 17m56s
#17 183.5 912600K .......... .......... .......... .......... .......... 13% 9.06M 17m56s
#17 183.5 912650K .......... .......... .......... .......... .......... 13% 5.61M 17m56s
#17 183.5 912700K .......... .......... .......... .......... .......... 13% 3.11M 17m56s
#17 183.5 912750K .......... .......... .......... .......... .......... 13% 22.2M 17m56s
#17 183.5 912800K .......... .......... .......... .......... .......... 13% 29.6M 17m56s
#17 183.5 912850K .......... .......... .......... .......... .......... 13% 83.5M 17m56s
#17 183.5 912900K .......... .......... .......... .......... .......... 13% 6.78M 17m56s
#17 183.5 912950K .......... .......... .......... .......... .......... 13% 63.6M 17m56s
#17 183.5 913000K .......... .......... .......... .......... .......... 13% 4.67M 17m56s
#17 183.5 913050K .......... .......... .......... .......... .......... 13% 5.62M 17m56s
#17 183.5 913100K .......... .......... .......... .......... .......... 13% 59.7M 17m56s
#17 183.5 913150K .......... .......... .......... .......... .......... 13% 4.48M 17m56s
#17 183.5 913200K .......... .......... .......... .......... .......... 13% 11.0M 17m56s
#17 183.6 913250K .......... .......... .......... .......... .......... 13% 2.66M 17m56s
#17 183.6 913300K .......... .......... .......... .......... .......... 13% 67.9M 17m56s
#17 183.6 913350K .......... .......... .......... .......... .......... 13% 1.67M 17m56s
#17 183.6 913400K .......... .......... .......... .......... .......... 13% 12.8M 17m56s
#17 183.6 913450K .......... .......... .......... .......... .......... 13% 5.83M 17m56s
#17 183.6 913500K .......... .......... .......... .......... .......... 13% 9.58M 17m56s
#17 183.6 913550K .......... .......... .......... .......... .......... 13% 5.23M 17m56s
#17 183.6 913600K .......... .......... .......... .......... .......... 13% 3.16M 17m56s
#17 183.6 913650K .......... .......... .......... .......... .......... 13% 13.7M 17m56s
#17 183.6 913700K .......... .......... .......... .......... .......... 13% 8.22M 17m56s
#17 183.7 913750K .......... .......... .......... .......... .......... 13% 7.45M 17m56s
#17 183.7 913800K .......... .......... .......... .......... .......... 13% 11.7M 17m56s
#17 183.7 913850K .......... .......... .......... .......... .......... 13% 65.7M 17m56s
#17 183.7 913900K .......... .......... .......... .......... .......... 13% 4.09M 17m56s
#17 183.7 913950K .......... .......... .......... .......... .......... 13% 4.62M 17m56s
#17 183.7 914000K .......... .......... .......... .......... .......... 13% 42.7M 17m56s
#17 183.7 914050K .......... .......... .......... .......... .......... 13% 5.49M 17m56s
#17 183.7 914100K .......... .......... .......... .......... .......... 13% 17.9M 17m55s
#17 183.7 914150K .......... .......... .......... .......... .......... 13% 10.9M 17m55s
#17 183.7 914200K .......... .......... .......... .......... .......... 13% 31.8M 17m55s
#17 183.7 914250K .......... .......... .......... .......... .......... 13% 7.49M 17m55s
#17 183.7 914300K .......... .......... .......... .......... .......... 13% 5.72M 17m55s
#17 183.7 914350K .......... .......... .......... .......... .......... 13% 6.35M 17m55s
#17 183.7 914400K .......... .......... .......... .......... .......... 13% 3.60M 17m55s
#17 183.7 914450K .......... .......... .......... .......... .......... 13% 52.5M 17m55s
#17 183.7 914500K .......... .......... .......... .......... .......... 13% 4.49M 17m55s
#17 183.8 914550K .......... .......... .......... .......... .......... 13% 4.71M 17m55s
#17 183.8 914600K .......... .......... .......... .......... .......... 13% 50.0M 17m55s
#17 183.8 914650K .......... .......... .......... .......... .......... 13% 4.75M 17m55s
#17 183.8 914700K .......... .......... .......... .......... .......... 13% 10.2M 17m55s
#17 183.8 914750K .......... .......... .......... .......... .......... 13% 9.41M 17m55s
#17 183.8 914800K .......... .......... .......... .......... .......... 13% 4.81M 17m55s
#17 183.8 914850K .......... .......... .......... .......... .......... 13% 5.27M 17m55s
#17 183.8 914900K .......... .......... .......... .......... .......... 13% 9.57M 17m55s
#17 183.8 914950K .......... .......... .......... .......... .......... 13% 5.95M 17m55s
#17 183.8 915000K .......... .......... .......... .......... .......... 13% 8.03M 17m55s
#17 183.8 915050K .......... .......... .......... .......... .......... 13% 4.10M 17m55s
#17 183.8 915100K .......... .......... .......... .......... .......... 13% 45.6M 17m55s
#17 183.8 915150K .......... .......... .......... .......... .......... 13% 5.46M 17m55s
#17 183.8 915200K .......... .......... .......... .......... .......... 13% 19.5M 17m55s
#17 183.8 915250K .......... .......... .......... .......... .......... 13% 7.99M 17m55s
#17 183.9 915300K .......... .......... .......... .......... .......... 13% 10.0M 17m55s
#17 183.9 915350K .......... .......... .......... .......... .......... 13% 2.41M 17m55s
#17 183.9 915400K .......... .......... .......... .......... .......... 13% 71.6M 17m55s
#17 183.9 915450K .......... .......... .......... .......... .......... 13% 13.6M 17m55s
#17 183.9 915500K .......... .......... .......... .......... .......... 13% 11.5M 17m55s
#17 183.9 915550K .......... .......... .......... .......... .......... 13% 5.58M 17m55s
#17 183.9 915600K .......... .......... .......... .......... .......... 13% 43.0M 17m55s
#17 183.9 915650K .......... .......... .......... .......... .......... 13% 7.04M 17m55s
#17 183.9 915700K .......... .......... .......... .......... .......... 13% 4.47M 17m55s
#17 183.9 915750K .......... .......... .......... .......... .......... 13% 5.56M 17m55s
#17 183.9 915800K .......... .......... .......... .......... .......... 13% 3.93M 17m55s
#17 183.9 915850K .......... .......... .......... .......... .......... 13% 5.67M 17m55s
#17 183.9 915900K .......... .......... .......... .......... .......... 13% 4.49M 17m55s
#17 184.0 915950K .......... .......... .......... .......... .......... 13% 8.31M 17m55s
#17 184.0 916000K .......... .......... .......... .......... .......... 13% 1.62M 17m55s
#17 184.0 916050K .......... .......... .......... .......... .......... 13% 15.3M 17m55s
#17 184.0 916100K .......... .......... .......... .......... .......... 13% 35.8M 17m55s
#17 184.0 916150K .......... .......... .......... .......... .......... 13% 81.4M 17m55s
#17 184.0 916200K .......... .......... .......... .......... .......... 13% 3.96M 17m55s
#17 184.0 916250K .......... .......... .......... .......... .......... 13% 5.33M 17m55s
#17 184.0 916300K .......... .......... .......... .......... .......... 13% 36.9M 17m55s
#17 184.0 916350K .......... .......... .......... .......... .......... 13% 9.19M 17m55s
#17 184.0 916400K .......... .......... .......... .......... .......... 13% 9.23M 17m54s
#17 184.0 916450K .......... .......... .......... .......... .......... 13% 4.04M 17m55s
#17 184.0 916500K .......... .......... .......... .......... .......... 13% 11.7M 17m54s
#17 184.0 916550K .......... .......... .......... .......... .......... 13% 8.27M 17m54s
#17 184.1 916600K .......... .......... .......... .......... .......... 13% 7.94M 17m54s
#17 184.1 916650K .......... .......... .......... .......... .......... 13% 5.69M 17m54s
#17 184.1 916700K .......... .......... .......... .......... .......... 13% 17.0M 17m54s
#17 184.1 916750K .......... .......... .......... .......... .......... 13% 42.7M 17m54s
#17 184.1 916800K .......... .......... .......... .......... .......... 13% 23.6M 17m54s
#17 184.1 916850K .......... .......... .......... .......... .......... 13% 5.54M 17m54s
#17 184.1 916900K .......... .......... .......... .......... .......... 13% 43.8M 17m54s
#17 184.1 916950K .......... .......... .......... .......... .......... 13% 2.72M 17m54s
#17 184.1 917000K .......... .......... .......... .......... .......... 13% 79.2M 17m54s
#17 184.1 917050K .......... .......... .......... .......... .......... 13%  128M 17m54s
#17 184.1 917100K .......... .......... .......... .......... .......... 13% 5.40M 17m54s
#17 184.1 917150K .......... .......... .......... .......... .......... 13% 75.3M 17m54s
#17 184.1 917200K .......... .......... .......... .......... .......... 13% 7.43M 17m54s
#17 184.1 917250K .......... .......... .......... .......... .......... 13% 5.87M 17m54s
#17 184.1 917300K .......... .......... .......... .......... .......... 13% 17.5M 17m54s
#17 184.1 917350K .......... .......... .......... .......... .......... 13% 4.25M 17m54s
#17 184.1 917400K .......... .......... .......... .......... .......... 13% 16.4M 17m54s
#17 184.1 917450K .......... .......... .......... .......... .......... 13% 12.1M 17m54s
#17 184.1 917500K .......... .......... .......... .......... .......... 13% 4.74M 17m54s
#17 184.2 917550K .......... .......... .......... .......... .......... 13% 5.39M 17m54s
#17 184.2 917600K .......... .......... .......... .......... .......... 13% 7.11M 17m54s
#17 184.2 917650K .......... .......... .......... .......... .......... 13% 3.57M 17m54s
#17 184.2 917700K .......... .......... .......... .......... .......... 13% 49.7M 17m54s
#17 184.2 917750K .......... .......... .......... .......... .......... 13% 13.5M 17m54s
#17 184.2 917800K .......... .......... .......... .......... .......... 13% 4.96M 17m54s
#17 184.2 917850K .......... .......... .......... .......... .......... 13% 5.42M 17m54s
#17 184.2 917900K .......... .......... .......... .......... .......... 13% 6.38M 17m54s
#17 184.2 917950K .......... .......... .......... .......... .......... 13% 2.78M 17m54s
#17 184.2 918000K .......... .......... .......... .......... .......... 13% 5.90M 17m54s
#17 184.2 918050K .......... .......... .......... .......... .......... 13% 66.9M 17m54s
#17 184.2 918100K .......... .......... .......... .......... .......... 13% 73.6M 17m54s
#17 184.2 918150K .......... .......... .......... .......... .......... 13% 6.91M 17m54s
#17 184.3 918200K .......... .......... .......... .......... .......... 13% 5.74M 17m54s
#17 184.3 918250K .......... .......... .......... .......... .......... 13% 19.2M 17m53s
#17 184.3 918300K .......... .......... .......... .......... .......... 13% 69.9M 17m53s
#17 184.3 918350K .......... .......... .......... .......... .......... 13% 4.40M 17m53s
#17 184.3 918400K .......... .......... .......... .......... .......... 13% 71.2M 17m53s
#17 184.3 918450K .......... .......... .......... .......... .......... 13%  113M 17m53s
#17 184.3 918500K .......... .......... .......... .......... .......... 13% 4.93M 17m53s
#17 184.3 918550K .......... .......... .......... .......... .......... 13% 23.7M 17m53s
#17 184.3 918600K .......... .......... .......... .......... .......... 13% 2.95M 17m53s
#17 184.3 918650K .......... .......... .......... .......... .......... 13% 9.14M 17m53s
#17 184.3 918700K .......... .......... .......... .......... .......... 13% 7.07M 17m53s
#17 184.3 918750K .......... .......... .......... .......... .......... 13% 37.5M 17m53s
#17 184.3 918800K .......... .......... .......... .......... .......... 13% 38.3M 17m53s
#17 184.3 918850K .......... .......... .......... .......... .......... 13% 37.1M 17m53s
#17 184.3 918900K .......... .......... .......... .......... .......... 13% 17.7M 17m53s
#17 184.3 918950K .......... .......... .......... .......... .......... 13% 3.58M 17m53s
#17 184.3 919000K .......... .......... .......... .......... .......... 13% 42.8M 17m53s
#17 184.3 919050K .......... .......... .......... .......... .......... 13% 2.96M 17m53s
#17 184.4 919100K .......... .......... .......... .......... .......... 13% 33.0M 17m53s
#17 184.4 919150K .......... .......... .......... .......... .......... 13% 23.9M 17m53s
#17 184.4 919200K .......... .......... .......... .......... .......... 13% 4.69M 17m53s
#17 184.4 919250K .......... .......... .......... .......... .......... 13% 5.83M 17m53s
#17 184.4 919300K .......... .......... .......... .......... .......... 13% 1.80M 17m53s
#17 184.4 919350K .......... .......... .......... .......... .......... 13% 12.0M 17m53s
#17 184.4 919400K .......... .......... .......... .......... .......... 13% 2.40M 17m53s
#17 184.4 919450K .......... .......... .......... .......... .......... 13% 3.55M 17m53s
#17 184.4 919500K .......... .......... .......... .......... .......... 13% 6.67M 17m53s
#17 184.4 919550K .......... .......... .......... .......... .......... 13% 7.83M 17m53s
#17 184.5 919600K .......... .......... .......... .......... .......... 13% 5.39M 17m53s
#17 184.5 919650K .......... .......... .......... .......... .......... 13% 3.29M 17m53s
#17 184.5 919700K .......... .......... .......... .......... .......... 13% 11.0M 17m53s
#17 184.5 919750K .......... .......... .......... .......... .......... 13% 1.65M 17m53s
#17 184.5 919800K .......... .......... .......... .......... .......... 13% 3.72M 17m53s
#17 184.5 919850K .......... .......... .......... .......... .......... 13%  100M 17m53s
#17 184.5 919900K .......... .......... .......... .......... .......... 13%  103M 17m53s
#17 184.5 919950K .......... .......... .......... .......... .......... 13% 8.42M 17m53s
#17 184.5 920000K .......... .......... .......... .......... .......... 13% 38.4M 17m53s
#17 184.5 920050K .......... .......... .......... .......... .......... 13% 2.79M 17m53s
#17 184.6 920100K .......... .......... .......... .......... .......... 13% 89.4M 17m53s
#17 184.6 920150K .......... .......... .......... .......... .......... 13% 7.86M 17m53s
#17 184.6 920200K .......... .......... .......... .......... .......... 13% 10.2M 17m53s
#17 184.6 920250K .......... .......... .......... .......... .......... 13% 3.56M 17m53s
#17 184.6 920300K .......... .......... .......... .......... .......... 13% 3.98M 17m53s
#17 184.6 920350K .......... .......... .......... .......... .......... 13% 3.56M 17m53s
#17 184.6 920400K .......... .......... .......... .......... .......... 13% 2.34M 17m53s
#17 184.6 920450K .......... .......... .......... .......... .......... 13% 2.68M 17m53s
#17 184.6 920500K .......... .......... .......... .......... .......... 13% 6.96M 17m53s
#17 184.7 920550K .......... .......... .......... .......... .......... 13% 3.68M 17m53s
#17 184.7 920600K .......... .......... .......... .......... .......... 13% 9.11M 17m53s
#17 184.7 920650K .......... .......... .......... .......... .......... 13% 50.7M 17m53s
#17 184.7 920700K .......... .......... .......... .......... .......... 13% 7.01M 17m53s
#17 184.7 920750K .......... .......... .......... .......... .......... 13% 3.84M 17m53s
#17 184.7 920800K .......... .......... .......... .......... .......... 13% 1.74M 17m53s
#17 184.7 920850K .......... .......... .......... .......... .......... 13% 4.65M 17m53s
#17 184.7 920900K .......... .......... .......... .......... .......... 13% 46.7M 17m53s
#17 184.7 920950K .......... .......... .......... .......... .......... 13% 3.78M 17m53s
#17 184.7 921000K .......... .......... .......... .......... .......... 13% 5.55M 17m53s
#17 184.8 921050K .......... .......... .......... .......... .......... 13% 6.82M 17m53s
#17 184.8 921100K .......... .......... .......... .......... .......... 13% 7.41M 17m53s
#17 184.8 921150K .......... .......... .......... .......... .......... 13% 4.11M 17m53s
#17 184.8 921200K .......... .......... .......... .......... .......... 13% 3.16M 17m53s
#17 184.8 921250K .......... .......... .......... .......... .......... 13% 3.95M 17m53s
#17 184.8 921300K .......... .......... .......... .......... .......... 13% 5.79M 17m53s
#17 184.8 921350K .......... .......... .......... .......... .......... 13% 54.2M 17m53s
#17 184.8 921400K .......... .......... .......... .......... .......... 13% 33.2M 17m53s
#17 184.8 921450K .......... .......... .......... .......... .......... 13% 2.99M 17m53s
#17 184.8 921500K .......... .......... .......... .......... .......... 13% 3.74M 17m53s
#17 184.8 921550K .......... .......... .......... .......... .......... 13% 7.81M 17m53s
#17 184.9 921600K .......... .......... .......... .......... .......... 13% 6.70M 17m53s
#17 184.9 921650K .......... .......... .......... .......... .......... 13% 4.71M 17m53s
#17 184.9 921700K .......... .......... .......... .......... .......... 13% 7.43M 17m53s
#17 184.9 921750K .......... .......... .......... .......... .......... 13% 4.38M 17m53s
#17 184.9 921800K .......... .......... .......... .......... .......... 13% 8.30M 17m53s
#17 184.9 921850K .......... .......... .......... .......... .......... 13% 25.7M 17m53s
#17 184.9 921900K .......... .......... .......... .......... .......... 13% 1.65M 17m53s
#17 184.9 921950K .......... .......... .......... .......... .......... 13% 41.8M 17m53s
#17 184.9 922000K .......... .......... .......... .......... .......... 13% 13.6M 17m53s
#17 184.9 922050K .......... .......... .......... .......... .......... 13% 7.37M 17m53s
#17 184.9 922100K .......... .......... .......... .......... .......... 13% 9.01M 17m53s
#17 184.9 922150K .......... .......... .......... .......... .......... 13% 42.7M 17m53s
#17 184.9 922200K .......... .......... .......... .......... .......... 13% 6.37M 17m53s
#17 184.9 922250K .......... .......... .......... .......... .......... 13% 12.9M 17m52s
#17 185.0 922300K .......... .......... .......... .......... .......... 13% 3.91M 17m52s
#17 185.0 922350K .......... .......... .......... .......... .......... 13% 15.3M 17m52s
#17 185.0 922400K .......... .......... .......... .......... .......... 13% 52.3M 17m52s
#17 185.0 922450K .......... .......... .......... .......... .......... 13% 47.8M 17m52s
#17 185.0 922500K .......... .......... .......... .......... .......... 13% 7.75M 17m52s
#17 185.0 922550K .......... .......... .......... .......... .......... 13% 39.6M 17m52s
#17 185.0 922600K .......... .......... .......... .......... .......... 13% 7.37M 17m52s
#17 185.0 922650K .......... .......... .......... .......... .......... 13% 6.62M 17m52s
#17 185.0 922700K .......... .......... .......... .......... .......... 13% 5.37M 17m52s
#17 185.0 922750K .......... .......... .......... .......... .......... 13% 3.76M 17m52s
#17 185.0 922800K .......... .......... .......... .......... .......... 13% 3.75M 17m52s
#17 185.0 922850K .......... .......... .......... .......... .......... 13% 3.80M 17m52s
#17 185.0 922900K .......... .......... .......... .......... .......... 13% 2.82M 17m52s
#17 185.1 922950K .......... .......... .......... .......... .......... 13% 5.09M 17m52s
#17 185.1 923000K .......... .......... .......... .......... .......... 13% 3.89M 17m52s
#17 185.1 923050K .......... .......... .......... .......... .......... 13% 5.51M 17m52s
#17 185.1 923100K .......... .......... .......... .......... .......... 13% 2.77M 17m52s
#17 185.1 923150K .......... .......... .......... .......... .......... 13% 3.36M 17m52s
#17 185.1 923200K .......... .......... .......... .......... .......... 13% 3.62M 17m52s
#17 185.1 923250K .......... .......... .......... .......... .......... 13% 4.18M 17m52s
#17 185.1 923300K .......... .......... .......... .......... .......... 13% 3.31M 17m52s
#17 185.2 923350K .......... .......... .......... .......... .......... 13% 4.54M 17m52s
#17 185.2 923400K .......... .......... .......... .......... .......... 13% 5.39M 17m52s
#17 185.2 923450K .......... .......... .......... .......... .......... 13% 6.96M 17m52s
#17 185.2 923500K .......... .......... .......... .......... .......... 13% 4.08M 17m52s
#17 185.2 923550K .......... .......... .......... .......... .......... 13% 5.03M 17m52s
#17 185.2 923600K .......... .......... .......... .......... .......... 13% 7.62M 17m52s
#17 185.2 923650K .......... .......... .......... .......... .......... 13% 2.56M 17m52s
#17 185.2 923700K .......... .......... .......... .......... .......... 13%  738K 17m53s
#17 185.3 923750K .......... .......... .......... .......... .......... 13%  812K 17m53s
#17 185.4 923800K .......... .......... .......... .......... .......... 13% 6.87M 17m53s
#17 185.4 923850K .......... .......... .......... .......... .......... 13% 1.61M 17m53s
#17 185.4 923900K .......... .......... .......... .......... .......... 13% 1.25M 17m53s
#17 185.5 923950K .......... .......... .......... .......... .......... 13% 3.06M 17m53s
#17 185.5 924000K .......... .......... .......... .......... .......... 13% 58.2M 17m53s
#17 185.5 924050K .......... .......... .......... .......... .......... 13% 55.5M 17m53s
#17 185.5 924100K .......... .......... .......... .......... .......... 13% 53.9M 17m53s
#17 185.5 924150K .......... .......... .......... .......... .......... 13% 46.7M 17m53s
#17 185.5 924200K .......... .......... .......... .......... .......... 13% 30.5M 17m53s
#17 185.5 924250K .......... .......... .......... .......... .......... 13% 3.72M 17m53s
#17 185.5 924300K .......... .......... .......... .......... .......... 13% 5.07M 17m53s
#17 185.5 924350K .......... .......... .......... .......... .......... 13% 5.76M 17m53s
#17 185.5 924400K .......... .......... .......... .......... .......... 13% 4.57M 17m53s
#17 185.5 924450K .......... .......... .......... .......... .......... 13% 3.73M 17m53s
#17 185.5 924500K .......... .......... .......... .......... .......... 13% 16.8M 17m53s
#17 185.5 924550K .......... .......... .......... .......... .......... 13% 1.11M 17m53s
#17 185.6 924600K .......... .......... .......... .......... .......... 13%  183K 17m55s
#17 185.8 924650K .......... .......... .......... .......... .......... 13%  511K 17m55s
#17 185.9 924700K .......... .......... .......... .......... .......... 13% 3.64M 17m55s
#17 185.9 924750K .......... .......... .......... .......... .......... 13% 1.91M 17m56s
#17 186.0 924800K .......... .......... .......... .......... .......... 13%  923K 17m56s
#17 186.0 924850K .......... .......... .......... .......... .......... 13% 1.46M 17m56s
#17 186.1 924900K .......... .......... .......... .......... .......... 13% 2.43M 17m56s
#17 186.1 924950K .......... .......... .......... .......... .......... 13% 7.08M 17m56s
#17 186.1 925000K .......... .......... .......... .......... .......... 13% 3.62M 17m56s
#17 186.1 925050K .......... .......... .......... .......... .......... 13% 4.80M 17m56s
#17 186.1 925100K .......... .......... .......... .......... .......... 13% 2.47M 17m56s
#17 186.1 925150K .......... .......... .......... .......... .......... 13% 1.85M 17m56s
#17 186.2 925200K .......... .......... .......... .......... .......... 13% 2.12M 17m56s
#17 186.2 925250K .......... .......... .......... .......... .......... 13% 5.59M 17m56s
#17 186.2 925300K .......... .......... .......... .......... .......... 13% 5.61M 17m56s
#17 186.2 925350K .......... .......... .......... .......... .......... 13% 2.34M 17m56s
#17 186.2 925400K .......... .......... .......... .......... .......... 13% 2.34M 17m56s
#17 186.2 925450K .......... .......... .......... .......... .......... 13% 5.89M 17m56s
#17 186.2 925500K .......... .......... .......... .......... .......... 13% 13.4M 17m56s
#17 186.3 925550K .......... .......... .......... .......... .......... 13% 2.94M 17m56s
#17 186.3 925600K .......... .......... .......... .......... .......... 13% 1.44M 17m57s
#17 186.3 925650K .......... .......... .......... .......... .......... 13% 44.8M 17m56s
#17 186.3 925700K .......... .......... .......... .......... .......... 13% 4.60M 17m56s
#17 186.3 925750K .......... .......... .......... .......... .......... 13% 5.71M 17m56s
#17 186.3 925800K .......... .......... .......... .......... .......... 13% 4.63M 17m56s
#17 186.3 925850K .......... .......... .......... .......... .......... 13% 20.5M 17m56s
#17 186.3 925900K .......... .......... .......... .......... .......... 13% 5.69M 17m56s
#17 186.3 925950K .......... .......... .......... .......... .......... 13% 4.13M 17m56s
#17 186.4 926000K .......... .......... .......... .......... .......... 13% 6.46M 17m56s
#17 186.4 926050K .......... .......... .......... .......... .......... 13%  118M 17m56s
#17 186.4 926100K .......... .......... .......... .......... .......... 13% 16.6M 17m56s
#17 186.4 926150K .......... .......... .......... .......... .......... 13% 7.73M 17m56s
#17 186.4 926200K .......... .......... .......... .......... .......... 13% 5.37M 17m56s
#17 186.4 926250K .......... .......... .......... .......... .......... 13% 6.49M 17m56s
#17 186.4 926300K .......... .......... .......... .......... .......... 13% 11.1M 17m56s
#17 186.4 926350K .......... .......... .......... .......... .......... 13% 4.40M 17m56s
#17 186.4 926400K .......... .......... .......... .......... .......... 13% 4.45M 17m56s
#17 186.4 926450K .......... .......... .......... .......... .......... 13% 8.81M 17m56s
#17 186.4 926500K .......... .......... .......... .......... .......... 13% 25.4M 17m56s
#17 186.4 926550K .......... .......... .......... .......... .......... 13% 4.11M 17m56s
#17 186.4 926600K .......... .......... .......... .......... .......... 13% 34.7M 17m56s
#17 186.4 926650K .......... .......... .......... .......... .......... 13% 6.65M 17m56s
#17 186.4 926700K .......... .......... .......... .......... .......... 13% 4.65M 17m56s
#17 186.5 926750K .......... .......... .......... .......... .......... 13% 30.1M 17m56s
#17 186.5 926800K .......... .......... .......... .......... .......... 13% 2.38M 17m56s
#17 186.5 926850K .......... .......... .......... .......... .......... 13% 13.0M 17m56s
#17 186.5 926900K .......... .......... .......... .......... .......... 13% 2.49M 17m56s
#17 186.5 926950K .......... .......... .......... .......... .......... 13% 22.4M 17m56s
#17 186.5 927000K .......... .......... .......... .......... .......... 13% 2.41M 17m56s
#17 186.5 927050K .......... .......... .......... .......... .......... 13% 1.49M 17m56s
#17 186.6 927100K .......... .......... .......... .......... .......... 13% 2.24M 17m56s
#17 186.6 927150K .......... .......... .......... .......... .......... 13% 2.03M 17m56s
#17 186.6 927200K .......... .......... .......... .......... .......... 13% 2.48M 17m56s
#17 186.6 927250K .......... .......... .......... .......... .......... 13% 9.84M 17m56s
#17 186.6 927300K .......... .......... .......... .......... .......... 13% 4.69M 17m56s
#17 186.6 927350K .......... .......... .......... .......... .......... 13% 3.93M 17m56s
#17 186.6 927400K .......... .......... .......... .......... .......... 13% 4.30M 17m56s
#17 186.7 927450K .......... .......... .......... .......... .......... 13% 9.60M 17m56s
#17 186.7 927500K .......... .......... .......... .......... .......... 13% 14.7M 17m56s
#17 186.7 927550K .......... .......... .......... .......... .......... 13% 4.30M 17m56s
#17 186.7 927600K .......... .......... .......... .......... .......... 13% 4.27M 17m56s
#17 186.7 927650K .......... .......... .......... .......... .......... 13% 9.04M 17m56s
#17 186.7 927700K .......... .......... .......... .......... .......... 13% 7.56M 17m56s
#17 186.7 927750K .......... .......... .......... .......... .......... 13% 14.3M 17m56s
#17 186.7 927800K .......... .......... .......... .......... .......... 13% 7.79M 17m56s
#17 186.7 927850K .......... .......... .......... .......... .......... 13% 3.35M 17m56s
#17 186.7 927900K .......... .......... .......... .......... .......... 13% 17.5M 17m56s
#17 186.7 927950K .......... .......... .......... .......... .......... 13% 15.7M 17m56s
#17 186.7 928000K .......... .......... .......... .......... .......... 13% 4.68M 17m56s
#17 186.7 928050K .......... .......... .......... .......... .......... 13% 23.4M 17m56s
#17 186.7 928100K .......... .......... .......... .......... .......... 13% 2.11M 17m56s
#17 186.8 928150K .......... .......... .......... .......... .......... 13% 72.7M 17m56s
#17 186.8 928200K .......... .......... .......... .......... .......... 13% 69.5M 17m56s
#17 186.8 928250K .......... .......... .......... .......... .......... 13% 4.81M 17m56s
#17 186.8 928300K .......... .......... .......... .......... .......... 13% 2.83M 17m56s
#17 186.8 928350K .......... .......... .......... .......... .......... 13% 3.84M 17m56s
#17 186.8 928400K .......... .......... .......... .......... .......... 13% 5.43M 17m56s
#17 186.8 928450K .......... .......... .......... .......... .......... 13% 4.08M 17m56s
#17 186.8 928500K .......... .......... .......... .......... .......... 13% 3.93M 17m56s
#17 186.8 928550K .......... .......... .......... .......... .......... 13% 11.6M 17m56s
#17 186.9 928600K .......... .......... .......... .......... .......... 13% 6.29M 17m56s
#17 186.9 928650K .......... .......... .......... .......... .......... 13% 46.4M 17m56s
#17 186.9 928700K .......... .......... .......... .......... .......... 13%  871K 17m56s
#17 186.9 928750K .......... .......... .......... .......... .......... 13% 1.42M 17m56s
#17 186.9 928800K .......... .......... .......... .......... .......... 13% 10.4M 17m56s
#17 187.0 928850K .......... .......... .......... .......... .......... 13% 3.18M 17m56s
#17 187.0 928900K .......... .......... .......... .......... .......... 13% 28.2M 17m56s
#17 187.0 928950K .......... .......... .......... .......... .......... 13% 4.82M 17m56s
#17 187.0 929000K .......... .......... .......... .......... .......... 13% 36.7M 17m56s
#17 187.0 929050K .......... .......... .......... .......... .......... 13% 18.0M 17m56s
#17 187.0 929100K .......... .......... .......... .......... .......... 13% 3.68M 17m56s
#17 187.0 929150K .......... .......... .......... .......... .......... 13% 25.5M 17m56s
#17 187.0 929200K .......... .......... .......... .......... .......... 13% 3.58M 17m56s
#17 187.0 929250K .......... .......... .......... .......... .......... 13% 1.54M 17m56s
#17 187.0 929300K .......... .......... .......... .......... .......... 13% 2.55M 17m56s
#17 187.1 929350K .......... .......... .......... .......... .......... 13% 1.57M 17m56s
#17 187.1 929400K .......... .......... .......... .......... .......... 13% 1.46M 17m57s
#17 187.1 929450K .......... .......... .......... .......... .......... 13% 2.43M 17m57s
#17 187.1 929500K .......... .......... .......... .......... .......... 13% 7.49M 17m57s
#17 187.2 929550K .......... .......... .......... .......... .......... 13% 5.78M 17m57s
#17 187.2 929600K .......... .......... .......... .......... .......... 13% 9.38M 17m57s
#17 187.2 929650K .......... .......... .......... .......... .......... 13% 7.06M 17m57s
#17 187.2 929700K .......... .......... .......... .......... .......... 13% 5.97M 17m57s
#17 187.2 929750K .......... .......... .......... .......... .......... 13% 41.3M 17m56s
#17 187.2 929800K .......... .......... .......... .......... .......... 13% 13.2M 17m56s
#17 187.2 929850K .......... .......... .......... .......... .......... 13% 36.5M 17m56s
#17 187.2 929900K .......... .......... .......... .......... .......... 13% 7.98M 17m56s
#17 187.2 929950K .......... .......... .......... .......... .......... 13% 17.6M 17m56s
#17 187.2 930000K .......... .......... .......... .......... .......... 13% 13.1M 17m56s
#17 187.2 930050K .......... .......... .......... .......... .......... 13% 3.30M 17m56s
#17 187.2 930100K .......... .......... .......... .......... .......... 13% 40.8M 17m56s
#17 187.2 930150K .......... .......... .......... .......... .......... 13% 77.9M 17m56s
#17 187.2 930200K .......... .......... .......... .......... .......... 13% 15.2M 17m56s
#17 187.2 930250K .......... .......... .......... .......... .......... 13% 8.22M 17m56s
#17 187.2 930300K .......... .......... .......... .......... .......... 13% 9.95M 17m56s
#17 187.2 930350K .......... .......... .......... .......... .......... 13% 38.2M 17m56s
#17 187.2 930400K .......... .......... .......... .......... .......... 13% 84.3M 17m56s
#17 187.2 930450K .......... .......... .......... .......... .......... 13% 5.10M 17m56s
#17 187.2 930500K .......... .......... .......... .......... .......... 13% 9.57M 17m56s
#17 187.3 930550K .......... .......... .......... .......... .......... 13% 76.1M 17m56s
#17 187.3 930600K .......... .......... .......... .......... .......... 13% 7.74M 17m56s
#17 187.3 930650K .......... .......... .......... .......... .......... 13% 4.02M 17m56s
#17 187.3 930700K .......... .......... .......... .......... .......... 13% 62.9M 17m56s
#17 187.3 930750K .......... .......... .......... .......... .......... 13% 6.16M 17m56s
#17 187.3 930800K .......... .......... .......... .......... .......... 13% 2.69M 17m56s
#17 187.3 930850K .......... .......... .......... .......... .......... 13% 4.48M 17m56s
#17 187.3 930900K .......... .......... .......... .......... .......... 13% 48.4M 17m56s
#17 187.3 930950K .......... .......... .......... .......... .......... 13% 4.05M 17m56s
#17 187.3 931000K .......... .......... .......... .......... .......... 13% 5.96M 17m56s
#17 187.3 931050K .......... .......... .......... .......... .......... 13% 24.9M 17m56s
#17 187.3 931100K .......... .......... .......... .......... .......... 13% 13.5M 17m56s
#17 187.3 931150K .......... .......... .......... .......... .......... 13% 3.87M 17m56s
#17 187.3 931200K .......... .......... .......... .......... .......... 13% 22.1M 17m56s
#17 187.3 931250K .......... .......... .......... .......... .......... 13% 4.70M 17m56s
#17 187.4 931300K .......... .......... .......... .......... .......... 13% 6.52M 17m56s
#17 187.4 931350K .......... .......... .......... .......... .......... 13% 1.31M 17m56s
#17 187.4 931400K .......... .......... .......... .......... .......... 13% 1.98M 17m56s
#17 187.4 931450K .......... .......... .......... .......... .......... 13% 4.67M 17m56s
#17 187.4 931500K .......... .......... .......... .......... .......... 13% 5.40M 17m56s
#17 187.4 931550K .......... .......... .......... .......... .......... 13% 11.0M 17m56s
#17 187.5 931600K .......... .......... .......... .......... .......... 13% 2.83M 17m56s
#17 187.5 931650K .......... .......... .......... .......... .......... 13% 2.38M 17m56s
#17 187.5 931700K .......... .......... .......... .......... .......... 13% 3.19M 17m56s
#17 187.5 931750K .......... .......... .......... .......... .......... 13% 1.30M 17m56s
#17 187.6 931800K .......... .......... .......... .......... .......... 13% 3.49M 17m56s
#17 187.6 931850K .......... .......... .......... .......... .......... 13% 7.50M 17m56s
#17 187.6 931900K .......... .......... .......... .......... .......... 13% 43.8M 17m56s
#17 187.6 931950K .......... .......... .......... .......... .......... 13% 3.45M 17m56s
#17 187.6 932000K .......... .......... .......... .......... .......... 13% 1.57M 17m56s
#17 187.6 932050K .......... .......... .......... .......... .......... 13% 2.49M 17m56s
#17 187.6 932100K .......... .......... .......... .......... .......... 13% 2.07M 17m56s
#17 187.7 932150K .......... .......... .......... .......... .......... 13% 2.36M 17m56s
#17 187.7 932200K .......... .......... .......... .......... .......... 13% 1.91M 17m56s
#17 187.7 932250K .......... .......... .......... .......... .......... 13% 1.94M 17m57s
#17 187.7 932300K .......... .......... .......... .......... .......... 13% 3.16M 17m57s
#17 187.7 932350K .......... .......... .......... .......... .......... 13% 3.72M 17m57s
#17 187.8 932400K .......... .......... .......... .......... .......... 13% 4.61M 17m57s
#17 187.8 932450K .......... .......... .......... .......... .......... 13% 4.11M 17m57s
#17 187.8 932500K .......... .......... .......... .......... .......... 13% 9.61M 17m57s
#17 187.8 932550K .......... .......... .......... .......... .......... 13% 2.74M 17m57s
#17 187.8 932600K .......... .......... .......... .......... .......... 13% 4.20M 17m57s
#17 187.8 932650K .......... .......... .......... .......... .......... 13% 30.7M 17m57s
#17 187.8 932700K .......... .......... .......... .......... .......... 13% 6.26M 17m57s
#17 187.8 932750K .......... .......... .......... .......... .......... 13% 7.35M 17m57s
#17 187.8 932800K .......... .......... .......... .......... .......... 13% 3.96M 17m57s
#17 187.8 932850K .......... .......... .......... .......... .......... 13%  619K 17m57s
#17 187.9 932900K .......... .......... .......... .......... .......... 13% 1.17M 17m57s
#17 188.0 932950K .......... .......... .......... .......... .......... 13% 3.04M 17m57s
#17 188.0 933000K .......... .......... .......... .......... .......... 13% 97.3M 17m57s
#17 188.0 933050K .......... .......... .......... .......... .......... 13% 99.4M 17m57s
#17 188.0 933100K .......... .......... .......... .......... .......... 13% 98.1M 17m57s
#17 188.0 933150K .......... .......... .......... .......... .......... 13% 92.6M 17m57s
#17 188.0 933200K .......... .......... .......... .......... .......... 13% 35.5M 17m57s
#17 188.0 933250K .......... .......... .......... .......... .......... 13% 11.5M 17m57s
#17 188.0 933300K .......... .......... .......... .......... .......... 13% 7.62M 17m57s
#17 188.0 933350K .......... .......... .......... .......... .......... 13% 13.2M 17m57s
#17 188.0 933400K .......... .......... .......... .......... .......... 13% 9.31M 17m57s
#17 188.0 933450K .......... .......... .......... .......... .......... 13% 5.40M 17m57s
#17 188.0 933500K .......... .......... .......... .......... .......... 13% 13.0M 17m57s
#17 188.0 933550K .......... .......... .......... .......... .......... 13% 5.23M 17m57s
#17 188.0 933600K .......... .......... .......... .......... .......... 13% 56.7M 17m57s
#17 188.0 933650K .......... .......... .......... .......... .......... 13% 35.7M 17m57s
#17 188.0 933700K .......... .......... .......... .......... .......... 13% 4.71M 17m57s
#17 188.0 933750K .......... .......... .......... .......... .......... 13% 10.0M 17m57s
#17 188.0 933800K .......... .......... .......... .......... .......... 13% 7.60M 17m56s
#17 188.0 933850K .......... .......... .......... .......... .......... 13% 38.4M 17m56s
#17 188.0 933900K .......... .......... .......... .......... .......... 13% 4.85M 17m56s
#17 188.1 933950K .......... .......... .......... .......... .......... 13% 8.66M 17m56s
#17 188.1 934000K .......... .......... .......... .......... .......... 13%  108M 17m56s
#17 188.1 934050K .......... .......... .......... .......... .......... 13% 20.9M 17m56s
#17 188.1 934100K .......... .......... .......... .......... .......... 13% 3.65M 17m56s
#17 188.1 934150K .......... .......... .......... .......... .......... 13% 44.9M 17m56s
#17 188.1 934200K .......... .......... .......... .......... .......... 13% 75.0M 17m56s
#17 188.1 934250K .......... .......... .......... .......... .......... 13% 7.17M 17m56s
#17 188.1 934300K .......... .......... .......... .......... .......... 13% 6.28M 17m56s
#17 188.1 934350K .......... .......... .......... .......... .......... 13% 56.2M 17m56s
#17 188.1 934400K .......... .......... .......... .......... .......... 13% 15.6M 17m56s
#17 188.1 934450K .......... .......... .......... .......... .......... 13% 4.09M 17m56s
#17 188.1 934500K .......... .......... .......... .......... .......... 13% 66.9M 17m56s
#17 188.1 934550K .......... .......... .......... .......... .......... 13% 46.3M 17m56s
#17 188.1 934600K .......... .......... .......... .......... .......... 13% 7.65M 17m56s
#17 188.1 934650K .......... .......... .......... .......... .......... 13% 5.77M 17m56s
#17 188.1 934700K .......... .......... .......... .......... .......... 13% 41.4M 17m56s
#17 188.1 934750K .......... .......... .......... .......... .......... 13% 7.62M 17m56s
#17 188.1 934800K .......... .......... .......... .......... .......... 13% 7.37M 17m56s
#17 188.1 934850K .......... .......... .......... .......... .......... 13% 5.15M 17m56s
#17 188.2 934900K .......... .......... .......... .......... .......... 13% 50.0M 17m56s
#17 188.2 934950K .......... .......... .......... .......... .......... 13% 53.9M 17m56s
#17 188.2 935000K .......... .......... .......... .......... .......... 13% 46.0M 17m56s
#17 188.2 935050K .......... .......... .......... .......... .......... 13% 5.30M 17m56s
#17 188.2 935100K .......... .......... .......... .......... .......... 13% 28.4M 17m55s
#17 188.2 935150K .......... .......... .......... .......... .......... 13%  101M 17m55s
#17 188.2 935200K .......... .......... .......... .......... .......... 13% 11.6M 17m55s
#17 188.2 935250K .......... .......... .......... .......... .......... 13% 9.78M 17m55s
#17 188.2 935300K .......... .......... .......... .......... .......... 13% 6.36M 17m55s
#17 188.2 935350K .......... .......... .......... .......... .......... 13% 17.2M 17m55s
#17 188.2 935400K .......... .......... .......... .......... .......... 13% 12.2M 17m55s
#17 188.2 935450K .......... .......... .......... .......... .......... 13% 3.47M 17m55s
#17 188.2 935500K .......... .......... .......... .......... .......... 13% 9.07M 17m55s
#17 188.2 935550K .......... .......... .......... .......... .......... 13% 22.7M 17m55s
#17 188.2 935600K .......... .......... .......... .......... .......... 13% 69.4M 17m55s
#17 188.2 935650K .......... .......... .......... .......... .......... 13% 10.9M 17m55s
#17 188.2 935700K .......... .......... .......... .......... .......... 13% 19.1M 17m55s
#17 188.2 935750K .......... .......... .......... .......... .......... 13% 10.5M 17m55s
#17 188.2 935800K .......... .......... .......... .......... .......... 13% 7.89M 17m55s
#17 188.2 935850K .......... .......... .......... .......... .......... 13% 46.5M 17m55s
#17 188.2 935900K .......... .......... .......... .......... .......... 13% 13.2M 17m55s
#17 188.2 935950K .......... .......... .......... .......... .......... 13% 7.91M 17m55s
#17 188.2 936000K .......... .......... .......... .......... .......... 13% 5.95M 17m55s
#17 188.2 936050K .......... .......... .......... .......... .......... 13% 12.2M 17m55s
#17 188.3 936100K .......... .......... .......... .......... .......... 13% 84.4M 17m55s
#17 188.3 936150K .......... .......... .......... .......... .......... 13% 12.5M 17m55s
#17 188.3 936200K .......... .......... .......... .......... .......... 13% 10.9M 17m55s
#17 188.3 936250K .......... .......... .......... .......... .......... 13% 62.2M 17m55s
#17 188.3 936300K .......... .......... .......... .......... .......... 13% 10.4M 17m55s
#17 188.3 936350K .......... .......... .......... .......... .......... 13% 10.1M 17m54s
#17 188.3 936400K .......... .......... .......... .......... .......... 13% 56.5M 17m54s
#17 188.3 936450K .......... .......... .......... .......... .......... 13% 7.65M 17m54s
#17 188.3 936500K .......... .......... .......... .......... .......... 13% 11.3M 17m54s
#17 188.3 936550K .......... .......... .......... .......... .......... 13% 11.5M 17m54s
#17 188.3 936600K .......... .......... .......... .......... .......... 13% 44.1M 17m54s
#17 188.3 936650K .......... .......... .......... .......... .......... 13% 9.49M 17m54s
#17 188.3 936700K .......... .......... .......... .......... .......... 13% 28.1M 17m54s
#17 188.3 936750K .......... .......... .......... .......... .......... 13% 7.89M 17m54s
#17 188.3 936800K .......... .......... .......... .......... .......... 13%  106M 17m54s
#17 188.3 936850K .......... .......... .......... .......... .......... 13% 26.7M 17m54s
#17 188.3 936900K .......... .......... .......... .......... .......... 13% 6.79M 17m54s
#17 188.3 936950K .......... .......... .......... .......... .......... 13% 9.99M 17m54s
#17 188.3 937000K .......... .......... .......... .......... .......... 13% 11.7M 17m54s
#17 188.3 937050K .......... .......... .......... .......... .......... 13% 34.8M 17m54s
#17 188.3 937100K .......... .......... .......... .......... .......... 13% 3.81M 17m54s
#17 188.3 937150K .......... .......... .......... .......... .......... 13% 22.4M 17m54s
#17 188.3 937200K .......... .......... .......... .......... .......... 13% 5.44M 17m54s
#17 188.3 937250K .......... .......... .......... .......... .......... 13% 3.03M 17m54s
#17 188.4 937300K .......... .......... .......... .......... .......... 13% 92.8M 17m54s
#17 188.4 937350K .......... .......... .......... .......... .......... 13% 10.8M 17m54s
#17 188.4 937400K .......... .......... .......... .......... .......... 13%  109M 17m54s
#17 188.4 937450K .......... .......... .......... .......... .......... 13% 30.4M 17m54s
#17 188.4 937500K .......... .......... .......... .......... .......... 13% 4.86M 17m54s
#17 188.4 937550K .......... .......... .......... .......... .......... 13% 6.45M 17m54s
#17 188.4 937600K .......... .......... .......... .......... .......... 13% 19.5M 17m54s
#17 188.4 937650K .......... .......... .......... .......... .......... 13% 16.2M 17m54s
#17 188.4 937700K .......... .......... .......... .......... .......... 13% 5.65M 17m53s
#17 188.4 937750K .......... .......... .......... .......... .......... 13% 9.14M 17m53s
#17 188.4 937800K .......... .......... .......... .......... .......... 13% 6.24M 17m53s
#17 188.4 937850K .......... .......... .......... .......... .......... 13% 81.1M 17m53s
#17 188.4 937900K .......... .......... .......... .......... .......... 13% 80.5M 17m53s
#17 188.4 937950K .......... .......... .......... .......... .......... 13% 8.90M 17m53s
#17 188.4 938000K .......... .......... .......... .......... .......... 13% 6.43M 17m53s
#17 188.4 938050K .......... .......... .......... .......... .......... 13% 80.9M 17m53s
#17 188.4 938100K .......... .......... .......... .......... .......... 13% 13.2M 17m53s
#17 188.4 938150K .......... .......... .......... .......... .......... 13% 6.26M 17m53s
#17 188.4 938200K .......... .......... .......... .......... .......... 13% 11.4M 17m53s
#17 188.4 938250K .......... .......... .......... .......... .......... 13% 17.1M 17m53s
#17 188.4 938300K .......... .......... .......... .......... .......... 13% 16.0M 17m53s
#17 188.5 938350K .......... .......... .......... .......... .......... 13% 7.00M 17m53s
#17 188.5 938400K .......... .......... .......... .......... .......... 13% 15.1M 17m53s
#17 188.5 938450K .......... .......... .......... .......... .......... 13% 20.1M 17m53s
#17 188.5 938500K .......... .......... .......... .......... .......... 13% 5.12M 17m53s
#17 188.5 938550K .......... .......... .......... .......... .......... 13% 8.29M 17m53s
#17 188.5 938600K .......... .......... .......... .......... .......... 13% 50.5M 17m53s
#17 188.5 938650K .......... .......... .......... .......... .......... 13% 4.88M 17m53s
#17 188.5 938700K .......... .......... .......... .......... .......... 13% 11.9M 17m53s
#17 188.5 938750K .......... .......... .......... .......... .......... 13% 8.66M 17m53s
#17 188.5 938800K .......... .......... .......... .......... .......... 13% 7.64M 17m53s
#17 188.5 938850K .......... .......... .......... .......... .......... 13% 57.2M 17m53s
#17 188.5 938900K .......... .......... .......... .......... .......... 13% 31.0M 17m53s
#17 188.5 938950K .......... .......... .......... .......... .......... 13% 7.48M 17m53s
#17 188.5 939000K .......... .......... .......... .......... .......... 13% 9.42M 17m53s
#17 188.5 939050K .......... .......... .......... .......... .......... 13% 18.4M 17m52s
#17 188.5 939100K .......... .......... .......... .......... .......... 13% 25.1M 17m52s
#17 188.5 939150K .......... .......... .......... .......... .......... 13% 27.2M 17m52s
#17 188.5 939200K .......... .......... .......... .......... .......... 13% 13.7M 17m52s
#17 188.5 939250K .......... .......... .......... .......... .......... 13% 3.48M 17m52s
#17 188.5 939300K .......... .......... .......... .......... .......... 13% 3.03M 17m52s
#17 188.6 939350K .......... .......... .......... .......... .......... 13% 47.8M 17m52s
#17 188.6 939400K .......... .......... .......... .......... .......... 13% 65.1M 17m52s
#17 188.6 939450K .......... .......... .......... .......... .......... 13% 11.4M 17m52s
#17 188.6 939500K .......... .......... .......... .......... .......... 13% 27.5M 17m52s
#17 188.6 939550K .......... .......... .......... .......... .......... 13% 16.9M 17m52s
#17 188.6 939600K .......... .......... .......... .......... .......... 13% 47.2M 17m52s
#17 188.6 939650K .......... .......... .......... .......... .......... 13% 8.34M 17m52s
#17 188.6 939700K .......... .......... .......... .......... .......... 13% 20.6M 17m52s
#17 188.6 939750K .......... .......... .......... .......... .......... 13% 10.8M 17m52s
#17 188.6 939800K .......... .......... .......... .......... .......... 13% 12.4M 17m52s
#17 188.6 939850K .......... .......... .......... .......... .......... 13% 9.88M 17m52s
#17 188.6 939900K .......... .......... .......... .......... .......... 13% 7.68M 17m52s
#17 188.6 939950K .......... .......... .......... .......... .......... 13% 17.5M 17m52s
#17 188.6 940000K .......... .......... .......... .......... .......... 13% 9.08M 17m52s
#17 188.6 940050K .......... .......... .......... .......... .......... 13% 10.4M 17m52s
#17 188.6 940100K .......... .......... .......... .......... .......... 13% 9.05M 17m52s
#17 188.6 940150K .......... .......... .......... .......... .......... 13% 8.76M 17m52s
#17 188.6 940200K .......... .......... .......... .......... .......... 13% 6.93M 17m52s
#17 188.6 940250K .......... .......... .......... .......... .......... 13% 52.7M 17m52s
#17 188.6 940300K .......... .......... .......... .......... .......... 13% 18.0M 17m51s
#17 188.6 940350K .......... .......... .......... .......... .......... 13% 4.93M 17m51s
#17 188.6 940400K .......... .......... .......... .......... .......... 13% 16.7M 17m51s
#17 188.6 940450K .......... .......... .......... .......... .......... 13% 36.1M 17m51s
#17 188.6 940500K .......... .......... .......... .......... .......... 13% 12.9M 17m51s
#17 188.7 940550K .......... .......... .......... .......... .......... 13% 5.91M 17m51s
#17 188.7 940600K .......... .......... .......... .......... .......... 13% 14.0M 17m51s
#17 188.7 940650K .......... .......... .......... .......... .......... 13% 9.12M 17m51s
#17 188.7 940700K .......... .......... .......... .......... .......... 13% 6.44M 17m51s
#17 188.7 940750K .......... .......... .......... .......... .......... 13% 17.2M 17m51s
#17 188.7 940800K .......... .......... .......... .......... .......... 13% 5.63M 17m51s
#17 188.7 940850K .......... .......... .......... .......... .......... 13% 13.7M 17m51s
#17 188.7 940900K .......... .......... .......... .......... .......... 13% 23.2M 17m51s
#17 188.7 940950K .......... .......... .......... .......... .......... 13% 13.6M 17m51s
#17 188.7 941000K .......... .......... .......... .......... .......... 13% 8.01M 17m51s
#17 188.7 941050K .......... .......... .......... .......... .......... 13% 4.49M 17m51s
#17 188.7 941100K .......... .......... .......... .......... .......... 13% 7.96M 17m51s
#17 188.7 941150K .......... .......... .......... .......... .......... 13% 6.12M 17m51s
#17 188.7 941200K .......... .......... .......... .......... .......... 13% 11.3M 17m51s
#17 188.7 941250K .......... .......... .......... .......... .......... 13% 6.15M 17m51s
#17 188.7 941300K .......... .......... .......... .......... .......... 13% 6.62M 17m51s
#17 188.7 941350K .......... .......... .......... .......... .......... 13% 7.57M 17m51s
#17 188.8 941400K .......... .......... .......... .......... .......... 13% 2.75M 17m51s
#17 188.8 941450K .......... .......... .......... .......... .......... 13% 56.3M 17m51s
#17 188.8 941500K .......... .......... .......... .......... .......... 13%  760K 17m51s
#17 188.8 941550K .......... .......... .......... .......... .......... 13%  556K 17m52s
#17 188.9 941600K .......... .......... .......... .......... .......... 13%  102M 17m52s
#17 188.9 941650K .......... .......... .......... .......... .......... 13%  138M 17m52s
#17 188.9 941700K .......... .......... .......... .......... .......... 13% 87.3M 17m51s
#17 188.9 941750K .......... .......... .......... .......... .......... 13% 2.18M 17m52s
#17 189.0 941800K .......... .......... .......... .......... .......... 13% 3.45M 17m52s
#17 189.0 941850K .......... .......... .......... .......... .......... 13% 6.78M 17m52s
#17 189.0 941900K .......... .......... .......... .......... .......... 13% 1.48M 17m52s
#17 189.0 941950K .......... .......... .......... .......... .......... 13% 58.2M 17m52s
#17 189.0 942000K .......... .......... .......... .......... .......... 13% 1.14M 17m52s
#17 189.1 942050K .......... .......... .......... .......... .......... 13% 29.1M 17m52s
#17 189.1 942100K .......... .......... .......... .......... .......... 13% 55.5M 17m52s
#17 189.1 942150K .......... .......... .......... .......... .......... 13% 31.9M 17m52s
#17 189.1 942200K .......... .......... .......... .......... .......... 13% 1.64M 17m52s
#17 189.1 942250K .......... .......... .......... .......... .......... 13% 2.14M 17m52s
#17 189.1 942300K .......... .......... .......... .......... .......... 13% 3.88M 17m52s
#17 189.1 942350K .......... .......... .......... .......... .......... 13% 2.94M 17m52s
#17 189.1 942400K .......... .......... .......... .......... .......... 13% 3.27M 17m52s
#17 189.2 942450K .......... .......... .......... .......... .......... 13% 2.32M 17m52s
#17 189.2 942500K .......... .......... .......... .......... .......... 13% 44.5M 17m52s
#17 189.2 942550K .......... .......... .......... .......... .......... 13% 42.7M 17m52s
#17 189.2 942600K .......... .......... .......... .......... .......... 13% 72.0M 17m52s
#17 189.2 942650K .......... .......... .......... .......... .......... 13%  627K 17m52s
#17 189.3 942700K .......... .......... .......... .......... .......... 13% 1.13M 17m52s
#17 189.3 942750K .......... .......... .......... .......... .......... 13% 53.1M 17m52s
#17 189.3 942800K .......... .......... .......... .......... .......... 13% 1.21M 17m53s
#17 189.3 942850K .......... .......... .......... .......... .......... 13%  131M 17m53s
#17 189.3 942900K .......... .......... .......... .......... .......... 13% 2.33M 17m53s
#17 189.4 942950K .......... .......... .......... .......... .......... 13% 3.56M 17m53s
#17 189.4 943000K .......... .......... .......... .......... .......... 13% 4.97M 17m53s
#17 189.4 943050K .......... .......... .......... .......... .......... 13% 1.09M 17m53s
#17 189.4 943100K .......... .......... .......... .......... .......... 13% 4.51M 17m53s
#17 189.4 943150K .......... .......... .......... .......... .......... 13% 3.62M 17m53s
#17 189.5 943200K .......... .......... .......... .......... .......... 13% 3.99M 17m53s
#17 189.5 943250K .......... .......... .......... .......... .......... 13% 5.17M 17m53s
#17 189.5 943300K .......... .......... .......... .......... .......... 13% 1.97M 17m53s
#17 189.5 943350K .......... .......... .......... .......... .......... 13% 2.97M 17m53s
#17 189.5 943400K .......... .......... .......... .......... .......... 13% 6.99M 17m53s
#17 189.5 943450K .......... .......... .......... .......... .......... 13% 7.68M 17m53s
#17 189.5 943500K .......... .......... .......... .......... .......... 13% 3.02M 17m53s
#17 189.5 943550K .......... .......... .......... .......... .......... 13% 2.03M 17m53s
#17 189.6 943600K .......... .......... .......... .......... .......... 13% 57.0M 17m53s
#17 189.6 943650K .......... .......... .......... .......... .......... 13% 3.21M 17m53s
#17 189.6 943700K .......... .......... .......... .......... .......... 13% 16.1M 17m53s
#17 189.6 943750K .......... .......... .......... .......... .......... 13% 2.52M 17m53s
#17 189.6 943800K .......... .......... .......... .......... .......... 13% 76.0M 17m53s
#17 189.6 943850K .......... .......... .......... .......... .......... 13% 3.18M 17m53s
#17 189.6 943900K .......... .......... .......... .......... .......... 13% 6.33M 17m53s
#17 189.6 943950K .......... .......... .......... .......... .......... 13% 84.6M 17m53s
#17 189.6 944000K .......... .......... .......... .......... .......... 13% 7.37M 17m53s
#17 189.6 944050K .......... .......... .......... .......... .......... 13% 4.43M 17m53s
#17 189.7 944100K .......... .......... .......... .......... .......... 13% 45.4M 17m53s
#17 189.7 944150K .......... .......... .......... .......... .......... 13% 14.1M 17m53s
#17 189.7 944200K .......... .......... .......... .......... .......... 13% 41.5M 17m53s
#17 189.7 944250K .......... .......... .......... .......... .......... 13% 3.89M 17m53s
#17 189.7 944300K .......... .......... .......... .......... .......... 13% 3.97M 17m53s
#17 189.7 944350K .......... .......... .......... .......... .......... 13% 49.6M 17m53s
#17 189.7 944400K .......... .......... .......... .......... .......... 13% 1.63M 17m53s
#17 189.7 944450K .......... .......... .......... .......... .......... 13% 4.10M 17m53s
#17 189.7 944500K .......... .......... .......... .......... .......... 13% 37.7M 17m53s
#17 189.7 944550K .......... .......... .......... .......... .......... 13% 9.35M 17m53s
#17 189.7 944600K .......... .......... .......... .......... .......... 13% 3.87M 17m53s
#17 189.8 944650K .......... .......... .......... .......... .......... 13% 75.9M 17m53s
#17 189.8 944700K .......... .......... .......... .......... .......... 13% 7.95M 17m53s
#17 189.8 944750K .......... .......... .......... .......... .......... 13% 5.88M 17m53s
#17 189.8 944800K .......... .......... .......... .......... .......... 13% 85.1M 17m53s
#17 189.8 944850K .......... .......... .......... .......... .......... 13% 4.66M 17m53s
#17 189.8 944900K .......... .......... .......... .......... .......... 13%  113M 17m52s
#17 189.8 944950K .......... .......... .......... .......... .......... 13% 18.1M 17m52s
#17 189.8 945000K .......... .......... .......... .......... .......... 13% 51.3M 17m52s
#17 189.8 945050K .......... .......... .......... .......... .......... 13% 14.8M 17m52s
#17 189.8 945100K .......... .......... .......... .......... .......... 13% 17.3M 17m52s
#17 189.8 945150K .......... .......... .......... .......... .......... 13% 47.9M 17m52s
#17 189.8 945200K .......... .......... .......... .......... .......... 13% 8.11M 17m52s
#17 189.8 945250K .......... .......... .......... .......... .......... 13% 8.90M 17m52s
#17 189.8 945300K .......... .......... .......... .......... .......... 13% 5.66M 17m52s
#17 189.8 945350K .......... .......... .......... .......... .......... 13% 96.2M 17m52s
#17 189.8 945400K .......... .......... .......... .......... .......... 13% 11.5M 17m52s
#17 189.8 945450K .......... .......... .......... .......... .......... 13% 10.0K 18m23s
#17 194.8 945500K .......... .......... .......... .......... .......... 13%  254K 18m24s
#17 201.2 945550K .......... .......... .......... .......... .......... 13%  846K 18m24s
#17 201.3 945600K .......... .......... .......... .......... .......... 13% 2.74M 18m24s
#17 201.3 945650K .......... .......... .......... .......... .......... 13% 2.14M 18m24s
#17 201.3 945700K .......... .......... .......... .......... .......... 13% 3.03M 18m24s
#17 342.9 945750K .......... .......... .......... .......... .......... 13% 82.7K 18m28s
#17 343.5 945800K .......... .......... .......... .......... .......... 13%  972K 18m28s
#17 343.5 945850K .......... .......... .......... .......... .......... 13%  220K 18m30s
#17 343.8 945900K .......... .......... .......... .......... .......... 13%  545K 18m30s
#17 343.8 945950K .......... .......... .......... .......... .......... 13% 2.94M 18m30s
#17 343.9 946000K .......... .......... .......... .......... .......... 13%  170K 18m32s
#17 344.1 946050K .......... .......... .......... .......... .......... 13% 1.39M 18m32s
#17 344.2 946100K .......... .......... .......... .......... .......... 13% 1.07M 18m32s
#17 344.2 946150K .......... .......... .......... .......... .......... 13%  203K 18m34s
#17 344.5 946200K .......... .......... .......... .......... .......... 13%  756K 18m34s
#17 344.5 946250K .......... .......... .......... .......... .......... 13%  517K 18m35s
#17 344.6 946300K .......... .......... .......... .......... .......... 13% 2.67M 18m35s
#17 344.6 946350K .......... .......... .......... .......... .......... 13%  598K 18m35s
#17 344.8 946400K .......... .......... .......... .......... .......... 13%  878K 18m35s
#17 344.8 946450K .......... .......... .......... .......... .......... 13%  205K 18m37s
#17 345.0 946500K .......... .......... .......... .......... .......... 13%  374K 18m37s
#17 345.2 946550K .......... .......... .......... .......... .......... 13%  133K 18m40s
#17 345.5 946600K .......... .......... .......... .......... .......... 13% 2.47M 18m40s
#17 345.6 946650K .......... .......... .......... .......... .......... 13% 2.32M 18m40s
#17 345.6 946700K .......... .......... .......... .......... .......... 13% 4.53M 18m40s
#17 345.6 946750K .......... .......... .......... .......... .......... 13% 2.59M 18m40s
#17 345.6 946800K .......... .......... .......... .......... .......... 13% 4.72M 18m40s
#17 345.6 946850K .......... .......... .......... .......... .......... 13% 8.22M 18m40s
#17 345.6 946900K .......... .......... .......... .......... .......... 13% 2.53M 18m40s
#17 345.6 946950K .......... .......... .......... .......... .......... 13% 1.05M 18m40s
#17 345.7 947000K .......... .......... .......... .......... .......... 13% 3.47M 18m40s
#17 345.7 947050K .......... .......... .......... .......... .......... 13% 1.36M 18m40s
#17 345.7 947100K .......... .......... .......... .......... .......... 13% 2.88M 18m40s
#17 345.8 947150K .......... .......... .......... .......... .......... 13% 7.11M 18m40s
#17 345.8 947200K .......... .......... .......... .......... .......... 13% 4.75M 18m40s
#17 345.8 947250K .......... .......... .......... .......... .......... 13% 4.47M 18m40s
#17 345.8 947300K .......... .......... .......... .......... .......... 13% 7.04M 18m40s
#17 345.8 947350K .......... .......... .......... .......... .......... 13% 2.71M 18m40s
#17 345.8 947400K .......... .......... .......... .......... .......... 13% 3.05M 18m40s
#17 345.8 947450K .......... .......... .......... .......... .......... 13% 2.95M 18m40s
#17 345.8 947500K .......... .......... .......... .......... .......... 13% 2.56M 18m40s
#17 345.9 947550K .......... .......... .......... .......... .......... 13% 6.79M 18m40s
#17 345.9 947600K .......... .......... .......... .......... .......... 13% 2.28M 18m40s
#17 345.9 947650K .......... .......... .......... .......... .......... 13% 3.02M 18m40s
#17 345.9 947700K .......... .......... .......... .......... .......... 13% 22.1M 18m40s
#17 345.9 947750K .......... .......... .......... .......... .......... 13% 4.15M 18m40s
#17 345.9 947800K .......... .......... .......... .......... .......... 13% 2.70M 18m40s
#17 345.9 947850K .......... .......... .......... .......... .......... 13% 1.12M 18m41s
#17 346.0 947900K .......... .......... .......... .......... .......... 13% 63.0M 18m41s
#17 346.0 947950K .......... .......... .......... .......... .......... 13% 2.00M 18m41s
#17 346.0 948000K .......... .......... .......... .......... .......... 13% 4.24M 18m41s
#17 346.0 948050K .......... .......... .......... .......... .......... 13%  405K 18m41s
#17 346.1 948100K .......... .......... .......... .......... .......... 13% 1.26M 18m42s
#17 346.2 948150K .......... .......... .......... .......... .......... 13% 1.26M 18m42s
#17 346.2 948200K .......... .......... .......... .......... .......... 13% 1.56M 18m42s
#17 346.3 948250K .......... .......... .......... .......... .......... 13% 1.37M 18m42s
#17 346.3 948300K .......... .......... .......... .......... .......... 13% 2.89M 18m42s
#17 346.3 948350K .......... .......... .......... .......... .......... 13% 3.36M 18m42s
#17 346.3 948400K .......... .......... .......... .......... .......... 13% 3.75M 18m42s
#17 346.3 948450K .......... .......... .......... .......... .......... 13% 2.60M 18m42s
#17 346.4 948500K .......... .......... .......... .......... .......... 13% 2.15M 18m42s
#17 346.4 948550K .......... .......... .......... .......... .......... 14% 78.6M 18m42s
#17 346.4 948600K .......... .......... .......... .......... .......... 14% 1.10M 18m42s
#17 346.4 948650K .......... .......... .......... .......... .......... 14% 1.97M 18m42s
#17 346.4 948700K .......... .......... .......... .......... .......... 14% 1.66M 18m43s
#17 346.5 948750K .......... .......... .......... .......... .......... 14% 1.92M 18m43s
#17 346.5 948800K .......... .......... .......... .......... .......... 14% 2.40M 18m43s
#17 346.5 948850K .......... .......... .......... .......... .......... 14% 4.29M 18m43s
#17 346.5 948900K .......... .......... .......... .......... .......... 14% 2.76M 18m43s
#17 346.5 948950K .......... .......... .......... .......... .......... 14% 9.77M 18m43s
#17 346.6 949000K .......... .......... .......... .......... .......... 14% 4.62M 18m43s
#17 346.6 949050K .......... .......... .......... .......... .......... 14% 39.5M 18m43s
#17 346.6 949100K .......... .......... .......... .......... .......... 14% 2.48M 18m43s
#17 346.6 949150K .......... .......... .......... .......... .......... 14% 1.58M 18m43s
#17 346.6 949200K .......... .......... .......... .......... .......... 14% 3.83M 18m43s
#17 346.6 949250K .......... .......... .......... .......... .......... 14% 22.8M 18m43s
#17 346.6 949300K .......... .......... .......... .......... .......... 14% 2.13M 18m43s
#17 346.7 949350K .......... .......... .......... .......... .......... 14% 32.4M 18m43s
#17 346.7 949400K .......... .......... .......... .......... .......... 14% 5.98M 18m43s
#17 346.7 949450K .......... .......... .......... .......... .......... 14% 17.3M 18m43s
#17 346.7 949500K .......... .......... .......... .......... .......... 14% 1.91M 18m43s
#17 346.7 949550K .......... .......... .......... .......... .......... 14% 51.5M 18m43s
#17 346.7 949600K .......... .......... .......... .......... .......... 14% 3.50M 18m43s
#17 346.7 949650K .......... .......... .......... .......... .......... 14% 6.04M 18m43s
#17 346.7 949700K .......... .......... .......... .......... .......... 14% 32.2M 18m43s
#17 346.7 949750K .......... .......... .......... .......... .......... 14% 3.08M 18m43s
#17 346.7 949800K .......... .......... .......... .......... .......... 14% 3.79M 18m43s
#17 346.8 949850K .......... .......... .......... .......... .......... 14% 2.52M 18m43s
#17 346.8 949900K .......... .......... .......... .......... .......... 14% 53.6M 18m43s
#17 346.8 949950K .......... .......... .......... .......... .......... 14% 1.57M 18m43s
#17 346.8 950000K .......... .......... .......... .......... .......... 14% 19.9M 18m43s
#17 346.8 950050K .......... .......... .......... .......... .......... 14% 2.74M 18m43s
#17 346.8 950100K .......... .......... .......... .......... .......... 14% 26.6M 18m43s
#17 346.8 950150K .......... .......... .......... .......... .......... 14%  786K 18m43s
#17 346.9 950200K .......... .......... .......... .......... .......... 14% 50.4M 18m43s
#17 346.9 950250K .......... .......... .......... .......... .......... 14% 60.3M 18m43s
#17 346.9 950300K .......... .......... .......... .......... .......... 14%  425K 18m44s
#17 347.0 950350K .......... .......... .......... .......... .......... 14%  667K 18m44s
#17 347.1 950400K .......... .......... .......... .......... .......... 14% 1.53M 18m44s
#17 347.1 950450K .......... .......... .......... .......... .......... 14%  730K 18m44s
#17 347.2 950500K .......... .......... .......... .......... .......... 14% 1.15M 18m45s
#17 347.2 950550K .......... .......... .......... .......... .......... 14% 12.5M 18m45s
#17 347.2 950600K .......... .......... .......... .......... .......... 14% 3.31M 18m45s
#17 347.2 950650K .......... .......... .......... .......... .......... 14% 4.15M 18m45s
#17 347.2 950700K .......... .......... .......... .......... .......... 14% 1.70M 18m45s
#17 347.3 950750K .......... .......... .......... .......... .......... 14% 55.6M 18m45s
#17 347.3 950800K .......... .......... .......... .......... .......... 14%  124M 18m45s
#17 347.3 950850K .......... .......... .......... .......... .......... 14% 2.54M 18m45s
#17 347.3 950900K .......... .......... .......... .......... .......... 14% 43.9M 18m45s
#17 347.3 950950K .......... .......... .......... .......... .......... 14% 2.08M 18m45s
#17 347.3 951000K .......... .......... .......... .......... .......... 14% 2.99M 18m45s
#17 347.3 951050K .......... .......... .......... .......... .......... 14% 3.27M 18m45s
#17 347.4 951100K .......... .......... .......... .......... .......... 14% 32.8M 18m45s
#17 347.4 951150K .......... .......... .......... .......... .......... 14% 4.67M 18m45s
#17 347.4 951200K .......... .......... .......... .......... .......... 14% 2.30M 18m45s
#17 347.4 951250K .......... .......... .......... .......... .......... 14%  102M 18m45s
#17 347.4 951300K .......... .......... .......... .......... .......... 14% 87.3M 18m45s
#17 347.4 951350K .......... .......... .......... .......... .......... 14% 2.71M 18m45s
#17 347.4 951400K .......... .......... .......... .......... .......... 14% 48.2M 18m45s
#17 347.4 951450K .......... .......... .......... .......... .......... 14% 7.45M 18m44s
#17 347.4 951500K .......... .......... .......... .......... .......... 14% 1.75M 18m45s
#17 345.4 951550K .......... .......... .......... .......... .......... 14% 1.86M 18m45s
#17 345.4 951600K .......... .......... .......... .......... .......... 14% 17.6M 18m45s
#17 345.4 951650K .......... .......... .......... .......... .......... 14% 8.91M 18m45s
#17 345.4 951700K .......... .......... .......... .......... .......... 14% 1.68M 18m45s
#17 345.5 951750K .......... .......... .......... .......... .......... 14% 3.06M 18m45s
#17 345.5 951800K .......... .......... .......... .......... .......... 14% 3.41M 18m45s
#17 345.6 951850K .......... .......... .......... .......... .......... 14% 1.16M 18m45s
#17 345.6 951900K .......... .......... .......... .......... .......... 14% 4.15M 18m45s
#17 345.6 951950K .......... .......... .......... .......... .......... 14% 42.6M 18m45s
#17 345.6 952000K .......... .......... .......... .......... .......... 14% 1.98M 18m45s
#17 345.6 952050K .......... .......... .......... .......... .......... 14% 26.6M 18m45s
#17 345.6 952100K .......... .......... .......... .......... .......... 14% 1.25M 18m45s
#17 345.6 952150K .......... .......... .......... .......... .......... 14% 2.59M 18m45s
#17 345.6 952200K .......... .......... .......... .......... .......... 14% 45.2M 18m45s
#17 345.6 952250K .......... .......... .......... .......... .......... 14% 27.1M 18m45s
#17 345.6 952300K .......... .......... .......... .......... .......... 14% 2.00M 18m45s
#17 345.7 952350K .......... .......... .......... .......... .......... 14% 1.52M 18m45s
#17 345.7 952400K .......... .......... .......... .......... .......... 14% 2.78M 18m45s
#17 345.7 952450K .......... .......... .......... .......... .......... 14% 6.45M 18m45s
#17 345.7 952500K .......... .......... .......... .......... .......... 14% 5.24M 18m45s
#17 345.7 952550K .......... .......... .......... .......... .......... 14% 5.05M 18m45s
#17 345.7 952600K .......... .......... .......... .......... .......... 14% 5.86M 18m45s
#17 345.7 952650K .......... .......... .......... .......... .......... 14% 3.81M 18m45s
#17 345.8 952700K .......... .......... .......... .......... .......... 14% 27.2M 18m45s
#17 345.8 952750K .......... .......... .......... .......... .......... 14% 19.5M 18m45s
#17 345.8 952800K .......... .......... .......... .......... .......... 14% 1.69M 18m45s
#17 345.8 952850K .......... .......... .......... .......... .......... 14% 55.9M 18m45s
#17 345.8 952900K .......... .......... .......... .......... .......... 14% 51.4M 18m45s
#17 345.8 952950K .......... .......... .......... .......... .......... 14% 3.51M 18m45s
#17 345.8 953000K .......... .......... .......... .......... .......... 14% 2.62M 18m45s
#17 345.8 953050K .......... .......... .......... .......... .......... 14% 4.15M 18m45s
#17 345.8 953100K .......... .......... .......... .......... .......... 14% 3.37M 18m45s
#17 345.9 953150K .......... .......... .......... .......... .......... 14% 31.9M 18m45s
#17 345.9 953200K .......... .......... .......... .......... .......... 14% 2.42M 18m45s
#17 345.9 953250K .......... .......... .......... .......... .......... 14% 15.5M 18m45s
#17 345.9 953300K .......... .......... .......... .......... .......... 14% 10.6M 18m45s
#17 345.9 953350K .......... .......... .......... .......... .......... 14% 6.46M 18m45s
#17 345.9 953400K .......... .......... .......... .......... .......... 14% 46.8M 18m45s
#17 345.9 953450K .......... .......... .......... .......... .......... 14% 1.15M 18m45s
#17 345.9 953500K .......... .......... .......... .......... .......... 14% 34.2M 18m45s
#17 345.9 953550K .......... .......... .......... .......... .......... 14% 46.0M 18m45s
#17 345.9 953600K .......... .......... .......... .......... .......... 14% 36.6M 18m45s
#17 345.9 953650K .......... .......... .......... .......... .......... 14% 3.18M 18m45s
#17 346.0 953700K .......... .......... .......... .......... .......... 14% 38.0M 18m45s
#17 346.0 953750K .......... .......... .......... .......... .......... 14% 52.6M 18m45s
#17 346.0 953800K .......... .......... .......... .......... .......... 14% 5.73M 18m45s
#17 346.0 953850K .......... .......... .......... .......... .......... 14% 51.4M 18m45s
#17 346.0 953900K .......... .......... .......... .......... .......... 14% 70.3M 18m45s
#17 346.0 953950K .......... .......... .......... .......... .......... 14% 6.67M 18m45s
#17 346.0 954000K .......... .......... .......... .......... .......... 14% 9.11M 18m45s
#17 346.0 954050K .......... .......... .......... .......... .......... 14% 5.61M 18m45s
#17 346.0 954100K .......... .......... .......... .......... .......... 14% 29.5M 18m45s
#17 346.0 954150K .......... .......... .......... .......... .......... 14% 12.5M 18m45s
#17 346.0 954200K .......... .......... .......... .......... .......... 14% 2.43M 18m45s
#17 346.0 954250K .......... .......... .......... .......... .......... 14% 6.88M 18m45s
#17 346.0 954300K .......... .......... .......... .......... .......... 14% 12.0M 18m45s
#17 346.0 954350K .......... .......... .......... .......... .......... 14% 43.4M 18m44s
#17 346.0 954400K .......... .......... .......... .......... .......... 14% 4.73M 18m44s
#17 346.0 954450K .......... .......... .......... .......... .......... 14% 5.73M 18m44s
#17 346.0 954500K .......... .......... .......... .......... .......... 14% 13.5M 18m44s
#17 346.0 954550K .......... .......... .......... .......... .......... 14% 3.63M 18m44s
#17 346.1 954600K .......... .......... .......... .......... .......... 14% 11.0M 18m44s
#17 346.1 954650K .......... .......... .......... .......... .......... 14% 4.40M 18m44s
#17 346.1 954700K .......... .......... .......... .......... .......... 14% 4.94M 18m44s
#17 346.1 954750K .......... .......... .......... .......... .......... 14% 5.47M 18m44s
#17 346.1 954800K .......... .......... .......... .......... .......... 14% 8.20M 18m44s
#17 346.1 954850K .......... .......... .......... .......... .......... 14% 18.5M 18m44s
#17 346.1 954900K .......... .......... .......... .......... .......... 14% 3.05M 18m44s
#17 346.1 954950K .......... .......... .......... .......... .......... 14% 3.61M 18m44s
#17 346.1 955000K .......... .......... .......... .......... .......... 14% 3.20M 18m44s
#17 346.2 955050K .......... .......... .......... .......... .......... 14% 45.0M 18m44s
#17 346.2 955100K .......... .......... .......... .......... .......... 14% 58.3M 18m44s
#17 346.2 955150K .......... .......... .......... .......... .......... 14% 3.93M 18m44s
#17 346.2 955200K .......... .......... .......... .......... .......... 14% 9.74M 18m44s
#17 346.2 955250K .......... .......... .......... .......... .......... 14% 3.22M 18m44s
#17 346.2 955300K .......... .......... .......... .......... .......... 14% 39.1M 18m44s
#17 346.2 955350K .......... .......... .......... .......... .......... 14% 39.8M 18m44s
#17 346.2 955400K .......... .......... .......... .......... .......... 14% 30.0M 18m44s
#17 346.2 955450K .......... .......... .......... .......... .......... 14% 7.33M 18m44s
#17 346.2 955500K .......... .......... .......... .......... .......... 14% 6.78M 18m44s
#17 346.2 955550K .......... .......... .......... .......... .......... 14% 4.75M 18m44s
#17 346.2 955600K .......... .......... .......... .......... .......... 14% 45.0M 18m44s
#17 346.2 955650K .......... .......... .......... .......... .......... 14% 29.4M 18m44s
#17 346.2 955700K .......... .......... .......... .......... .......... 14% 11.7M 18m44s
#17 346.2 955750K .......... .......... .......... .......... .......... 14% 8.85M 18m44s
#17 346.2 955800K .......... .......... .......... .......... .......... 14% 4.43M 18m44s
#17 346.2 955850K .......... .......... .......... .......... .......... 14% 48.6M 18m44s
#17 346.2 955900K .......... .......... .......... .......... .......... 14% 55.3M 18m44s
#17 346.2 955950K .......... .......... .......... .......... .......... 14% 80.2M 18m44s
#17 346.2 956000K .......... .......... .......... .......... .......... 14% 44.2M 18m44s
#17 346.2 956050K .......... .......... .......... .......... .......... 14% 9.51M 18m43s
#17 346.2 956100K .......... .......... .......... .......... .......... 14% 36.6M 18m43s
#17 346.2 956150K .......... .......... .......... .......... .......... 14% 27.1M 18m43s
#17 346.2 956200K .......... .......... .......... .......... .......... 14% 5.21M 18m43s
#17 346.3 956250K .......... .......... .......... .......... .......... 14% 8.56M 18m43s
#17 346.3 956300K .......... .......... .......... .......... .......... 14% 12.9M 18m43s
#17 346.3 956350K .......... .......... .......... .......... .......... 14% 14.0M 18m43s
#17 346.3 956400K .......... .......... .......... .......... .......... 14% 4.59M 18m43s
#17 346.3 956450K .......... .......... .......... .......... .......... 14% 37.2M 18m43s
#17 346.3 956500K .......... .......... .......... .......... .......... 14% 51.4M 18m43s
#17 346.3 956550K .......... .......... .......... .......... .......... 14% 28.7M 18m43s
#17 346.3 956600K .......... .......... .......... .......... .......... 14% 4.07M 18m43s
#17 346.3 956650K .......... .......... .......... .......... .......... 14% 31.6M 18m43s
#17 346.3 956700K .......... .......... .......... .......... .......... 14% 6.71M 18m43s
#17 346.3 956750K .......... .......... .......... .......... .......... 14% 1.09M 18m43s
#17 346.3 956800K .......... .......... .......... .......... .......... 14% 2.22M 18m43s
#17 346.4 956850K .......... .......... .......... .......... .......... 14% 1.51M 18m43s
#17 346.4 956900K .......... .......... .......... .......... .......... 14% 4.63M 18m43s
#17 346.4 956950K .......... .......... .......... .......... .......... 14% 2.59M 18m43s
#17 346.4 957000K .......... .......... .......... .......... .......... 14% 9.27M 18m43s
#17 346.4 957050K .......... .......... .......... .......... .......... 14% 3.70M 18m43s
#17 346.5 957100K .......... .......... .......... .......... .......... 14% 3.99M 18m43s
#17 346.5 957150K .......... .......... .......... .......... .......... 14% 10.7M 18m43s
#17 346.5 957200K .......... .......... .......... .......... .......... 14% 2.81M 18m43s
#17 346.5 957250K .......... .......... .......... .......... .......... 14% 2.69M 18m43s
#17 346.5 957300K .......... .......... .......... .......... .......... 14% 7.48M 18m43s
#17 346.5 957350K .......... .......... .......... .......... .......... 14% 3.00M 18m43s
#17 346.5 957400K .......... .......... .......... .......... .......... 14% 3.36M 18m43s
#17 346.5 957450K .......... .......... .......... .......... .......... 14% 3.82M 18m43s
#17 346.6 957500K .......... .......... .......... .......... .......... 14% 2.25M 18m44s
#17 346.6 957550K .......... .......... .......... .......... .......... 14% 3.27M 18m44s
#17 346.6 957600K .......... .......... .......... .......... .......... 14% 5.14M 18m44s
#17 346.6 957650K .......... .......... .......... .......... .......... 14% 2.69M 18m44s
#17 346.6 957700K .......... .......... .......... .......... .......... 14% 8.17M 18m44s
#17 346.6 957750K .......... .......... .......... .......... .......... 14% 4.42M 18m44s
#17 346.6 957800K .......... .......... .......... .......... .......... 14% 6.20M 18m44s
#17 346.6 957850K .......... .......... .......... .......... .......... 14% 5.89M 18m44s
#17 346.7 957900K .......... .......... .......... .......... .......... 14% 8.03M 18m43s
#17 346.7 957950K .......... .......... .......... .......... .......... 14% 2.84M 18m44s
#17 346.7 958000K .......... .......... .......... .......... .......... 14% 3.95M 18m44s
#17 346.7 958050K .......... .......... .......... .......... .......... 14% 2.02M 18m44s
#17 346.7 958100K .......... .......... .......... .......... .......... 14% 16.1M 18m44s
#17 346.7 958150K .......... .......... .......... .......... .......... 14% 2.50M 18m44s
#17 346.7 958200K .......... .......... .......... .......... .......... 14% 2.79M 18m44s
#17 346.8 958250K .......... .......... .......... .......... .......... 14% 3.26M 18m44s
#17 346.8 958300K .......... .......... .......... .......... .......... 14% 16.5M 18m44s
#17 346.8 958350K .......... .......... .......... .......... .......... 14% 5.51M 18m44s
#17 346.8 958400K .......... .......... .......... .......... .......... 14% 4.46M 18m44s
#17 346.8 958450K .......... .......... .......... .......... .......... 14% 11.9M 18m44s
#17 346.8 958500K .......... .......... .......... .......... .......... 14%  688K 18m44s
#17 346.9 958550K .......... .......... .......... .......... .......... 14% 2.68M 18m44s
#17 346.9 958600K .......... .......... .......... .......... .......... 14% 2.33M 18m44s
#17 346.9 958650K .......... .......... .......... .......... .......... 14% 4.45M 18m44s
#17 346.9 958700K .......... .......... .......... .......... .......... 14% 5.17M 18m44s
#17 346.9 958750K .......... .......... .......... .......... .......... 14% 4.02M 18m44s
#17 346.9 958800K .......... .......... .......... .......... .......... 14% 2.23M 18m44s
#17 347.0 958850K .......... .......... .......... .......... .......... 14% 32.4M 18m44s
#17 347.0 958900K .......... .......... .......... .......... .......... 14% 63.5M 18m44s
#17 347.0 958950K .......... .......... .......... .......... .......... 14% 59.5M 18m44s
#17 347.0 959000K .......... .......... .......... .......... .......... 14% 3.08M 18m44s
#17 347.0 959050K .......... .......... .......... .......... .......... 14% 5.05M 18m44s
#17 347.0 959100K .......... .......... .......... .......... .......... 14% 4.65M 18m44s
#17 347.0 959150K .......... .......... .......... .......... .......... 14% 5.79M 18m44s
#17 347.0 959200K .......... .......... .......... .......... .......... 14% 4.28M 18m44s
#17 347.0 959250K .......... .......... .......... .......... .......... 14% 1.71M 18m44s
#17 347.0 959300K .......... .......... .......... .......... .......... 14% 6.19M 18m44s
#17 347.1 959350K .......... .......... .......... .......... .......... 14% 4.18M 18m44s
#17 347.1 959400K .......... .......... .......... .......... .......... 14% 43.1M 18m44s
#17 347.1 959450K .......... .......... .......... .......... .......... 14% 1.97M 18m44s
#17 347.1 959500K .......... .......... .......... .......... .......... 14% 16.7M 18m44s
#17 347.1 959550K .......... .......... .......... .......... .......... 14% 4.05M 18m44s
#17 347.1 959600K .......... .......... .......... .......... .......... 14% 8.74M 18m44s
#17 347.1 959650K .......... .......... .......... .......... .......... 14% 3.25M 18m44s
#17 347.1 959700K .......... .......... .......... .......... .......... 14% 34.9M 18m44s
#17 347.1 959750K .......... .......... .......... .......... .......... 14% 5.13M 18m44s
#17 347.1 959800K .......... .......... .......... .......... .......... 14% 2.36M 18m44s
#17 347.2 959850K .......... .......... .......... .......... .......... 14% 57.3M 18m44s
#17 347.2 959900K .......... .......... .......... .......... .......... 14% 1.83M 18m44s
#17 347.2 959950K .......... .......... .......... .......... .......... 14%  871K 18m44s
#17 347.2 960000K .......... .......... .......... .......... .......... 14% 2.49M 18m44s
#17 347.3 960050K .......... .......... .......... .......... .......... 14% 1001K 18m45s
#17 347.3 960100K .......... .......... .......... .......... .......... 14% 2.36M 18m45s
#17 347.3 960150K .......... .......... .......... .......... .......... 14% 4.11M 18m45s
#17 347.3 960200K .......... .......... .......... .......... .......... 14% 5.29M 18m45s
#17 347.4 960250K .......... .......... .......... .......... .......... 14% 3.41M 18m45s
#17 347.4 960300K .......... .......... .......... .......... .......... 14% 43.7M 18m45s
#17 347.4 960350K .......... .......... .......... .......... .......... 14% 9.07M 18m45s
#17 347.4 960400K .......... .......... .......... .......... .......... 14% 4.06M 18m45s
#17 347.4 960450K .......... .......... .......... .......... .......... 14% 22.3M 18m44s
#17 347.4 960500K .......... .......... .......... .......... .......... 14% 2.33M 18m45s
#17 347.4 960550K .......... .......... .......... .......... .......... 14%  871K 18m45s
#17 347.5 960600K .......... .......... .......... .......... .......... 14% 1.71M 18m45s
#17 347.5 960650K .......... .......... .......... .......... .......... 14% 2.27M 18m45s
#17 347.5 960700K .......... .......... .......... .......... .......... 14% 1.32M 18m45s
#17 347.6 960750K .......... .......... .......... .......... .......... 14% 3.63M 18m45s
#17 347.6 960800K .......... .......... .......... .......... .......... 14% 1.90M 18m45s
#17 347.6 960850K .......... .......... .......... .......... .......... 14% 36.1M 18m45s
#17 347.6 960900K .......... .......... .......... .......... .......... 14% 7.41M 18m45s
#17 347.6 960950K .......... .......... .......... .......... .......... 14% 50.2M 18m45s
#17 347.6 961000K .......... .......... .......... .......... .......... 14% 2.69M 18m45s
#17 347.6 961050K .......... .......... .......... .......... .......... 14% 4.18M 18m45s
#17 347.6 961100K .......... .......... .......... .......... .......... 14% 21.8M 18m45s
#17 347.6 961150K .......... .......... .......... .......... .......... 14% 5.47M 18m45s
#17 347.6 961200K .......... .......... .......... .......... .......... 14% 10.0M 18m45s
#17 347.7 961250K .......... .......... .......... .......... .......... 14% 3.31M 18m45s
#17 347.7 961300K .......... .......... .......... .......... .......... 14% 3.52M 18m45s
#17 347.7 961350K .......... .......... .......... .......... .......... 14% 3.85M 18m45s
#17 347.7 961400K .......... .......... .......... .......... .......... 14% 46.4M 18m45s
#17 347.7 961450K .......... .......... .......... .......... .......... 14% 4.71M 18m45s
#17 347.7 961500K .......... .......... .......... .......... .......... 14% 3.28M 18m45s
#17 347.7 961550K .......... .......... .......... .......... .......... 14% 4.71M 18m45s
#17 347.7 961600K .......... .......... .......... .......... .......... 14% 17.4M 18m45s
#17 347.7 961650K .......... .......... .......... .......... .......... 14% 3.56M 18m45s
#17 347.7 961700K .......... .......... .......... .......... .......... 14% 2.58M 18m45s
#17 347.8 961750K .......... .......... .......... .......... .......... 14% 68.6M 18m45s
#17 347.8 961800K .......... .......... .......... .......... .......... 14% 4.65M 18m45s
#17 347.8 961850K .......... .......... .......... .......... .......... 14% 4.41M 18m45s
#17 347.8 961900K .......... .......... .......... .......... .......... 14% 8.23M 18m45s
#17 347.8 961950K .......... .......... .......... .......... .......... 14% 3.32M 18m45s
#17 347.8 962000K .......... .......... .......... .......... .......... 14% 6.17M 18m45s
#17 347.8 962050K .......... .......... .......... .......... .......... 14% 3.22M 18m45s
#17 347.8 962100K .......... .......... .......... .......... .......... 14% 5.67M 18m45s
#17 347.8 962150K .......... .......... .......... .......... .......... 14% 6.12M 18m45s
#17 347.8 962200K .......... .......... .......... .......... .......... 14% 7.20M 18m45s
#17 347.9 962250K .......... .......... .......... .......... .......... 14% 18.0M 18m45s
#17 347.9 962300K .......... .......... .......... .......... .......... 14% 3.19M 18m45s
#17 347.9 962350K .......... .......... .......... .......... .......... 14% 4.60M 18m45s
#17 347.9 962400K .......... .......... .......... .......... .......... 14% 4.79M 18m45s
#17 347.9 962450K .......... .......... .......... .......... .......... 14% 5.49M 18m45s
#17 347.9 962500K .......... .......... .......... .......... .......... 14% 4.45M 18m45s
#17 347.9 962550K .......... .......... .......... .......... .......... 14% 7.55M 18m45s
#17 347.9 962600K .......... .......... .......... .......... .......... 14% 4.23M 18m45s
#17 347.9 962650K .......... .......... .......... .......... .......... 14% 6.26M 18m45s
#17 347.9 962700K .......... .......... .......... .......... .......... 14% 5.48M 18m45s
#17 348.0 962750K .......... .......... .......... .......... .......... 14% 3.09M 18m45s
#17 348.0 962800K .......... .......... .......... .......... .......... 14% 5.13M 18m45s
#17 348.0 962850K .......... .......... .......... .......... .......... 14% 4.42M 18m45s
#17 348.0 962900K .......... .......... .......... .......... .......... 14% 28.3M 18m45s
#17 348.0 962950K .......... .......... .......... .......... .......... 14% 4.63M 18m45s
#17 348.0 963000K .......... .......... .......... .......... .......... 14% 3.56M 18m45s
#17 348.0 963050K .......... .......... .......... .......... .......... 14% 17.7M 18m45s
#17 348.0 963100K .......... .......... .......... .......... .......... 14% 3.66M 18m45s
#17 348.0 963150K .......... .......... .......... .......... .......... 14% 5.32M 18m45s
#17 348.0 963200K .......... .......... .......... .......... .......... 14% 11.4M 18m45s
#17 348.0 963250K .......... .......... .......... .......... .......... 14% 5.83M 18m45s
#17 348.0 963300K .......... .......... .......... .......... .......... 14% 2.95M 18m45s
#17 348.1 963350K .......... .......... .......... .......... .......... 14% 5.20M 18m45s
#17 348.1 963400K .......... .......... .......... .......... .......... 14% 4.92M 18m45s
#17 348.1 963450K .......... .......... .......... .......... .......... 14% 5.40M 18m45s
#17 348.1 963500K .......... .......... .......... .......... .......... 14% 2.85M 18m45s
#17 348.1 963550K .......... .......... .......... .......... .......... 14% 5.54M 18m45s
#17 348.1 963600K .......... .......... .......... .......... .......... 14% 14.4M 18m45s
#17 348.1 963650K .......... .......... .......... .......... .......... 14% 5.43M 18m45s
#17 348.1 963700K .......... .......... .......... .......... .......... 14% 13.9M 18m45s
#17 348.1 963750K .......... .......... .......... .......... .......... 14% 4.50M 18m45s
#17 348.1 963800K .......... .......... .......... .......... .......... 14% 4.43M 18m45s
#17 348.2 963850K .......... .......... .......... .......... .......... 14% 4.97M 18m44s
#17 348.2 963900K .......... .......... .......... .......... .......... 14% 3.95M 18m45s
#17 348.2 963950K .......... .......... .......... .......... .......... 14% 3.66M 18m45s
#17 348.2 964000K .......... .......... .......... .......... .......... 14% 7.72M 18m44s
#17 348.2 964050K .......... .......... .......... .......... .......... 14% 4.81M 18m44s
#17 348.2 964100K .......... .......... .......... .......... .......... 14% 4.24M 18m44s
#17 348.2 964150K .......... .......... .......... .......... .......... 14% 3.77M 18m44s
#17 348.2 964200K .......... .......... .......... .......... .......... 14% 50.6M 18m44s
#17 348.2 964250K .......... .......... .......... .......... .......... 14% 3.90M 18m44s
#17 348.2 964300K .......... .......... .......... .......... .......... 14% 3.29M 18m44s
#17 348.3 964350K .......... .......... .......... .......... .......... 14% 2.41M 18m45s
#17 348.3 964400K .......... .......... .......... .......... .......... 14% 14.2M 18m44s
#17 348.3 964450K .......... .......... .......... .......... .......... 14% 3.22M 18m44s
#17 348.3 964500K .......... .......... .......... .......... .......... 14% 1.46M 18m45s
#17 348.3 964550K .......... .......... .......... .......... .......... 14% 2.71M 18m45s
#17 348.4 964600K .......... .......... .......... .......... .......... 14%  750K 18m45s
#17 348.4 964650K .......... .......... .......... .......... .......... 14%  768K 18m45s
#17 348.5 964700K .......... .......... .......... .......... .......... 14% 3.10M 18m45s
#17 348.5 964750K .......... .......... .......... .......... .......... 14% 4.13M 18m45s
#17 348.5 964800K .......... .......... .......... .......... .......... 14% 9.67M 18m45s
#17 348.5 964850K .......... .......... .......... .......... .......... 14% 2.83M 18m45s
#17 348.5 964900K .......... .......... .......... .......... .......... 14% 4.05M 18m45s
#17 348.5 964950K .......... .......... .......... .......... .......... 14% 3.85M 18m45s
#17 348.6 965000K .......... .......... .......... .......... .......... 14% 17.0M 18m45s
#17 348.6 965050K .......... .......... .......... .......... .......... 14% 4.29M 18m45s
#17 348.6 965100K .......... .......... .......... .......... .......... 14% 4.08M 18m45s
#17 348.6 965150K .......... .......... .......... .......... .......... 14% 2.39M 18m45s
#17 348.6 965200K .......... .......... .......... .......... .......... 14% 4.07M 18m45s
#17 348.6 965250K .......... .......... .......... .......... .......... 14% 5.38M 18m45s
#17 348.6 965300K .......... .......... .......... .......... .......... 14% 3.16M 18m45s
#17 348.6 965350K .......... .......... .......... .......... .......... 14% 1.83M 18m45s
#17 348.7 965400K .......... .......... .......... .......... .......... 14%  961K 18m46s
#17 348.7 965450K .......... .......... .......... .......... .......... 14% 2.71M 18m46s
#17 348.7 965500K .......... .......... .......... .......... .......... 14% 1.78M 18m46s
#17 348.8 965550K .......... .......... .......... .......... .......... 14% 1014K 18m46s
#17 348.8 965600K .......... .......... .......... .......... .......... 14% 1.86M 18m46s
#17 348.8 965650K .......... .......... .......... .......... .......... 14% 3.44M 18m46s
#17 348.9 965700K .......... .......... .......... .......... .......... 14% 4.63M 18m46s
#17 348.9 965750K .......... .......... .......... .......... .......... 14% 1.52M 18m46s
#17 348.9 965800K .......... .......... .......... .......... .......... 14% 3.25M 18m46s
#17 348.9 965850K .......... .......... .......... .......... .......... 14% 2.56M 18m46s
#17 348.9 965900K .......... .......... .......... .......... .......... 14% 3.32M 18m46s
#17 348.9 965950K .......... .......... .......... .......... .......... 14% 1.22M 18m47s
#17 349.0 966000K .......... .......... .......... .......... .......... 14% 4.37M 18m47s
#17 349.0 966050K .......... .......... .......... .......... .......... 14% 7.86M 18m47s
#17 349.0 966100K .......... .......... .......... .......... .......... 14% 6.66M 18m47s
#17 349.0 966150K .......... .......... .......... .......... .......... 14% 4.53M 18m47s
#17 349.0 966200K .......... .......... .......... .......... .......... 14% 2.31M 18m47s
#17 349.0 966250K .......... .......... .......... .......... .......... 14% 4.66M 18m47s
#17 349.1 966300K .......... .......... .......... .......... .......... 14% 3.41M 18m47s
#17 349.1 966350K .......... .......... .......... .......... .......... 14% 2.80M 18m47s
#17 349.1 966400K .......... .......... .......... .......... .......... 14% 7.04M 18m47s
#17 349.1 966450K .......... .......... .......... .......... .......... 14% 2.14M 18m47s
#17 349.1 966500K .......... .......... .......... .......... .......... 14% 1.73M 18m47s
#17 349.1 966550K .......... .......... .......... .......... .......... 14% 4.86M 18m47s
#17 349.2 966600K .......... .......... .......... .......... .......... 14% 2.57M 18m47s
#17 349.2 966650K .......... .......... .......... .......... .......... 14% 3.93M 18m47s
#17 349.2 966700K .......... .......... .......... .......... .......... 14% 2.54M 18m47s
#17 349.2 966750K .......... .......... .......... .......... .......... 14% 22.8M 18m47s
#17 349.2 966800K .......... .......... .......... .......... .......... 14% 2.81M 18m47s
#17 349.2 966850K .......... .......... .......... .......... .......... 14% 2.48M 18m47s
#17 349.2 966900K .......... .......... .......... .......... .......... 14% 12.7M 18m47s
#17 349.2 966950K .......... .......... .......... .......... .......... 14% 3.74M 18m47s
#17 349.3 967000K .......... .......... .......... .......... .......... 14% 6.50M 18m47s
#17 349.3 967050K .......... .......... .......... .......... .......... 14% 16.5M 18m47s
#17 349.3 967100K .......... .......... .......... .......... .......... 14% 2.49M 18m47s
#17 349.3 967150K .......... .......... .......... .......... .......... 14% 4.04M 18m47s
#17 349.3 967200K .......... .......... .......... .......... .......... 14% 1.57M 18m47s
#17 349.3 967250K .......... .......... .......... .......... .......... 14% 4.69M 18m47s
#17 349.3 967300K .......... .......... .......... .......... .......... 14% 7.49M 18m47s
#17 349.3 967350K .......... .......... .......... .......... .......... 14% 10.0M 18m47s
#17 349.4 967400K .......... .......... .......... .......... .......... 14% 2.71M 18m47s
#17 349.4 967450K .......... .......... .......... .......... .......... 14% 2.88M 18m47s
#17 349.4 967500K .......... .......... .......... .......... .......... 14% 1.20M 18m47s
#17 349.5 967550K .......... .......... .......... .......... .......... 14%  332K 18m48s
#17 349.6 967600K .......... .......... .......... .......... .......... 14%  825K 18m48s
#17 349.6 967650K .......... .......... .......... .......... .......... 14% 7.31M 18m48s
#17 349.6 967700K .......... .......... .......... .......... .......... 14% 3.44M 18m48s
#17 349.7 967750K .......... .......... .......... .......... .......... 14% 1.83M 18m48s
#17 349.7 967800K .......... .......... .......... .......... .......... 14% 2.63M 18m48s
#17 349.7 967850K .......... .......... .......... .......... .......... 14% 4.29M 18m48s
#17 349.7 967900K .......... .......... .......... .......... .......... 14% 3.59M 18m48s
#17 349.7 967950K .......... .......... .......... .......... .......... 14% 2.92M 18m48s
#17 349.7 968000K .......... .......... .......... .......... .......... 14% 2.94M 18m48s
#17 349.8 968050K .......... .......... .......... .......... .......... 14% 4.81M 18m48s
#17 349.8 968100K .......... .......... .......... .......... .......... 14% 1.98M 18m49s
#17 349.8 968150K .......... .......... .......... .......... .......... 14% 2.53M 18m49s
#17 349.8 968200K .......... .......... .......... .......... .......... 14% 16.9M 18m49s
#17 349.8 968250K .......... .......... .......... .......... .......... 14% 1.92M 18m49s
#17 349.8 968300K .......... .......... .......... .......... .......... 14% 3.30M 18m49s
#17 349.9 968350K .......... .......... .......... .......... .......... 14% 2.74M 18m49s
#17 349.9 968400K .......... .......... .......... .......... .......... 14% 2.40M 18m49s
#17 349.9 968450K .......... .......... .......... .......... .......... 14% 24.2M 18m49s
#17 349.9 968500K .......... .......... .......... .......... .......... 14% 3.88M 18m49s
#17 349.9 968550K .......... .......... .......... .......... .......... 14% 2.26M 18m49s
#17 349.9 968600K .......... .......... .......... .......... .......... 14% 3.06M 18m49s
#17 350.0 968650K .......... .......... .......... .......... .......... 14% 25.7M 18m49s
#17 350.0 968700K .......... .......... .......... .......... .......... 14% 4.82M 18m49s
#17 350.0 968750K .......... .......... .......... .......... .......... 14% 2.86M 18m49s
#17 350.0 968800K .......... .......... .......... .......... .......... 14% 2.68M 18m49s
#17 350.0 968850K .......... .......... .......... .......... .......... 14% 11.0M 18m49s
#17 350.0 968900K .......... .......... .......... .......... .......... 14% 2.91M 18m49s
#17 350.0 968950K .......... .......... .......... .......... .......... 14% 3.18M 18m49s
#17 350.0 969000K .......... .......... .......... .......... .......... 14% 6.64M 18m49s
#17 350.0 969050K .......... .......... .......... .......... .......... 14% 2.52M 18m49s
#17 350.1 969100K .......... .......... .......... .......... .......... 14% 2.23M 18m49s
#17 350.1 969150K .......... .......... .......... .......... .......... 14% 1.38M 18m49s
#17 350.1 969200K .......... .......... .......... .......... .......... 14% 57.1M 18m49s
#17 350.1 969250K .......... .......... .......... .......... .......... 14% 86.7M 18m49s
#17 350.1 969300K .......... .......... .......... .......... .......... 14% 2.79M 18m49s
#17 350.1 969350K .......... .......... .......... .......... .......... 14% 5.86M 18m49s
#17 350.1 969400K .......... .......... .......... .......... .......... 14% 3.22M 18m49s
#17 350.2 969450K .......... .......... .......... .......... .......... 14% 2.69M 18m49s
#17 350.2 969500K .......... .......... .......... .......... .......... 14% 3.26M 18m49s
#17 350.2 969550K .......... .......... .......... .......... .......... 14% 3.31M 18m49s
#17 350.2 969600K .......... .......... .......... .......... .......... 14% 2.47M 18m49s
#17 350.2 969650K .......... .......... .......... .......... .......... 14% 2.48M 18m49s
#17 350.3 969700K .......... .......... .......... .......... .......... 14% 40.1M 18m49s
#17 350.3 969750K .......... .......... .......... .......... .......... 14% 3.29M 18m49s
#17 350.3 969800K .......... .......... .......... .......... .......... 14% 2.81M 18m49s
#17 350.3 969850K .......... .......... .......... .......... .......... 14% 3.52M 18m49s
#17 350.3 969900K .......... .......... .......... .......... .......... 14% 4.15M 18m49s
#17 350.3 969950K .......... .......... .......... .......... .......... 14% 2.71M 18m49s
#17 350.3 970000K .......... .......... .......... .......... .......... 14% 2.79M 18m49s
#17 350.3 970050K .......... .......... .......... .......... .......... 14% 4.56M 18m49s
#17 350.4 970100K .......... .......... .......... .......... .......... 14% 3.01M 18m49s
#17 350.4 970150K .......... .......... .......... .......... .......... 14% 4.31M 18m49s
#17 350.4 970200K .......... .......... .......... .......... .......... 14% 12.4M 18m49s
#17 350.4 970250K .......... .......... .......... .......... .......... 14% 2.88M 18m49s
#17 350.4 970300K .......... .......... .......... .......... .......... 14% 5.11M 18m49s
#17 350.4 970350K .......... .......... .......... .......... .......... 14% 1.51M 18m49s
#17 350.4 970400K .......... .......... .......... .......... .......... 14% 2.51M 18m49s
#17 350.5 970450K .......... .......... .......... .......... .......... 14% 55.0M 18m49s
#17 350.5 970500K .......... .......... .......... .......... .......... 14% 3.46M 18m49s
#17 350.5 970550K .......... .......... .......... .......... .......... 14% 4.52M 18m49s
#17 350.5 970600K .......... .......... .......... .......... .......... 14% 12.2M 18m49s
#17 350.5 970650K .......... .......... .......... .......... .......... 14% 1.09M 18m50s
#17 350.5 970700K .......... .......... .......... .......... .......... 14% 37.9M 18m49s
#17 350.5 970750K .......... .......... .......... .......... .......... 14% 1.25M 18m50s
#17 350.6 970800K .......... .......... .......... .......... .......... 14% 1.00M 18m50s
#17 350.6 970850K .......... .......... .......... .......... .......... 14%  313K 18m51s
#17 350.8 970900K .......... .......... .......... .......... .......... 14% 1.01M 18m51s
#17 350.8 970950K .......... .......... .......... .......... .......... 14% 3.87M 18m51s
#17 350.9 971000K .......... .......... .......... .......... .......... 14% 4.84M 18m51s
#17 350.9 971050K .......... .......... .......... .......... .......... 14% 3.29M 18m51s
#17 350.9 971100K .......... .......... .......... .......... .......... 14% 24.0M 18m51s
#17 350.9 971150K .......... .......... .......... .......... .......... 14% 3.78M 18m51s
#17 350.9 971200K .......... .......... .......... .......... .......... 14% 38.6M 18m51s
#17 350.9 971250K .......... .......... .......... .......... .......... 14% 13.3M 18m51s
#17 350.9 971300K .......... .......... .......... .......... .......... 14% 1.87M 18m51s
#17 350.9 971350K .......... .......... .......... .......... .......... 14% 1.15M 18m51s
#17 351.0 971400K .......... .......... .......... .......... .......... 14% 19.2M 18m51s
#17 351.0 971450K .......... .......... .......... .......... .......... 14% 30.7M 18m51s
#17 351.0 971500K .......... .......... .......... .......... .......... 14% 1.78M 18m51s
#17 351.0 971550K .......... .......... .......... .......... .......... 14% 50.3M 18m51s
#17 351.0 971600K .......... .......... .......... .......... .......... 14% 59.4M 18m51s
#17 351.0 971650K .......... .......... .......... .......... .......... 14% 4.55M 18m51s
#17 351.0 971700K .......... .......... .......... .......... .......... 14% 68.4M 18m51s
#17 351.0 971750K .......... .......... .......... .......... .......... 14% 8.72M 18m51s
#17 351.0 971800K .......... .......... .......... .......... .......... 14% 4.63M 18m51s
#17 351.0 971850K .......... .......... .......... .......... .......... 14% 4.09M 18m51s
#17 351.0 971900K .......... .......... .......... .......... .......... 14% 59.4M 18m51s
#17 351.0 971950K .......... .......... .......... .......... .......... 14% 62.3M 18m51s
#17 351.0 972000K .......... .......... .......... .......... .......... 14% 8.64M 18m51s
#17 351.0 972050K .......... .......... .......... .......... .......... 14% 12.1M 18m51s
#17 351.0 972100K .......... .......... .......... .......... .......... 14% 3.16M 18m51s
#17 351.1 972150K .......... .......... .......... .......... .......... 14% 30.8M 18m51s
#17 351.1 972200K .......... .......... .......... .......... .......... 14% 4.08M 18m51s
#17 351.1 972250K .......... .......... .......... .......... .......... 14% 4.42M 18m51s
#17 351.1 972300K .......... .......... .......... .......... .......... 14% 53.5M 18m51s
#17 351.1 972350K .......... .......... .......... .......... .......... 14% 7.44M 18m51s
#17 351.1 972400K .......... .......... .......... .......... .......... 14% 5.86M 18m51s
#17 351.1 972450K .......... .......... .......... .......... .......... 14% 8.10M 18m50s
#17 351.1 972500K .......... .......... .......... .......... .......... 14% 41.5M 18m50s
#17 351.1 972550K .......... .......... .......... .......... .......... 14% 4.50M 18m50s
#17 351.1 972600K .......... .......... .......... .......... .......... 14% 4.32M 18m50s
#17 351.1 972650K .......... .......... .......... .......... .......... 14% 3.20M 18m50s
#17 351.1 972700K .......... .......... .......... .......... .......... 14% 20.2M 18m50s
#17 351.2 972750K .......... .......... .......... .......... .......... 14%  117M 18m50s
#17 351.2 972800K .......... .......... .......... .......... .......... 14% 26.7M 18m50s
#17 351.2 972850K .......... .......... .......... .......... .......... 14% 6.41M 18m50s
#17 351.2 972900K .......... .......... .......... .......... .......... 14% 20.2M 18m50s
#17 351.2 972950K .......... .......... .......... .......... .......... 14% 16.9M 18m50s
#17 351.2 973000K .......... .......... .......... .......... .......... 14% 5.22M 18m50s
#17 351.2 973050K .......... .......... .......... .......... .......... 14% 6.98M 18m50s
#17 351.2 973100K .......... .......... .......... .......... .......... 14% 57.6M 18m50s
#17 351.2 973150K .......... .......... .......... .......... .......... 14% 2.85M 18m50s
#17 351.2 973200K .......... .......... .......... .......... .......... 14% 4.54M 18m50s
#17 351.2 973250K .......... .......... .......... .......... .......... 14% 1.95M 18m50s
#17 351.3 973300K .......... .......... .......... .......... .......... 14% 48.2M 18m50s
#17 351.3 973350K .......... .......... .......... .......... .......... 14% 55.7M 18m50s
#17 351.3 973400K .......... .......... .......... .......... .......... 14% 78.1M 18m50s
#17 351.3 973450K .......... .......... .......... .......... .......... 14% 3.10M 18m50s
#17 351.3 973500K .......... .......... .......... .......... .......... 14% 4.56M 18m50s
#17 351.3 973550K .......... .......... .......... .......... .......... 14% 52.8M 18m50s
#17 351.3 973600K .......... .......... .......... .......... .......... 14% 2.15M 18m50s
#17 351.3 973650K .......... .......... .......... .......... .......... 14% 2.90M 18m50s
#17 351.3 973700K .......... .......... .......... .......... .......... 14% 32.5M 18m50s
#17 351.3 973750K .......... .......... .......... .......... .......... 14% 15.0M 18m50s
#17 351.3 973800K .......... .......... .......... .......... .......... 14% 5.30M 18m50s
#17 351.3 973850K .......... .......... .......... .......... .......... 14% 2.18M 18m50s
#17 351.3 973900K .......... .......... .......... .......... .......... 14% 2.53M 18m50s
#17 351.4 973950K .......... .......... .......... .......... .......... 14% 4.67M 18m50s
#17 351.4 974000K .......... .......... .......... .......... .......... 14% 3.59M 18m50s
#17 351.4 974050K .......... .......... .......... .......... .......... 14% 4.43M 18m50s
#17 351.4 974100K .......... .......... .......... .......... .......... 14% 2.19M 18m50s
#17 351.4 974150K .......... .......... .......... .......... .......... 14% 2.41M 18m50s
#17 351.4 974200K .......... .......... .......... .......... .......... 14% 3.35M 18m50s
#17 351.5 974250K .......... .......... .......... .......... .......... 14% 57.0M 18m50s
#17 351.5 974300K .......... .......... .......... .......... .......... 14% 1.29M 18m50s
#17 351.5 974350K .......... .......... .......... .......... .......... 14% 9.73M 18m50s
#17 351.5 974400K .......... .......... .......... .......... .......... 14% 72.8M 18m50s
#17 351.5 974450K .......... .......... .......... .......... .......... 14% 1.58M 18m50s
#17 351.5 974500K .......... .......... .......... .......... .......... 14% 8.49M 18m50s
#17 351.5 974550K .......... .......... .......... .......... .......... 14% 4.25M 18m50s
#17 351.5 974600K .......... .......... .......... .......... .......... 14% 3.60M 18m50s
#17 351.6 974650K .......... .......... .......... .......... .......... 14% 38.2M 18m50s
#17 351.6 974700K .......... .......... .......... .......... .......... 14% 37.2M 18m50s
#17 351.6 974750K .......... .......... .......... .......... .......... 14% 1.99M 18m50s
#17 351.6 974800K .......... .......... .......... .......... .......... 14% 2.61M 18m50s
#17 351.6 974850K .......... .......... .......... .......... .......... 14% 7.00M 18m50s
#17 351.6 974900K .......... .......... .......... .......... .......... 14% 4.79M 18m50s
#17 351.6 974950K .......... .......... .......... .......... .......... 14% 68.3M 18m50s
#17 351.6 975000K .......... .......... .......... .......... .......... 14% 3.70M 18m50s
#17 351.6 975050K .......... .......... .......... .......... .......... 14% 6.79M 18m50s
#17 351.6 975100K .......... .......... .......... .......... .......... 14% 4.85M 18m50s
#17 351.7 975150K .......... .......... .......... .......... .......... 14% 7.49M 18m50s
#17 351.7 975200K .......... .......... .......... .......... .......... 14% 1.99M 18m50s
#17 351.7 975250K .......... .......... .......... .......... .......... 14% 1.43M 18m50s
#17 351.7 975300K .......... .......... .......... .......... .......... 14% 1.74M 18m50s
#17 351.7 975350K .......... .......... .......... .......... .......... 14% 78.7M 18m50s
#17 351.7 975400K .......... .......... .......... .......... .......... 14% 27.7M 18m50s
#17 351.7 975450K .......... .......... .......... .......... .......... 14% 3.45M 18m50s
#17 351.8 975500K .......... .......... .......... .......... .......... 14% 5.35M 18m50s
#17 351.8 975550K .......... .......... .......... .......... .......... 14% 2.88M 18m50s
#17 351.8 975600K .......... .......... .......... .......... .......... 14% 6.01M 18m50s
#17 351.8 975650K .......... .......... .......... .......... .......... 14% 1.28M 18m50s
#17 351.8 975700K .......... .......... .......... .......... .......... 14% 2.94M 18m50s
#17 351.9 975750K .......... .......... .......... .......... .......... 14% 59.9M 18m50s
#17 351.9 975800K .......... .......... .......... .......... .......... 14% 82.2M 18m50s
#17 351.9 975850K .......... .......... .......... .......... .......... 14% 63.0M 18m50s
#17 351.9 975900K .......... .......... .......... .......... .......... 14% 2.58M 18m50s
#17 351.9 975950K .......... .......... .......... .......... .......... 14% 3.31M 18m50s
#17 351.9 976000K .......... .......... .......... .......... .......... 14% 3.87M 18m50s
#17 351.9 976050K .......... .......... .......... .......... .......... 14% 3.67M 18m50s
#17 351.9 976100K .......... .......... .......... .......... .......... 14% 3.03M 18m50s
#17 351.9 976150K .......... .......... .......... .......... .......... 14% 7.28M 18m50s
#17 351.9 976200K .......... .......... .......... .......... .......... 14% 3.67M 18m50s
#17 352.0 976250K .......... .......... .......... .......... .......... 14% 3.20M 18m50s
#17 352.0 976300K .......... .......... .......... .......... .......... 14% 2.13M 18m50s
#17 352.0 976350K .......... .......... .......... .......... .......... 14% 1.56M 18m51s
#17 352.0 976400K .......... .......... .......... .......... .......... 14% 68.6M 18m51s
#17 352.1 976450K .......... .......... .......... .......... .......... 14% 1.14M 18m51s
#17 352.1 976500K .......... .......... .......... .......... .......... 14% 1.73M 18m51s
#17 352.1 976550K .......... .......... .......... .......... .......... 14% 16.4M 18m51s
#17 352.1 976600K .......... .......... .......... .......... .......... 14% 2.50M 18m51s
#17 352.1 976650K .......... .......... .......... .......... .......... 14% 3.47M 18m51s
#17 352.1 976700K .......... .......... .......... .......... .......... 14% 2.43M 18m51s
#17 352.1 976750K .......... .......... .......... .......... .......... 14% 2.16M 18m51s
#17 352.2 976800K .......... .......... .......... .......... .......... 14% 4.12M 18m51s
#17 352.2 976850K .......... .......... .......... .......... .......... 14% 5.93M 18m51s
#17 352.2 976900K .......... .......... .......... .......... .......... 14% 6.65M 18m51s
#17 352.2 976950K .......... .......... .......... .......... .......... 14% 6.39M 18m51s
#17 352.2 977000K .......... .......... .......... .......... .......... 14% 5.54M 18m51s
#17 352.2 977050K .......... .......... .......... .......... .......... 14% 44.9M 18m51s
#17 352.2 977100K .......... .......... .......... .......... .......... 14% 3.24M 18m51s
#17 352.2 977150K .......... .......... .......... .......... .......... 14% 2.78M 18m51s
#17 352.2 977200K .......... .......... .......... .......... .......... 14% 6.45M 18m51s
#17 352.3 977250K .......... .......... .......... .......... .......... 14% 2.10M 18m51s
#17 352.3 977300K .......... .......... .......... .......... .......... 14% 5.89M 18m51s
#17 352.3 977350K .......... .......... .......... .......... .......... 14% 2.38M 18m51s
#17 352.3 977400K .......... .......... .......... .......... .......... 14% 3.07M 18m51s
#17 352.3 977450K .......... .......... .......... .......... .......... 14% 1.18M 18m51s
#17 352.4 977500K .......... .......... .......... .......... .......... 14%  786K 18m51s
#17 352.4 977550K .......... .......... .......... .......... .......... 14% 2.32M 18m52s
#17 352.4 977600K .......... .......... .......... .......... .......... 14% 2.50M 18m52s
#17 352.5 977650K .......... .......... .......... .......... .......... 14% 41.3M 18m52s
#17 352.5 977700K .......... .......... .......... .......... .......... 14% 1.08M 18m52s
#17 352.5 977750K .......... .......... .......... .......... .......... 14% 1.89M 18m52s
#17 352.5 977800K .......... .......... .......... .......... .......... 14% 3.61M 18m52s
#17 352.6 977850K .......... .......... .......... .......... .......... 14% 2.20M 18m52s
#17 352.6 977900K .......... .......... .......... .......... .......... 14% 9.33M 18m52s
#17 352.6 977950K .......... .......... .......... .......... .......... 14% 2.00M 18m52s
#17 352.6 978000K .......... .......... .......... .......... .......... 14% 21.1M 18m52s
#17 352.6 978050K .......... .......... .......... .......... .......... 14% 49.4M 18m52s
#17 352.6 978100K .......... .......... .......... .......... .......... 14% 4.72M 18m52s
#17 352.6 978150K .......... .......... .......... .......... .......... 14% 6.04M 18m52s
#17 352.7 978200K .......... .......... .......... .......... .......... 14% 1.27M 18m52s
#17 352.7 978250K .......... .......... .......... .......... .......... 14% 51.4M 18m52s
#17 352.7 978300K .......... .......... .......... .......... .......... 14% 44.5M 18m52s
#17 352.7 978350K .......... .......... .......... .......... .......... 14% 5.51M 18m52s
#17 352.7 978400K .......... .......... .......... .......... .......... 14%  925K 18m52s
#17 352.7 978450K .......... .......... .......... .......... .......... 14% 1.72M 18m52s
#17 352.8 978500K .......... .......... .......... .......... .......... 14% 71.4M 18m52s
#17 352.8 978550K .......... .......... .......... .......... .......... 14% 8.89M 18m52s
#17 352.8 978600K .......... .......... .......... .......... .......... 14% 3.81M 18m52s
#17 352.8 978650K .......... .......... .......... .......... .......... 14% 4.37M 18m52s
#17 352.8 978700K .......... .......... .......... .......... .......... 14% 3.39M 18m52s
#17 352.8 978750K .......... .......... .......... .......... .......... 14% 5.12M 18m52s
#17 352.8 978800K .......... .......... .......... .......... .......... 14% 4.50M 18m52s
#17 352.8 978850K .......... .......... .......... .......... .......... 14% 1.98M 18m52s
#17 352.8 978900K .......... .......... .......... .......... .......... 14% 3.02M 18m52s
#17 352.9 978950K .......... .......... .......... .......... .......... 14% 1.37M 18m52s
#17 352.9 979000K .......... .......... .......... .......... .......... 14%  966K 18m53s
#17 353.0 979050K .......... .......... .......... .......... .......... 14% 3.33M 18m53s
#17 353.0 979100K .......... .......... .......... .......... .......... 14% 3.04M 18m53s
#17 353.0 979150K .......... .......... .......... .......... .......... 14% 3.32M 18m53s
#17 353.0 979200K .......... .......... .......... .......... .......... 14% 3.75M 18m53s
#17 353.0 979250K .......... .......... .......... .......... .......... 14% 1.64M 18m53s
#17 353.1 979300K .......... .......... .......... .......... .......... 14% 7.93M 18m53s
#17 353.1 979350K .......... .......... .......... .......... .......... 14% 9.38M 18m53s
#17 353.1 979400K .......... .......... .......... .......... .......... 14% 7.93M 18m53s
#17 353.1 979450K .......... .......... .......... .......... .......... 14% 3.76M 18m53s
#17 353.1 979500K .......... .......... .......... .......... .......... 14% 16.9M 18m53s
#17 353.1 979550K .......... .......... .......... .......... .......... 14% 5.10M 18m53s
#17 353.1 979600K .......... .......... .......... .......... .......... 14% 6.89M 18m53s
#17 353.1 979650K .......... .......... .......... .......... .......... 14% 42.5M 18m53s
#17 353.1 979700K .......... .......... .......... .......... .......... 14% 3.16M 18m53s
#17 353.1 979750K .......... .......... .......... .......... .......... 14% 3.98M 18m53s
#17 353.1 979800K .......... .......... .......... .......... .......... 14% 53.2M 18m52s
#17 353.1 979850K .......... .......... .......... .......... .......... 14% 6.02M 18m52s
#17 353.1 979900K .......... .......... .......... .......... .......... 14% 15.4M 18m52s
#17 353.1 979950K .......... .......... .......... .......... .......... 14% 3.34M 18m52s
#17 353.1 980000K .......... .......... .......... .......... .......... 14% 4.34M 18m52s
#17 353.2 980050K .......... .......... .......... .......... .......... 14% 9.32M 18m52s
#17 353.2 980100K .......... .......... .......... .......... .......... 14% 45.9M 18m52s
#17 353.2 980150K .......... .......... .......... .......... .......... 14% 3.07M 18m52s
#17 353.2 980200K .......... .......... .......... .......... .......... 14% 2.76M 18m52s
#17 353.2 980250K .......... .......... .......... .......... .......... 14% 2.80M 18m52s
#17 353.2 980300K .......... .......... .......... .......... .......... 14% 3.07M 18m52s
#17 353.2 980350K .......... .......... .......... .......... .......... 14% 13.6M 18m52s
#17 353.2 980400K .......... .......... .......... .......... .......... 14% 8.34M 18m52s
#17 353.2 980450K .......... .......... .......... .......... .......... 14% 5.21M 18m52s
#17 353.3 980500K .......... .......... .......... .......... .......... 14% 3.09M 18m52s
#17 353.3 980550K .......... .......... .......... .......... .......... 14% 3.77M 18m52s
#17 353.3 980600K .......... .......... .......... .......... .......... 14% 3.28M 18m52s
#17 353.3 980650K .......... .......... .......... .......... .......... 14% 1.00M 18m53s
#17 353.3 980700K .......... .......... .......... .......... .......... 14% 25.2M 18m53s
#17 353.3 980750K .......... .......... .......... .......... .......... 14% 3.14M 18m53s
#17 353.4 980800K .......... .......... .......... .......... .......... 14% 1.14M 18m53s
#17 353.4 980850K .......... .......... .......... .......... .......... 14% 2.67M 18m53s
#17 353.4 980900K .......... .......... .......... .......... .......... 14% 3.95M 18m53s
#17 353.4 980950K .......... .......... .......... .......... .......... 14% 2.26M 18m53s
#17 353.5 981000K .......... .......... .......... .......... .......... 14% 51.8M 18m53s
#17 353.5 981050K .......... .......... .......... .......... .......... 14% 37.9M 18m53s
#17 353.5 981100K .......... .......... .......... .......... .......... 14% 3.52M 18m53s
#17 353.5 981150K .......... .......... .......... .......... .......... 14% 25.3M 18m53s
#17 353.5 981200K .......... .......... .......... .......... .......... 14% 38.8M 18m53s
#17 353.5 981250K .......... .......... .......... .......... .......... 14% 12.4M 18m53s
#17 353.5 981300K .......... .......... .......... .......... .......... 14% 1.32M 18m53s
#17 353.5 981350K .......... .......... .......... .......... .......... 14% 1.36M 18m53s
#17 353.6 981400K .......... .......... .......... .......... .......... 14% 1.05M 18m53s
#17 353.6 981450K .......... .......... .......... .......... .......... 14% 2.55M 18m53s
#17 353.6 981500K .......... .......... .......... .......... .......... 14% 1.20M 18m53s
#17 353.7 981550K .......... .......... .......... .......... .......... 14% 39.1M 18m53s
#17 353.7 981600K .......... .......... .......... .......... .......... 14% 39.7M 18m53s
#17 353.7 981650K .......... .......... .......... .......... .......... 14% 2.16M 18m53s
#17 353.7 981700K .......... .......... .......... .......... .......... 14% 1.29M 18m53s
#17 353.7 981750K .......... .......... .......... .......... .......... 14% 2.34M 18m54s
#17 353.8 981800K .......... .......... .......... .......... .......... 14% 1.81M 18m54s
#17 353.8 981850K .......... .......... .......... .......... .......... 14% 20.2M 18m54s
#17 353.8 981900K .......... .......... .......... .......... .......... 14% 41.6M 18m53s
#17 353.8 981950K .......... .......... .......... .......... .......... 14% 1.89M 18m54s
#17 353.8 982000K .......... .......... .......... .......... .......... 14% 2.66M 18m54s
#17 353.8 982050K .......... .......... .......... .......... .......... 14% 3.11M 18m54s
#17 353.8 982100K .......... .......... .......... .......... .......... 14% 3.63M 18m54s
#17 353.8 982150K .......... .......... .......... .......... .......... 14% 12.4M 18m54s
#17 353.9 982200K .......... .......... .......... .......... .......... 14% 3.26M 18m54s
#17 353.9 982250K .......... .......... .......... .......... .......... 14% 5.07M 18m54s
#17 353.9 982300K .......... .......... .......... .......... .......... 14% 1.99M 18m54s
#17 353.9 982350K .......... .......... .......... .......... .......... 14%  986K 18m54s
#17 354.0 982400K .......... .......... .......... .......... .......... 14% 3.97M 18m54s
#17 354.0 982450K .......... .......... .......... .......... .......... 14% 4.66M 18m54s
#17 354.0 982500K .......... .......... .......... .......... .......... 14% 1.06M 18m54s
#17 354.0 982550K .......... .......... .......... .......... .......... 14% 54.7M 18m54s
#17 354.0 982600K .......... .......... .......... .......... .......... 14% 87.2M 18m54s
#17 354.0 982650K .......... .......... .......... .......... .......... 14% 96.9M 18m54s
#17 354.0 982700K .......... .......... .......... .......... .......... 14% 2.90M 18m54s
#17 354.1 982750K .......... .......... .......... .......... .......... 14% 2.43M 18m54s
#17 354.1 982800K .......... .......... .......... .......... .......... 14% 3.61M 18m54s
#17 354.1 982850K .......... .......... .......... .......... .......... 14% 35.9M 18m54s
#17 354.1 982900K .......... .......... .......... .......... .......... 14% 30.1M 18m54s
#17 354.1 982950K .......... .......... .......... .......... .......... 14% 4.03M 18m54s
#17 354.1 983000K .......... .......... .......... .......... .......... 14% 25.1M 18m54s
#17 354.1 983050K .......... .......... .......... .......... .......... 14% 9.48M 18m54s
#17 354.1 983100K .......... .......... .......... .......... .......... 14% 4.89M 18m54s
#17 354.1 983150K .......... .......... .......... .......... .......... 14% 32.6M 18m54s
#17 354.1 983200K .......... .......... .......... .......... .......... 14% 49.9M 18m54s
#17 354.1 983250K .......... .......... .......... .......... .......... 14% 1.62M 18m54s
#17 354.1 983300K .......... .......... .......... .......... .......... 14% 26.1M 18m54s
#17 354.1 983350K .......... .......... .......... .......... .......... 14% 51.8M 18m54s
#17 354.1 983400K .......... .......... .......... .......... .......... 14% 55.0M 18m54s
#17 354.1 983450K .......... .......... .......... .......... .......... 14% 3.23M 18m54s
#17 354.2 983500K .......... .......... .......... .......... .......... 14% 52.0M 18m54s
#17 354.2 983550K .......... .......... .......... .......... .......... 14% 17.6M 18m54s
#17 354.2 983600K .......... .......... .......... .......... .......... 14% 11.1M 18m53s
#17 354.2 983650K .......... .......... .......... .......... .......... 14% 37.9M 18m53s
#17 354.2 983700K .......... .......... .......... .......... .......... 14% 3.49M 18m53s
#17 354.2 983750K .......... .......... .......... .......... .......... 14% 3.68M 18m53s
#17 354.2 983800K .......... .......... .......... .......... .......... 14% 3.99M 18m53s
#17 354.2 983850K .......... .......... .......... .......... .......... 14% 11.2M 18m53s
#17 354.2 983900K .......... .......... .......... .......... .......... 14% 53.3M 18m53s
#17 354.2 983950K .......... .......... .......... .......... .......... 14% 3.36M 18m53s
#17 354.2 984000K .......... .......... .......... .......... .......... 14% 2.95M 18m53s
#17 354.2 984050K .......... .......... .......... .......... .......... 14% 4.56M 18m53s
#17 354.3 984100K .......... .......... .......... .......... .......... 14% 41.6M 18m53s
#17 354.3 984150K .......... .......... .......... .......... .......... 14% 2.89M 18m53s
#17 354.3 984200K .......... .......... .......... .......... .......... 14% 2.82M 18m53s
#17 354.3 984250K .......... .......... .......... .......... .......... 14% 3.84M 18m53s
#17 354.3 984300K .......... .......... .......... .......... .......... 14% 3.48M 18m53s
#17 354.3 984350K .......... .......... .......... .......... .......... 14% 3.74M 18m53s
#17 354.3 984400K .......... .......... .......... .......... .......... 14% 7.73M 18m53s
#17 354.3 984450K .......... .......... .......... .......... .......... 14% 4.11M 18m53s
#17 354.3 984500K .......... .......... .......... .......... .......... 14% 59.0M 18m53s
#17 354.3 984550K .......... .......... .......... .......... .......... 14% 3.39M 18m53s
#17 354.4 984600K .......... .......... .......... .......... .......... 14% 14.7M 18m53s
#17 354.4 984650K .......... .......... .......... .......... .......... 14% 2.58M 18m53s
#17 354.4 984700K .......... .......... .......... .......... .......... 14% 5.82M 18m53s
#17 354.4 984750K .......... .......... .......... .......... .......... 14% 3.40M 18m53s
#17 354.4 984800K .......... .......... .......... .......... .......... 14% 8.11M 18m53s
#17 354.4 984850K .......... .......... .......... .......... .......... 14% 1.58M 18m53s
#17 354.4 984900K .......... .......... .......... .......... .......... 14% 2.42M 18m53s
#17 354.5 984950K .......... .......... .......... .......... .......... 14% 3.21M 18m54s
#17 354.5 985000K .......... .......... .......... .......... .......... 14% 6.93M 18m53s
#17 354.5 985050K .......... .......... .......... .......... .......... 14% 5.95M 18m53s
#17 354.5 985100K .......... .......... .......... .......... .......... 14% 3.73M 18m53s
#17 354.5 985150K .......... .......... .......... .......... .......... 14% 5.27M 18m53s
#17 354.5 985200K .......... .......... .......... .......... .......... 14% 4.85M 18m53s
#17 354.5 985250K .......... .......... .......... .......... .......... 14% 5.81M 18m53s
#17 354.5 985300K .......... .......... .......... .......... .......... 14% 4.84M 18m53s
#17 354.5 985350K .......... .......... .......... .......... .......... 14% 14.0M 18m53s
#17 354.5 985400K .......... .......... .......... .......... .......... 14% 3.02M 18m53s
#17 354.6 985450K .......... .......... .......... .......... .......... 14% 11.2M 18m53s
#17 354.6 985500K .......... .......... .......... .......... .......... 14% 3.02M 18m53s
#17 354.6 985550K .......... .......... .......... .......... .......... 14% 4.34M 18m53s
#17 354.6 985600K .......... .......... .......... .......... .......... 14% 10.6M 18m53s
#17 354.6 985650K .......... .......... .......... .......... .......... 14% 5.01M 18m53s
#17 354.6 985700K .......... .......... .......... .......... .......... 14% 3.49M 18m53s
#17 354.6 985750K .......... .......... .......... .......... .......... 14% 3.40M 18m53s
#17 354.6 985800K .......... .......... .......... .......... .......... 14% 2.73M 18m53s
#17 354.7 985850K .......... .......... .......... .......... .......... 14% 1.74M 18m54s
#17 354.7 985900K .......... .......... .......... .......... .......... 14% 3.78M 18m54s
#17 354.7 985950K .......... .......... .......... .......... .......... 14% 13.3M 18m53s
#17 354.7 986000K .......... .......... .......... .......... .......... 14% 7.45M 18m53s
#17 354.7 986050K .......... .......... .......... .......... .......... 14% 4.32M 18m53s
#17 354.7 986100K .......... .......... .......... .......... .......... 14% 5.55M 18m53s
#17 354.7 986150K .......... .......... .......... .......... .......... 14% 47.6M 18m53s
#17 354.7 986200K .......... .......... .......... .......... .......... 14% 1.20M 18m54s
#17 354.8 986250K .......... .......... .......... .......... .......... 14% 2.67M 18m54s
#17 354.8 986300K .......... .......... .......... .......... .......... 14% 2.04M 18m54s
#17 354.8 986350K .......... .......... .......... .......... .......... 14% 2.82M 18m54s
#17 354.8 986400K .......... .......... .......... .......... .......... 14% 4.44M 18m54s
#17 354.8 986450K .......... .......... .......... .......... .......... 14% 3.17M 18m54s
#17 354.9 986500K .......... .......... .......... .......... .......... 14% 5.66M 18m54s
#17 354.9 986550K .......... .......... .......... .......... .......... 14% 3.28M 18m54s
#17 354.9 986600K .......... .......... .......... .......... .......... 14% 6.47M 18m54s
#17 354.9 986650K .......... .......... .......... .......... .......... 14% 3.81M 18m54s
#17 354.9 986700K .......... .......... .......... .......... .......... 14% 4.61M 18m54s
#17 354.9 986750K .......... .......... .......... .......... .......... 14% 6.86M 18m54s
#17 354.9 986800K .......... .......... .......... .......... .......... 14% 2.45M 18m54s
#17 354.9 986850K .......... .......... .......... .......... .......... 14% 15.9M 18m54s
#17 354.9 986900K .......... .......... .......... .......... .......... 14% 3.26M 18m54s
#17 355.0 986950K .......... .......... .......... .......... .......... 14% 4.42M 18m54s
#17 355.0 987000K .......... .......... .......... .......... .......... 14% 7.16M 18m54s
#17 355.0 987050K .......... .......... .......... .......... .......... 14% 5.39M 18m54s
#17 355.0 987100K .......... .......... .......... .......... .......... 14% 8.20M 18m54s
#17 355.0 987150K .......... .......... .......... .......... .......... 14% 4.52M 18m54s
#17 355.0 987200K .......... .......... .......... .......... .......... 14% 6.13M 18m54s
#17 355.0 987250K .......... .......... .......... .......... .......... 14% 27.7M 18m54s
#17 355.0 987300K .......... .......... .......... .......... .......... 14% 37.7M 18m53s
#17 355.0 987350K .......... .......... .......... .......... .......... 14% 17.6M 18m53s
#17 355.0 987400K .......... .......... .......... .......... .......... 14% 15.1M 18m53s
#17 355.0 987450K .......... .......... .......... .......... .......... 14% 10.8M 18m53s
#17 355.0 987500K .......... .......... .......... .......... .......... 14% 7.45M 18m53s
#17 355.0 987550K .......... .......... .......... .......... .......... 14% 53.5M 18m53s
#17 355.0 987600K .......... .......... .......... .......... .......... 14% 8.32M 18m53s
#17 355.0 987650K .......... .......... .......... .......... .......... 14% 4.19M 18m53s
#17 355.0 987700K .......... .......... .......... .......... .......... 14% 4.38M 18m53s
#17 355.1 987750K .......... .......... .......... .......... .......... 14% 5.90M 18m53s
#17 355.1 987800K .......... .......... .......... .......... .......... 14% 3.17M 18m53s
#17 355.1 987850K .......... .......... .......... .......... .......... 14%  648K 18m54s
#17 355.2 987900K .......... .......... .......... .......... .......... 14%  232K 18m55s
#17 355.4 987950K .......... .......... .......... .......... .......... 14% 2.25M 18m55s
#17 355.4 988000K .......... .......... .......... .......... .......... 14% 5.63M 18m55s
#17 355.4 988050K .......... .......... .......... .......... .......... 14% 2.46M 18m55s
#17 355.4 988100K .......... .......... .......... .......... .......... 14% 5.95M 18m55s
#17 355.4 988150K .......... .......... .......... .......... .......... 14% 7.48M 18m55s
#17 355.4 988200K .......... .......... .......... .......... .......... 14% 5.68M 18m55s
#17 355.4 988250K .......... .......... .......... .......... .......... 14% 8.96M 18m55s
#17 355.5 988300K .......... .......... .......... .......... .......... 14% 8.04M 18m55s
#17 355.5 988350K .......... .......... .......... .......... .......... 14% 4.65M 18m55s
#17 355.5 988400K .......... .......... .......... .......... .......... 14% 2.59M 18m55s
#17 355.5 988450K .......... .......... .......... .......... .......... 14% 19.1M 18m55s
#17 355.5 988500K .......... .......... .......... .......... .......... 14% 4.62M 18m55s
#17 355.5 988550K .......... .......... .......... .......... .......... 14% 2.03M 18m55s
#17 355.5 988600K .......... .......... .......... .......... .......... 14% 3.64M 18m55s
#17 355.5 988650K .......... .......... .......... .......... .......... 14% 4.63M 18m55s
#17 355.5 988700K .......... .......... .......... .......... .......... 14% 5.90M 18m55s
#17 355.6 988750K .......... .......... .......... .......... .......... 14% 3.05M 18m55s
#17 355.6 988800K .......... .......... .......... .......... .......... 14% 3.37M 18m55s
#17 355.6 988850K .......... .......... .......... .......... .......... 14% 21.1M 18m55s
#17 355.6 988900K .......... .......... .......... .......... .......... 14% 1.58M 18m55s
#17 355.6 988950K .......... .......... .......... .......... .......... 14% 44.3M 18m55s
#17 355.6 989000K .......... .......... .......... .......... .......... 14% 2.56M 18m55s
#17 355.6 989050K .......... .......... .......... .......... .......... 14% 3.62M 18m55s
#17 355.7 989100K .......... .......... .......... .......... .......... 14% 5.16M 18m55s
#17 355.7 989150K .......... .......... .......... .......... .......... 14% 1.99M 18m55s
#17 355.7 989200K .......... .......... .......... .......... .......... 14% 1.37M 18m55s
#17 355.7 989250K .......... .......... .......... .......... .......... 14% 1.98M 18m55s
#17 355.7 989300K .......... .......... .......... .......... .......... 14% 2.66M 18m55s
#17 355.8 989350K .......... .......... .......... .......... .......... 14% 1.05M 18m55s
#17 355.8 989400K .......... .......... .......... .......... .......... 14% 2.76M 18m55s
#17 355.8 989450K .......... .......... .......... .......... .......... 14% 2.97M 18m55s
#17 355.8 989500K .......... .......... .......... .......... .......... 14% 1.58M 18m56s
#17 355.9 989550K .......... .......... .......... .......... .......... 14% 3.52M 18m56s
#17 355.9 989600K .......... .......... .......... .......... .......... 14% 1.73M 18m56s
#17 355.9 989650K .......... .......... .......... .......... .......... 14% 1.62M 18m56s
#17 355.9 989700K .......... .......... .......... .......... .......... 14% 2.64M 18m56s
#17 356.0 989750K .......... .......... .......... .......... .......... 14% 1.86M 18m56s
#17 356.0 989800K .......... .......... .......... .......... .......... 14% 1.82M 18m56s
#17 356.0 989850K .......... .......... .......... .......... .......... 14% 2.50M 18m56s
#17 356.0 989900K .......... .......... .......... .......... .......... 14% 1.87M 18m56s
#17 356.1 989950K .......... .......... .......... .......... .......... 14% 2.93M 18m56s
#17 356.1 990000K .......... .......... .......... .......... .......... 14% 2.47M 18m56s
#17 356.1 990050K .......... .......... .......... .......... .......... 14% 2.18M 18m56s
#17 356.1 990100K .......... .......... .......... .......... .......... 14% 1.38M 18m56s
#17 356.2 990150K .......... .......... .......... .......... .......... 14% 1.88M 18m57s
#17 356.2 990200K .......... .......... .......... .......... .......... 14% 1.48M 18m57s
#17 356.2 990250K .......... .......... .......... .......... .......... 14% 1.65M 18m57s
#17 356.2 990300K .......... .......... .......... .......... .......... 14% 1.56M 18m57s
#17 356.3 990350K .......... .......... .......... .......... .......... 14% 8.79M 18m57s
#17 356.3 990400K .......... .......... .......... .......... .......... 14% 1.69M 18m57s
#17 356.3 990450K .......... .......... .......... .......... .......... 14% 2.74M 18m57s
#17 356.3 990500K .......... .......... .......... .......... .......... 14% 1007K 18m57s
#17 356.4 990550K .......... .......... .......... .......... .......... 14% 4.20M 18m57s
#17 356.4 990600K .......... .......... .......... .......... .......... 14% 2.47M 18m57s
#17 356.4 990650K .......... .......... .......... .......... .......... 14% 1.74M 18m57s
#17 356.4 990700K .......... .......... .......... .......... .......... 14% 2.04M 18m57s
#17 356.5 990750K .......... .......... .......... .......... .......... 14% 1.83M 18m58s
#17 356.5 990800K .......... .......... .......... .......... .......... 14% 6.91M 18m57s
#17 356.5 990850K .......... .......... .......... .......... .......... 14% 1.56M 18m58s
#17 356.5 990900K .......... .......... .......... .......... .......... 14% 10.9M 18m58s
#17 356.5 990950K .......... .......... .......... .......... .......... 14% 15.7M 18m58s
#17 356.5 991000K .......... .......... .......... .......... .......... 14% 3.06M 18m58s
#17 356.6 991050K .......... .......... .......... .......... .......... 14% 3.54M 18m58s
#17 356.6 991100K .......... .......... .......... .......... .......... 14% 3.24M 18m58s
#17 356.6 991150K .......... .......... .......... .......... .......... 14% 3.46M 18m58s
#17 356.6 991200K .......... .......... .......... .......... .......... 14% 2.26M 18m58s
#17 356.6 991250K .......... .......... .......... .......... .......... 14% 27.1M 18m58s
#17 356.6 991300K .......... .......... .......... .......... .......... 14% 3.66M 18m58s
#17 356.6 991350K .......... .......... .......... .......... .......... 14% 2.80M 18m58s
#17 356.7 991400K .......... .......... .......... .......... .......... 14% 3.94M 18m58s
#17 356.7 991450K .......... .......... .......... .......... .......... 14% 3.30M 18m58s
#17 356.7 991500K .......... .......... .......... .......... .......... 14% 3.48M 18m58s
#17 356.7 991550K .......... .......... .......... .......... .......... 14% 6.29M 18m58s
#17 356.7 991600K .......... .......... .......... .......... .......... 14% 3.13M 18m58s
#17 356.7 991650K .......... .......... .......... .......... .......... 14% 5.65M 18m58s
#17 356.7 991700K .......... .......... .......... .......... .......... 14% 3.47M 18m58s
#17 356.7 991750K .......... .......... .......... .......... .......... 14% 5.17M 18m58s
#17 356.8 991800K .......... .......... .......... .......... .......... 14% 1.38M 18m58s
#17 356.8 991850K .......... .......... .......... .......... .......... 14% 7.88M 18m58s
#17 356.8 991900K .......... .......... .......... .......... .......... 14% 3.89M 18m58s
#17 356.8 991950K .......... .......... .......... .......... .......... 14% 1.49M 18m58s
#17 356.8 992000K .......... .......... .......... .......... .......... 14% 3.50M 18m58s
#17 356.8 992050K .......... .......... .......... .......... .......... 14% 7.99M 18m58s
#17 356.9 992100K .......... .......... .......... .......... .......... 14% 7.46M 18m58s
#17 356.9 992150K .......... .......... .......... .......... .......... 14% 6.99M 18m58s
#17 356.9 992200K .......... .......... .......... .......... .......... 14% 5.95M 18m58s
#17 356.9 992250K .......... .......... .......... .......... .......... 14% 3.01M 18m58s
#17 356.9 992300K .......... .......... .......... .......... .......... 14% 3.94M 18m58s
#17 356.9 992350K .......... .......... .......... .......... .......... 14% 3.22M 18m58s
#17 356.9 992400K .......... .......... .......... .......... .......... 14% 20.4M 18m58s
#17 356.9 992450K .......... .......... .......... .......... .......... 14% 3.08M 18m58s
#17 356.9 992500K .......... .......... .......... .......... .......... 14% 4.31M 18m58s
#17 356.9 992550K .......... .......... .......... .......... .......... 14% 5.14M 18m58s
#17 357.0 992600K .......... .......... .......... .......... .......... 14% 2.13M 18m58s
#17 357.0 992650K .......... .......... .......... .......... .......... 14% 1.26M 18m58s
#17 357.0 992700K .......... .......... .......... .......... .......... 14% 1.23M 18m58s
#17 357.1 992750K .......... .......... .......... .......... .......... 14% 4.63M 18m58s
#17 357.1 992800K .......... .......... .......... .......... .......... 14% 2.85M 18m58s
#17 357.1 992850K .......... .......... .......... .......... .......... 14% 5.96M 18m58s
#17 357.1 992900K .......... .......... .......... .......... .......... 14% 2.90M 18m58s
#17 357.1 992950K .......... .......... .......... .......... .......... 14% 2.71M 18m58s
#17 357.1 993000K .......... .......... .......... .......... .......... 14% 2.28M 18m58s
#17 357.2 993050K .......... .......... .......... .......... .......... 14% 3.32M 18m58s
#17 357.2 993100K .......... .......... .......... .......... .......... 14% 3.02M 18m58s
#17 357.2 993150K .......... .......... .......... .......... .......... 14% 43.0M 18m58s
#17 357.2 993200K .......... .......... .......... .......... .......... 14% 2.62M 18m58s
#17 357.2 993250K .......... .......... .......... .......... .......... 14% 13.3M 18m58s
#17 357.2 993300K .......... .......... .......... .......... .......... 14% 6.13M 18m58s
#17 357.2 993350K .......... .......... .......... .......... .......... 14% 1.78M 18m58s
#17 357.2 993400K .......... .......... .......... .......... .......... 14% 5.74M 18m58s
#17 357.3 993450K .......... .......... .......... .......... .......... 14% 5.76M 18m58s
#17 357.3 993500K .......... .......... .......... .......... .......... 14% 2.99M 18m58s
#17 357.3 993550K .......... .......... .......... .......... .......... 14% 3.07M 18m58s
#17 357.3 993600K .......... .......... .......... .......... .......... 14% 3.97M 18m58s
#17 357.3 993650K .......... .......... .......... .......... .......... 14% 4.41M 18m58s
#17 357.3 993700K .......... .......... .......... .......... .......... 14% 6.27M 18m58s
#17 357.3 993750K .......... .......... .......... .......... .......... 14% 1.76M 18m58s
#17 357.4 993800K .......... .......... .......... .......... .......... 14% 2.30M 18m59s
#17 357.4 993850K .......... .......... .......... .......... .......... 14% 5.89M 18m59s
#17 357.4 993900K .......... .......... .......... .......... .......... 14% 9.82M 18m58s
#17 357.4 993950K .......... .......... .......... .......... .......... 14% 2.34M 18m59s
#17 357.4 994000K .......... .......... .......... .......... .......... 14% 7.99M 18m59s
#17 357.4 994050K .......... .......... .......... .......... .......... 14% 6.38M 18m58s
#17 357.4 994100K .......... .......... .......... .......... .......... 14% 5.27M 18m58s
#17 357.4 994150K .......... .......... .......... .......... .......... 14% 2.04M 18m59s
#17 357.5 994200K .......... .......... .......... .......... .......... 14% 1.77M 18m59s
#17 357.5 994250K .......... .......... .......... .......... .......... 14% 40.3M 18m59s
#17 357.5 994300K .......... .......... .......... .......... .......... 14% 6.39M 18m59s
#17 357.5 994350K .......... .......... .......... .......... .......... 14% 2.93M 18m59s
#17 357.5 994400K .......... .......... .......... .......... .......... 14% 2.88M 18m59s
#17 357.5 994450K .......... .......... .......... .......... .......... 14% 19.3M 18m59s
#17 357.5 994500K .......... .......... .......... .......... .......... 14% 5.72M 18m59s
#17 357.5 994550K .......... .......... .......... .......... .......... 14% 3.27M 18m59s
#17 357.6 994600K .......... .......... .......... .......... .......... 14% 2.42M 18m59s
#17 357.6 994650K .......... .......... .......... .......... .......... 14% 2.17M 18m59s
#17 357.6 994700K .......... .......... .......... .......... .......... 14% 2.70M 18m59s
#17 357.6 994750K .......... .......... .......... .......... .......... 14% 9.86M 18m59s
#17 357.6 994800K .......... .......... .......... .......... .......... 14% 5.58M 18m59s
#17 357.6 994850K .......... .......... .......... .......... .......... 14% 2.22M 18m59s
#17 357.6 994900K .......... .......... .......... .......... .......... 14% 8.57M 18m59s
#17 357.7 994950K .......... .......... .......... .......... .......... 14% 12.6M 18m59s
#17 357.7 995000K .......... .......... .......... .......... .......... 14% 4.04M 18m59s
#17 357.7 995050K .......... .......... .......... .......... .......... 14% 2.90M 18m59s
#17 357.7 995100K .......... .......... .......... .......... .......... 14% 2.12M 18m59s
#17 357.7 995150K .......... .......... .......... .......... .......... 14% 7.21M 18m59s
#17 357.7 995200K .......... .......... .......... .......... .......... 14% 6.31M 18m59s
#17 357.7 995250K .......... .......... .......... .......... .......... 14% 14.0M 18m59s
#17 357.7 995300K .......... .......... .......... .......... .......... 14% 3.19M 18m59s
#17 357.7 995350K .......... .......... .......... .......... .......... 14% 5.63M 18m59s
#17 357.7 995400K .......... .......... .......... .......... .......... 14% 2.69M 18m59s
#17 357.8 995450K .......... .......... .......... .......... .......... 14% 3.47M 18m59s
#17 357.8 995500K .......... .......... .......... .......... .......... 14% 6.43M 18m59s
#17 357.8 995550K .......... .......... .......... .......... .......... 14% 2.36M 18m59s
#17 357.8 995600K .......... .......... .......... .......... .......... 14% 2.98M 18m59s
#17 357.8 995650K .......... .......... .......... .......... .......... 14% 5.61M 18m59s
#17 357.8 995700K .......... .......... .......... .......... .......... 14% 5.05M 18m59s
#17 357.8 995750K .......... .......... .......... .......... .......... 14% 2.66M 18m59s
#17 357.9 995800K .......... .......... .......... .......... .......... 14% 5.13M 18m59s
#17 357.9 995850K .......... .......... .......... .......... .......... 14% 10.1M 18m59s
#17 357.9 995900K .......... .......... .......... .......... .......... 14% 3.24M 18m59s
#17 357.9 995950K .......... .......... .......... .......... .......... 14% 4.99M 18m59s
#17 357.9 996000K .......... .......... .......... .......... .......... 14% 2.91M 18m59s
#17 357.9 996050K .......... .......... .......... .......... .......... 14% 6.85M 18m59s
#17 357.9 996100K .......... .......... .......... .......... .......... 14% 5.06M 18m59s
#17 357.9 996150K .......... .......... .......... .......... .......... 14% 4.09M 18m59s
#17 358.0 996200K .......... .......... .......... .......... .......... 14% 2.32M 18m59s
#17 358.0 996250K .......... .......... .......... .......... .......... 14% 5.02M 18m59s
#17 358.0 996300K .......... .......... .......... .......... .......... 14% 4.54M 18m59s
#17 358.0 996350K .......... .......... .......... .......... .......... 14% 2.45M 18m59s
#17 358.0 996400K .......... .......... .......... .......... .......... 14% 2.44M 18m59s
#17 358.0 996450K .......... .......... .......... .......... .......... 14% 57.1M 18m59s
#17 358.0 996500K .......... .......... .......... .......... .......... 14% 4.74M 18m59s
#17 358.0 996550K .......... .......... .......... .......... .......... 14% 2.30M 18m59s
#17 358.1 996600K .......... .......... .......... .......... .......... 14% 7.47M 18m59s
#17 358.1 996650K .......... .......... .......... .......... .......... 14% 2.87M 18m59s
#17 358.1 996700K .......... .......... .......... .......... .......... 14% 13.8M 18m59s
#17 358.1 996750K .......... .......... .......... .......... .......... 14% 4.05M 18m59s
#17 358.1 996800K .......... .......... .......... .......... .......... 14% 3.49M 18m59s
#17 358.1 996850K .......... .......... .......... .......... .......... 14% 3.52M 18m59s
#17 358.1 996900K .......... .......... .......... .......... .......... 14% 3.55M 18m59s
#17 358.1 996950K .......... .......... .......... .......... .......... 14% 2.77M 18m59s
#17 358.2 997000K .......... .......... .......... .......... .......... 14% 5.85M 18m59s
#17 358.2 997050K .......... .......... .......... .......... .......... 14% 4.33M 18m59s
#17 358.2 997100K .......... .......... .......... .......... .......... 14% 6.85M 18m59s
#17 358.2 997150K .......... .......... .......... .......... .......... 14% 7.20M 18m59s
#17 358.2 997200K .......... .......... .......... .......... .......... 14% 3.01M 18m59s
#17 358.2 997250K .......... .......... .......... .......... .......... 14% 5.19M 18m59s
#17 358.2 997300K .......... .......... .......... .......... .......... 14% 6.82M 18m59s
#17 358.2 997350K .......... .......... .......... .......... .......... 14% 3.49M 18m59s
#17 358.2 997400K .......... .......... .......... .......... .......... 14% 3.71M 18m59s
#17 358.3 997450K .......... .......... .......... .......... .......... 14% 13.8M 18m59s
#17 358.3 997500K .......... .......... .......... .......... .......... 14% 4.41M 18m59s
#17 358.3 997550K .......... .......... .......... .......... .......... 14% 4.97M 18m59s
#17 358.3 997600K .......... .......... .......... .......... .......... 14% 3.60M 18m59s
#17 358.3 997650K .......... .......... .......... .......... .......... 14% 4.56M 18m59s
#17 358.3 997700K .......... .......... .......... .......... .......... 14% 3.28M 18m59s
#17 358.3 997750K .......... .......... .......... .......... .......... 14% 3.22M 18m59s
#17 358.3 997800K .......... .......... .......... .......... .......... 14% 9.12M 18m59s
#17 358.3 997850K .......... .......... .......... .......... .......... 14% 5.15M 18m59s
#17 358.3 997900K .......... .......... .......... .......... .......... 14% 7.11M 18m59s
#17 358.4 997950K .......... .......... .......... .......... .......... 14% 2.08M 18m59s
#17 358.4 998000K .......... .......... .......... .......... .......... 14% 5.04M 18m59s
#17 358.4 998050K .......... .......... .......... .......... .......... 14% 73.5M 18m59s
#17 358.4 998100K .......... .......... .......... .......... .......... 14% 2.57M 18m59s
#17 358.4 998150K .......... .......... .......... .......... .......... 14% 12.9M 18m59s
#17 358.4 998200K .......... .......... .......... .......... .......... 14% 3.41M 18m59s
#17 358.4 998250K .......... .......... .......... .......... .......... 14% 4.28M 18m59s
#17 358.4 998300K .......... .......... .......... .......... .......... 14% 8.90M 18m59s
#17 358.4 998350K .......... .......... .......... .......... .......... 14% 1.42M 18m59s
#17 358.5 998400K .......... .......... .......... .......... .......... 14% 10.4M 18m59s
#17 358.5 998450K .......... .......... .......... .......... .......... 14% 3.55M 18m59s
#17 358.5 998500K .......... .......... .......... .......... .......... 14% 2.35M 18m59s
#17 358.5 998550K .......... .......... .......... .......... .......... 14% 2.93M 18m59s
#17 358.5 998600K .......... .......... .......... .......... .......... 14% 25.1M 18m59s
#17 358.5 998650K .......... .......... .......... .......... .......... 14% 5.23M 18m59s
#17 358.6 998700K .......... .......... .......... .......... .......... 14% 7.50M 18m59s
#17 358.6 998750K .......... .......... .......... .......... .......... 14% 11.2M 18m59s
#17 358.6 998800K .......... .......... .......... .......... .......... 14% 5.33M 18m59s
#17 358.6 998850K .......... .......... .......... .......... .......... 14% 5.13M 18m59s
#17 358.6 998900K .......... .......... .......... .......... .......... 14% 7.33M 18m59s
#17 358.6 998950K .......... .......... .......... .......... .......... 14% 3.74M 18m59s
#17 358.6 999000K .......... .......... .......... .......... .......... 14% 13.3M 18m59s
#17 358.6 999050K .......... .......... .......... .......... .......... 14% 5.62M 18m59s
#17 358.6 999100K .......... .......... .......... .......... .......... 14% 3.94M 18m59s
#17 358.6 999150K .......... .......... .......... .......... .......... 14% 3.95M 18m59s
#17 358.6 999200K .......... .......... .......... .......... .......... 14% 3.47M 18m59s
#17 358.6 999250K .......... .......... .......... .......... .......... 14% 5.95M 18m59s
#17 358.7 999300K .......... .......... .......... .......... .......... 14% 10.6M 18m59s
#17 358.7 999350K .......... .......... .......... .......... .......... 14% 4.52M 18m59s
#17 358.7 999400K .......... .......... .......... .......... .......... 14% 10.7M 18m59s
#17 358.7 999450K .......... .......... .......... .......... .......... 14% 3.21M 18m59s
#17 358.7 999500K .......... .......... .......... .......... .......... 14% 3.21M 18m59s
#17 358.7 999550K .......... .......... .......... .......... .......... 14% 4.40M 18m59s
#17 358.7 999600K .......... .......... .......... .......... .......... 14% 6.59M 18m59s
#17 358.7 999650K .......... .......... .......... .......... .......... 14% 6.36M 18m59s
#17 358.7 999700K .......... .......... .......... .......... .......... 14% 3.76M 18m59s
#17 358.7 999750K .......... .......... .......... .......... .......... 14% 5.43M 18m59s
#17 358.8 999800K .......... .......... .......... .......... .......... 14% 7.73M 18m59s
#17 358.8 999850K .......... .......... .......... .......... .......... 14% 4.79M 18m59s
#17 358.8 999900K .......... .......... .......... .......... .......... 14% 5.39M 18m59s
#17 358.8 999950K .......... .......... .......... .......... .......... 14% 5.36M 18m59s
#17 358.8 1000000K .......... .......... .......... .......... .......... 14% 4.83M 18m58s
#17 358.8 1000050K .......... .......... .......... .......... .......... 14% 13.0M 18m58s
#17 358.8 1000100K .......... .......... .......... .......... .......... 14% 4.92M 18m58s
#17 358.8 1000150K .......... .......... .......... .......... .......... 14% 4.07M 18m58s
#17 358.8 1000200K .......... .......... .......... .......... .......... 14% 4.51M 18m58s
#17 358.8 1000250K .......... .......... .......... .......... .......... 14% 7.76M 18m58s
#17 358.8 1000300K .......... .......... .......... .......... .......... 14% 6.19M 18m58s
#17 358.8 1000350K .......... .......... .......... .......... .......... 14% 6.02M 18m58s
#17 358.9 1000400K .......... .......... .......... .......... .......... 14% 4.81M 18m58s
#17 358.9 1000450K .......... .......... .......... .......... .......... 14% 5.15M 18m58s
#17 358.9 1000500K .......... .......... .......... .......... .......... 14% 9.14M 18m58s
#17 358.9 1000550K .......... .......... .......... .......... .......... 14% 2.82M 18m58s
#17 358.9 1000600K .......... .......... .......... .......... .......... 14% 5.47M 18m58s
#17 358.9 1000650K .......... .......... .......... .......... .......... 14% 6.24M 18m58s
#17 358.9 1000700K .......... .......... .......... .......... .......... 14% 2.94M 18m58s
#17 358.9 1000750K .......... .......... .......... .......... .......... 14% 2.20M 18m58s
#17 359.0 1000800K .......... .......... .......... .......... .......... 14% 3.13M 18m58s
#17 359.0 1000850K .......... .......... .......... .......... .......... 14%  100M 18m58s
#17 359.0 1000900K .......... .......... .......... .......... .......... 14% 12.1M 18m58s
#17 359.0 1000950K .......... .......... .......... .......... .......... 14% 1.87M 18m58s
#17 359.0 1001000K .......... .......... .......... .......... .......... 14% 1.86M 18m58s
#17 359.0 1001050K .......... .......... .......... .......... .......... 14% 31.2M 18m58s
#17 359.0 1001100K .......... .......... .......... .......... .......... 14% 12.2M 18m58s
#17 359.0 1001150K .......... .......... .......... .......... .......... 14% 3.33M 18m58s
#17 359.0 1001200K .......... .......... .......... .......... .......... 14% 29.5M 18m58s
#17 359.0 1001250K .......... .......... .......... .......... .......... 14% 3.80M 18m58s
#17 359.1 1001300K .......... .......... .......... .......... .......... 14% 2.03M 18m58s
#17 359.1 1001350K .......... .......... .......... .......... .......... 14% 2.81M 18m58s
#17 359.1 1001400K .......... .......... .......... .......... .......... 14% 13.0M 18m58s
#17 359.1 1001450K .......... .......... .......... .......... .......... 14% 8.54M 18m58s
#17 359.1 1001500K .......... .......... .......... .......... .......... 14% 2.82M 18m58s
#17 359.1 1001550K .......... .......... .......... .......... .......... 14% 12.6M 18m58s
#17 359.1 1001600K .......... .......... .......... .......... .......... 14% 70.3M 18m58s
#17 359.1 1001650K .......... .......... .......... .......... .......... 14% 33.7M 18m58s
#17 359.1 1001700K .......... .......... .......... .......... .......... 14% 32.4M 18m58s
#17 359.1 1001750K .......... .......... .......... .......... .......... 14% 11.6M 18m58s
#17 359.1 1001800K .......... .......... .......... .......... .......... 14% 7.79M 18m58s
#17 359.1 1001850K .......... .......... .......... .......... .......... 14% 14.7M 18m58s
#17 359.1 1001900K .......... .......... .......... .......... .......... 14% 13.0M 18m58s
#17 359.2 1001950K .......... .......... .......... .......... .......... 14% 9.84M 18m58s
#17 359.2 1002000K .......... .......... .......... .......... .......... 14% 5.58M 18m58s
#17 359.2 1002050K .......... .......... .......... .......... .......... 14% 9.81M 18m58s
#17 359.2 1002100K .......... .......... .......... .......... .......... 14% 5.66M 18m58s
#17 359.2 1002150K .......... .......... .......... .......... .......... 14% 3.76M 18m58s
#17 359.2 1002200K .......... .......... .......... .......... .......... 14% 6.03M 18m58s
#17 359.2 1002250K .......... .......... .......... .......... .......... 14% 4.18M 18m58s
#17 359.2 1002300K .......... .......... .......... .......... .......... 14% 4.50M 18m58s
#17 359.2 1002350K .......... .......... .......... .......... .......... 14% 4.86M 18m58s
#17 359.2 1002400K .......... .......... .......... .......... .......... 14% 4.86M 18m58s
#17 359.2 1002450K .......... .......... .......... .......... .......... 14% 4.23M 18m58s
#17 359.3 1002500K .......... .......... .......... .......... .......... 14% 3.63M 18m58s
#17 359.3 1002550K .......... .......... .......... .......... .......... 14% 4.41M 18m58s
#17 359.3 1002600K .......... .......... .......... .......... .......... 14% 4.62M 18m58s
#17 359.3 1002650K .......... .......... .......... .......... .......... 14% 9.61M 18m58s
#17 359.3 1002700K .......... .......... .......... .......... .......... 14% 8.45M 18m58s
#17 359.3 1002750K .......... .......... .......... .......... .......... 14% 7.17M 18m58s
#17 359.3 1002800K .......... .......... .......... .......... .......... 14% 3.12M 18m58s
#17 359.3 1002850K .......... .......... .......... .......... .......... 14% 5.21M 18m58s
#17 359.3 1002900K .......... .......... .......... .......... .......... 14% 5.76M 18m58s
#17 359.3 1002950K .......... .......... .......... .......... .......... 14% 3.41M 18m58s
#17 359.4 1003000K .......... .......... .......... .......... .......... 14% 3.09M 18m58s
#17 359.4 1003050K .......... .......... .......... .......... .......... 14% 5.26M 18m58s
#17 359.4 1003100K .......... .......... .......... .......... .......... 14% 7.35M 18m58s
#17 359.4 1003150K .......... .......... .......... .......... .......... 14% 4.72M 18m58s
#17 359.4 1003200K .......... .......... .......... .......... .......... 14% 5.32M 18m58s
#17 359.4 1003250K .......... .......... .......... .......... .......... 14% 6.28M 18m58s
#17 359.4 1003300K .......... .......... .......... .......... .......... 14% 3.75M 18m58s
#17 359.4 1003350K .......... .......... .......... .......... .......... 14% 3.19M 18m58s
#17 359.4 1003400K .......... .......... .......... .......... .......... 14% 33.3M 18m58s
#17 359.4 1003450K .......... .......... .......... .......... .......... 14% 3.71M 18m58s
#17 359.5 1003500K .......... .......... .......... .......... .......... 14% 5.36M 18m58s
#17 359.5 1003550K .......... .......... .......... .......... .......... 14% 5.51M 18m58s
#17 359.5 1003600K .......... .......... .......... .......... .......... 14% 4.03M 18m58s
#17 359.5 1003650K .......... .......... .......... .......... .......... 14% 7.69M 18m58s
#17 359.5 1003700K .......... .......... .......... .......... .......... 14% 4.53M 18m58s
#17 359.5 1003750K .......... .......... .......... .......... .......... 14% 4.29M 18m58s
#17 359.5 1003800K .......... .......... .......... .......... .......... 14% 3.04M 18m58s
#17 359.5 1003850K .......... .......... .......... .......... .......... 14% 4.64M 18m58s
#17 359.5 1003900K .......... .......... .......... .......... .......... 14% 2.09M 18m58s
#17 359.6 1003950K .......... .......... .......... .......... .......... 14% 31.1M 18m58s
#17 359.6 1004000K .......... .......... .......... .......... .......... 14% 3.54M 18m58s
#17 359.6 1004050K .......... .......... .......... .......... .......... 14% 3.58M 18m58s
#17 359.6 1004100K .......... .......... .......... .......... .......... 14% 4.30M 18m58s
#17 359.6 1004150K .......... .......... .......... .......... .......... 14% 1.70M 18m58s
#17 359.6 1004200K .......... .......... .......... .......... .......... 14% 3.86M 18m58s
#17 359.6 1004250K .......... .......... .......... .......... .......... 14% 1.50M 18m58s
#17 359.7 1004300K .......... .......... .......... .......... .......... 14% 3.68M 18m58s
#17 359.7 1004350K .......... .......... .......... .......... .......... 14% 11.7M 18m58s
#17 359.7 1004400K .......... .......... .......... .......... .......... 14% 2.33M 18m58s
#17 359.7 1004450K .......... .......... .......... .......... .......... 14% 2.55M 18m58s
#17 359.7 1004500K .......... .......... .......... .......... .......... 14% 7.74M 18m58s
#17 359.7 1004550K .......... .......... .......... .......... .......... 14% 14.8M 18m58s
#17 359.7 1004600K .......... .......... .......... .......... .......... 14% 9.51M 18m58s
#17 359.8 1004650K .......... .......... .......... .......... .......... 14% 4.15M 18m58s
#17 359.8 1004700K .......... .......... .......... .......... .......... 14% 7.34M 18m58s
#17 359.8 1004750K .......... .......... .......... .......... .......... 14% 5.45M 18m58s
#17 359.8 1004800K .......... .......... .......... .......... .......... 14% 4.25M 18m58s
#17 359.8 1004850K .......... .......... .......... .......... .......... 14% 4.11M 18m58s
#17 359.8 1004900K .......... .......... .......... .......... .......... 14% 2.69M 18m58s
#17 359.8 1004950K .......... .......... .......... .......... .......... 14% 2.35M 18m58s
#17 359.8 1005000K .......... .......... .......... .......... .......... 14% 37.6M 18m58s
#17 359.8 1005050K .......... .......... .......... .......... .......... 14% 2.54M 18m58s
#17 359.9 1005100K .......... .......... .......... .......... .......... 14% 2.59M 18m58s
#17 359.9 1005150K .......... .......... .......... .......... .......... 14% 6.85M 18m58s
#17 359.9 1005200K .......... .......... .......... .......... .......... 14% 2.44M 18m58s
#17 359.9 1005250K .......... .......... .......... .......... .......... 14% 45.2M 18m58s
#17 359.9 1005300K .......... .......... .......... .......... .......... 14% 6.35M 18m58s
#17 359.9 1005350K .......... .......... .......... .......... .......... 14% 4.86M 18m58s
#17 359.9 1005400K .......... .......... .......... .......... .......... 14% 4.25M 18m58s
#17 359.9 1005450K .......... .......... .......... .......... .......... 14% 27.9M 18m58s
#17 359.9 1005500K .......... .......... .......... .......... .......... 14% 2.95M 18m58s
#17 360.0 1005550K .......... .......... .......... .......... .......... 14% 22.2M 18m58s
#17 360.0 1005600K .......... .......... .......... .......... .......... 14% 6.59M 18m58s
#17 360.0 1005650K .......... .......... .......... .......... .......... 14% 8.74M 18m58s
#17 360.0 1005700K .......... .......... .......... .......... .......... 14% 4.62M 18m58s
#17 360.0 1005750K .......... .......... .......... .......... .......... 14% 6.83M 18m58s
#17 360.0 1005800K .......... .......... .......... .......... .......... 14% 5.04M 18m58s
#17 360.0 1005850K .......... .......... .......... .......... .......... 14% 7.06M 18m58s
#17 360.0 1005900K .......... .......... .......... .......... .......... 14% 18.3M 18m58s
#17 360.0 1005950K .......... .......... .......... .......... .......... 14% 4.53M 18m58s
#17 360.0 1006000K .......... .......... .......... .......... .......... 14% 4.34M 18m58s
#17 360.0 1006050K .......... .......... .......... .......... .......... 14% 5.86M 18m58s
#17 360.0 1006100K .......... .......... .......... .......... .......... 14% 10.0M 18m58s
#17 360.0 1006150K .......... .......... .......... .......... .......... 14% 4.66M 18m58s
#17 360.1 1006200K .......... .......... .......... .......... .......... 14% 1.96M 18m58s
#17 360.1 1006250K .......... .......... .......... .......... .......... 14% 48.5M 18m58s
#17 360.1 1006300K .......... .......... .......... .......... .......... 14% 56.7M 18m58s
#17 360.1 1006350K .......... .......... .......... .......... .......... 14% 2.63M 18m58s
#17 360.1 1006400K .......... .......... .......... .......... .......... 14% 5.52M 18m58s
#17 360.1 1006450K .......... .......... .......... .......... .......... 14% 1.94M 18m58s
#17 360.1 1006500K .......... .......... .......... .......... .......... 14% 9.47M 18m58s
#17 360.1 1006550K .......... .......... .......... .......... .......... 14% 9.20M 18m58s
#17 360.1 1006600K .......... .......... .......... .......... .......... 14% 3.91M 18m58s
#17 360.2 1006650K .......... .......... .......... .......... .......... 14% 25.8M 18m57s
#17 360.2 1006700K .......... .......... .......... .......... .......... 14% 4.26M 18m57s
#17 360.2 1006750K .......... .......... .......... .......... .......... 14% 23.9M 18m57s
#17 360.2 1006800K .......... .......... .......... .......... .......... 14% 3.53M 18m57s
#17 360.2 1006850K .......... .......... .......... .......... .......... 14% 12.6M 18m57s
#17 360.2 1006900K .......... .......... .......... .......... .......... 14% 20.7M 18m57s
#17 360.2 1006950K .......... .......... .......... .......... .......... 14% 2.60M 18m57s
#17 360.2 1007000K .......... .......... .......... .......... .......... 14% 25.3M 18m57s
#17 360.2 1007050K .......... .......... .......... .......... .......... 14% 2.78M 18m57s
#17 360.2 1007100K .......... .......... .......... .......... .......... 14% 7.95M 18m57s
#17 360.2 1007150K .......... .......... .......... .......... .......... 14% 45.3M 18m57s
#17 360.2 1007200K .......... .......... .......... .......... .......... 14% 62.6M 18m57s
#17 360.2 1007250K .......... .......... .......... .......... .......... 14% 2.31M 18m57s
#17 360.3 1007300K .......... .......... .......... .......... .......... 14% 52.4M 18m57s
#17 360.3 1007350K .......... .......... .......... .......... .......... 14% 7.17M 18m57s
#17 360.3 1007400K .......... .......... .......... .......... .......... 14% 6.21M 18m57s
#17 360.3 1007450K .......... .......... .......... .......... .......... 14% 1.75M 18m57s
#17 360.3 1007500K .......... .......... .......... .......... .......... 14% 3.23M 18m57s
#17 360.3 1007550K .......... .......... .......... .......... .......... 14% 4.15M 18m57s
#17 360.3 1007600K .......... .......... .......... .......... .......... 14% 1.79M 18m57s
#17 360.4 1007650K .......... .......... .......... .......... .......... 14%  760K 18m58s
#17 360.4 1007700K .......... .......... .......... .......... .......... 14% 3.27M 18m58s
#17 360.4 1007750K .......... .......... .......... .......... .......... 14% 2.82M 18m58s
#17 360.5 1007800K .......... .......... .......... .......... .......... 14% 3.20M 18m58s
#17 360.5 1007850K .......... .......... .......... .......... .......... 14% 2.30M 18m58s
#17 360.5 1007900K .......... .......... .......... .......... .......... 14% 12.4M 18m58s
#17 360.5 1007950K .......... .......... .......... .......... .......... 14% 43.1M 18m58s
#17 360.5 1008000K .......... .......... .......... .......... .......... 14% 3.38M 18m58s
#17 360.5 1008050K .......... .......... .......... .......... .......... 14% 1.13M 18m58s
#17 360.6 1008100K .......... .......... .......... .......... .......... 14% 43.8M 18m58s
#17 360.6 1008150K .......... .......... .......... .......... .......... 14% 39.2M 18m58s
#17 360.6 1008200K .......... .......... .......... .......... .......... 14% 5.44M 18m58s
#17 360.6 1008250K .......... .......... .......... .......... .......... 14% 1.27M 18m58s
#17 360.6 1008300K .......... .......... .......... .......... .......... 14% 1.03M 18m58s
#17 360.7 1008350K .......... .......... .......... .......... .......... 14% 4.16M 18m58s
#17 360.7 1008400K .......... .......... .......... .......... .......... 14% 2.38M 18m58s
#17 360.7 1008450K .......... .......... .......... .......... .......... 14% 5.18M 18m58s
#17 360.7 1008500K .......... .......... .......... .......... .......... 14% 49.4M 18m58s
#17 360.7 1008550K .......... .......... .......... .......... .......... 14% 1.87M 18m58s
#17 360.7 1008600K .......... .......... .......... .......... .......... 14% 1.13M 18m58s
#17 360.8 1008650K .......... .......... .......... .......... .......... 14% 26.7M 18m58s
#17 360.8 1008700K .......... .......... .......... .......... .......... 14% 35.9M 18m58s
#17 360.8 1008750K .......... .......... .......... .......... .......... 14% 6.80M 18m58s
#17 360.8 1008800K .......... .......... .......... .......... .......... 14% 2.50M 18m58s
#17 362.9 1008850K .......... .......... .......... .......... .......... 14% 1.73M 18m58s
#17 362.9 1008900K .......... .......... .......... .......... .......... 14% 3.76M 18m58s
#17 362.9 1008950K .......... .......... .......... .......... .......... 14% 6.30M 18m58s
#17 362.9 1009000K .......... .......... .......... .......... .......... 14% 9.70M 18m58s
#17 362.9 1009050K .......... .......... .......... .......... .......... 14% 2.75M 18m58s
#17 362.9 1009100K .......... .......... .......... .......... .......... 14% 4.21M 18m58s
#17 362.9 1009150K .......... .......... .......... .......... .......... 14% 5.00M 18m58s
#17 363.0 1009200K .......... .......... .......... .......... .......... 14% 43.0M 18m58s
#17 363.0 1009250K .......... .......... .......... .......... .......... 14% 18.7M 18m58s
#17 363.0 1009300K .......... .......... .......... .......... .......... 14% 3.87M 18m58s
#17 363.0 1009350K .......... .......... .......... .......... .......... 14%  865K 18m58s
#17 363.0 1009400K .......... .......... .......... .......... .......... 14% 1.15M 18m59s
#17 363.1 1009450K .......... .......... .......... .......... .......... 14% 1.07M 18m59s
#17 363.1 1009500K .......... .......... .......... .......... .......... 14% 11.8M 18m59s
#17 363.1 1009550K .......... .......... .......... .......... .......... 14% 2.99M 18m59s
#17 363.1 1009600K .......... .......... .......... .......... .......... 14% 8.88M 18m59s
#17 363.1 1009650K .......... .......... .......... .......... .......... 14% 2.70M 18m59s
#17 363.2 1009700K .......... .......... .......... .......... .......... 14% 48.6M 18m59s
#17 363.2 1009750K .......... .......... .......... .......... .......... 14% 3.36M 18m59s
#17 363.2 1009800K .......... .......... .......... .......... .......... 14% 1.98M 18m59s
#17 363.2 1009850K .......... .......... .......... .......... .......... 14% 3.04M 18m59s
#17 363.2 1009900K .......... .......... .......... .......... .......... 14% 2.94M 18m59s
#17 363.2 1009950K .......... .......... .......... .......... .......... 14% 1.72M 18m59s
#17 363.3 1010000K .......... .......... .......... .......... .......... 14% 5.55M 18m59s
#17 363.3 1010050K .......... .......... .......... .......... .......... 14% 1.98M 18m59s
#17 363.3 1010100K .......... .......... .......... .......... .......... 14% 1.42M 18m59s
#17 363.3 1010150K .......... .......... .......... .......... .......... 14% 38.6M 18m59s
#17 363.3 1010200K .......... .......... .......... .......... .......... 14% 47.9M 18m59s
#17 363.3 1010250K .......... .......... .......... .......... .......... 14% 59.8M 18m59s
#17 363.3 1010300K .......... .......... .......... .......... .......... 14% 2.60M 18m59s
#17 363.3 1010350K .......... .......... .......... .......... .......... 14% 1.87M 18m59s
#17 363.4 1010400K .......... .......... .......... .......... .......... 14% 5.75M 18m59s
#17 363.4 1010450K .......... .......... .......... .......... .......... 14% 6.43M 18m59s
#17 363.4 1010500K .......... .......... .......... .......... .......... 14% 4.60M 18m59s
#17 363.4 1010550K .......... .......... .......... .......... .......... 14% 5.08M 18m59s
#17 363.4 1010600K .......... .......... .......... .......... .......... 14% 93.1M 18m59s
#17 363.4 1010650K .......... .......... .......... .......... .......... 14% 2.91M 18m59s
#17 363.4 1010700K .......... .......... .......... .......... .......... 14% 40.6M 18m59s
#17 363.4 1010750K .......... .......... .......... .......... .......... 14% 51.0M 18m59s
#17 363.5 1010800K .......... .......... .......... .......... .......... 14% 3.24M 18m59s
#17 363.5 1010850K .......... .......... .......... .......... .......... 14% 14.2M 18m59s
#17 363.5 1010900K .......... .......... .......... .......... .......... 14% 22.2M 18m59s
#17 363.5 1010950K .......... .......... .......... .......... .......... 14% 10.3M 18m59s
#17 363.5 1011000K .......... .......... .......... .......... .......... 14% 12.4M 18m59s
#17 363.5 1011050K .......... .......... .......... .......... .......... 14% 9.68M 18m59s
#17 363.5 1011100K .......... .......... .......... .......... .......... 14% 8.09M 18m59s
#17 363.5 1011150K .......... .......... .......... .......... .......... 14% 1.23M 18m59s
#17 363.5 1011200K .......... .......... .......... .......... .......... 14% 1.71M 18m59s
#17 363.5 1011250K .......... .......... .......... .......... .......... 14% 1.77M 18m59s
#17 363.6 1011300K .......... .......... .......... .......... .......... 14%  889K 18m59s
#17 363.6 1011350K .......... .......... .......... .......... .......... 14% 1.32M 18m59s
#17 363.7 1011400K .......... .......... .......... .......... .......... 14% 3.18M 18m59s
#17 363.7 1011450K .......... .......... .......... .......... .......... 14% 44.7M 18m59s
#17 363.7 1011500K .......... .......... .......... .......... .......... 14% 3.05M 18m59s
#17 363.7 1011550K .......... .......... .......... .......... .......... 14% 1.21M 19m0s
#17 363.7 1011600K .......... .......... .......... .......... .......... 14% 1.09M 19m0s
#17 363.8 1011650K .......... .......... .......... .......... .......... 14%  818K 19m0s
#17 363.8 1011700K .......... .......... .......... .......... .......... 14% 1.67M 19m0s
#17 363.9 1011750K .......... .......... .......... .......... .......... 14%  677K 19m1s
#17 363.9 1011800K .......... .......... .......... .......... .......... 14% 41.5M 19m0s
#17 363.9 1011850K .......... .......... .......... .......... .......... 14% 6.37M 19m0s
#17 363.9 1011900K .......... .......... .......... .......... .......... 14% 3.23M 19m0s
#17 364.0 1011950K .......... .......... .......... .......... .......... 14% 3.87M 19m0s
#17 364.0 1012000K .......... .......... .......... .......... .......... 14% 41.7M 19m0s
#17 364.0 1012050K .......... .......... .......... .......... .......... 14% 6.54M 19m0s
#17 364.0 1012100K .......... .......... .......... .......... .......... 14% 6.74M 19m0s
#17 364.0 1012150K .......... .......... .......... .......... .......... 14% 2.44M 19m0s
#17 364.0 1012200K .......... .......... .......... .......... .......... 14% 1.37M 19m1s
#17 364.0 1012250K .......... .......... .......... .......... .......... 14% 1.43M 19m1s
#17 364.1 1012300K .......... .......... .......... .......... .......... 14% 2.53M 19m1s
#17 364.1 1012350K .......... .......... .......... .......... .......... 14%  600K 19m1s
#17 364.2 1012400K .......... .......... .......... .......... .......... 14%  238K 19m2s
#17 364.4 1012450K .......... .......... .......... .......... .......... 14%  599K 19m3s
#17 364.5 1012500K .......... .......... .......... .......... .......... 14%  922K 19m3s
#17 364.5 1012550K .......... .......... .......... .......... .......... 14% 1.03M 19m3s
#17 364.6 1012600K .......... .......... .......... .......... .......... 14% 1.09M 19m3s
#17 364.6 1012650K .......... .......... .......... .......... .......... 14%  967K 19m4s
#17 364.7 1012700K .......... .......... .......... .......... .......... 14% 2.15M 19m4s
#17 364.7 1012750K .......... .......... .......... .......... .......... 14% 3.37M 19m4s
#17 364.7 1012800K .......... .......... .......... .......... .......... 14% 1.29M 19m4s
#17 364.7 1012850K .......... .......... .......... .......... .......... 14%  665K 19m4s
#17 364.8 1012900K .......... .......... .......... .......... .......... 14% 2.65M 19m4s
#17 364.8 1012950K .......... .......... .......... .......... .......... 14% 3.28M 19m4s
#17 364.9 1013000K .......... .......... .......... .......... .......... 14% 1.47M 19m4s
#17 364.9 1013050K .......... .......... .......... .......... .......... 14% 59.4M 19m4s
#17 364.9 1013100K .......... .......... .......... .......... .......... 14% 14.3M 19m4s
#17 364.9 1013150K .......... .......... .......... .......... .......... 14%  130M 19m4s
#17 364.9 1013200K .......... .......... .......... .......... .......... 14% 1.08M 19m4s
#17 364.9 1013250K .......... .......... .......... .......... .......... 14% 26.5M 19m4s
#17 364.9 1013300K .......... .......... .......... .......... .......... 14%  103M 19m4s
#17 365.0 1013350K .......... .......... .......... .......... .......... 14% 2.84M 19m4s
#17 365.0 1013400K .......... .......... .......... .......... .......... 14% 33.1M 19m4s
#17 365.0 1013450K .......... .......... .......... .......... .......... 14% 2.87M 19m4s
#17 365.0 1013500K .......... .......... .......... .......... .......... 14% 48.1M 19m4s
#17 365.0 1013550K .......... .......... .......... .......... .......... 14% 45.6M 19m4s
#17 365.0 1013600K .......... .......... .......... .......... .......... 14% 2.79M 19m4s
#17 365.0 1013650K .......... .......... .......... .......... .......... 14% 7.41M 19m4s
#17 365.0 1013700K .......... .......... .......... .......... .......... 14% 56.2M 19m4s
#17 365.0 1013750K .......... .......... .......... .......... .......... 14%  585K 19m4s
#17 365.1 1013800K .......... .......... .......... .......... .......... 14% 2.35M 19m5s
#17 365.1 1013850K .......... .......... .......... .......... .......... 14%  241K 19m6s
#17 365.3 1013900K .......... .......... .......... .......... .......... 14% 1.54M 19m6s
#17 365.4 1013950K .......... .......... .......... .......... .......... 14%  630K 19m6s
#17 365.4 1014000K .......... .......... .......... .......... .......... 14% 3.00M 19m6s
#17 365.4 1014050K .......... .......... .......... .......... .......... 14%  522K 19m7s
#17 365.5 1014100K .......... .......... .......... .......... .......... 14%  430K 19m7s
#17 365.7 1014150K .......... .......... .......... .......... .......... 14%  852K 19m7s
#17 365.7 1014200K .......... .......... .......... .......... .......... 14%  937K 19m8s
#17 365.8 1014250K .......... .......... .......... .......... .......... 14% 1.81M 19m8s
#17 365.8 1014300K .......... .......... .......... .......... .......... 14% 3.26M 19m8s
#17 365.8 1014350K .......... .......... .......... .......... .......... 14% 6.32M 19m8s
#17 365.8 1014400K .......... .......... .......... .......... .......... 14% 3.86M 19m8s
#17 365.8 1014450K .......... .......... .......... .......... .......... 14% 32.8M 19m8s
#17 365.8 1014500K .......... .......... .......... .......... .......... 14% 2.69M 19m8s
#17 365.9 1014550K .......... .......... .......... .......... .......... 14% 2.26M 19m8s
#17 365.9 1014600K .......... .......... .......... .......... .......... 14% 88.4M 19m8s
#17 365.9 1014650K .......... .......... .......... .......... .......... 14% 2.14M 19m8s
#17 365.9 1014700K .......... .......... .......... .......... .......... 14% 1.16M 19m8s
#17 365.9 1014750K .......... .......... .......... .......... .......... 14% 80.0M 19m8s
#17 365.9 1014800K .......... .......... .......... .......... .......... 14% 17.3M 19m8s
#17 365.9 1014850K .......... .......... .......... .......... .......... 14% 40.5M 19m8s
#17 365.9 1014900K .......... .......... .......... .......... .......... 14% 60.2M 19m8s
#17 365.9 1014950K .......... .......... .......... .......... .......... 14% 1.18M 19m8s
#17 366.0 1015000K .......... .......... .......... .......... .......... 14% 3.30M 19m8s
#17 366.0 1015050K .......... .......... .......... .......... .......... 14% 5.53M 19m8s
#17 366.0 1015100K .......... .......... .......... .......... .......... 14% 58.0M 19m8s
#17 366.0 1015150K .......... .......... .......... .......... .......... 14% 11.7M 19m8s
#17 366.0 1015200K .......... .......... .......... .......... .......... 14% 5.06M 19m8s
#17 366.0 1015250K .......... .......... .......... .......... .......... 14% 2.56M 19m8s
#17 366.0 1015300K .......... .......... .......... .......... .......... 14%  801K 19m8s
#17 366.1 1015350K .......... .......... .......... .......... .......... 14% 2.38M 19m8s
#17 366.1 1015400K .......... .......... .......... .......... .......... 14% 1.71M 19m8s
#17 366.2 1015450K .......... .......... .......... .......... .......... 14% 1.23M 19m8s
#17 366.2 1015500K .......... .......... .......... .......... .......... 14% 1.69M 19m9s
#17 366.2 1015550K .......... .......... .......... .......... .......... 14% 1.98M 19m9s
#17 366.3 1015600K .......... .......... .......... .......... .......... 14% 3.26M 19m9s
#17 366.3 1015650K .......... .......... .......... .......... .......... 14% 17.2M 19m9s
#17 366.3 1015700K .......... .......... .......... .......... .......... 14% 2.05M 19m9s
#17 366.3 1015750K .......... .......... .......... .......... .......... 14% 3.10M 19m9s
#17 366.3 1015800K .......... .......... .......... .......... .......... 14% 26.8M 19m9s
#17 366.3 1015850K .......... .......... .......... .......... .......... 14% 37.4M 19m9s
#17 366.3 1015900K .......... .......... .......... .......... .......... 14% 30.0M 19m9s
#17 366.3 1015950K .......... .......... .......... .......... .......... 14% 2.22M 19m9s
#17 366.3 1016000K .......... .......... .......... .......... .......... 14% 5.52M 19m9s
#17 366.3 1016050K .......... .......... .......... .......... .......... 14% 42.5M 19m9s
#17 366.3 1016100K .......... .......... .......... .......... .......... 14% 58.2M 19m8s
#17 366.3 1016150K .......... .......... .......... .......... .......... 14% 4.67M 19m8s
#17 366.4 1016200K .......... .......... .......... .......... .......... 14% 1.56M 19m9s
#17 366.4 1016250K .......... .......... .......... .......... .......... 14% 3.45M 19m9s
#17 366.4 1016300K .......... .......... .......... .......... .......... 15% 10.5M 19m9s
#17 366.4 1016350K .......... .......... .......... .......... .......... 15% 4.19M 19m9s
#17 366.4 1016400K .......... .......... .......... .......... .......... 15% 35.4M 19m8s
#17 366.4 1016450K .......... .......... .......... .......... .......... 15% 31.7M 19m8s
#17 366.4 1016500K .......... .......... .......... .......... .......... 15% 3.62M 19m8s
#17 366.4 1016550K .......... .......... .......... .......... .......... 15% 1.98M 19m8s
#17 366.5 1016600K .......... .......... .......... .......... .......... 15% 2.24M 19m9s
#17 366.5 1016650K .......... .......... .......... .......... .......... 15% 2.81M 19m9s
#17 366.5 1016700K .......... .......... .......... .......... .......... 15%  463K 19m9s
#17 366.6 1016750K .......... .......... .......... .......... .......... 15%  391K 19m10s
#17 366.7 1016800K .......... .......... .......... .......... .......... 15%  917K 19m10s
#17 366.8 1016850K .......... .......... .......... .......... .......... 15%  954K 19m10s
#17 366.8 1016900K .......... .......... .......... .......... .......... 15% 1.17M 19m10s
#17 366.9 1016950K .......... .......... .......... .......... .......... 15%  910K 19m11s
#17 366.9 1017000K .......... .......... .......... .......... .......... 15% 1.22M 19m11s
#17 367.0 1017050K .......... .......... .......... .......... .......... 15%  257K 19m12s
#17 367.2 1017100K .......... .......... .......... .......... .......... 15% 1.58M 19m12s
#17 367.2 1017150K .......... .......... .......... .......... .......... 15%  526K 19m12s
#17 367.3 1017200K .......... .......... .......... .......... .......... 15%  291K 19m13s
#17 367.5 1017250K .......... .......... .......... .......... .......... 15% 1.92M 19m13s
#17 367.5 1017300K .......... .......... .......... .......... .......... 15% 39.1M 19m13s
#17 367.5 1017350K .......... .......... .......... .......... .......... 15% 3.63M 19m13s
#17 367.5 1017400K .......... .......... .......... .......... .......... 15% 6.15M 19m13s
#17 367.5 1017450K .......... .......... .......... .......... .......... 15% 6.13M 19m13s
#17 367.5 1017500K .......... .......... .......... .......... .......... 15% 70.2M 19m13s
#17 367.5 1017550K .......... .......... .......... .......... .......... 15% 2.70M 19m13s
#17 367.5 1017600K .......... .......... .......... .......... .......... 15% 9.07M 19m13s
#17 367.5 1017650K .......... .......... .......... .......... .......... 15% 3.40M 19m13s
#17 367.6 1017700K .......... .......... .......... .......... .......... 15% 2.47M 19m13s
#17 367.6 1017750K .......... .......... .......... .......... .......... 15%  856K 19m14s
#17 367.6 1017800K .......... .......... .......... .......... .......... 15% 11.1M 19m14s
#17 367.6 1017850K .......... .......... .......... .......... .......... 15%  865K 19m14s
#17 367.7 1017900K .......... .......... .......... .......... .......... 15% 2.07M 19m14s
#17 367.7 1017950K .......... .......... .......... .......... .......... 15% 1.50M 19m14s
#17 367.8 1018000K .......... .......... .......... .......... .......... 15% 1.22M 19m14s
#17 367.8 1018050K .......... .......... .......... .......... .......... 15%  545K 19m15s
#17 367.9 1018100K .......... .......... .......... .......... .......... 15% 2.04M 19m15s
#17 367.9 1018150K .......... .......... .......... .......... .......... 15% 2.12M 19m15s
#17 367.9 1018200K .......... .......... .......... .......... .......... 15%  608K 19m15s
#17 368.0 1018250K .......... .......... .......... .......... .......... 15% 1.62M 19m15s
#17 368.1 1018300K .......... .......... .......... .......... .......... 15%  403K 19m16s
#17 368.2 1018350K .......... .......... .......... .......... .......... 15% 1.23M 19m16s
#17 368.2 1018400K .......... .......... .......... .......... .......... 15% 1.52M 19m16s
#17 368.2 1018450K .......... .......... .......... .......... .......... 15%  800K 19m16s
#17 368.3 1018500K .......... .......... .......... .......... .......... 15%  806K 19m17s
#17 368.4 1018550K .......... .......... .......... .......... .......... 15%  511K 19m17s
#17 368.5 1018600K .......... .......... .......... .......... .......... 15% 1.62M 19m17s
#17 368.5 1018650K .......... .......... .......... .......... .......... 15%  187K 19m19s
#17 368.8 1018700K .......... .......... .......... .......... .......... 15% 1.46M 19m19s
#17 368.8 1018750K .......... .......... .......... .......... .......... 15% 1.26M 19m19s
#17 368.8 1018800K .......... .......... .......... .......... .......... 15% 2.02M 19m19s
#17 368.9 1018850K .......... .......... .......... .......... .......... 15% 1.90M 19m19s
#17 368.9 1018900K .......... .......... .......... .......... .......... 15% 41.0M 19m19s
#17 368.9 1018950K .......... .......... .......... .......... .......... 15% 3.29M 19m19s
#17 368.9 1019000K .......... .......... .......... .......... .......... 15% 1.96M 19m19s
#17 368.9 1019050K .......... .......... .......... .......... .......... 15% 1.54M 19m19s
#17 369.0 1019100K .......... .......... .......... .......... .......... 15%  797K 19m20s
#17 369.0 1019150K .......... .......... .......... .......... .......... 15%  884K 19m20s
#17 369.1 1019200K .......... .......... .......... .......... .......... 15% 1.73M 19m20s
#17 369.1 1019250K .......... .......... .......... .......... .......... 15%  492K 19m20s
#17 369.2 1019300K .......... .......... .......... .......... .......... 15% 1.73M 19m21s
#17 369.2 1019350K .......... .......... .......... .......... .......... 15% 10.7M 19m21s
#17 369.2 1019400K .......... .......... .......... .......... .......... 15% 68.8M 19m20s
#17 369.2 1019450K .......... .......... .......... .......... .......... 15%  651K 19m21s
#17 369.3 1019500K .......... .......... .......... .......... .......... 15% 35.1M 19m21s
#17 369.3 1019550K .......... .......... .......... .......... .......... 15% 1.57M 19m21s
#17 369.4 1019600K .......... .......... .......... .......... .......... 15% 3.75M 19m21s
#17 369.4 1019650K .......... .......... .......... .......... .......... 15% 2.90M 19m21s
#17 369.4 1019700K .......... .......... .......... .......... .......... 15% 4.76M 19m21s
#17 369.4 1019750K .......... .......... .......... .......... .......... 15% 3.90M 19m21s
#17 369.4 1019800K .......... .......... .......... .......... .......... 15% 2.67M 19m21s
#17 369.4 1019850K .......... .......... .......... .......... .......... 15% 9.28M 19m21s
#17 369.4 1019900K .......... .......... .......... .......... .......... 15% 6.09M 19m21s
#17 369.4 1019950K .......... .......... .......... .......... .......... 15% 3.18M 19m21s
#17 369.5 1020000K .......... .......... .......... .......... .......... 15% 17.5M 19m21s
#17 369.5 1020050K .......... .......... .......... .......... .......... 15% 5.34M 19m21s
#17 369.5 1020100K .......... .......... .......... .......... .......... 15% 8.62M 19m21s
#17 369.5 1020150K .......... .......... .......... .......... .......... 15% 28.9M 19m21s
#17 369.5 1020200K .......... .......... .......... .......... .......... 15% 4.84M 19m21s
#17 369.5 1020250K .......... .......... .......... .......... .......... 15% 4.29M 19m21s
#17 369.5 1020300K .......... .......... .......... .......... .......... 15% 8.14M 19m21s
#17 369.5 1020350K .......... .......... .......... .......... .......... 15% 10.7M 19m21s
#17 369.5 1020400K .......... .......... .......... .......... .......... 15% 22.7M 19m21s
#17 369.5 1020450K .......... .......... .......... .......... .......... 15% 9.88M 19m21s
#17 369.5 1020500K .......... .......... .......... .......... .......... 15% 4.79M 19m21s
#17 369.5 1020550K .......... .......... .......... .......... .......... 15% 3.49M 19m21s
#17 369.5 1020600K .......... .......... .......... .......... .......... 15% 3.85M 19m21s
#17 369.6 1020650K .......... .......... .......... .......... .......... 15% 2.47M 19m21s
#17 369.6 1020700K .......... .......... .......... .......... .......... 15% 2.83M 19m21s
#17 369.6 1020750K .......... .......... .......... .......... .......... 15% 8.10M 19m21s
#17 369.6 1020800K .......... .......... .......... .......... .......... 15% 17.9M 19m21s
#17 369.6 1020850K .......... .......... .......... .......... .......... 15% 7.30M 19m21s
#17 369.6 1020900K .......... .......... .......... .......... .......... 15% 6.20M 19m20s
#17 369.6 1020950K .......... .......... .......... .......... .......... 15% 51.5M 19m20s
#17 369.6 1021000K .......... .......... .......... .......... .......... 15% 37.2M 19m20s
#17 369.6 1021050K .......... .......... .......... .......... .......... 15% 2.75M 19m20s
#17 369.6 1021100K .......... .......... .......... .......... .......... 15% 2.03M 19m20s
#17 369.7 1021150K .......... .......... .......... .......... .......... 15% 9.93M 19m20s
#17 369.7 1021200K .......... .......... .......... .......... .......... 15% 5.28M 19m20s
#17 369.7 1021250K .......... .......... .......... .......... .......... 15% 3.84M 19m20s
#17 369.7 1021300K .......... .......... .......... .......... .......... 15% 3.55M 19m20s
#17 369.7 1021350K .......... .......... .......... .......... .......... 15% 10.5M 19m20s
#17 369.7 1021400K .......... .......... .......... .......... .......... 15% 2.79M 19m20s
#17 369.7 1021450K .......... .......... .......... .......... .......... 15% 39.2M 19m20s
#17 369.7 1021500K .......... .......... .......... .......... .......... 15% 4.21M 19m20s
#17 369.7 1021550K .......... .......... .......... .......... .......... 15% 2.07M 19m20s
#17 369.8 1021600K .......... .......... .......... .......... .......... 15% 1.75M 19m21s
#17 369.8 1021650K .......... .......... .......... .......... .......... 15% 5.04M 19m21s
#17 369.8 1021700K .......... .......... .......... .......... .......... 15% 6.07M 19m20s
#17 369.8 1021750K .......... .......... .......... .......... .......... 15% 28.0M 19m20s
#17 369.8 1021800K .......... .......... .......... .......... .......... 15% 5.07M 19m20s
#17 369.8 1021850K .......... .......... .......... .......... .......... 15% 3.25M 19m20s
#17 369.8 1021900K .......... .......... .......... .......... .......... 15% 1.74M 19m21s
#17 369.9 1021950K .......... .......... .......... .......... .......... 15% 1.41M 19m21s
#17 369.9 1022000K .......... .......... .......... .......... .......... 15% 81.4K 19m24s
#17 370.5 1022050K .......... .......... .......... .......... .......... 15% 1.34M 19m24s
#17 370.5 1022100K .......... .......... .......... .......... .......... 15%  939K 19m24s
#17 370.6 1022150K .......... .......... .......... .......... .......... 15%  420K 19m25s
#17 370.7 1022200K .......... .......... .......... .......... .......... 15%  894K 19m25s
#17 370.8 1022250K .......... .......... .......... .......... .......... 15%  915K 19m25s
#17 370.8 1022300K .......... .......... .......... .......... .......... 15% 2.25M 19m26s
#17 370.8 1022350K .......... .......... .......... .......... .......... 15% 2.55M 19m26s
#17 370.9 1022400K .......... .......... .......... .......... .......... 15% 4.79M 19m26s
#17 370.9 1022450K .......... .......... .......... .......... .......... 15% 2.04M 19m26s
#17 370.9 1022500K .......... .......... .......... .......... .......... 15% 2.50M 19m26s
#17 370.9 1022550K .......... .......... .......... .......... .......... 15% 2.15M 19m26s
#17 370.9 1022600K .......... .......... .......... .......... .......... 15% 2.45M 19m26s
#17 371.0 1022650K .......... .......... .......... .......... .......... 15% 1.90M 19m26s
#17 371.0 1022700K .......... .......... .......... .......... .......... 15% 2.61M 19m26s
#17 371.0 1022750K .......... .......... .......... .......... .......... 15%  619K 19m26s
#17 371.1 1022800K .......... .......... .......... .......... .......... 15%  569K 19m27s
#17 371.2 1022850K .......... .......... .......... .......... .......... 15%  477K 19m27s
#17 371.3 1022900K .......... .......... .......... .......... .......... 15%  453K 19m28s
#17 371.4 1022950K .......... .......... .......... .......... .......... 15% 2.77M 19m28s
#17 371.4 1023000K .......... .......... .......... .......... .......... 15% 1.52M 19m28s
#17 371.4 1023050K .......... .......... .......... .......... .......... 15% 1.35M 19m28s
#17 371.5 1023100K .......... .......... .......... .......... .......... 15% 1.62M 19m28s
#17 371.5 1023150K .......... .......... .......... .......... .......... 15% 1.61M 19m28s
#17 371.5 1023200K .......... .......... .......... .......... .......... 15% 1.44M 19m28s
#17 371.6 1023250K .......... .......... .......... .......... .......... 15% 1.77M 19m29s
#17 371.6 1023300K .......... .......... .......... .......... .......... 15% 1.98M 19m29s
#17 371.6 1023350K .......... .......... .......... .......... .......... 15% 1.71M 19m29s
#17 371.6 1023400K .......... .......... .......... .......... .......... 15% 2.06M 19m29s
#17 371.7 1023450K .......... .......... .......... .......... .......... 15% 1.87M 19m29s
#17 371.7 1023500K .......... .......... .......... .......... .......... 15% 1.58M 19m29s
#17 371.7 1023550K .......... .......... .......... .......... .......... 15% 1.41M 19m29s
#17 371.8 1023600K .......... .......... .......... .......... .......... 15% 1.83M 19m29s
#17 371.8 1023650K .......... .......... .......... .......... .......... 15% 2.05M 19m29s
#17 371.8 1023700K .......... .......... .......... .......... .......... 15% 1.94M 19m29s
#17 371.8 1023750K .......... .......... .......... .......... .......... 15% 1.92M 19m29s
#17 371.9 1023800K .......... .......... .......... .......... .......... 15% 1.80M 19m29s
#17 371.9 1023850K .......... .......... .......... .......... .......... 15% 1.65M 19m30s
#17 371.9 1023900K .......... .......... .......... .......... .......... 15% 1.82M 19m30s
#17 371.9 1023950K .......... .......... .......... .......... .......... 15% 1.68M 19m30s
#17 372.0 1024000K .......... .......... .......... .......... .......... 15% 2.19M 19m30s
#17 372.0 1024050K .......... .......... .......... .......... .......... 15% 1.94M 19m30s
#17 372.0 1024100K .......... .......... .......... .......... .......... 15% 1.96M 19m30s
#17 372.0 1024150K .......... .......... .......... .......... .......... 15% 1.95M 19m30s
#17 372.1 1024200K .......... .......... .......... .......... .......... 15% 2.33M 19m30s
#17 372.1 1024250K .......... .......... .......... .......... .......... 15% 1.64M 19m30s
#17 372.1 1024300K .......... .......... .......... .......... .......... 15% 1.64M 19m30s
#17 372.2 1024350K .......... .......... .......... .......... .......... 15% 2.01M 19m30s
#17 372.2 1024400K .......... .......... .......... .......... .......... 15% 2.63M 19m30s
#17 372.2 1024450K .......... .......... .......... .......... .......... 15% 1.69M 19m30s
#17 372.2 1024500K .......... .......... .......... .......... .......... 15% 1.56M 19m31s
#17 372.3 1024550K .......... .......... .......... .......... .......... 15% 2.54M 19m31s
#17 372.3 1024600K .......... .......... .......... .......... .......... 15% 1.80M 19m31s
#17 372.3 1024650K .......... .......... .......... .......... .......... 15%  821K 19m31s
#17 372.4 1024700K .......... .......... .......... .......... .......... 15% 1.09M 19m31s
#17 372.4 1024750K .......... .......... .......... .......... .......... 15% 1.41M 19m31s
#17 372.4 1024800K .......... .......... .......... .......... .......... 15% 2.24M 19m31s
#17 372.5 1024850K .......... .......... .......... .......... .......... 15% 1.73M 19m31s
#17 372.5 1024900K .......... .......... .......... .......... .......... 15% 1.48M 19m32s
#17 372.5 1024950K .......... .......... .......... .......... .......... 15% 2.65M 19m32s
#17 372.5 1025000K .......... .......... .......... .......... .......... 15% 1.90M 19m32s
#17 372.6 1025050K .......... .......... .......... .......... .......... 15% 2.49M 19m32s
#17 372.6 1025100K .......... .......... .......... .......... .......... 15% 2.60M 19m32s
#17 372.6 1025150K .......... .......... .......... .......... .......... 15% 2.82M 19m32s
#17 372.6 1025200K .......... .......... .......... .......... .......... 15% 2.48M 19m32s
#17 372.6 1025250K .......... .......... .......... .......... .......... 15% 1.88M 19m32s
#17 372.7 1025300K .......... .......... .......... .......... .......... 15% 2.71M 19m32s
#17 372.7 1025350K .......... .......... .......... .......... .......... 15% 2.52M 19m32s
#17 372.7 1025400K .......... .......... .......... .......... .......... 15% 2.85M 19m32s
#17 372.7 1025450K .......... .......... .......... .......... .......... 15% 2.01M 19m32s
#17 372.7 1025500K .......... .......... .......... .......... .......... 15% 2.28M 19m32s
#17 372.8 1025550K .......... .......... .......... .......... .......... 15% 2.48M 19m32s
#17 372.8 1025600K .......... .......... .......... .......... .......... 15% 2.61M 19m32s
#17 372.8 1025650K .......... .......... .......... .......... .......... 15% 2.76M 19m32s
#17 372.8 1025700K .......... .......... .......... .......... .......... 15% 2.49M 19m32s
#17 372.8 1025750K .......... .......... .......... .......... .......... 15% 2.18M 19m32s
#17 372.9 1025800K .......... .......... .......... .......... .......... 15% 2.21M 19m32s
#17 372.9 1025850K .......... .......... .......... .......... .......... 15% 3.07M 19m32s
#17 372.9 1025900K .......... .......... .......... .......... .......... 15% 2.60M 19m32s
#17 372.9 1025950K .......... .......... .......... .......... .......... 15% 2.21M 19m32s
#17 372.9 1026000K .......... .......... .......... .......... .......... 15% 1.59M 19m33s
#17 373.0 1026050K .......... .......... .......... .......... .......... 15% 2.77M 19m33s
#17 373.0 1026100K .......... .......... .......... .......... .......... 15% 1.56M 19m33s
#17 373.0 1026150K .......... .......... .......... .......... .......... 15% 3.19M 19m33s
#17 373.0 1026200K .......... .......... .......... .......... .......... 15% 2.87M 19m33s
#17 373.1 1026250K .......... .......... .......... .......... .......... 15% 2.87M 19m33s
#17 373.1 1026300K .......... .......... .......... .......... .......... 15% 2.48M 19m33s
#17 373.1 1026350K .......... .......... .......... .......... .......... 15% 2.84M 19m33s
#17 373.1 1026400K .......... .......... .......... .......... .......... 15% 2.94M 19m33s
#17 373.1 1026450K .......... .......... .......... .......... .......... 15% 2.75M 19m33s
#17 373.2 1026500K .......... .......... .......... .......... .......... 15% 1.61M 19m33s
#17 373.2 1026550K .......... .......... .......... .......... .......... 15% 2.71M 19m33s
#17 373.2 1026600K .......... .......... .......... .......... .......... 15% 2.66M 19m33s
#17 373.2 1026650K .......... .......... .......... .......... .......... 15% 2.63M 19m33s
#17 373.2 1026700K .......... .......... .......... .......... .......... 15% 2.39M 19m33s
#17 373.3 1026750K .......... .......... .......... .......... .......... 15% 1.96M 19m33s
#17 373.3 1026800K .......... .......... .......... .......... .......... 15% 3.49M 19m33s
#17 373.3 1026850K .......... .......... .......... .......... .......... 15% 2.56M 19m33s
#17 373.3 1026900K .......... .......... .......... .......... .......... 15% 3.48M 19m33s
#17 373.3 1026950K .......... .......... .......... .......... .......... 15% 3.57M 19m33s
#17 373.3 1027000K .......... .......... .......... .......... .......... 15% 3.66M 19m33s
#17 373.4 1027050K .......... .......... .......... .......... .......... 15% 3.54M 19m33s
#17 373.4 1027100K .......... .......... .......... .......... .......... 15% 4.49M 19m33s
#17 373.4 1027150K .......... .......... .......... .......... .......... 15% 3.83M 19m33s
#17 373.4 1027200K .......... .......... .......... .......... .......... 15% 3.86M 19m33s
#17 373.4 1027250K .......... .......... .......... .......... .......... 15% 4.07M 19m33s
#17 373.4 1027300K .......... .......... .......... .......... .......... 15% 2.00M 19m33s
#17 373.4 1027350K .......... .......... .......... .......... .......... 15% 2.52M 19m33s
#17 373.5 1027400K .......... .......... .......... .......... .......... 15% 2.16M 19m34s
#17 373.5 1027450K .......... .......... .......... .......... .......... 15% 2.19M 19m34s
#17 373.5 1027500K .......... .......... .......... .......... .......... 15% 3.92M 19m34s
#17 373.5 1027550K .......... .......... .......... .......... .......... 15% 2.69M 19m34s
#17 373.5 1027600K .......... .......... .......... .......... .......... 15% 2.13M 19m34s
#17 373.6 1027650K .......... .......... .......... .......... .......... 15% 1002K 19m34s
#17 373.6 1027700K .......... .......... .......... .......... .......... 15% 4.35M 19m34s
#17 373.6 1027750K .......... .......... .......... .......... .......... 15% 2.11M 19m34s
#17 373.6 1027800K .......... .......... .......... .......... .......... 15% 9.61M 19m34s
#17 373.6 1027850K .......... .......... .......... .......... .......... 15% 5.69M 19m34s
#17 373.7 1027900K .......... .......... .......... .......... .......... 15% 4.02M 19m34s
#17 373.7 1027950K .......... .......... .......... .......... .......... 15% 3.97M 19m34s
#17 373.7 1028000K .......... .......... .......... .......... .......... 15% 2.76M 19m34s
#17 373.7 1028050K .......... .......... .......... .......... .......... 15% 9.32M 19m34s
#17 373.7 1028100K .......... .......... .......... .......... .......... 15% 1.84M 19m34s
#17 373.7 1028150K .......... .......... .......... .......... .......... 15% 3.18M 19m34s
#17 373.7 1028200K .......... .......... .......... .......... .......... 15% 2.04M 19m34s
#17 373.8 1028250K .......... .......... .......... .......... .......... 15% 3.57M 19m34s
#17 373.8 1028300K .......... .......... .......... .......... .......... 15% 3.30M 19m34s
#17 373.8 1028350K .......... .......... .......... .......... .......... 15% 3.17M 19m34s
#17 373.8 1028400K .......... .......... .......... .......... .......... 15% 2.77M 19m34s
#17 373.8 1028450K .......... .......... .......... .......... .......... 15% 3.76M 19m34s
#17 373.8 1028500K .......... .......... .......... .......... .......... 15% 1.98M 19m34s
#17 373.9 1028550K .......... .......... .......... .......... .......... 15% 2.71M 19m34s
#17 373.9 1028600K .......... .......... .......... .......... .......... 15% 3.42M 19m34s
#17 373.9 1028650K .......... .......... .......... .......... .......... 15% 2.00M 19m34s
#17 373.9 1028700K .......... .......... .......... .......... .......... 15% 2.61M 19m34s
#17 373.9 1028750K .......... .......... .......... .......... .......... 15% 5.40M 19m34s
#17 374.0 1028800K .......... .......... .......... .......... .......... 15% 4.46M 19m34s
#17 374.0 1028850K .......... .......... .......... .......... .......... 15% 2.16M 19m34s
#17 374.0 1028900K .......... .......... .......... .......... .......... 15% 1.58M 19m34s
#17 374.0 1028950K .......... .......... .......... .......... .......... 15% 2.01M 19m35s
#17 374.0 1029000K .......... .......... .......... .......... .......... 15% 2.62M 19m35s
#17 374.1 1029050K .......... .......... .......... .......... .......... 15% 6.52M 19m35s
#17 374.1 1029100K .......... .......... .......... .......... .......... 15% 2.34M 19m35s
#17 374.1 1029150K .......... .......... .......... .......... .......... 15% 3.78M 19m35s
#17 374.1 1029200K .......... .......... .......... .......... .......... 15% 6.52M 19m35s
#17 374.1 1029250K .......... .......... .......... .......... .......... 15% 4.85M 19m35s
#17 374.1 1029300K .......... .......... .......... .......... .......... 15% 4.26M 19m35s
#17 374.1 1029350K .......... .......... .......... .......... .......... 15% 4.37M 19m35s
#17 374.1 1029400K .......... .......... .......... .......... .......... 15% 2.98M 19m35s
#17 374.2 1029450K .......... .......... .......... .......... .......... 15% 4.47M 19m35s
#17 374.2 1029500K .......... .......... .......... .......... .......... 15% 2.30M 19m35s
#17 374.2 1029550K .......... .......... .......... .......... .......... 15% 3.79M 19m35s
#17 374.2 1029600K .......... .......... .......... .......... .......... 15% 3.91M 19m35s
#17 374.2 1029650K .......... .......... .......... .......... .......... 15% 3.09M 19m35s
#17 374.2 1029700K .......... .......... .......... .......... .......... 15% 3.88M 19m35s
#17 374.2 1029750K .......... .......... .......... .......... .......... 15% 3.29M 19m35s
#17 374.3 1029800K .......... .......... .......... .......... .......... 15% 2.18M 19m35s
#17 374.3 1029850K .......... .......... .......... .......... .......... 15% 5.99M 19m35s
#17 374.3 1029900K .......... .......... .......... .......... .......... 15% 2.87M 19m35s
#17 374.3 1029950K .......... .......... .......... .......... .......... 15% 3.04M 19m35s
#17 374.3 1030000K .......... .......... .......... .......... .......... 15% 4.45M 19m35s
#17 374.3 1030050K .......... .......... .......... .......... .......... 15% 5.86M 19m35s
#17 374.3 1030100K .......... .......... .......... .......... .......... 15% 2.30M 19m35s
#17 374.4 1030150K .......... .......... .......... .......... .......... 15% 6.26M 19m35s
#17 374.4 1030200K .......... .......... .......... .......... .......... 15% 3.19M 19m35s
#17 374.4 1030250K .......... .......... .......... .......... .......... 15% 2.89M 19m35s
#17 374.4 1030300K .......... .......... .......... .......... .......... 15% 2.01M 19m35s
#17 374.4 1030350K .......... .......... .......... .......... .......... 15% 1.53M 19m35s
#17 374.5 1030400K .......... .......... .......... .......... .......... 15% 4.63M 19m35s
#17 374.5 1030450K .......... .......... .......... .......... .......... 15% 3.42M 19m35s
#17 374.5 1030500K .......... .......... .......... .......... .......... 15% 1.95M 19m35s
#17 374.5 1030550K .......... .......... .......... .......... .......... 15% 5.20M 19m35s
#17 374.5 1030600K .......... .......... .......... .......... .......... 15% 5.73M 19m35s
#17 374.5 1030650K .......... .......... .......... .......... .......... 15% 3.17M 19m35s
#17 374.5 1030700K .......... .......... .......... .......... .......... 15% 3.01M 19m35s
#17 374.6 1030750K .......... .......... .......... .......... .......... 15% 5.27M 19m35s
#17 374.6 1030800K .......... .......... .......... .......... .......... 15% 4.60M 19m35s
#17 374.6 1030850K .......... .......... .......... .......... .......... 15% 2.98M 19m35s
#17 374.6 1030900K .......... .......... .......... .......... .......... 15% 2.70M 19m35s
#17 374.6 1030950K .......... .......... .......... .......... .......... 15% 2.91M 19m35s
#17 374.6 1031000K .......... .......... .......... .......... .......... 15% 5.94M 19m35s
#17 374.6 1031050K .......... .......... .......... .......... .......... 15% 1.93M 19m35s
#17 374.7 1031100K .......... .......... .......... .......... .......... 15% 3.05M 19m35s
#17 374.7 1031150K .......... .......... .......... .......... .......... 15% 2.80M 19m35s
#17 374.7 1031200K .......... .......... .......... .......... .......... 15% 11.1M 19m35s
#17 374.7 1031250K .......... .......... .......... .......... .......... 15% 3.88M 19m35s
#17 374.7 1031300K .......... .......... .......... .......... .......... 15% 1.18M 19m35s
#17 374.8 1031350K .......... .......... .......... .......... .......... 15%  845K 19m36s
#17 374.8 1031400K .......... .......... .......... .......... .......... 15% 3.10M 19m36s
#17 374.8 1031450K .......... .......... .......... .......... .......... 15% 4.94M 19m36s
#17 374.8 1031500K .......... .......... .......... .......... .......... 15% 5.96M 19m36s
#17 374.8 1031550K .......... .......... .......... .......... .......... 15% 2.60M 19m36s
#17 374.9 1031600K .......... .......... .......... .......... .......... 15% 3.94M 19m36s
#17 374.9 1031650K .......... .......... .......... .......... .......... 15% 5.12M 19m36s
#17 374.9 1031700K .......... .......... .......... .......... .......... 15% 2.99M 19m36s
#17 374.9 1031750K .......... .......... .......... .......... .......... 15% 45.1M 19m36s
#17 374.9 1031800K .......... .......... .......... .......... .......... 15% 4.58M 19m36s
#17 374.9 1031850K .......... .......... .......... .......... .......... 15% 4.53M 19m36s
#17 374.9 1031900K .......... .......... .......... .......... .......... 15% 5.58M 19m36s
#17 374.9 1031950K .......... .......... .......... .......... .......... 15% 4.66M 19m36s
#17 374.9 1032000K .......... .......... .......... .......... .......... 15% 2.33M 19m36s
#17 375.0 1032050K .......... .......... .......... .......... .......... 15% 5.56M 19m36s
#17 375.0 1032100K .......... .......... .......... .......... .......... 15% 3.35M 19m36s
#17 375.0 1032150K .......... .......... .......... .......... .......... 15% 6.48M 19m36s
#17 375.0 1032200K .......... .......... .......... .......... .......... 15% 3.32M 19m36s
#17 375.0 1032250K .......... .......... .......... .......... .......... 15% 2.92M 19m36s
#17 375.0 1032300K .......... .......... .......... .......... .......... 15% 7.33M 19m36s
#17 375.0 1032350K .......... .......... .......... .......... .......... 15% 3.59M 19m36s
#17 375.0 1032400K .......... .......... .......... .......... .......... 15% 4.73M 19m36s
#17 375.1 1032450K .......... .......... .......... .......... .......... 15% 4.24M 19m36s
#17 375.1 1032500K .......... .......... .......... .......... .......... 15% 4.89M 19m36s
#17 375.1 1032550K .......... .......... .......... .......... .......... 15% 2.82M 19m36s
#17 375.1 1032600K .......... .......... .......... .......... .......... 15% 2.98M 19m36s
#17 375.1 1032650K .......... .......... .......... .......... .......... 15% 4.79M 19m36s
#17 375.1 1032700K .......... .......... .......... .......... .......... 15% 5.33M 19m36s
#17 375.1 1032750K .......... .......... .......... .......... .......... 15% 3.42M 19m36s
#17 375.1 1032800K .......... .......... .......... .......... .......... 15% 4.20M 19m36s
#17 375.2 1032850K .......... .......... .......... .......... .......... 15% 5.03M 19m36s
#17 375.2 1032900K .......... .......... .......... .......... .......... 15% 3.42M 19m36s
#17 375.2 1032950K .......... .......... .......... .......... .......... 15% 3.55M 19m36s
#17 375.2 1033000K .......... .......... .......... .......... .......... 15% 4.05M 19m36s
#17 375.2 1033050K .......... .......... .......... .......... .......... 15% 3.81M 19m36s
#17 375.2 1033100K .......... .......... .......... .......... .......... 15% 3.51M 19m36s
#17 375.2 1033150K .......... .......... .......... .......... .......... 15% 2.80M 19m36s
#17 375.3 1033200K .......... .......... .......... .......... .......... 15% 5.40M 19m36s
#17 375.3 1033250K .......... .......... .......... .......... .......... 15% 9.94M 19m36s
#17 375.3 1033300K .......... .......... .......... .......... .......... 15% 4.12M 19m36s
#17 375.3 1033350K .......... .......... .......... .......... .......... 15% 5.60M 19m36s
#17 375.3 1033400K .......... .......... .......... .......... .......... 15% 3.85M 19m36s
#17 375.3 1033450K .......... .......... .......... .......... .......... 15% 4.06M 19m36s
#17 375.3 1033500K .......... .......... .......... .......... .......... 15% 4.15M 19m36s
#17 375.3 1033550K .......... .......... .......... .......... .......... 15% 3.79M 19m36s
#17 375.3 1033600K .......... .......... .......... .......... .......... 15% 4.35M 19m36s
#17 375.3 1033650K .......... .......... .......... .......... .......... 15% 13.2M 19m36s
#17 375.4 1033700K .......... .......... .......... .......... .......... 15% 4.48M 19m36s
#17 375.4 1033750K .......... .......... .......... .......... .......... 15% 2.97M 19m36s
#17 375.4 1033800K .......... .......... .......... .......... .......... 15% 24.6M 19m36s
#17 375.4 1033850K .......... .......... .......... .......... .......... 15% 3.19M 19m36s
#17 375.4 1033900K .......... .......... .......... .......... .......... 15% 4.95M 19m36s
#17 375.4 1033950K .......... .......... .......... .......... .......... 15% 3.18M 19m36s
#17 375.4 1034000K .......... .......... .......... .......... .......... 15% 5.88M 19m36s
#17 375.4 1034050K .......... .......... .......... .......... .......... 15% 5.30M 19m35s
#17 375.4 1034100K .......... .......... .......... .......... .......... 15% 5.05M 19m35s
#17 375.5 1034150K .......... .......... .......... .......... .......... 15% 3.15M 19m35s
#17 375.5 1034200K .......... .......... .......... .......... .......... 15% 4.72M 19m35s
#17 375.5 1034250K .......... .......... .......... .......... .......... 15% 4.80M 19m35s
#17 375.5 1034300K .......... .......... .......... .......... .......... 15% 3.53M 19m35s
#17 375.5 1034350K .......... .......... .......... .......... .......... 15% 4.31M 19m35s
#17 375.5 1034400K .......... .......... .......... .......... .......... 15% 4.35M 19m35s
#17 375.5 1034450K .......... .......... .......... .......... .......... 15% 4.26M 19m35s
#17 375.5 1034500K .......... .......... .......... .......... .......... 15% 5.86M 19m35s
#17 375.5 1034550K .......... .......... .......... .......... .......... 15% 3.12M 19m35s
#17 375.6 1034600K .......... .......... .......... .......... .......... 15% 3.84M 19m35s
#17 375.6 1034650K .......... .......... .......... .......... .......... 15% 3.01M 19m35s
#17 375.6 1034700K .......... .......... .......... .......... .......... 15% 5.04M 19m35s
#17 375.6 1034750K .......... .......... .......... .......... .......... 15% 3.39M 19m35s
#17 375.6 1034800K .......... .......... .......... .......... .......... 15% 5.52M 19m35s
#17 375.6 1034850K .......... .......... .......... .......... .......... 15% 4.86M 19m35s
#17 375.6 1034900K .......... .......... .......... .......... .......... 15% 2.59M 19m36s
#17 375.6 1034950K .......... .......... .......... .......... .......... 15% 8.76M 19m35s
#17 375.7 1035000K .......... .......... .......... .......... .......... 15% 4.32M 19m35s
#17 375.7 1035050K .......... .......... .......... .......... .......... 15% 4.31M 19m35s
#17 375.7 1035100K .......... .......... .......... .......... .......... 15% 16.1M 19m35s
#17 375.7 1035150K .......... .......... .......... .......... .......... 15% 5.27M 19m35s
#17 375.7 1035200K .......... .......... .......... .......... .......... 15% 5.02M 19m35s
#17 375.7 1035250K .......... .......... .......... .......... .......... 15% 3.53M 19m35s
#17 375.7 1035300K .......... .......... .......... .......... .......... 15% 4.20M 19m35s
#17 375.7 1035350K .......... .......... .......... .......... .......... 15% 4.36M 19m35s
#17 375.7 1035400K .......... .......... .......... .......... .......... 15% 3.60M 19m35s
#17 375.7 1035450K .......... .......... .......... .......... .......... 15% 5.55M 19m35s
#17 375.8 1035500K .......... .......... .......... .......... .......... 15% 9.00M 19m35s
#17 375.8 1035550K .......... .......... .......... .......... .......... 15% 3.47M 19m35s
#17 375.8 1035600K .......... .......... .......... .......... .......... 15% 3.36M 19m35s
#17 375.8 1035650K .......... .......... .......... .......... .......... 15% 8.86M 19m35s
#17 375.8 1035700K .......... .......... .......... .......... .......... 15% 3.88M 19m35s
#17 375.8 1035750K .......... .......... .......... .......... .......... 15% 2.92M 19m35s
#17 375.8 1035800K .......... .......... .......... .......... .......... 15% 5.53M 19m35s
#17 375.8 1035850K .......... .......... .......... .......... .......... 15% 5.35M 19m35s
#17 375.8 1035900K .......... .......... .......... .......... .......... 15% 4.98M 19m35s
#17 375.9 1035950K .......... .......... .......... .......... .......... 15% 1.85M 19m35s
#17 375.9 1036000K .......... .......... .......... .......... .......... 15% 20.7M 19m35s
#17 375.9 1036050K .......... .......... .......... .......... .......... 15% 7.85M 19m35s
#17 375.9 1036100K .......... .......... .......... .......... .......... 15% 3.53M 19m35s
#17 375.9 1036150K .......... .......... .......... .......... .......... 15% 5.32M 19m35s
#17 375.9 1036200K .......... .......... .......... .......... .......... 15% 4.84M 19m35s
#17 375.9 1036250K .......... .......... .......... .......... .......... 15% 9.16M 19m35s
#17 375.9 1036300K .......... .......... .......... .......... .......... 15% 8.12M 19m35s
#17 375.9 1036350K .......... .......... .......... .......... .......... 15% 3.69M 19m35s
#17 375.9 1036400K .......... .......... .......... .......... .......... 15% 7.10M 19m35s
#17 376.0 1036450K .......... .......... .......... .......... .......... 15% 3.60M 19m35s
#17 376.0 1036500K .......... .......... .......... .......... .......... 15% 3.59M 19m35s
#17 376.0 1036550K .......... .......... .......... .......... .......... 15% 7.73M 19m35s
#17 376.0 1036600K .......... .......... .......... .......... .......... 15% 8.81M 19m35s
#17 376.0 1036650K .......... .......... .......... .......... .......... 15% 6.75M 19m35s
#17 376.0 1036700K .......... .......... .......... .......... .......... 15% 6.05M 19m35s
#17 376.0 1036750K .......... .......... .......... .......... .......... 15% 3.15M 19m35s
#17 376.0 1036800K .......... .......... .......... .......... .......... 15% 7.10M 19m35s
#17 376.0 1036850K .......... .......... .......... .......... .......... 15% 4.23M 19m35s
#17 376.0 1036900K .......... .......... .......... .......... .......... 15% 3.93M 19m35s
#17 376.1 1036950K .......... .......... .......... .......... .......... 15% 2.75M 19m35s
#17 376.1 1037000K .......... .......... .......... .......... .......... 15% 2.99M 19m35s
#17 376.1 1037050K .......... .......... .......... .......... .......... 15% 4.78M 19m35s
#17 376.1 1037100K .......... .......... .......... .......... .......... 15% 3.79M 19m35s
#17 376.1 1037150K .......... .......... .......... .......... .......... 15% 3.00M 19m35s
#17 376.1 1037200K .......... .......... .......... .......... .......... 15% 2.77M 19m35s
#17 376.1 1037250K .......... .......... .......... .......... .......... 15% 3.77M 19m35s
#17 376.2 1037300K .......... .......... .......... .......... .......... 15% 3.64M 19m35s
#17 376.2 1037350K .......... .......... .......... .......... .......... 15%  948K 19m35s
#17 376.2 1037400K .......... .......... .......... .......... .......... 15% 3.66M 19m35s
#17 376.2 1037450K .......... .......... .......... .......... .......... 15% 2.73M 19m35s
#17 376.3 1037500K .......... .......... .......... .......... .......... 15% 4.00M 19m35s
#17 376.3 1037550K .......... .......... .......... .......... .......... 15% 3.47M 19m35s
#17 376.3 1037600K .......... .......... .......... .......... .......... 15% 2.03M 19m36s
#17 376.3 1037650K .......... .......... .......... .......... .......... 15% 7.58M 19m36s
#17 376.3 1037700K .......... .......... .......... .......... .......... 15% 1.43M 19m36s
#17 376.3 1037750K .......... .......... .......... .......... .......... 15% 1.61M 19m36s
#17 376.4 1037800K .......... .......... .......... .......... .......... 15% 2.86M 19m36s
#17 376.4 1037850K .......... .......... .......... .......... .......... 15% 1.83M 19m36s
#17 376.4 1037900K .......... .......... .......... .......... .......... 15% 1.75M 19m36s
#17 376.4 1037950K .......... .......... .......... .......... .......... 15% 2.90M 19m36s
#17 376.5 1038000K .......... .......... .......... .......... .......... 15% 2.60M 19m36s
#17 376.5 1038050K .......... .......... .......... .......... .......... 15% 2.71M 19m36s
#17 376.5 1038100K .......... .......... .......... .......... .......... 15% 2.10M 19m36s
#17 376.5 1038150K .......... .......... .......... .......... .......... 15% 3.92M 19m36s
#17 376.5 1038200K .......... .......... .......... .......... .......... 15% 3.22M 19m36s
#17 376.6 1038250K .......... .......... .......... .......... .......... 15% 2.54M 19m36s
#17 376.6 1038300K .......... .......... .......... .......... .......... 15% 3.19M 19m36s
#17 376.6 1038350K .......... .......... .......... .......... .......... 15% 3.08M 19m36s
#17 376.6 1038400K .......... .......... .......... .......... .......... 15% 1.84M 19m36s
#17 376.6 1038450K .......... .......... .......... .......... .......... 15% 1.35M 19m36s
#17 376.7 1038500K .......... .......... .......... .......... .......... 15% 1.82M 19m36s
#17 376.7 1038550K .......... .......... .......... .......... .......... 15% 2.48M 19m37s
#17 376.7 1038600K .......... .......... .......... .......... .......... 15% 4.34M 19m37s
#17 376.7 1038650K .......... .......... .......... .......... .......... 15% 2.33M 19m37s
#17 376.7 1038700K .......... .......... .......... .......... .......... 15% 2.01M 19m37s
#17 376.8 1038750K .......... .......... .......... .......... .......... 15% 1.45M 19m37s
#17 376.8 1038800K .......... .......... .......... .......... .......... 15% 1.62M 19m37s
#17 376.8 1038850K .......... .......... .......... .......... .......... 15% 1.52M 19m37s
#17 376.9 1038900K .......... .......... .......... .......... .......... 15%  938K 19m37s
#17 376.9 1038950K .......... .......... .......... .......... .......... 15% 1.44M 19m37s
#17 377.0 1039000K .......... .......... .......... .......... .......... 15% 3.17M 19m37s
#17 377.0 1039050K .......... .......... .......... .......... .......... 15% 2.04M 19m37s
#17 377.0 1039100K .......... .......... .......... .......... .......... 15% 3.32M 19m37s
#17 377.0 1039150K .......... .......... .......... .......... .......... 15% 2.64M 19m37s
#17 377.0 1039200K .......... .......... .......... .......... .......... 15% 2.89M 19m37s
#17 377.0 1039250K .......... .......... .......... .......... .......... 15% 4.04M 19m37s
#17 377.1 1039300K .......... .......... .......... .......... .......... 15% 1.58M 19m38s
#17 377.1 1039350K .......... .......... .......... .......... .......... 15% 4.07M 19m38s
#17 377.1 1039400K .......... .......... .......... .......... .......... 15% 1.81M 19m38s
#17 377.1 1039450K .......... .......... .......... .......... .......... 15% 3.45M 19m38s
#17 377.1 1039500K .......... .......... .......... .......... .......... 15% 1.86M 19m38s
#17 377.2 1039550K .......... .......... .......... .......... .......... 15% 5.07M 19m38s
#17 377.2 1039600K .......... .......... .......... .......... .......... 15% 1.70M 19m38s
#17 377.2 1039650K .......... .......... .......... .......... .......... 15% 1.70M 19m38s
#17 377.2 1039700K .......... .......... .......... .......... .......... 15% 2.80M 19m38s
#17 377.3 1039750K .......... .......... .......... .......... .......... 15% 7.02M 19m38s
#17 377.3 1039800K .......... .......... .......... .......... .......... 15% 1.84M 19m38s
#17 377.3 1039850K .......... .......... .......... .......... .......... 15% 3.90M 19m38s
#17 377.3 1039900K .......... .......... .......... .......... .......... 15% 1.89M 19m38s
#17 377.3 1039950K .......... .......... .......... .......... .......... 15% 2.73M 19m38s
#17 377.3 1040000K .......... .......... .......... .......... .......... 15% 4.16M 19m38s
#17 377.4 1040050K .......... .......... .......... .......... .......... 15% 1.84M 19m38s
#17 377.4 1040100K .......... .......... .......... .......... .......... 15% 1.94M 19m38s
#17 377.4 1040150K .......... .......... .......... .......... .......... 15% 4.22M 19m38s
#17 377.4 1040200K .......... .......... .......... .......... .......... 15% 2.74M 19m38s
#17 377.4 1040250K .......... .......... .......... .......... .......... 15% 1.76M 19m38s
#17 375.4 1040300K .......... .......... .......... .......... .......... 15% 2.50M 19m38s
#17 375.4 1040350K .......... .......... .......... .......... .......... 15% 1.77M 19m38s
#17 375.4 1040400K .......... .......... .......... .......... .......... 15% 1.40M 19m39s
#17 375.5 1040450K .......... .......... .......... .......... .......... 15% 6.52M 19m39s
#17 375.5 1040500K .......... .......... .......... .......... .......... 15% 1.67M 19m39s
#17 375.5 1040550K .......... .......... .......... .......... .......... 15% 3.25M 19m39s
#17 375.5 1040600K .......... .......... .......... .......... .......... 15% 7.06M 19m39s
#17 375.5 1040650K .......... .......... .......... .......... .......... 15% 1.81M 19m39s
#17 375.6 1040700K .......... .......... .......... .......... .......... 15% 2.87M 19m39s
#17 375.6 1040750K .......... .......... .......... .......... .......... 15% 3.04M 19m39s
#17 375.6 1040800K .......... .......... .......... .......... .......... 15% 5.05M 19m39s
#17 375.6 1040850K .......... .......... .......... .......... .......... 15% 1.62M 19m39s
#17 375.6 1040900K .......... .......... .......... .......... .......... 15%  927K 19m39s
#17 377.7 1040950K .......... .......... .......... .......... .......... 15% 8.68M 19m39s
#17 377.7 1041000K .......... .......... .......... .......... .......... 15% 1.10M 19m39s
#17 377.7 1041050K .......... .......... .......... .......... .......... 15% 3.60M 19m39s
#17 377.8 1041100K .......... .......... .......... .......... .......... 15% 1.17M 19m39s
#17 377.8 1041150K .......... .......... .......... .......... .......... 15% 1.57M 19m40s
#17 377.8 1041200K .......... .......... .......... .......... .......... 15% 20.1M 19m39s
#17 377.8 1041250K .......... .......... .......... .......... .......... 15% 37.4M 19m39s
#17 377.8 1041300K .......... .......... .......... .......... .......... 15% 9.35M 19m39s
#17 377.8 1041350K .......... .......... .......... .......... .......... 15% 3.05M 19m39s
#17 377.9 1041400K .......... .......... .......... .......... .......... 15% 2.57M 19m39s
#17 377.9 1041450K .......... .......... .......... .......... .......... 15% 1.65M 19m40s
#17 377.9 1041500K .......... .......... .......... .......... .......... 15% 5.81M 19m40s
#17 377.9 1041550K .......... .......... .......... .......... .......... 15% 1.22M 19m40s
#17 377.9 1041600K .......... .......... .......... .......... .......... 15% 1.45M 19m40s
#17 378.0 1041650K .......... .......... .......... .......... .......... 15% 34.1M 19m40s
#17 378.0 1041700K .......... .......... .......... .......... .......... 15% 1.79M 19m40s
#17 378.0 1041750K .......... .......... .......... .......... .......... 15% 3.22M 19m40s
#17 378.0 1041800K .......... .......... .......... .......... .......... 15% 2.09M 19m40s
#17 378.0 1041850K .......... .......... .......... .......... .......... 15% 1.27M 19m40s
#17 378.1 1041900K .......... .......... .......... .......... .......... 15% 4.74M 19m40s
#17 378.1 1041950K .......... .......... .......... .......... .......... 15% 2.84M 19m40s
#17 378.1 1042000K .......... .......... .......... .......... .......... 15% 1.45M 19m40s
#17 378.1 1042050K .......... .......... .......... .......... .......... 15% 1.99M 19m40s
#17 378.2 1042100K .......... .......... .......... .......... .......... 15% 1.23M 19m40s
#17 378.2 1042150K .......... .......... .......... .......... .......... 15% 48.9M 19m40s
#17 378.2 1042200K .......... .......... .......... .......... .......... 15% 2.39M 19m40s
#17 378.2 1042250K .......... .......... .......... .......... .......... 15% 1.68M 19m40s
#17 378.3 1042300K .......... .......... .......... .......... .......... 15% 20.1M 19m40s
#17 378.3 1042350K .......... .......... .......... .......... .......... 15% 4.81M 19m40s
#17 378.3 1042400K .......... .......... .......... .......... .......... 15% 2.26M 19m40s
#17 378.3 1042450K .......... .......... .......... .......... .......... 15% 2.65M 19m40s
#17 378.3 1042500K .......... .......... .......... .......... .......... 15% 2.54M 19m41s
#17 378.3 1042550K .......... .......... .......... .......... .......... 15% 1.13M 19m41s
#17 378.4 1042600K .......... .......... .......... .......... .......... 15% 1.58M 19m41s
#17 378.4 1042650K .......... .......... .......... .......... .......... 15% 48.4M 19m41s
#17 378.4 1042700K .......... .......... .......... .......... .......... 15% 2.64M 19m41s
#17 378.4 1042750K .......... .......... .......... .......... .......... 15% 2.20M 19m41s
#17 378.5 1042800K .......... .......... .......... .......... .......... 15% 4.04M 19m41s
#17 378.5 1042850K .......... .......... .......... .......... .......... 15% 3.82M 19m41s
#17 378.5 1042900K .......... .......... .......... .......... .......... 15% 33.2M 19m41s
#17 378.5 1042950K .......... .......... .......... .......... .......... 15% 2.21M 19m41s
#17 378.5 1043000K .......... .......... .......... .......... .......... 15% 1.26M 19m41s
#17 378.5 1043050K .......... .......... .......... .......... .......... 15% 15.4M 19m41s
#17 378.5 1043100K .......... .......... .......... .......... .......... 15% 2.29M 19m41s
#17 378.6 1043150K .......... .......... .......... .......... .......... 15% 3.92M 19m41s
#17 378.6 1043200K .......... .......... .......... .......... .......... 15% 1.69M 19m41s
#17 378.6 1043250K .......... .......... .......... .......... .......... 15% 1.43M 19m41s
#17 378.6 1043300K .......... .......... .......... .......... .......... 15% 3.38M 19m41s
#17 378.7 1043350K .......... .......... .......... .......... .......... 15% 1.56M 19m41s
#17 378.7 1043400K .......... .......... .......... .......... .......... 15% 4.41M 19m41s
#17 378.7 1043450K .......... .......... .......... .......... .......... 15% 2.63M 19m41s
#17 378.7 1043500K .......... .......... .......... .......... .......... 15% 2.30M 19m41s
#17 378.7 1043550K .......... .......... .......... .......... .......... 15% 57.5M 19m41s
#17 378.7 1043600K .......... .......... .......... .......... .......... 15% 1.90M 19m41s
#17 378.8 1043650K .......... .......... .......... .......... .......... 15% 1.21M 19m42s
#17 378.8 1043700K .......... .......... .......... .......... .......... 15%  137M 19m41s
#17 378.8 1043750K .......... .......... .......... .......... .......... 15% 5.76M 19m41s
#17 378.8 1043800K .......... .......... .......... .......... .......... 15% 14.9M 19m41s
#17 378.8 1043850K .......... .......... .......... .......... .......... 15% 59.7M 19m41s
#17 378.8 1043900K .......... .......... .......... .......... .......... 15% 8.94M 19m41s
#17 378.8 1043950K .......... .......... .......... .......... .......... 15% 5.09M 19m41s
#17 378.9 1044000K .......... .......... .......... .......... .......... 15% 1.01M 19m41s
#17 378.9 1044050K .......... .......... .......... .......... .......... 15% 5.01M 19m41s
#17 378.9 1044100K .......... .......... .......... .......... .......... 15% 6.19M 19m41s
#17 378.9 1044150K .......... .......... .......... .......... .......... 15% 1.69M 19m42s
#17 378.9 1044200K .......... .......... .......... .......... .......... 15% 2.00M 19m42s
#17 379.0 1044250K .......... .......... .......... .......... .......... 15% 4.38M 19m42s
#17 379.0 1044300K .......... .......... .......... .......... .......... 15% 3.20M 19m42s
#17 379.0 1044350K .......... .......... .......... .......... .......... 15% 3.01M 19m42s
#17 379.0 1044400K .......... .......... .......... .......... .......... 15% 2.91M 19m42s
#17 379.0 1044450K .......... .......... .......... .......... .......... 15% 2.67M 19m42s
#17 379.0 1044500K .......... .......... .......... .......... .......... 15% 6.68M 19m42s
#17 379.0 1044550K .......... .......... .......... .......... .......... 15% 2.86M 19m42s
#17 379.1 1044600K .......... .......... .......... .......... .......... 15% 4.22M 19m42s
#17 379.1 1044650K .......... .......... .......... .......... .......... 15% 51.9M 19m42s
#17 379.1 1044700K .......... .......... .......... .......... .......... 15% 4.20M 19m42s
#17 379.1 1044750K .......... .......... .......... .......... .......... 15% 2.73M 19m42s
#17 379.1 1044800K .......... .......... .......... .......... .......... 15% 2.82M 19m42s
#17 379.1 1044850K .......... .......... .......... .......... .......... 15% 2.74M 19m42s
#17 379.1 1044900K .......... .......... .......... .......... .......... 15% 3.39M 19m42s
#17 379.1 1044950K .......... .......... .......... .......... .......... 15% 2.81M 19m42s
#17 379.2 1045000K .......... .......... .......... .......... .......... 15% 6.01M 19m42s
#17 379.2 1045050K .......... .......... .......... .......... .......... 15% 1.63M 19m42s
#17 379.2 1045100K .......... .......... .......... .......... .......... 15% 5.64M 19m42s
#17 379.2 1045150K .......... .......... .......... .......... .......... 15% 4.71M 19m42s
#17 379.2 1045200K .......... .......... .......... .......... .......... 15% 2.83M 19m42s
#17 379.2 1045250K .......... .......... .......... .......... .......... 15% 3.02M 19m42s
#17 379.3 1045300K .......... .......... .......... .......... .......... 15% 2.31M 19m42s
#17 379.3 1045350K .......... .......... .......... .......... .......... 15% 3.00M 19m42s
#17 379.3 1045400K .......... .......... .......... .......... .......... 15% 2.53M 19m42s
#17 379.3 1045450K .......... .......... .......... .......... .......... 15% 18.6M 19m42s
#17 379.3 1045500K .......... .......... .......... .......... .......... 15% 4.30M 19m42s
#17 379.3 1045550K .......... .......... .......... .......... .......... 15% 1.79M 19m42s
#17 379.4 1045600K .......... .......... .......... .......... .......... 15% 3.82M 19m42s
#17 379.4 1045650K .......... .......... .......... .......... .......... 15% 2.85M 19m42s
#17 379.4 1045700K .......... .......... .......... .......... .......... 15% 2.98M 19m42s
#17 379.4 1045750K .......... .......... .......... .......... .......... 15% 2.77M 19m42s
#17 379.4 1045800K .......... .......... .......... .......... .......... 15% 2.59M 19m42s
#17 379.4 1045850K .......... .......... .......... .......... .......... 15% 3.26M 19m42s
#17 379.4 1045900K .......... .......... .......... .......... .......... 15% 3.77M 19m42s
#17 379.5 1045950K .......... .......... .......... .......... .......... 15%  948K 19m42s
#17 379.5 1046000K .......... .......... .......... .......... .......... 15% 25.0M 19m42s
#17 379.5 1046050K .......... .......... .......... .......... .......... 15% 7.26M 19m42s
#17 379.5 1046100K .......... .......... .......... .......... .......... 15% 3.37M 19m42s
#17 379.5 1046150K .......... .......... .......... .......... .......... 15% 6.01M 19m42s
#17 379.5 1046200K .......... .......... .......... .......... .......... 15% 2.30M 19m42s
#17 379.6 1046250K .......... .......... .......... .......... .......... 15% 5.67M 19m42s
#17 379.6 1046300K .......... .......... .......... .......... .......... 15% 1.85M 19m42s
#17 379.6 1046350K .......... .......... .......... .......... .......... 15% 2.85M 19m42s
#17 379.6 1046400K .......... .......... .......... .......... .......... 15% 9.95M 19m42s
#17 379.6 1046450K .......... .......... .......... .......... .......... 15% 5.44M 19m42s
#17 379.6 1046500K .......... .......... .......... .......... .......... 15% 4.12M 19m42s
#17 379.6 1046550K .......... .......... .......... .......... .......... 15% 2.00M 19m42s
#17 379.7 1046600K .......... .......... .......... .......... .......... 15% 4.65M 19m42s
#17 379.7 1046650K .......... .......... .......... .......... .......... 15% 3.29M 19m42s
#17 379.7 1046700K .......... .......... .......... .......... .......... 15% 3.36M 19m42s
#17 379.7 1046750K .......... .......... .......... .......... .......... 15% 2.58M 19m42s
#17 379.7 1046800K .......... .......... .......... .......... .......... 15% 3.40M 19m42s
#17 379.7 1046850K .......... .......... .......... .......... .......... 15% 2.56M 19m43s
#17 379.8 1046900K .......... .......... .......... .......... .......... 15% 1.68M 19m43s
#17 379.8 1046950K .......... .......... .......... .......... .......... 15% 4.53M 19m43s
#17 379.8 1047000K .......... .......... .......... .......... .......... 15% 3.40M 19m43s
#17 379.8 1047050K .......... .......... .......... .......... .......... 15% 3.49M 19m43s
#17 379.8 1047100K .......... .......... .......... .......... .......... 15% 3.13M 19m43s
#17 379.8 1047150K .......... .......... .......... .......... .......... 15% 2.32M 19m43s
#17 379.9 1047200K .......... .......... .......... .......... .......... 15% 4.11M 19m43s
#17 379.9 1047250K .......... .......... .......... .......... .......... 15% 2.35M 19m43s
#17 379.9 1047300K .......... .......... .......... .......... .......... 15% 50.2M 19m43s
#17 379.9 1047350K .......... .......... .......... .......... .......... 15% 3.65M 19m43s
#17 379.9 1047400K .......... .......... .......... .......... .......... 15% 3.88M 19m43s
#17 379.9 1047450K .......... .......... .......... .......... .......... 15% 2.62M 19m43s
#17 379.9 1047500K .......... .......... .......... .......... .......... 15% 3.68M 19m43s
#17 380.0 1047550K .......... .......... .......... .......... .......... 15% 2.16M 19m43s
#17 380.0 1047600K .......... .......... .......... .......... .......... 15% 1.99M 19m43s
#17 380.0 1047650K .......... .......... .......... .......... .......... 15% 6.14M 19m43s
#17 380.0 1047700K .......... .......... .......... .......... .......... 15% 20.9M 19m43s
#17 380.0 1047750K .......... .......... .......... .......... .......... 15% 3.35M 19m43s
#17 380.0 1047800K .......... .......... .......... .......... .......... 15% 4.43M 19m43s
#17 380.0 1047850K .......... .......... .......... .......... .......... 15% 3.39M 19m43s
#17 380.1 1047900K .......... .......... .......... .......... .......... 15% 2.27M 19m43s
#17 380.1 1047950K .......... .......... .......... .......... .......... 15% 3.26M 19m43s
#17 380.1 1048000K .......... .......... .......... .......... .......... 15% 4.05M 19m43s
#17 380.1 1048050K .......... .......... .......... .......... .......... 15% 3.71M 19m43s
#17 380.1 1048100K .......... .......... .......... .......... .......... 15% 2.78M 19m43s
#17 380.1 1048150K .......... .......... .......... .......... .......... 15% 3.72M 19m43s
#17 380.1 1048200K .......... .......... .......... .......... .......... 15% 3.04M 19m43s
#17 380.2 1048250K .......... .......... .......... .......... .......... 15% 2.01M 19m43s
#17 380.2 1048300K .......... .......... .......... .......... .......... 15% 8.59M 19m43s
#17 380.2 1048350K .......... .......... .......... .......... .......... 15% 2.25M 19m43s
#17 380.2 1048400K .......... .......... .......... .......... .......... 15% 2.66M 19m43s
#17 380.2 1048450K .......... .......... .......... .......... .......... 15% 31.2M 19m43s
#17 380.2 1048500K .......... .......... .......... .......... .......... 15% 5.75M 19m43s
#17 380.2 1048550K .......... .......... .......... .......... .......... 15% 5.22M 19m43s
#17 380.3 1048600K .......... .......... .......... .......... .......... 15% 2.52M 19m43s
#17 380.3 1048650K .......... .......... .......... .......... .......... 15% 1.09M 19m43s
#17 380.3 1048700K .......... .......... .......... .......... .......... 15% 48.9M 19m43s
#17 380.3 1048750K .......... .......... .......... .......... .......... 15% 48.4M 19m43s
#17 380.3 1048800K .......... .......... .......... .......... .......... 15% 4.89M 19m43s
#17 380.3 1048850K .......... .......... .......... .......... .......... 15% 3.13M 19m43s
#17 380.3 1048900K .......... .......... .......... .......... .......... 15% 2.52M 19m43s
#17 380.4 1048950K .......... .......... .......... .......... .......... 15% 2.39M 19m43s
#17 380.4 1049000K .......... .......... .......... .......... .......... 15% 97.5M 19m43s
#17 380.4 1049050K .......... .......... .......... .......... .......... 15% 1.71M 19m43s
#17 380.4 1049100K .......... .......... .......... .......... .......... 15% 7.53M 19m43s
#17 380.4 1049150K .......... .......... .......... .......... .......... 15% 45.3M 19m43s
#17 380.4 1049200K .......... .......... .......... .......... .......... 15% 3.85M 19m43s
#17 380.4 1049250K .......... .......... .......... .......... .......... 15% 7.59M 19m43s
#17 380.4 1049300K .......... .......... .......... .......... .......... 15% 3.75M 19m43s
#17 380.5 1049350K .......... .......... .......... .......... .......... 15% 9.23M 19m43s
#17 380.5 1049400K .......... .......... .......... .......... .......... 15% 4.06M 19m43s
#17 380.5 1049450K .......... .......... .......... .......... .......... 15% 3.39M 19m43s
#17 380.5 1049500K .......... .......... .......... .......... .......... 15% 3.43M 19m43s
#17 380.5 1049550K .......... .......... .......... .......... .......... 15% 1.32M 19m43s
#17 380.5 1049600K .......... .......... .......... .......... .......... 15% 1.96M 19m43s
#17 380.6 1049650K .......... .......... .......... .......... .......... 15% 4.56M 19m43s
#17 380.6 1049700K .......... .......... .......... .......... .......... 15% 7.37M 19m43s
#17 380.6 1049750K .......... .......... .......... .......... .......... 15% 3.22M 19m43s
#17 380.6 1049800K .......... .......... .......... .......... .......... 15% 7.26M 19m43s
#17 380.6 1049850K .......... .......... .......... .......... .......... 15% 4.86M 19m43s
#17 380.6 1049900K .......... .......... .......... .......... .......... 15% 4.73M 19m43s
#17 380.6 1049950K .......... .......... .......... .......... .......... 15% 1.58M 19m43s
#17 380.7 1050000K .......... .......... .......... .......... .......... 15% 23.4M 19m43s
#17 380.7 1050050K .......... .......... .......... .......... .......... 15% 1.84M 19m43s
#17 380.7 1050100K .......... .......... .......... .......... .......... 15% 64.8M 19m43s
#17 380.7 1050150K .......... .......... .......... .......... .......... 15% 52.1M 19m43s
#17 380.7 1050200K .......... .......... .......... .......... .......... 15% 2.90M 19m43s
#17 380.7 1050250K .......... .......... .......... .......... .......... 15% 5.04M 19m43s
#17 380.7 1050300K .......... .......... .......... .......... .......... 15% 2.87M 19m43s
#17 380.7 1050350K .......... .......... .......... .......... .......... 15% 2.35M 19m43s
#17 380.7 1050400K .......... .......... .......... .......... .......... 15% 17.7M 19m43s
#17 380.7 1050450K .......... .......... .......... .......... .......... 15% 4.61M 19m43s
#17 380.8 1050500K .......... .......... .......... .......... .......... 15% 4.77M 19m43s
#17 380.8 1050550K .......... .......... .......... .......... .......... 15% 1.39M 19m43s
#17 380.8 1050600K .......... .......... .......... .......... .......... 15% 3.21M 19m43s
#17 380.8 1050650K .......... .......... .......... .......... .......... 15% 3.06M 19m43s
#17 380.8 1050700K .......... .......... .......... .......... .......... 15% 4.95M 19m43s
#17 380.8 1050750K .......... .......... .......... .......... .......... 15% 1.43M 19m43s
#17 380.9 1050800K .......... .......... .......... .......... .......... 15% 4.00M 19m43s
#17 380.9 1050850K .......... .......... .......... .......... .......... 15% 3.04M 19m43s
#17 380.9 1050900K .......... .......... .......... .......... .......... 15% 3.11M 19m43s
#17 380.9 1050950K .......... .......... .......... .......... .......... 15% 4.57M 19m43s
#17 380.9 1051000K .......... .......... .......... .......... .......... 15% 2.47M 19m43s
#17 381.0 1051050K .......... .......... .......... .......... .......... 15% 3.11M 19m44s
#17 381.0 1051100K .......... .......... .......... .......... .......... 15% 3.18M 19m44s
#17 381.0 1051150K .......... .......... .......... .......... .......... 15% 3.50M 19m44s
#17 381.0 1051200K .......... .......... .......... .......... .......... 15% 1.45M 19m44s
#17 381.0 1051250K .......... .......... .......... .......... .......... 15% 2.10M 19m44s
#17 381.1 1051300K .......... .......... .......... .......... .......... 15% 1.12M 19m44s
#17 381.1 1051350K .......... .......... .......... .......... .......... 15% 1.51M 19m44s
#17 381.1 1051400K .......... .......... .......... .......... .......... 15% 5.72M 19m44s
#17 381.1 1051450K .......... .......... .......... .......... .......... 15% 2.04M 19m44s
#17 381.2 1051500K .......... .......... .......... .......... .......... 15% 3.63M 19m44s
#17 381.2 1051550K .......... .......... .......... .......... .......... 15% 2.02M 19m44s
#17 381.2 1051600K .......... .......... .......... .......... .......... 15% 4.57M 19m44s
#17 381.2 1051650K .......... .......... .......... .......... .......... 15% 4.50M 19m44s
#17 381.2 1051700K .......... .......... .......... .......... .......... 15% 3.45M 19m44s
#17 381.2 1051750K .......... .......... .......... .......... .......... 15% 8.48M 19m44s
#17 381.3 1051800K .......... .......... .......... .......... .......... 15% 2.33M 19m44s
#17 381.3 1051850K .......... .......... .......... .......... .......... 15% 4.50M 19m44s
#17 381.3 1051900K .......... .......... .......... .......... .......... 15% 1.65M 19m44s
#17 381.3 1051950K .......... .......... .......... .......... .......... 15% 1.77M 19m44s
#17 381.3 1052000K .......... .......... .......... .......... .......... 15% 1.09M 19m44s
#17 381.4 1052050K .......... .......... .......... .......... .......... 15% 1.56M 19m45s
#17 381.4 1052100K .......... .......... .......... .......... .......... 15% 1.72M 19m45s
#17 381.4 1052150K .......... .......... .......... .......... .......... 15% 21.9M 19m45s
#17 381.4 1052200K .......... .......... .......... .......... .......... 15% 2.80M 19m45s
#17 381.5 1052250K .......... .......... .......... .......... .......... 15% 2.82M 19m45s
#17 381.5 1052300K .......... .......... .......... .......... .......... 15% 1.06M 19m45s
#17 381.6 1052350K .......... .......... .......... .......... .......... 15%  188K 19m46s
#17 381.8 1052400K .......... .......... .......... .......... .......... 15% 1.90M 19m46s
#17 381.8 1052450K .......... .......... .......... .......... .......... 15% 6.15M 19m46s
#17 381.8 1052500K .......... .......... .......... .......... .......... 15% 5.84M 19m46s
#17 381.8 1052550K .......... .......... .......... .......... .......... 15% 3.15M 19m46s
#17 381.8 1052600K .......... .......... .......... .......... .......... 15% 2.67M 19m46s
#17 381.9 1052650K .......... .......... .......... .......... .......... 15% 4.40M 19m46s
#17 381.9 1052700K .......... .......... .......... .......... .......... 15% 6.30M 19m46s
#17 381.9 1052750K .......... .......... .......... .......... .......... 15% 1.79M 19m46s
#17 381.9 1052800K .......... .......... .......... .......... .......... 15% 3.47M 19m46s
#17 381.9 1052850K .......... .......... .......... .......... .......... 15% 3.02M 19m46s
#17 381.9 1052900K .......... .......... .......... .......... .......... 15% 7.41M 19m46s
#17 382.0 1052950K .......... .......... .......... .......... .......... 15% 2.37M 19m46s
#17 382.0 1053000K .......... .......... .......... .......... .......... 15% 2.64M 19m46s
#17 382.0 1053050K .......... .......... .......... .......... .......... 15% 7.51M 19m46s
#17 382.0 1053100K .......... .......... .......... .......... .......... 15% 2.87M 19m46s
#17 382.0 1053150K .......... .......... .......... .......... .......... 15% 7.66M 19m46s
#17 382.0 1053200K .......... .......... .......... .......... .......... 15% 2.08M 19m46s
#17 382.0 1053250K .......... .......... .......... .......... .......... 15% 30.2M 19m46s
#17 382.0 1053300K .......... .......... .......... .......... .......... 15% 42.6M 19m46s
#17 382.0 1053350K .......... .......... .......... .......... .......... 15% 4.00M 19m46s
#17 382.1 1053400K .......... .......... .......... .......... .......... 15% 4.18M 19m46s
#17 382.1 1053450K .......... .......... .......... .......... .......... 15% 7.20M 19m46s
#17 382.1 1053500K .......... .......... .......... .......... .......... 15% 40.5M 19m46s
#17 382.1 1053550K .......... .......... .......... .......... .......... 15% 7.98M 19m46s
#17 382.1 1053600K .......... .......... .......... .......... .......... 15% 4.10M 19m46s
#17 382.1 1053650K .......... .......... .......... .......... .......... 15% 3.13M 19m46s
#17 382.1 1053700K .......... .......... .......... .......... .......... 15% 2.76M 19m46s
#17 382.1 1053750K .......... .......... .......... .......... .......... 15% 4.03M 19m46s
#17 382.1 1053800K .......... .......... .......... .......... .......... 15% 3.18M 19m46s
#17 382.2 1053850K .......... .......... .......... .......... .......... 15% 6.29M 19m46s
#17 382.2 1053900K .......... .......... .......... .......... .......... 15% 4.00M 19m46s
#17 382.2 1053950K .......... .......... .......... .......... .......... 15% 1.53M 19m46s
#17 382.2 1054000K .......... .......... .......... .......... .......... 15% 2.91M 19m46s
#17 382.2 1054050K .......... .......... .......... .......... .......... 15% 5.23M 19m46s
#17 382.2 1054100K .......... .......... .......... .......... .......... 15% 4.31M 19m46s
#17 382.2 1054150K .......... .......... .......... .......... .......... 15% 5.19M 19m46s
#17 382.2 1054200K .......... .......... .......... .......... .......... 15% 2.96M 19m46s
#17 382.3 1054250K .......... .......... .......... .......... .......... 15% 3.04M 19m46s
#17 382.3 1054300K .......... .......... .......... .......... .......... 15% 8.70M 19m46s
#17 382.3 1054350K .......... .......... .......... .......... .......... 15% 1.45M 19m46s
#17 382.3 1054400K .......... .......... .......... .......... .......... 15% 42.6M 19m46s
#17 382.3 1054450K .......... .......... .......... .......... .......... 15% 1.45M 19m47s
#17 382.4 1054500K .......... .......... .......... .......... .......... 15% 22.8M 19m46s
#17 382.4 1054550K .......... .......... .......... .......... .......... 15% 47.6M 19m46s
#17 382.4 1054600K .......... .......... .......... .......... .......... 15% 2.20M 19m46s
#17 382.4 1054650K .......... .......... .......... .......... .......... 15% 71.7M 19m46s
#17 382.4 1054700K .......... .......... .......... .......... .......... 15% 1.66M 19m46s
#17 382.4 1054750K .......... .......... .......... .......... .......... 15% 3.00M 19m46s
#17 382.4 1054800K .......... .......... .......... .......... .......... 15% 5.38M 19m46s
#17 382.4 1054850K .......... .......... .......... .......... .......... 15% 7.71M 19m46s
#17 382.4 1054900K .......... .......... .......... .......... .......... 15% 4.80M 19m46s
#17 382.5 1054950K .......... .......... .......... .......... .......... 15% 2.49M 19m46s
#17 382.5 1055000K .......... .......... .......... .......... .......... 15% 6.24M 19m46s
#17 382.5 1055050K .......... .......... .......... .......... .......... 15% 30.5M 19m46s
#17 382.5 1055100K .......... .......... .......... .......... .......... 15% 1.61M 19m46s
#17 382.5 1055150K .......... .......... .......... .......... .......... 15% 10.4M 19m46s
#17 382.5 1055200K .......... .......... .......... .......... .......... 15% 10.2M 19m46s
#17 382.5 1055250K .......... .......... .......... .......... .......... 15% 5.08M 19m46s
#17 382.5 1055300K .......... .......... .......... .......... .......... 15% 1.97M 19m46s
#17 382.6 1055350K .......... .......... .......... .......... .......... 15% 7.00M 19m46s
#17 382.6 1055400K .......... .......... .......... .......... .......... 15% 2.79M 19m46s
#17 382.6 1055450K .......... .......... .......... .......... .......... 15% 1.52M 19m47s
#17 382.6 1055500K .......... .......... .......... .......... .......... 15% 3.74M 19m47s
#17 382.6 1055550K .......... .......... .......... .......... .......... 15% 1.48M 19m47s
#17 382.7 1055600K .......... .......... .......... .......... .......... 15% 3.64M 19m47s
#17 382.7 1055650K .......... .......... .......... .......... .......... 15% 2.32M 19m47s
#17 382.7 1055700K .......... .......... .......... .......... .......... 15% 8.23M 19m47s
#17 382.7 1055750K .......... .......... .......... .......... .......... 15% 5.52M 19m47s
#17 382.7 1055800K .......... .......... .......... .......... .......... 15% 56.3M 19m47s
#17 382.7 1055850K .......... .......... .......... .......... .......... 15% 6.04M 19m47s
#17 382.7 1055900K .......... .......... .......... .......... .......... 15%  741K 19m47s
#17 382.8 1055950K .......... .......... .......... .......... .......... 15%  696K 19m47s
#17 382.9 1056000K .......... .......... .......... .......... .......... 15% 1.49M 19m47s
#17 382.9 1056050K .......... .......... .......... .......... .......... 15% 1.81M 19m47s
#17 382.9 1056100K .......... .......... .......... .......... .......... 15% 13.1M 19m47s
#17 382.9 1056150K .......... .......... .......... .......... .......... 15% 17.3M 19m47s
#17 382.9 1056200K .......... .......... .......... .......... .......... 15% 2.22M 19m47s
#17 382.9 1056250K .......... .......... .......... .......... .......... 15% 3.73M 19m47s
#17 383.0 1056300K .......... .......... .......... .......... .......... 15% 7.42M 19m47s
#17 383.0 1056350K .......... .......... .......... .......... .......... 15% 1.54M 19m47s
#17 383.0 1056400K .......... .......... .......... .......... .......... 15% 2.76M 19m47s
#17 383.0 1056450K .......... .......... .......... .......... .......... 15% 1.60M 19m48s
#17 383.0 1056500K .......... .......... .......... .......... .......... 15% 2.39M 19m48s
#17 383.1 1056550K .......... .......... .......... .......... .......... 15% 4.56M 19m48s
#17 383.1 1056600K .......... .......... .......... .......... .......... 15% 2.68M 19m48s
#17 383.1 1056650K .......... .......... .......... .......... .......... 15% 66.2M 19m48s
#17 383.1 1056700K .......... .......... .......... .......... .......... 15% 4.68M 19m48s
#17 383.1 1056750K .......... .......... .......... .......... .......... 15% 2.35M 19m48s
#17 383.1 1056800K .......... .......... .......... .......... .......... 15% 8.46M 19m48s
#17 383.1 1056850K .......... .......... .......... .......... .......... 15% 5.01M 19m48s
#17 383.1 1056900K .......... .......... .......... .......... .......... 15% 1.81M 19m48s
#17 383.2 1056950K .......... .......... .......... .......... .......... 15% 2.34M 19m48s
#17 383.2 1057000K .......... .......... .......... .......... .......... 15% 9.13M 19m48s
#17 383.2 1057050K .......... .......... .......... .......... .......... 15% 3.02M 19m48s
#17 383.2 1057100K .......... .......... .......... .......... .......... 15% 5.81M 19m48s
#17 383.2 1057150K .......... .......... .......... .......... .......... 15% 2.16M 19m48s
#17 383.2 1057200K .......... .......... .......... .......... .......... 15% 2.24M 19m48s
#17 383.3 1057250K .......... .......... .......... .......... .......... 15% 2.62M 19m48s
#17 383.3 1057300K .......... .......... .......... .......... .......... 15% 4.32M 19m48s
#17 383.3 1057350K .......... .......... .......... .......... .......... 15% 2.58M 19m48s
#17 383.3 1057400K .......... .......... .......... .......... .......... 15% 2.32M 19m48s
#17 383.3 1057450K .......... .......... .......... .......... .......... 15% 1.86M 19m48s
#17 383.4 1057500K .......... .......... .......... .......... .......... 15% 2.20M 19m48s
#17 383.4 1057550K .......... .......... .......... .......... .......... 15% 2.19M 19m48s
#17 383.4 1057600K .......... .......... .......... .......... .......... 15% 1.83M 19m48s
#17 383.4 1057650K .......... .......... .......... .......... .......... 15% 6.12M 19m48s
#17 383.4 1057700K .......... .......... .......... .......... .......... 15% 2.26M 19m48s
#17 383.5 1057750K .......... .......... .......... .......... .......... 15% 6.46M 19m48s
#17 383.5 1057800K .......... .......... .......... .......... .......... 15% 4.78M 19m48s
#17 383.5 1057850K .......... .......... .......... .......... .......... 15% 6.85M 19m48s
#17 383.5 1057900K .......... .......... .......... .......... .......... 15% 6.43M 19m48s
#17 383.5 1057950K .......... .......... .......... .......... .......... 15% 1.92M 19m48s
#17 383.5 1058000K .......... .......... .......... .......... .......... 15% 2.07M 19m48s
#17 383.5 1058050K .......... .......... .......... .......... .......... 15% 2.78M 19m48s
#17 383.6 1058100K .......... .......... .......... .......... .......... 15% 2.03M 19m48s
#17 383.6 1058150K .......... .......... .......... .......... .......... 15% 1.53M 19m48s
#17 383.6 1058200K .......... .......... .......... .......... .......... 15% 5.68M 19m48s
#17 383.6 1058250K .......... .......... .......... .......... .......... 15% 2.32M 19m48s
#17 383.6 1058300K .......... .......... .......... .......... .......... 15% 2.29M 19m48s
#17 383.7 1058350K .......... .......... .......... .......... .......... 15% 2.02M 19m49s
#17 383.7 1058400K .......... .......... .......... .......... .......... 15% 1.93M 19m49s
#17 383.7 1058450K .......... .......... .......... .......... .......... 15% 28.8M 19m49s
#17 383.7 1058500K .......... .......... .......... .......... .......... 15% 6.15M 19m49s
#17 383.7 1058550K .......... .......... .......... .......... .......... 15% 1.58M 19m49s
#17 383.8 1058600K .......... .......... .......... .......... .......... 15% 3.55M 19m49s
#17 383.8 1058650K .......... .......... .......... .......... .......... 15% 6.35M 19m49s
#17 383.8 1058700K .......... .......... .......... .......... .......... 15% 2.53M 19m49s
#17 383.8 1058750K .......... .......... .......... .......... .......... 15% 2.48M 19m49s
#17 383.8 1058800K .......... .......... .......... .......... .......... 15% 3.23M 19m49s
#17 383.8 1058850K .......... .......... .......... .......... .......... 15% 56.6M 19m49s
#17 383.8 1058900K .......... .......... .......... .......... .......... 15% 1.56M 19m49s
#17 383.9 1058950K .......... .......... .......... .......... .......... 15% 7.02M 19m49s
#17 383.9 1059000K .......... .......... .......... .......... .......... 15% 1.61M 19m49s
#17 383.9 1059050K .......... .......... .......... .......... .......... 15% 26.5M 19m49s
#17 383.9 1059100K .......... .......... .......... .......... .......... 15% 43.8M 19m49s
#17 383.9 1059150K .......... .......... .......... .......... .......... 15% 2.04M 19m49s
#17 383.9 1059200K .......... .......... .......... .......... .......... 15% 1.24M 19m49s
#17 384.0 1059250K .......... .......... .......... .......... .......... 15% 8.35M 19m49s
#17 384.0 1059300K .......... .......... .......... .......... .......... 15% 47.0M 19m49s
#17 384.0 1059350K .......... .......... .......... .......... .......... 15% 5.82M 19m49s
#17 384.0 1059400K .......... .......... .......... .......... .......... 15% 3.09M 19m49s
#17 384.0 1059450K .......... .......... .......... .......... .......... 15% 1.67M 19m49s
#17 384.0 1059500K .......... .......... .......... .......... .......... 15% 4.50M 19m49s
#17 384.0 1059550K .......... .......... .......... .......... .......... 15% 2.30M 19m49s
#17 384.1 1059600K .......... .......... .......... .......... .......... 15% 4.84M 19m49s
#17 384.1 1059650K .......... .......... .......... .......... .......... 15% 1.67M 19m49s
#17 384.1 1059700K .......... .......... .......... .......... .......... 15% 8.88M 19m49s
#17 384.1 1059750K .......... .......... .......... .......... .......... 15% 2.86M 19m49s
#17 384.1 1059800K .......... .......... .......... .......... .......... 15% 5.89M 19m49s
#17 384.1 1059850K .......... .......... .......... .......... .......... 15% 2.31M 19m49s
#17 384.2 1059900K .......... .......... .......... .......... .......... 15% 2.64M 19m49s
#17 384.2 1059950K .......... .......... .......... .......... .......... 15% 3.32M 19m49s
#17 384.2 1060000K .......... .......... .......... .......... .......... 15% 2.68M 19m49s
#17 384.2 1060050K .......... .......... .......... .......... .......... 15% 1.51M 19m49s
#17 384.2 1060100K .......... .......... .......... .......... .......... 15% 4.09M 19m49s
#17 384.2 1060150K .......... .......... .......... .......... .......... 15% 4.02M 19m49s
#17 384.3 1060200K .......... .......... .......... .......... .......... 15% 2.52M 19m49s
#17 384.3 1060250K .......... .......... .......... .......... .......... 15% 3.31M 19m49s
#17 384.3 1060300K .......... .......... .......... .......... .......... 15% 2.80M 19m49s
#17 384.3 1060350K .......... .......... .......... .......... .......... 15% 1.76M 19m49s
#17 384.3 1060400K .......... .......... .......... .......... .......... 15% 1.56M 19m49s
#17 384.4 1060450K .......... .......... .......... .......... .......... 15% 1.44M 19m50s
#17 384.4 1060500K .......... .......... .......... .......... .......... 15% 3.23M 19m50s
#17 384.4 1060550K .......... .......... .......... .......... .......... 15% 2.75M 19m50s
#17 384.4 1060600K .......... .......... .......... .......... .......... 15% 3.29M 19m50s
#17 384.4 1060650K .......... .......... .......... .......... .......... 15% 1.85M 19m50s
#17 384.5 1060700K .......... .......... .......... .......... .......... 15% 1.58M 19m50s
#17 384.5 1060750K .......... .......... .......... .......... .......... 15% 1.82M 19m50s
#17 384.6 1060800K .......... .......... .......... .......... .......... 15% 1.84M 19m50s
#17 384.6 1060850K .......... .......... .......... .......... .......... 15% 1.25M 19m50s
#17 384.6 1060900K .......... .......... .......... .......... .......... 15% 2.53M 19m50s
#17 384.6 1060950K .......... .......... .......... .......... .......... 15% 1.89M 19m50s
#17 384.6 1061000K .......... .......... .......... .......... .......... 15% 2.06M 19m50s
#17 384.7 1061050K .......... .......... .......... .......... .......... 15% 1.15M 19m50s
#17 384.7 1061100K .......... .......... .......... .......... .......... 15% 2.59M 19m50s
#17 384.7 1061150K .......... .......... .......... .......... .......... 15% 2.12M 19m51s
#17 384.8 1061200K .......... .......... .......... .......... .......... 15% 1.28M 19m51s
#17 384.8 1061250K .......... .......... .......... .......... .......... 15% 1.38M 19m51s
#17 384.8 1061300K .......... .......... .......... .......... .......... 15% 1.67M 19m51s
#17 384.9 1061350K .......... .......... .......... .......... .......... 15% 3.23M 19m51s
#17 384.9 1061400K .......... .......... .......... .......... .......... 15% 1.37M 19m51s
#17 384.9 1061450K .......... .......... .......... .......... .......... 15% 2.51M 19m51s
#17 384.9 1061500K .......... .......... .......... .......... .......... 15% 2.08M 19m51s
#17 384.9 1061550K .......... .......... .......... .......... .......... 15% 1.87M 19m51s
#17 385.0 1061600K .......... .......... .......... .......... .......... 15% 1.31M 19m51s
#17 385.0 1061650K .......... .......... .......... .......... .......... 15% 1.71M 19m51s
#17 385.0 1061700K .......... .......... .......... .......... .......... 15% 1.50M 19m52s
#17 385.1 1061750K .......... .......... .......... .......... .......... 15% 2.35M 19m52s
#17 385.1 1061800K .......... .......... .......... .......... .......... 15% 1.21M 19m52s
#17 385.1 1061850K .......... .......... .......... .......... .......... 15% 2.01M 19m52s
#17 385.2 1061900K .......... .......... .......... .......... .......... 15% 1.43M 19m52s
#17 385.2 1061950K .......... .......... .......... .......... .......... 15% 1.93M 19m52s
#17 385.2 1062000K .......... .......... .......... .......... .......... 15% 1.66M 19m52s
#17 385.2 1062050K .......... .......... .......... .......... .......... 15% 1.55M 19m52s
#17 385.3 1062100K .......... .......... .......... .......... .......... 15% 2.15M 19m52s
#17 385.3 1062150K .......... .......... .......... .......... .......... 15% 2.74M 19m52s
#17 385.3 1062200K .......... .......... .......... .......... .......... 15%  107K 19m55s
#17 385.8 1062250K .......... .......... .......... .......... .......... 15% 2.08M 19m55s
#17 385.8 1062300K .......... .......... .......... .......... .......... 15% 1.51M 19m55s
#17 385.8 1062350K .......... .......... .......... .......... .......... 15% 2.42M 19m55s
#17 385.9 1062400K .......... .......... .......... .......... .......... 15% 2.67M 19m55s
#17 385.9 1062450K .......... .......... .......... .......... .......... 15% 1.20M 19m55s
#17 385.9 1062500K .......... .......... .......... .......... .......... 15% 4.04M 19m55s
#17 385.9 1062550K .......... .......... .......... .......... .......... 15% 1.40M 19m55s
#17 386.0 1062600K .......... .......... .......... .......... .......... 15% 1.58M 19m55s
#17 386.0 1062650K .......... .......... .......... .......... .......... 15% 1.72M 19m55s
#17 386.0 1062700K .......... .......... .......... .......... .......... 15% 1.90M 19m55s
#17 386.1 1062750K .......... .......... .......... .......... .......... 15% 1.60M 19m56s
#17 386.1 1062800K .......... .......... .......... .......... .......... 15% 2.34M 19m56s
#17 386.1 1062850K .......... .......... .......... .......... .......... 15% 1.44M 19m56s
#17 386.1 1062900K .......... .......... .......... .......... .......... 15% 34.8M 19m56s
#17 386.1 1062950K .......... .......... .......... .......... .......... 15% 2.56M 19m56s
#17 386.2 1063000K .......... .......... .......... .......... .......... 15% 2.79M 19m56s
#17 386.2 1063050K .......... .......... .......... .......... .......... 15% 6.74M 19m56s
#17 386.2 1063100K .......... .......... .......... .......... .......... 15% 5.13M 19m56s
#17 386.2 1063150K .......... .......... .......... .......... .......... 15% 1.61M 19m56s
#17 386.2 1063200K .......... .......... .......... .......... .......... 15% 2.12M 19m56s
#17 386.2 1063250K .......... .......... .......... .......... .......... 15% 1.66M 19m56s
#17 386.3 1063300K .......... .......... .......... .......... .......... 15% 1.84M 19m56s
#17 386.3 1063350K .......... .......... .......... .......... .......... 15% 1.77M 19m56s
#17 386.3 1063400K .......... .......... .......... .......... .......... 15% 1.41M 19m56s
#17 386.4 1063450K .......... .......... .......... .......... .......... 15% 1.54M 19m56s
#17 386.4 1063500K .......... .......... .......... .......... .......... 15% 2.16M 19m56s
#17 386.4 1063550K .......... .......... .......... .......... .......... 15% 1.81M 19m56s
#17 386.4 1063600K .......... .......... .......... .......... .......... 15% 1.29M 19m57s
#17 386.5 1063650K .......... .......... .......... .......... .......... 15% 1.44M 19m57s
#17 386.5 1063700K .......... .......... .......... .......... .......... 15% 3.26M 19m57s
#17 386.5 1063750K .......... .......... .......... .......... .......... 15% 1.78M 19m57s
#17 386.6 1063800K .......... .......... .......... .......... .......... 15% 1.23M 19m57s
#17 386.6 1063850K .......... .......... .......... .......... .......... 15% 2.19M 19m57s
#17 386.6 1063900K .......... .......... .......... .......... .......... 15% 2.34M 19m57s
#17 386.6 1063950K .......... .......... .......... .......... .......... 15% 1.44M 19m57s
#17 386.7 1064000K .......... .......... .......... .......... .......... 15% 4.11M 19m57s
#17 386.7 1064050K .......... .......... .......... .......... .......... 15% 1.33M 19m57s
#17 386.7 1064100K .......... .......... .......... .......... .......... 15% 5.63M 19m57s
#17 386.7 1064150K .......... .......... .......... .......... .......... 15% 1.82M 19m57s
#17 386.8 1064200K .......... .......... .......... .......... .......... 15% 1.40M 19m57s
#17 386.8 1064250K .......... .......... .......... .......... .......... 15% 1.07M 19m58s
#17 386.8 1064300K .......... .......... .......... .......... .......... 15% 1.34M 19m58s
#17 386.9 1064350K .......... .......... .......... .......... .......... 15% 4.83M 19m58s
#17 386.9 1064400K .......... .......... .......... .......... .......... 15% 1.44M 19m58s
#17 386.9 1064450K .......... .......... .......... .......... .......... 15% 1.60M 19m58s
#17 387.0 1064500K .......... .......... .......... .......... .......... 15% 1.24M 19m58s
#17 387.0 1064550K .......... .......... .......... .......... .......... 15% 2.49M 19m58s
#17 387.0 1064600K .......... .......... .......... .......... .......... 15% 1.42M 19m58s
#17 387.0 1064650K .......... .......... .......... .......... .......... 15% 2.21M 19m58s
#17 387.1 1064700K .......... .......... .......... .......... .......... 15% 2.88M 19m58s
#17 387.1 1064750K .......... .......... .......... .......... .......... 15% 3.28M 19m58s
#17 387.1 1064800K .......... .......... .......... .......... .......... 15% 3.24M 19m58s
#17 387.1 1064850K .......... .......... .......... .......... .......... 15% 2.36M 19m58s
#17 387.1 1064900K .......... .......... .......... .......... .......... 15% 53.5M 19m58s
#17 387.1 1064950K .......... .......... .......... .......... .......... 15% 4.94M 19m58s
#17 387.1 1065000K .......... .......... .......... .......... .......... 15% 16.2M 19m58s
#17 387.2 1065050K .......... .......... .......... .......... .......... 15% 6.76M 19m58s
#17 387.2 1065100K .......... .......... .......... .......... .......... 15% 3.96M 19m58s
#17 387.2 1065150K .......... .......... .......... .......... .......... 15% 29.9M 19m58s
#17 387.2 1065200K .......... .......... .......... .......... .......... 15% 14.7M 19m58s
#17 387.2 1065250K .......... .......... .......... .......... .......... 15% 2.66M 19m58s
#17 387.2 1065300K .......... .......... .......... .......... .......... 15% 2.13M 19m58s
#17 387.2 1065350K .......... .......... .......... .......... .......... 15% 7.59M 19m58s
#17 387.2 1065400K .......... .......... .......... .......... .......... 15% 3.50M 19m58s
#17 387.2 1065450K .......... .......... .......... .......... .......... 15% 1.94M 19m58s
#17 387.3 1065500K .......... .......... .......... .......... .......... 15% 1.55M 19m58s
#17 387.3 1065550K .......... .......... .......... .......... .......... 15% 1.64M 19m58s
#17 387.3 1065600K .......... .......... .......... .......... .......... 15% 1.38M 19m59s
#17 387.4 1065650K .......... .......... .......... .......... .......... 15% 1.41M 19m59s
#17 387.4 1065700K .......... .......... .......... .......... .......... 15% 2.17M 19m59s
#17 387.4 1065750K .......... .......... .......... .......... .......... 15% 2.80M 19m59s
#17 387.4 1065800K .......... .......... .......... .......... .......... 15% 3.19M 19m59s
#17 387.4 1065850K .......... .......... .......... .......... .......... 15% 1.50M 19m59s
#17 387.5 1065900K .......... .......... .......... .......... .......... 15% 1015K 19m59s
#17 387.5 1065950K .......... .......... .......... .......... .......... 15%  681K 19m59s
#17 387.6 1066000K .......... .......... .......... .......... .......... 15% 1.24M 20m0s
#17 387.6 1066050K .......... .......... .......... .......... .......... 15% 2.08M 20m0s
#17 387.7 1066100K .......... .......... .......... .......... .......... 15% 1.97M 20m0s
#17 387.7 1066150K .......... .......... .......... .......... .......... 15% 1.20M 20m0s
#17 387.7 1066200K .......... .......... .......... .......... .......... 15% 7.71M 20m0s
#17 387.7 1066250K .......... .......... .......... .......... .......... 15% 13.7M 20m0s
#17 387.7 1066300K .......... .......... .......... .......... .......... 15% 7.34M 20m0s
#17 387.7 1066350K .......... .......... .......... .......... .......... 15% 2.26M 20m0s
#17 387.8 1066400K .......... .......... .......... .......... .......... 15% 1.20M 20m0s
#17 387.8 1066450K .......... .......... .......... .......... .......... 15% 23.2M 20m0s
#17 387.8 1066500K .......... .......... .......... .......... .......... 15% 4.11M 20m0s
#17 387.8 1066550K .......... .......... .......... .......... .......... 15% 4.27M 20m0s
#17 387.8 1066600K .......... .......... .......... .......... .......... 15% 3.07M 20m0s
#17 387.9 1066650K .......... .......... .......... .......... .......... 15% 4.19M 20m0s
#17 387.9 1066700K .......... .......... .......... .......... .......... 15% 4.23M 20m0s
#17 387.9 1066750K .......... .......... .......... .......... .......... 15% 1.25M 20m0s
#17 387.9 1066800K .......... .......... .......... .......... .......... 15% 2.62M 20m0s
#17 387.9 1066850K .......... .......... .......... .......... .......... 15% 1.16M 20m0s
#17 388.0 1066900K .......... .......... .......... .......... .......... 15% 1.10M 20m0s
#17 388.0 1066950K .......... .......... .......... .......... .......... 15% 3.81M 20m0s
#17 388.0 1067000K .......... .......... .......... .......... .......... 15% 10.8M 20m0s
#17 388.0 1067050K .......... .......... .......... .......... .......... 15% 1.81M 20m0s
#17 388.1 1067100K .......... .......... .......... .......... .......... 15% 1000K 20m1s
#17 388.1 1067150K .......... .......... .......... .......... .......... 15% 1.88M 20m1s
#17 388.1 1067200K .......... .......... .......... .......... .......... 15% 1.86M 20m1s
#17 388.2 1067250K .......... .......... .......... .......... .......... 15% 1.98M 20m1s
#17 388.2 1067300K .......... .......... .......... .......... .......... 15% 5.99M 20m1s
#17 388.2 1067350K .......... .......... .......... .......... .......... 15% 4.91M 20m1s
#17 388.2 1067400K .......... .......... .......... .......... .......... 15% 2.02M 20m1s
#17 388.2 1067450K .......... .......... .......... .......... .......... 15% 2.74M 20m1s
#17 388.3 1067500K .......... .......... .......... .......... .......... 15% 4.41M 20m1s
#17 388.3 1067550K .......... .......... .......... .......... .......... 15%  108M 20m1s
#17 388.3 1067600K .......... .......... .......... .......... .......... 15% 6.20M 20m1s
#17 388.3 1067650K .......... .......... .......... .......... .......... 15% 71.7M 20m1s
#17 388.3 1067700K .......... .......... .......... .......... .......... 15% 71.6M 20m1s
#17 388.3 1067750K .......... .......... .......... .......... .......... 15% 53.2M 20m1s
#17 388.3 1067800K .......... .......... .......... .......... .......... 15% 2.92M 20m1s
#17 388.3 1067850K .......... .......... .......... .......... .......... 15% 4.08M 20m1s
#17 388.3 1067900K .......... .......... .......... .......... .......... 15% 18.4M 20m1s
#17 388.3 1067950K .......... .......... .......... .......... .......... 15% 4.54M 20m1s
#17 388.3 1068000K .......... .......... .......... .......... .......... 15% 3.77M 20m1s
#17 388.3 1068050K .......... .......... .......... .......... .......... 15% 4.81M 20m1s
#17 388.3 1068100K .......... .......... .......... .......... .......... 15% 10.1M 20m1s
#17 388.3 1068150K .......... .......... .......... .......... .......... 15% 10.0M 20m1s
#17 388.4 1068200K .......... .......... .......... .......... .......... 15% 5.81M 20m0s
#17 388.4 1068250K .......... .......... .......... .......... .......... 15% 2.52M 20m1s
#17 388.4 1068300K .......... .......... .......... .......... .......... 15% 4.73M 20m1s
#17 388.4 1068350K .......... .......... .......... .......... .......... 15% 69.3M 20m0s
#17 388.4 1068400K .......... .......... .......... .......... .......... 15% 28.4M 20m0s
#17 388.4 1068450K .......... .......... .......... .......... .......... 15% 2.64M 20m0s
#17 388.4 1068500K .......... .......... .......... .......... .......... 15% 4.27M 20m0s
#17 388.4 1068550K .......... .......... .......... .......... .......... 15% 11.0M 20m0s
#17 388.4 1068600K .......... .......... .......... .......... .......... 15% 6.01M 20m0s
#17 388.4 1068650K .......... .......... .......... .......... .......... 15% 79.3M 20m0s
#17 388.4 1068700K .......... .......... .......... .......... .......... 15% 11.6M 20m0s
#17 388.4 1068750K .......... .......... .......... .......... .......... 15% 2.95M 20m0s
#17 388.5 1068800K .......... .......... .......... .......... .......... 15% 3.03M 20m0s
#17 388.5 1068850K .......... .......... .......... .......... .......... 15% 4.21M 20m0s
#17 388.5 1068900K .......... .......... .......... .......... .......... 15% 3.05M 20m0s
#17 388.5 1068950K .......... .......... .......... .......... .......... 15% 11.1M 20m0s
#17 388.5 1069000K .......... .......... .......... .......... .......... 15% 4.23M 20m0s
#17 388.5 1069050K .......... .......... .......... .......... .......... 15% 22.2M 20m0s
#17 388.5 1069100K .......... .......... .......... .......... .......... 15% 3.02M 20m0s
#17 388.5 1069150K .......... .......... .......... .......... .......... 15% 61.0M 20m0s
#17 388.5 1069200K .......... .......... .......... .......... .......... 15% 2.49M 20m0s
#17 388.6 1069250K .......... .......... .......... .......... .......... 15% 12.6M 20m0s
#17 388.6 1069300K .......... .......... .......... .......... .......... 15% 1.89M 20m0s
#17 388.6 1069350K .......... .......... .......... .......... .......... 15% 33.5M 20m0s
#17 388.6 1069400K .......... .......... .......... .......... .......... 15% 5.39M 20m0s
#17 388.6 1069450K .......... .......... .......... .......... .......... 15% 2.06M 20m0s
#17 388.6 1069500K .......... .......... .......... .......... .......... 15% 1.53M 20m0s
#17 388.6 1069550K .......... .......... .......... .......... .......... 15% 1.51M 20m0s
#17 388.7 1069600K .......... .......... .......... .......... .......... 15% 1.45M 20m1s
#17 388.7 1069650K .......... .......... .......... .......... .......... 15% 2.48M 20m1s
#17 388.7 1069700K .......... .......... .......... .......... .......... 15% 1.43M 20m1s
#17 388.8 1069750K .......... .......... .......... .......... .......... 15% 1.79M 20m1s
#17 388.8 1069800K .......... .......... .......... .......... .......... 15% 1006K 20m1s
#17 388.8 1069850K .......... .......... .......... .......... .......... 15% 1.43M 20m1s
#17 388.9 1069900K .......... .......... .......... .......... .......... 15% 1.57M 20m1s
#17 388.9 1069950K .......... .......... .......... .......... .......... 15% 1.27M 20m1s
#17 388.9 1070000K .......... .......... .......... .......... .......... 15% 1.80M 20m1s
#17 389.0 1070050K .......... .......... .......... .......... .......... 15% 1.33M 20m2s
#17 389.0 1070100K .......... .......... .......... .......... .......... 15% 2.01M 20m2s
#17 389.0 1070150K .......... .......... .......... .......... .......... 15% 1.38M 20m2s
#17 389.1 1070200K .......... .......... .......... .......... .......... 15% 1.47M 20m2s
#17 389.1 1070250K .......... .......... .......... .......... .......... 15% 1.57M 20m2s
#17 389.1 1070300K .......... .......... .......... .......... .......... 15% 2.97M 20m2s
#17 389.2 1070350K .......... .......... .......... .......... .......... 15% 1.12M 20m2s
#17 389.2 1070400K .......... .......... .......... .......... .......... 15% 1.65M 20m2s
#17 389.2 1070450K .......... .......... .......... .......... .......... 15% 2.49M 20m2s
#17 389.2 1070500K .......... .......... .......... .......... .......... 15%  891K 20m2s
#17 389.3 1070550K .......... .......... .......... .......... .......... 15% 1.38M 20m3s
#17 389.3 1070600K .......... .......... .......... .......... .......... 15% 1.01M 20m3s
#17 389.4 1070650K .......... .......... .......... .......... .......... 15% 2.57M 20m3s
#17 389.4 1070700K .......... .......... .......... .......... .......... 15% 22.3M 20m3s
#17 389.5 1070750K .......... .......... .......... .......... .......... 15% 1.74M 20m3s
#17 389.5 1070800K .......... .......... .......... .......... .......... 15% 1.88M 20m3s
#17 389.5 1070850K .......... .......... .......... .......... .......... 15% 2.70M 20m3s
#17 389.5 1070900K .......... .......... .......... .......... .......... 15% 1.49M 20m3s
#17 389.5 1070950K .......... .......... .......... .......... .......... 15% 1.03M 20m3s
#17 389.6 1071000K .......... .......... .......... .......... .......... 15% 1.80M 20m3s
#17 389.6 1071050K .......... .......... .......... .......... .......... 15%  928K 20m4s
#17 389.6 1071100K .......... .......... .......... .......... .......... 15% 43.3M 20m3s
#17 389.6 1071150K .......... .......... .......... .......... .......... 15% 1.29M 20m4s
#17 389.7 1071200K .......... .......... .......... .......... .......... 15% 1.47M 20m4s
#17 389.7 1071250K .......... .......... .......... .......... .......... 15% 2.10M 20m4s
#17 389.7 1071300K .......... .......... .......... .......... .......... 15%  933K 20m4s
#17 389.8 1071350K .......... .......... .......... .......... .......... 15%  919K 20m4s
#17 389.8 1071400K .......... .......... .......... .......... .......... 15% 1.73M 20m4s
#17 389.9 1071450K .......... .......... .......... .......... .......... 15% 1.31M 20m4s
#17 389.9 1071500K .......... .......... .......... .......... .......... 15% 1.99M 20m4s
#17 389.9 1071550K .......... .......... .......... .......... .......... 15% 1.39M 20m5s
#17 390.0 1071600K .......... .......... .......... .......... .......... 15% 1.00M 20m5s
#17 390.0 1071650K .......... .......... .......... .......... .......... 15% 1.14M 20m5s
#17 390.1 1071700K .......... .......... .......... .......... .......... 15% 1.00M 20m5s
#17 390.1 1071750K .......... .......... .......... .......... .......... 15% 1.38M 20m5s
#17 390.1 1071800K .......... .......... .......... .......... .......... 15% 1.48M 20m5s
#17 390.2 1071850K .......... .......... .......... .......... .......... 15% 1.76M 20m5s
#17 390.2 1071900K .......... .......... .......... .......... .......... 15% 1.48M 20m6s
#17 390.2 1071950K .......... .......... .......... .......... .......... 15% 1.22M 20m6s
#17 390.3 1072000K .......... .......... .......... .......... .......... 15% 3.20M 20m6s
#17 390.3 1072050K .......... .......... .......... .......... .......... 15% 2.59M 20m6s
#17 390.3 1072100K .......... .......... .......... .......... .......... 15% 2.40M 20m6s
#17 390.3 1072150K .......... .......... .......... .......... .......... 15% 1.23M 20m6s
#17 390.4 1072200K .......... .......... .......... .......... .......... 15% 1.45M 20m6s
#17 390.4 1072250K .......... .......... .......... .......... .......... 15% 1.63M 20m6s
#17 390.4 1072300K .......... .......... .......... .......... .......... 15% 2.74M 20m6s
#17 390.5 1072350K .......... .......... .......... .......... .......... 15% 1.84M 20m6s
#17 390.5 1072400K .......... .......... .......... .......... .......... 15% 1.86M 20m6s
#17 390.5 1072450K .......... .......... .......... .......... .......... 15%  995K 20m7s
#17 390.6 1072500K .......... .......... .......... .......... .......... 15% 1.12M 20m7s
#17 390.6 1072550K .......... .......... .......... .......... .......... 15% 1.01M 20m7s
#17 390.7 1072600K .......... .......... .......... .......... .......... 15% 2.62M 20m7s
#17 390.7 1072650K .......... .......... .......... .......... .......... 15% 1.57M 20m7s
#17 390.7 1072700K .......... .......... .......... .......... .......... 15% 5.96M 20m7s
#17 390.7 1072750K .......... .......... .......... .......... .......... 15% 2.30M 20m7s
#17 390.7 1072800K .......... .......... .......... .......... .......... 15% 1.67M 20m7s
#17 390.8 1072850K .......... .......... .......... .......... .......... 15% 5.21M 20m7s
#17 390.8 1072900K .......... .......... .......... .......... .......... 15%  686K 20m7s
#17 390.8 1072950K .......... .......... .......... .......... .......... 15% 1.48M 20m8s
#17 390.9 1073000K .......... .......... .......... .......... .......... 15%  980K 20m8s
#17 390.9 1073050K .......... .......... .......... .......... .......... 15% 2.32M 20m8s
#17 390.9 1073100K .......... .......... .......... .......... .......... 15% 1.34M 20m8s
#17 391.0 1073150K .......... .......... .......... .......... .......... 15% 1.07M 20m8s
#17 391.0 1073200K .......... .......... .......... .......... .......... 15% 1.07M 20m8s
#17 391.1 1073250K .......... .......... .......... .......... .......... 15% 1.63M 20m8s
#17 391.1 1073300K .......... .......... .......... .......... .......... 15% 1.15M 20m9s
#17 391.1 1073350K .......... .......... .......... .......... .......... 15% 1.13M 20m9s
#17 391.2 1073400K .......... .......... .......... .......... .......... 15% 1017K 20m9s
#17 391.2 1073450K .......... .......... .......... .......... .......... 15%  889K 20m9s
#17 391.3 1073500K .......... .......... .......... .......... .......... 15% 2.10M 20m9s
#17 391.3 1073550K .......... .......... .......... .......... .......... 15% 1.05M 20m9s
#17 391.4 1073600K .......... .......... .......... .......... .......... 15%  771K 20m10s
#17 391.4 1073650K .......... .......... .......... .......... .......... 15% 44.4K 20m16s
#17 392.6 1073700K .......... .......... .......... .......... .......... 15% 3.95M 20m16s
#17 392.6 1073750K .......... .......... .......... .......... .......... 15% 3.44M 20m16s
#17 392.6 1073800K .......... .......... .......... .......... .......... 15% 2.78M 20m16s
#17 392.6 1073850K .......... .......... .......... .......... .......... 15% 1.34M 20m16s
#17 392.6 1073900K .......... .......... .......... .......... .......... 15% 1.89M 20m16s
#17 392.7 1073950K .......... .......... .......... .......... .......... 15% 2.47M 20m16s
#17 392.7 1074000K .......... .......... .......... .......... .......... 15% 6.71M 20m16s
#17 392.7 1074050K .......... .......... .......... .......... .......... 15% 3.18M 20m16s
#17 392.7 1074100K .......... .......... .......... .......... .......... 15% 4.41M 20m16s
#17 392.7 1074150K .......... .......... .......... .......... .......... 15% 19.5M 20m16s
#17 392.7 1074200K .......... .......... .......... .......... .......... 15% 6.82M 20m16s
#17 392.7 1074250K .......... .......... .......... .......... .......... 15% 5.73M 20m16s
#17 392.7 1074300K .......... .......... .......... .......... .......... 15% 9.45M 20m16s
#17 392.7 1074350K .......... .......... .......... .......... .......... 15% 6.62M 20m16s
#17 392.7 1074400K .......... .......... .......... .......... .......... 15% 7.02M 20m16s
#17 392.8 1074450K .......... .......... .......... .......... .......... 15% 8.93M 20m16s
#17 392.8 1074500K .......... .......... .......... .......... .......... 15% 36.4M 20m15s
#17 392.8 1074550K .......... .......... .......... .......... .......... 15% 11.3M 20m15s
#17 392.8 1074600K .......... .......... .......... .......... .......... 15% 7.65M 20m15s
#17 392.8 1074650K .......... .......... .......... .......... .......... 15% 11.8M 20m15s
#17 392.8 1074700K .......... .......... .......... .......... .......... 15% 9.96M 20m15s
#17 392.8 1074750K .......... .......... .......... .......... .......... 15% 15.6M 20m15s
#17 392.8 1074800K .......... .......... .......... .......... .......... 15% 12.5M 20m15s
#17 392.8 1074850K .......... .......... .......... .......... .......... 15% 17.9M 20m15s
#17 392.8 1074900K .......... .......... .......... .......... .......... 15% 4.42M 20m15s
#17 392.8 1074950K .......... .......... .......... .......... .......... 15% 18.7M 20m15s
#17 392.8 1075000K .......... .......... .......... .......... .......... 15% 3.79M 20m15s
#17 392.8 1075050K .......... .......... .......... .......... .......... 15% 8.78M 20m15s
#17 392.8 1075100K .......... .......... .......... .......... .......... 15% 4.68M 20m15s
#17 392.8 1075150K .......... .......... .......... .......... .......... 15% 10.4M 20m15s
#17 392.8 1075200K .......... .......... .......... .......... .......... 15% 5.02M 20m15s
#17 392.8 1075250K .......... .......... .......... .......... .......... 15% 9.74M 20m15s
#17 392.8 1075300K .......... .......... .......... .......... .......... 15% 31.3M 20m15s
#17 392.9 1075350K .......... .......... .......... .......... .......... 15% 44.7M 20m15s
#17 392.9 1075400K .......... .......... .......... .......... .......... 15% 46.1M 20m15s
#17 392.9 1075450K .......... .......... .......... .......... .......... 15% 57.6M 20m15s
#17 392.9 1075500K .......... .......... .......... .......... .......... 15% 18.4M 20m15s
#17 392.9 1075550K .......... .......... .......... .......... .......... 15% 3.70M 20m15s
#17 392.9 1075600K .......... .......... .......... .......... .......... 15% 4.66M 20m15s
#17 392.9 1075650K .......... .......... .......... .......... .......... 15% 1.05M 20m15s
#17 392.9 1075700K .......... .......... .......... .......... .......... 15% 1.91M 20m15s
#17 393.0 1075750K .......... .......... .......... .......... .......... 15% 1.20M 20m15s
#17 393.0 1075800K .......... .......... .......... .......... .......... 15% 1.86M 20m15s
#17 393.0 1075850K .......... .......... .......... .......... .......... 15% 2.27M 20m15s
#17 393.0 1075900K .......... .......... .......... .......... .......... 15% 4.82M 20m15s
#17 393.0 1075950K .......... .......... .......... .......... .......... 15% 1.96M 20m15s
#17 393.1 1076000K .......... .......... .......... .......... .......... 15% 2.98M 20m15s
#17 393.1 1076050K .......... .......... .......... .......... .......... 15% 1.53M 20m15s
#17 393.1 1076100K .......... .......... .......... .......... .......... 15% 3.05M 20m15s
#17 393.1 1076150K .......... .......... .......... .......... .......... 15% 2.29M 20m15s
#17 393.2 1076200K .......... .......... .......... .......... .......... 15% 1.76M 20m15s
#17 393.2 1076250K .......... .......... .......... .......... .......... 15% 1.27M 20m16s
#17 393.2 1076300K .......... .......... .......... .......... .......... 15% 3.66M 20m16s
#17 393.2 1076350K .......... .......... .......... .......... .......... 15% 1.84M 20m16s
#17 393.3 1076400K .......... .......... .......... .......... .......... 15% 1.77M 20m16s
#17 393.3 1076450K .......... .......... .......... .......... .......... 15% 2.27M 20m16s
#17 393.3 1076500K .......... .......... .......... .......... .......... 15% 4.18M 20m16s
#17 393.3 1076550K .......... .......... .......... .......... .......... 15% 3.86M 20m16s
#17 393.3 1076600K .......... .......... .......... .......... .......... 15% 2.36M 20m16s
#17 393.4 1076650K .......... .......... .......... .......... .......... 15% 2.00M 20m16s
#17 393.4 1076700K .......... .......... .......... .......... .......... 15% 2.50M 20m16s
#17 393.4 1076750K .......... .......... .......... .......... .......... 15% 3.38M 20m16s
#17 393.4 1076800K .......... .......... .......... .......... .......... 15% 1.66M 20m16s
#17 393.4 1076850K .......... .......... .......... .......... .......... 15% 3.04M 20m16s
#17 393.5 1076900K .......... .......... .......... .......... .......... 15% 2.52M 20m16s
#17 393.5 1076950K .......... .......... .......... .......... .......... 15% 3.13M 20m16s
#17 393.5 1077000K .......... .......... .......... .......... .......... 15% 2.68M 20m16s
#17 393.5 1077050K .......... .......... .......... .......... .......... 15% 2.40M 20m16s
#17 393.5 1077100K .......... .......... .......... .......... .......... 15% 2.66M 20m16s
#17 393.6 1077150K .......... .......... .......... .......... .......... 15% 5.04M 20m16s
#17 393.6 1077200K .......... .......... .......... .......... .......... 15% 2.56M 20m16s
#17 393.6 1077250K .......... .......... .......... .......... .......... 15% 2.87M 20m16s
#17 393.6 1077300K .......... .......... .......... .......... .......... 15% 2.09M 20m16s
#17 393.6 1077350K .......... .......... .......... .......... .......... 15% 2.08M 20m16s
#17 393.7 1077400K .......... .......... .......... .......... .......... 15% 2.24M 20m16s
#17 393.7 1077450K .......... .......... .......... .......... .......... 15% 2.81M 20m16s
#17 393.7 1077500K .......... .......... .......... .......... .......... 15% 2.89M 20m16s
#17 393.7 1077550K .......... .......... .......... .......... .......... 15% 1.50M 20m17s
#17 393.7 1077600K .......... .......... .......... .......... .......... 15% 3.45M 20m17s
#17 393.8 1077650K .......... .......... .......... .......... .......... 15% 2.35M 20m17s
#17 393.8 1077700K .......... .......... .......... .......... .......... 15% 6.67M 20m17s
#17 393.8 1077750K .......... .......... .......... .......... .......... 15% 2.38M 20m17s
#17 393.8 1077800K .......... .......... .......... .......... .......... 15% 3.76M 20m17s
#17 393.8 1077850K .......... .......... .......... .......... .......... 15% 2.68M 20m17s
#17 393.8 1077900K .......... .......... .......... .......... .......... 15% 1.27M 20m17s
#17 393.9 1077950K .......... .......... .......... .......... .......... 15% 2.31M 20m17s
#17 393.9 1078000K .......... .......... .......... .......... .......... 15% 2.06M 20m17s
#17 393.9 1078050K .......... .......... .......... .......... .......... 15% 1.58M 20m17s
#17 393.9 1078100K .......... .......... .......... .......... .......... 15% 3.26M 20m17s
#17 394.0 1078150K .......... .......... .......... .......... .......... 15%  899K 20m17s
#17 394.0 1078200K .......... .......... .......... .......... .......... 15% 1.25M 20m17s
#17 394.1 1078250K .......... .......... .......... .......... .......... 15% 1.84M 20m17s
#17 394.1 1078300K .......... .......... .......... .......... .......... 15% 1.19M 20m18s
#17 394.1 1078350K .......... .......... .......... .......... .......... 15% 1.04M 20m18s
#17 394.2 1078400K .......... .......... .......... .......... .......... 15% 1.38M 20m18s
#17 394.2 1078450K .......... .......... .......... .......... .......... 15% 1.21M 20m18s
#17 394.2 1078500K .......... .......... .......... .......... .......... 15% 65.1M 20m18s
#17 394.2 1078550K .......... .......... .......... .......... .......... 15%  776K 20m18s
#17 394.3 1078600K .......... .......... .......... .......... .......... 15% 3.36M 20m18s
#17 394.3 1078650K .......... .......... .......... .......... .......... 15% 38.6M 20m18s
#17 394.3 1078700K .......... .......... .......... .......... .......... 15% 4.68M 20m18s
#17 394.3 1078750K .......... .......... .......... .......... .......... 15% 1.25M 20m18s
#17 394.4 1078800K .......... .......... .......... .......... .......... 15% 50.5M 20m18s
#17 394.4 1078850K .......... .......... .......... .......... .......... 15% 1.14M 20m18s
#17 394.4 1078900K .......... .......... .......... .......... .......... 15% 1.40M 20m19s
#17 394.5 1078950K .......... .......... .......... .......... .......... 15% 1.57M 20m19s
#17 394.5 1079000K .......... .......... .......... .......... .......... 15% 49.3M 20m19s
#17 394.5 1079050K .......... .......... .......... .......... .......... 15% 58.7M 20m19s
#17 394.5 1079100K .......... .......... .......... .......... .......... 15% 1.53M 20m19s
#17 394.5 1079150K .......... .......... .......... .......... .......... 15% 2.12M 20m19s
#17 394.5 1079200K .......... .......... .......... .......... .......... 15% 2.81M 20m19s
#17 394.6 1079250K .......... .......... .......... .......... .......... 15% 2.23M 20m19s
#17 394.6 1079300K .......... .......... .......... .......... .......... 15% 1.43M 20m19s
#17 394.6 1079350K .......... .......... .......... .......... .......... 15% 4.17M 20m19s
#17 394.6 1079400K .......... .......... .......... .......... .......... 15% 2.23M 20m19s
#17 394.7 1079450K .......... .......... .......... .......... .......... 15% 1.71M 20m19s
#17 394.7 1079500K .......... .......... .......... .......... .......... 15% 2.53M 20m19s
#17 394.7 1079550K .......... .......... .......... .......... .......... 15% 1.90M 20m19s
#17 394.7 1079600K .......... .......... .......... .......... .......... 15% 3.42M 20m19s
#17 394.7 1079650K .......... .......... .......... .......... .......... 15% 1.82M 20m19s
#17 394.8 1079700K .......... .......... .......... .......... .......... 15% 3.37M 20m19s
#17 394.8 1079750K .......... .......... .......... .......... .......... 15% 2.14M 20m19s
#17 394.8 1079800K .......... .......... .......... .......... .......... 15% 2.75M 20m19s
#17 394.8 1079850K .......... .......... .......... .......... .......... 15% 1.86M 20m19s
#17 394.8 1079900K .......... .......... .......... .......... .......... 15% 2.64M 20m19s
#17 394.9 1079950K .......... .......... .......... .......... .......... 15% 2.29M 20m19s
#17 394.9 1080000K .......... .......... .......... .......... .......... 15% 3.79M 20m19s
#17 394.9 1080050K .......... .......... .......... .......... .......... 15% 1.76M 20m19s
#17 394.9 1080100K .......... .......... .......... .......... .......... 15% 4.01M 20m19s
#17 394.9 1080150K .......... .......... .......... .......... .......... 15% 2.79M 20m20s
#17 395.0 1080200K .......... .......... .......... .......... .......... 15% 2.33M 20m20s
#17 395.0 1080250K .......... .......... .......... .......... .......... 15% 1.76M 20m20s
#17 395.0 1080300K .......... .......... .......... .......... .......... 15% 1.82M 20m20s
#17 395.0 1080350K .......... .......... .......... .......... .......... 15% 1.89M 20m20s
#17 395.1 1080400K .......... .......... .......... .......... .......... 15% 1.08M 20m20s
#17 395.1 1080450K .......... .......... .......... .......... .......... 15% 6.32M 20m20s
#17 395.1 1080500K .......... .......... .......... .......... .......... 15% 1.75M 20m20s
#17 395.1 1080550K .......... .......... .......... .......... .......... 15% 1.28M 20m20s
#17 395.2 1080600K .......... .......... .......... .......... .......... 15% 2.95M 20m20s
#17 395.2 1080650K .......... .......... .......... .......... .......... 15%  978K 20m20s
#17 395.2 1080700K .......... .......... .......... .......... .......... 15% 2.42M 20m20s
#17 395.3 1080750K .......... .......... .......... .......... .......... 15% 2.74M 20m20s
#17 395.3 1080800K .......... .......... .......... .......... .......... 15% 2.50M 20m20s
#17 395.3 1080850K .......... .......... .......... .......... .......... 15% 3.25M 20m20s
#17 395.3 1080900K .......... .......... .......... .......... .......... 15% 2.45M 20m21s
#17 395.3 1080950K .......... .......... .......... .......... .......... 15% 4.63M 20m21s
#17 395.3 1081000K .......... .......... .......... .......... .......... 15% 2.61M 20m21s
#17 395.4 1081050K .......... .......... .......... .......... .......... 15% 1.79M 20m21s
#17 395.4 1081100K .......... .......... .......... .......... .......... 15% 2.90M 20m21s
#17 395.4 1081150K .......... .......... .......... .......... .......... 15% 2.65M 20m21s
#17 395.4 1081200K .......... .......... .......... .......... .......... 15% 2.59M 20m21s
#17 395.5 1081250K .......... .......... .......... .......... .......... 15% 3.33M 20m21s
#17 395.5 1081300K .......... .......... .......... .......... .......... 15% 2.41M 20m21s
#17 395.5 1081350K .......... .......... .......... .......... .......... 15% 2.16M 20m21s
#17 395.5 1081400K .......... .......... .......... .......... .......... 15% 3.17M 20m21s
#17 395.5 1081450K .......... .......... .......... .......... .......... 15%  991K 20m21s
#17 395.6 1081500K .......... .......... .......... .......... .......... 15% 4.11M 20m21s
#17 395.6 1081550K .......... .......... .......... .......... .......... 15% 4.86M 20m21s
#17 395.6 1081600K .......... .......... .......... .......... .......... 15% 2.88M 20m21s
#17 395.6 1081650K .......... .......... .......... .......... .......... 15% 2.58M 20m21s
#17 395.6 1081700K .......... .......... .......... .......... .......... 15% 23.5M 20m21s
#17 395.6 1081750K .......... .......... .......... .......... .......... 15% 3.49M 20m21s
#17 395.6 1081800K .......... .......... .......... .......... .......... 15% 1.99M 20m21s
#17 395.7 1081850K .......... .......... .......... .......... .......... 15% 1.93M 20m21s
#17 395.7 1081900K .......... .......... .......... .......... .......... 15% 8.01M 20m21s
#17 395.7 1081950K .......... .......... .......... .......... .......... 15% 2.65M 20m21s
#17 395.7 1082000K .......... .......... .......... .......... .......... 15% 3.01M 20m21s
#17 395.7 1082050K .......... .......... .......... .......... .......... 15% 3.32M 20m21s
#17 395.7 1082100K .......... .......... .......... .......... .......... 15% 2.72M 20m21s
#17 395.8 1082150K .......... .......... .......... .......... .......... 15% 3.16M 20m21s
#17 395.8 1082200K .......... .......... .......... .......... .......... 15% 2.38M 20m21s
#17 395.8 1082250K .......... .......... .......... .......... .......... 15% 2.85M 20m21s
#17 395.8 1082300K .......... .......... .......... .......... .......... 15% 2.80M 20m21s
#17 395.8 1082350K .......... .......... .......... .......... .......... 15% 2.48M 20m21s
#17 395.9 1082400K .......... .......... .......... .......... .......... 15% 2.31M 20m21s
#17 395.9 1082450K .......... .......... .......... .......... .......... 15% 2.87M 20m21s
#17 395.9 1082500K .......... .......... .......... .......... .......... 15% 1.64M 20m21s
#17 395.9 1082550K .......... .......... .......... .......... .......... 15% 18.9M 20m21s
#17 395.9 1082600K .......... .......... .......... .......... .......... 15% 2.15M 20m21s
#17 396.0 1082650K .......... .......... .......... .......... .......... 15% 3.29M 20m21s
#17 396.0 1082700K .......... .......... .......... .......... .......... 15% 2.57M 20m22s
#17 396.0 1082750K .......... .......... .......... .......... .......... 15% 1.21M 20m22s
#17 396.0 1082800K .......... .......... .......... .......... .......... 15% 3.09M 20m22s
#17 396.0 1082850K .......... .......... .......... .......... .......... 15% 3.72M 20m22s
#17 396.1 1082900K .......... .......... .......... .......... .......... 15% 2.72M 20m22s
#17 396.1 1082950K .......... .......... .......... .......... .......... 15% 2.67M 20m22s
#17 396.1 1083000K .......... .......... .......... .......... .......... 15% 3.93M 20m22s
#17 396.1 1083050K .......... .......... .......... .......... .......... 15% 2.18M 20m22s
#17 396.1 1083100K .......... .......... .......... .......... .......... 15% 2.91M 20m22s
#17 396.1 1083150K .......... .......... .......... .......... .......... 15% 2.32M 20m22s
#17 396.2 1083200K .......... .......... .......... .......... .......... 15%  151K 20m24s
#17 396.5 1083250K .......... .......... .......... .......... .......... 15% 1.64M 20m24s
#17 396.5 1083300K .......... .......... .......... .......... .......... 15% 1.07M 20m24s
#17 396.6 1083350K .......... .......... .......... .......... .......... 15% 2.10M 20m24s
#17 396.6 1083400K .......... .......... .......... .......... .......... 15% 3.47M 20m24s
#17 396.6 1083450K .......... .......... .......... .......... .......... 15% 1.90M 20m24s
#17 396.6 1083500K .......... .......... .......... .......... .......... 15% 2.13M 20m24s
#17 396.7 1083550K .......... .......... .......... .......... .......... 15% 2.84M 20m24s
#17 396.7 1083600K .......... .......... .......... .......... .......... 15% 1.07M 20m24s
#17 396.7 1083650K .......... .......... .......... .......... .......... 15% 1.09M 20m24s
#17 396.8 1083700K .......... .......... .......... .......... .......... 15% 1.54M 20m24s
#17 396.8 1083750K .......... .......... .......... .......... .......... 15% 2.25M 20m24s
#17 396.8 1083800K .......... .......... .......... .......... .......... 15% 2.10M 20m25s
#17 396.8 1083850K .......... .......... .......... .......... .......... 15% 1.90M 20m25s
#17 396.9 1083900K .......... .......... .......... .......... .......... 15% 1.63M 20m25s
#17 396.9 1083950K .......... .......... .......... .......... .......... 15% 5.29M 20m25s
#17 396.9 1084000K .......... .......... .......... .......... .......... 15% 1.90M 20m25s
#17 396.9 1084050K .......... .......... .......... .......... .......... 16% 2.62M 20m25s
#17 396.9 1084100K .......... .......... .......... .......... .......... 16% 1.49M 20m25s
#17 397.0 1084150K .......... .......... .......... .......... .......... 16% 3.16M 20m25s
#17 397.0 1084200K .......... .......... .......... .......... .......... 16% 1.49M 20m25s
#17 397.0 1084250K .......... .......... .......... .......... .......... 16% 2.40M 20m25s
#17 397.0 1084300K .......... .......... .......... .......... .......... 16% 2.90M 20m25s
#17 397.1 1084350K .......... .......... .......... .......... .......... 16% 2.54M 20m25s
#17 397.1 1084400K .......... .......... .......... .......... .......... 16% 2.94M 20m25s
#17 397.1 1084450K .......... .......... .......... .......... .......... 16% 2.32M 20m25s
#17 397.1 1084500K .......... .......... .......... .......... .......... 16% 2.71M 20m25s
#17 397.1 1084550K .......... .......... .......... .......... .......... 16% 1.49M 20m25s
#17 397.2 1084600K .......... .......... .......... .......... .......... 16% 1.57M 20m25s
#17 397.2 1084650K .......... .......... .......... .......... .......... 16% 7.83M 20m25s
#17 397.2 1084700K .......... .......... .......... .......... .......... 16% 2.31M 20m25s
#17 397.2 1084750K .......... .......... .......... .......... .......... 16% 1.51M 20m25s
#17 397.3 1084800K .......... .......... .......... .......... .......... 16% 3.00M 20m25s
#17 397.3 1084850K .......... .......... .......... .......... .......... 16% 8.99M 20m25s
#17 397.3 1084900K .......... .......... .......... .......... .......... 16% 1.53M 20m26s
#17 397.3 1084950K .......... .......... .......... .......... .......... 16% 5.55M 20m26s
#17 397.3 1085000K .......... .......... .......... .......... .......... 16% 3.23M 20m26s
#17 397.4 1085050K .......... .......... .......... .......... .......... 16% 1.87M 20m26s
#17 397.4 1085100K .......... .......... .......... .......... .......... 16% 2.03M 20m26s
#17 397.4 1085150K .......... .......... .......... .......... .......... 16% 2.82M 20m26s
#17 397.4 1085200K .......... .......... .......... .......... .......... 16% 1.33M 20m26s
#17 397.4 1085250K .......... .......... .......... .......... .......... 16% 31.4M 20m26s
#17 397.4 1085300K .......... .......... .......... .......... .......... 16% 4.60M 20m26s
#17 397.5 1085350K .......... .......... .......... .......... .......... 16% 1.32M 20m26s
#17 397.5 1085400K .......... .......... .......... .......... .......... 16% 1.75M 20m26s
#17 397.5 1085450K .......... .......... .......... .......... .......... 16% 2.71M 20m26s
#17 397.5 1085500K .......... .......... .......... .......... .......... 16% 2.17M 20m26s
#17 397.6 1085550K .......... .......... .......... .......... .......... 16% 1.47M 20m26s
#17 397.6 1085600K .......... .......... .......... .......... .......... 16% 2.62M 20m26s
#17 397.6 1085650K .......... .......... .......... .......... .......... 16% 2.14M 20m26s
#17 397.6 1085700K .......... .......... .......... .......... .......... 16% 2.07M 20m26s
#17 397.7 1085750K .......... .......... .......... .......... .......... 16% 2.20M 20m26s
#17 397.7 1085800K .......... .......... .......... .......... .......... 16% 2.05M 20m26s
#17 397.7 1085850K .......... .......... .......... .......... .......... 16% 2.15M 20m26s
#17 397.7 1085900K .......... .......... .......... .......... .......... 16% 2.42M 20m26s
#17 397.8 1085950K .......... .......... .......... .......... .......... 16% 1.74M 20m27s
#17 397.8 1086000K .......... .......... .......... .......... .......... 16% 1.66M 20m27s
#17 397.8 1086050K .......... .......... .......... .......... .......... 16% 2.10M 20m27s
#17 397.8 1086100K .......... .......... .......... .......... .......... 16% 2.45M 20m27s
#17 397.9 1086150K .......... .......... .......... .......... .......... 16% 2.85M 20m27s
#17 397.9 1086200K .......... .......... .......... .......... .......... 16% 1.98M 20m27s
#17 397.9 1086250K .......... .......... .......... .......... .......... 16% 2.21M 20m27s
#17 397.9 1086300K .......... .......... .......... .......... .......... 16% 2.15M 20m27s
#17 397.9 1086350K .......... .......... .......... .......... .......... 16% 2.92M 20m27s
#17 398.0 1086400K .......... .......... .......... .......... .......... 16% 2.63M 20m27s
#17 398.0 1086450K .......... .......... .......... .......... .......... 16% 2.75M 20m27s
#17 398.0 1086500K .......... .......... .......... .......... .......... 16% 1.92M 20m27s
#17 398.0 1086550K .......... .......... .......... .......... .......... 16% 2.15M 20m27s
#17 398.0 1086600K .......... .......... .......... .......... .......... 16% 2.25M 20m27s
#17 398.1 1086650K .......... .......... .......... .......... .......... 16% 1.54M 20m27s
#17 398.1 1086700K .......... .......... .......... .......... .......... 16% 2.86M 20m27s
#17 398.1 1086750K .......... .......... .......... .......... .......... 16% 1.82M 20m27s
#17 398.1 1086800K .......... .......... .......... .......... .......... 16% 2.66M 20m27s
#17 398.2 1086850K .......... .......... .......... .......... .......... 16% 3.16M 20m27s
#17 398.2 1086900K .......... .......... .......... .......... .......... 16% 2.21M 20m27s
#17 398.2 1086950K .......... .......... .......... .......... .......... 16% 3.30M 20m27s
#17 398.2 1087000K .......... .......... .......... .......... .......... 16% 3.13M 20m27s
#17 398.2 1087050K .......... .......... .......... .......... .......... 16% 2.06M 20m28s
#17 398.2 1087100K .......... .......... .......... .......... .......... 16% 3.19M 20m28s
#17 398.3 1087150K .......... .......... .......... .......... .......... 16% 2.99M 20m28s
#17 398.3 1087200K .......... .......... .......... .......... .......... 16% 1.57M 20m28s
#17 398.3 1087250K .......... .......... .......... .......... .......... 16% 2.33M 20m28s
#17 398.3 1087300K .......... .......... .......... .......... .......... 16% 3.49M 20m28s
#17 398.3 1087350K .......... .......... .......... .......... .......... 16% 2.16M 20m28s
#17 398.4 1087400K .......... .......... .......... .......... .......... 16% 2.10M 20m28s
#17 398.4 1087450K .......... .......... .......... .......... .......... 16% 1.25M 20m28s
#17 398.4 1087500K .......... .......... .......... .......... .......... 16% 2.76M 20m28s
#17 398.4 1087550K .......... .......... .......... .......... .......... 16% 2.57M 20m28s
#17 398.5 1087600K .......... .......... .......... .......... .......... 16% 2.84M 20m28s
#17 398.5 1087650K .......... .......... .......... .......... .......... 16% 2.26M 20m28s
#17 398.5 1087700K .......... .......... .......... .......... .......... 16% 1.92M 20m28s
#17 398.5 1087750K .......... .......... .......... .......... .......... 16% 2.63M 20m28s
#17 398.5 1087800K .......... .......... .......... .......... .......... 16% 2.26M 20m28s
#17 398.6 1087850K .......... .......... .......... .......... .......... 16% 1.39M 20m28s
#17 398.6 1087900K .......... .......... .......... .......... .......... 16% 2.10M 20m28s
#17 398.6 1087950K .......... .......... .......... .......... .......... 16% 3.52M 20m28s
#17 398.6 1088000K .......... .......... .......... .......... .......... 16% 2.47M 20m28s
#17 398.7 1088050K .......... .......... .......... .......... .......... 16% 2.78M 20m28s
#17 398.7 1088100K .......... .......... .......... .......... .......... 16% 1.91M 20m29s
#17 398.7 1088150K .......... .......... .......... .......... .......... 16% 1.74M 20m29s
#17 398.7 1088200K .......... .......... .......... .......... .......... 16% 2.11M 20m29s
#17 398.8 1088250K .......... .......... .......... .......... .......... 16% 2.62M 20m29s
#17 398.8 1088300K .......... .......... .......... .......... .......... 16% 2.77M 20m29s
#17 398.8 1088350K .......... .......... .......... .......... .......... 16% 2.82M 20m29s
#17 398.8 1088400K .......... .......... .......... .......... .......... 16% 2.02M 20m29s
#17 398.8 1088450K .......... .......... .......... .......... .......... 16% 2.32M 20m29s
#17 398.9 1088500K .......... .......... .......... .......... .......... 16% 2.86M 20m29s
#17 398.9 1088550K .......... .......... .......... .......... .......... 16% 1.93M 20m29s
#17 398.9 1088600K .......... .......... .......... .......... .......... 16% 3.02M 20m29s
#17 398.9 1088650K .......... .......... .......... .......... .......... 16% 2.08M 20m29s
#17 398.9 1088700K .......... .......... .......... .......... .......... 16% 3.00M 20m29s
#17 399.0 1088750K .......... .......... .......... .......... .......... 16% 3.01M 20m29s
#17 399.0 1088800K .......... .......... .......... .......... .......... 16% 3.24M 20m29s
#17 399.0 1088850K .......... .......... .......... .......... .......... 16% 1.91M 20m29s
#17 399.0 1088900K .......... .......... .......... .......... .......... 16% 2.56M 20m29s
#17 399.0 1088950K .......... .......... .......... .......... .......... 16% 2.47M 20m29s
#17 399.1 1089000K .......... .......... .......... .......... .......... 16% 1.98M 20m29s
#17 399.1 1089050K .......... .......... .......... .......... .......... 16% 2.00M 20m29s
#17 399.1 1089100K .......... .......... .......... .......... .......... 16% 2.00M 20m29s
#17 399.1 1089150K .......... .......... .......... .......... .......... 16% 2.24M 20m29s
#17 399.1 1089200K .......... .......... .......... .......... .......... 16% 2.47M 20m29s
#17 399.2 1089250K .......... .......... .......... .......... .......... 16% 2.98M 20m29s
#17 399.2 1089300K .......... .......... .......... .......... .......... 16% 2.67M 20m29s
#17 399.2 1089350K .......... .......... .......... .......... .......... 16% 2.64M 20m30s
#17 399.2 1089400K .......... .......... .......... .......... .......... 16% 2.84M 20m30s
#17 399.2 1089450K .......... .......... .......... .......... .......... 16% 2.14M 20m30s
#17 399.3 1089500K .......... .......... .......... .......... .......... 16% 2.70M 20m30s
#17 399.3 1089550K .......... .......... .......... .......... .......... 16% 3.09M 20m30s
#17 399.3 1089600K .......... .......... .......... .......... .......... 16% 2.86M 20m30s
#17 399.3 1089650K .......... .......... .......... .......... .......... 16% 2.72M 20m30s
#17 399.3 1089700K .......... .......... .......... .......... .......... 16% 2.34M 20m30s
#17 399.3 1089750K .......... .......... .......... .......... .......... 16% 2.99M 20m30s
#17 399.4 1089800K .......... .......... .......... .......... .......... 16% 2.37M 20m30s
#17 399.4 1089850K .......... .......... .......... .......... .......... 16% 1.12M 20m30s
#17 399.4 1089900K .......... .......... .......... .......... .......... 16% 6.17M 20m30s
#17 399.4 1089950K .......... .......... .......... .......... .......... 16% 3.86M 20m30s
#17 399.4 1090000K .......... .......... .......... .......... .......... 16% 3.31M 20m30s
#17 399.5 1090050K .......... .......... .......... .......... .......... 16% 2.24M 20m30s
#17 399.5 1090100K .......... .......... .......... .......... .......... 16% 3.14M 20m30s
#17 399.5 1090150K .......... .......... .......... .......... .......... 16% 3.13M 20m30s
#17 399.5 1090200K .......... .......... .......... .......... .......... 16% 2.18M 20m30s
#17 399.5 1090250K .......... .......... .......... .......... .......... 16% 2.43M 20m30s
#17 399.6 1090300K .......... .......... .......... .......... .......... 16% 3.36M 20m30s
#17 399.6 1090350K .......... .......... .......... .......... .......... 16% 2.20M 20m30s
#17 399.6 1090400K .......... .......... .......... .......... .......... 16% 2.76M 20m30s
#17 399.6 1090450K .......... .......... .......... .......... .......... 16% 1.55M 20m30s
#17 399.6 1090500K .......... .......... .......... .......... .......... 16% 1.37M 20m30s
#17 399.7 1090550K .......... .......... .......... .......... .......... 16% 2.51M 20m30s
#17 399.7 1090600K .......... .......... .......... .......... .......... 16% 3.21M 20m30s
#17 399.7 1090650K .......... .......... .......... .......... .......... 16% 2.52M 20m30s
#17 399.7 1090700K .......... .......... .......... .......... .......... 16% 1.80M 20m31s
#17 399.8 1090750K .......... .......... .......... .......... .......... 16% 2.71M 20m31s
#17 399.8 1090800K .......... .......... .......... .......... .......... 16% 3.53M 20m31s
#17 399.8 1090850K .......... .......... .......... .......... .......... 16% 2.58M 20m31s
#17 399.8 1090900K .......... .......... .......... .......... .......... 16% 2.16M 20m31s
#17 399.8 1090950K .......... .......... .......... .......... .......... 16% 2.50M 20m31s
#17 399.9 1091000K .......... .......... .......... .......... .......... 16% 7.79M 20m31s
#17 399.9 1091050K .......... .......... .......... .......... .......... 16% 2.23M 20m31s
#17 399.9 1091100K .......... .......... .......... .......... .......... 16% 4.37M 20m31s
#17 399.9 1091150K .......... .......... .......... .......... .......... 16% 2.34M 20m31s
#17 399.9 1091200K .......... .......... .......... .......... .......... 16% 3.37M 20m31s
#17 399.9 1091250K .......... .......... .......... .......... .......... 16% 1.35M 20m31s
#17 400.0 1091300K .......... .......... .......... .......... .......... 16% 9.38M 20m31s
#17 400.0 1091350K .......... .......... .......... .......... .......... 16% 3.26M 20m31s
#17 400.0 1091400K .......... .......... .......... .......... .......... 16% 3.73M 20m31s
#17 400.0 1091450K .......... .......... .......... .......... .......... 16% 2.50M 20m31s
#17 400.0 1091500K .......... .......... .......... .......... .......... 16% 2.21M 20m31s
#17 400.0 1091550K .......... .......... .......... .......... .......... 16% 1.71M 20m31s
#17 400.1 1091600K .......... .......... .......... .......... .......... 16% 3.32M 20m31s
#17 400.1 1091650K .......... .......... .......... .......... .......... 16% 2.11M 20m31s
#17 400.1 1091700K .......... .......... .......... .......... .......... 16% 3.65M 20m31s
#17 400.1 1091750K .......... .......... .......... .......... .......... 16% 1.69M 20m31s
#17 400.1 1091800K .......... .......... .......... .......... .......... 16% 1.69M 20m31s
#17 400.2 1091850K .......... .......... .......... .......... .......... 16% 4.69M 20m31s
#17 400.2 1091900K .......... .......... .......... .......... .......... 16% 2.35M 20m31s
#17 400.2 1091950K .......... .......... .......... .......... .......... 16% 3.59M 20m31s
#17 400.2 1092000K .......... .......... .......... .......... .......... 16% 2.04M 20m31s
#17 400.2 1092050K .......... .......... .......... .......... .......... 16% 2.26M 20m31s
#17 400.3 1092100K .......... .......... .......... .......... .......... 16% 2.94M 20m31s
#17 400.3 1092150K .......... .......... .......... .......... .......... 16% 2.77M 20m31s
#17 400.3 1092200K .......... .......... .......... .......... .......... 16% 2.11M 20m31s
#17 400.3 1092250K .......... .......... .......... .......... .......... 16% 4.44M 20m31s
#17 400.3 1092300K .......... .......... .......... .......... .......... 16% 2.64M 20m31s
#17 400.4 1092350K .......... .......... .......... .......... .......... 16% 2.50M 20m32s
#17 400.4 1092400K .......... .......... .......... .......... .......... 16% 2.50M 20m32s
#17 400.4 1092450K .......... .......... .......... .......... .......... 16% 3.40M 20m32s
#17 400.4 1092500K .......... .......... .......... .......... .......... 16% 2.54M 20m32s
#17 400.4 1092550K .......... .......... .......... .......... .......... 16% 1.56M 20m32s
#17 400.5 1092600K .......... .......... .......... .......... .......... 16% 1.67M 20m32s
#17 400.5 1092650K .......... .......... .......... .......... .......... 16%  710K 20m32s
#17 400.6 1092700K .......... .......... .......... .......... .......... 16% 17.5M 20m32s
#17 400.6 1092750K .......... .......... .......... .......... .......... 16% 39.3M 20m32s
#17 400.6 1092800K .......... .......... .......... .......... .......... 16% 1.63M 20m32s
#17 400.6 1092850K .......... .......... .......... .......... .......... 16% 3.35M 20m32s
#17 400.6 1092900K .......... .......... .......... .......... .......... 16% 6.45M 20m32s
#17 400.6 1092950K .......... .......... .......... .......... .......... 16% 3.32M 20m32s
#17 400.6 1093000K .......... .......... .......... .......... .......... 16% 4.24M 20m32s
#17 400.6 1093050K .......... .......... .......... .......... .......... 16% 2.78M 20m32s
#17 400.7 1093100K .......... .......... .......... .......... .......... 16% 16.2M 20m32s
#17 400.7 1093150K .......... .......... .......... .......... .......... 16% 1.99M 20m32s
#17 400.7 1093200K .......... .......... .......... .......... .......... 16% 2.31M 20m32s
#17 400.7 1093250K .......... .......... .......... .......... .......... 16% 7.63M 20m32s
#17 400.7 1093300K .......... .......... .......... .......... .......... 16% 2.88M 20m32s
#17 400.7 1093350K .......... .......... .......... .......... .......... 16% 2.96M 20m32s
#17 400.7 1093400K .......... .......... .......... .......... .......... 16% 3.18M 20m32s
#17 400.8 1093450K .......... .......... .......... .......... .......... 16% 3.16M 20m32s
#17 400.8 1093500K .......... .......... .......... .......... .......... 16% 3.71M 20m32s
#17 400.8 1093550K .......... .......... .......... .......... .......... 16% 4.99M 20m32s
#17 400.8 1093600K .......... .......... .......... .......... .......... 16% 2.07M 20m32s
#17 400.8 1093650K .......... .......... .......... .......... .......... 16% 2.36M 20m32s
#17 400.8 1093700K .......... .......... .......... .......... .......... 16% 1.63M 20m32s
#17 400.9 1093750K .......... .......... .......... .......... .......... 16% 2.33M 20m32s
#17 400.9 1093800K .......... .......... .......... .......... .......... 16% 2.39M 20m32s
#17 400.9 1093850K .......... .......... .......... .......... .......... 16% 21.8M 20m32s
#17 400.9 1093900K .......... .......... .......... .......... .......... 16% 1.78M 20m32s
#17 400.9 1093950K .......... .......... .......... .......... .......... 16% 1.39M 20m33s
#17 401.0 1094000K .......... .......... .......... .......... .......... 16% 2.30M 20m33s
#17 401.0 1094050K .......... .......... .......... .......... .......... 16% 2.02M 20m33s
#17 401.0 1094100K .......... .......... .......... .......... .......... 16% 3.64M 20m33s
#17 401.1 1094150K .......... .......... .......... .......... .......... 16% 1.22M 20m33s
#17 401.1 1094200K .......... .......... .......... .......... .......... 16% 2.86M 20m33s
#17 401.1 1094250K .......... .......... .......... .......... .......... 16% 3.28M 20m33s
#17 401.1 1094300K .......... .......... .......... .......... .......... 16% 3.46M 20m33s
#17 401.1 1094350K .......... .......... .......... .......... .......... 16% 1.85M 20m33s
#17 401.2 1094400K .......... .......... .......... .......... .......... 16% 1.63M 20m33s
#17 401.2 1094450K .......... .......... .......... .......... .......... 16% 2.93M 20m33s
#17 401.2 1094500K .......... .......... .......... .......... .......... 16% 1.60M 20m33s
#17 401.2 1094550K .......... .......... .......... .......... .......... 16% 1.72M 20m33s
#17 401.3 1094600K .......... .......... .......... .......... .......... 16% 2.47M 20m33s
#17 401.3 1094650K .......... .......... .......... .......... .......... 16% 1.67M 20m33s
#17 401.3 1094700K .......... .......... .......... .......... .......... 16% 3.07M 20m33s
#17 401.3 1094750K .......... .......... .......... .......... .......... 16% 5.27M 20m33s
#17 401.3 1094800K .......... .......... .......... .......... .......... 16% 2.28M 20m33s
#17 401.4 1094850K .......... .......... .......... .......... .......... 16% 2.45M 20m33s
#17 401.4 1094900K .......... .......... .......... .......... .......... 16% 2.15M 20m33s
#17 401.4 1094950K .......... .......... .......... .......... .......... 16% 2.74M 20m33s
#17 401.4 1095000K .......... .......... .......... .......... .......... 16% 3.52M 20m33s
#17 401.4 1095050K .......... .......... .......... .......... .......... 16% 2.92M 20m33s
#17 401.4 1095100K .......... .......... .......... .......... .......... 16% 2.44M 20m33s
#17 401.5 1095150K .......... .......... .......... .......... .......... 16% 1.40M 20m34s
#17 401.5 1095200K .......... .......... .......... .......... .......... 16% 12.0M 20m34s
#17 401.5 1095250K .......... .......... .......... .......... .......... 16% 1.83M 20m34s
#17 401.5 1095300K .......... .......... .......... .......... .......... 16%  964K 20m34s
#17 401.6 1095350K .......... .......... .......... .......... .......... 16% 4.88M 20m34s
#17 401.6 1095400K .......... .......... .......... .......... .......... 16% 35.6M 20m34s
#17 401.6 1095450K .......... .......... .......... .......... .......... 16% 3.63M 20m34s
#17 401.6 1095500K .......... .......... .......... .......... .......... 16% 7.20M 20m34s
#17 401.6 1095550K .......... .......... .......... .......... .......... 16% 3.46M 20m34s
#17 401.6 1095600K .......... .......... .......... .......... .......... 16% 3.41M 20m34s
#17 401.6 1095650K .......... .......... .......... .......... .......... 16% 2.11M 20m34s
#17 401.7 1095700K .......... .......... .......... .......... .......... 16% 1.90M 20m34s
#17 401.7 1095750K .......... .......... .......... .......... .......... 16% 2.94M 20m34s
#17 401.7 1095800K .......... .......... .......... .......... .......... 16% 1.61M 20m34s
#17 401.8 1095850K .......... .......... .......... .......... .......... 16% 1.77M 20m34s
#17 401.8 1095900K .......... .......... .......... .......... .......... 16% 4.74M 20m34s
#17 401.8 1095950K .......... .......... .......... .......... .......... 16% 20.7M 20m34s
#17 401.8 1096000K .......... .......... .......... .......... .......... 16% 4.13M 20m34s
#17 401.8 1096050K .......... .......... .......... .......... .......... 16% 1.93M 20m34s
#17 401.8 1096100K .......... .......... .......... .......... .......... 16% 1.26M 20m34s
#17 401.9 1096150K .......... .......... .......... .......... .......... 16% 4.09M 20m34s
#17 401.9 1096200K .......... .......... .......... .......... .......... 16% 6.06M 20m34s
#17 401.9 1096250K .......... .......... .......... .......... .......... 16% 2.19M 20m34s
#17 401.9 1096300K .......... .......... .......... .......... .......... 16% 1.75M 20m34s
#17 401.9 1096350K .......... .......... .......... .......... .......... 16% 2.45M 20m34s
#17 401.9 1096400K .......... .......... .......... .......... .......... 16% 9.68M 20m34s
#17 402.0 1096450K .......... .......... .......... .......... .......... 16% 2.47M 20m34s
#17 402.0 1096500K .......... .......... .......... .......... .......... 16% 2.08M 20m34s
#17 402.0 1096550K .......... .......... .......... .......... .......... 16% 2.50M 20m34s
#17 402.0 1096600K .......... .......... .......... .......... .......... 16% 3.40M 20m34s
#17 402.0 1096650K .......... .......... .......... .......... .......... 16% 1.27M 20m35s
#17 402.1 1096700K .......... .......... .......... .......... .......... 16% 8.25M 20m34s
#17 402.1 1096750K .......... .......... .......... .......... .......... 16% 4.39M 20m34s
#17 402.1 1096800K .......... .......... .......... .......... .......... 16% 2.73M 20m34s
#17 402.1 1096850K .......... .......... .......... .......... .......... 16% 1.79M 20m35s
#17 402.2 1096900K .......... .......... .......... .......... .......... 16% 1.63M 20m35s
#17 402.2 1096950K .......... .......... .......... .......... .......... 16% 10.6M 20m35s
#17 402.2 1097000K .......... .......... .......... .......... .......... 16% 3.21M 20m35s
#17 402.2 1097050K .......... .......... .......... .......... .......... 16% 2.39M 20m35s
#17 402.2 1097100K .......... .......... .......... .......... .......... 16% 2.68M 20m35s
#17 402.2 1097150K .......... .......... .......... .......... .......... 16% 2.83M 20m35s
#17 402.2 1097200K .......... .......... .......... .......... .......... 16% 2.89M 20m35s
#17 402.3 1097250K .......... .......... .......... .......... .......... 16% 3.29M 20m35s
#17 402.3 1097300K .......... .......... .......... .......... .......... 16% 1.35M 20m35s
#17 402.3 1097350K .......... .......... .......... .......... .......... 16% 1.50M 20m35s
#17 402.3 1097400K .......... .......... .......... .......... .......... 16% 2.82M 20m35s
#17 402.4 1097450K .......... .......... .......... .......... .......... 16% 40.4M 20m35s
#17 402.4 1097500K .......... .......... .......... .......... .......... 16% 2.53M 20m35s
#17 402.4 1097550K .......... .......... .......... .......... .......... 16% 3.89M 20m35s
#17 402.4 1097600K .......... .......... .......... .......... .......... 16% 2.81M 20m35s
#17 402.4 1097650K .......... .......... .......... .......... .......... 16% 3.15M 20m35s
#17 402.4 1097700K .......... .......... .......... .......... .......... 16% 1.95M 20m35s
#17 402.4 1097750K .......... .......... .......... .......... .......... 16% 2.47M 20m35s
#17 402.5 1097800K .......... .......... .......... .......... .......... 16% 4.83M 20m35s
#17 402.5 1097850K .......... .......... .......... .......... .......... 16% 1.54M 20m35s
#17 402.5 1097900K .......... .......... .......... .......... .......... 16% 9.16M 20m35s
#17 402.5 1097950K .......... .......... .......... .......... .......... 16% 1.46M 20m35s
#17 402.5 1098000K .......... .......... .......... .......... .......... 16% 3.30M 20m35s
#17 402.6 1098050K .......... .......... .......... .......... .......... 16% 3.21M 20m35s
#17 402.6 1098100K .......... .......... .......... .......... .......... 16% 2.01M 20m35s
#17 402.6 1098150K .......... .......... .......... .......... .......... 16% 2.53M 20m35s
#17 402.6 1098200K .......... .......... .......... .......... .......... 16% 2.45M 20m35s
#17 402.6 1098250K .......... .......... .......... .......... .......... 16% 1.72M 20m35s
#17 402.7 1098300K .......... .......... .......... .......... .......... 16% 2.10M 20m36s
#17 402.7 1098350K .......... .......... .......... .......... .......... 16% 3.57M 20m36s
#17 402.7 1098400K .......... .......... .......... .......... .......... 16% 1.50M 20m36s
#17 402.7 1098450K .......... .......... .......... .......... .......... 16% 2.88M 20m36s
#17 402.8 1098500K .......... .......... .......... .......... .......... 16% 1.54M 20m36s
#17 402.8 1098550K .......... .......... .......... .......... .......... 16% 5.60M 20m36s
#17 402.8 1098600K .......... .......... .......... .......... .......... 16% 4.69M 20m36s
#17 402.8 1098650K .......... .......... .......... .......... .......... 16% 33.1M 20m36s
#17 402.8 1098700K .......... .......... .......... .......... .......... 16% 2.14M 20m36s
#17 402.8 1098750K .......... .......... .......... .......... .......... 16% 1.43M 20m36s
#17 402.9 1098800K .......... .......... .......... .......... .......... 16% 1.73M 20m36s
#17 402.9 1098850K .......... .......... .......... .......... .......... 16% 46.7M 20m36s
#17 402.9 1098900K .......... .......... .......... .......... .......... 16%  638K 20m36s
#17 403.0 1098950K .......... .......... .......... .......... .......... 16% 1.35M 20m36s
#17 403.0 1099000K .......... .......... .......... .......... .......... 16%  736K 20m37s
#17 403.1 1099050K .......... .......... .......... .......... .......... 16% 3.28M 20m37s
#17 403.1 1099100K .......... .......... .......... .......... .......... 16% 11.1M 20m37s
#17 403.1 1099150K .......... .......... .......... .......... .......... 16%  921K 20m37s
#17 403.1 1099200K .......... .......... .......... .......... .......... 16% 1.25M 20m37s
#17 403.2 1099250K .......... .......... .......... .......... .......... 16% 1.33M 20m37s
#17 403.2 1099300K .......... .......... .......... .......... .......... 16% 2.92M 20m37s
#17 403.2 1099350K .......... .......... .......... .......... .......... 16% 2.22M 20m37s
#17 403.3 1099400K .......... .......... .......... .......... .......... 16% 3.10M 20m37s
#17 403.3 1099450K .......... .......... .......... .......... .......... 16% 1.76M 20m37s
#17 403.3 1099500K .......... .......... .......... .......... .......... 16% 4.61M 20m37s
#17 403.3 1099550K .......... .......... .......... .......... .......... 16% 21.1M 20m37s
#17 403.3 1099600K .......... .......... .......... .......... .......... 16% 35.2M 20m37s
#17 403.3 1099650K .......... .......... .......... .......... .......... 16% 11.4M 20m37s
#17 403.3 1099700K .......... .......... .......... .......... .......... 16% 2.60M 20m37s
#17 403.3 1099750K .......... .......... .......... .......... .......... 16% 1.50M 20m37s
#17 403.4 1099800K .......... .......... .......... .......... .......... 16% 2.09M 20m37s
#17 403.4 1099850K .......... .......... .......... .......... .......... 16% 7.15M 20m37s
#17 403.4 1099900K .......... .......... .......... .......... .......... 16% 3.70M 20m37s
#17 403.4 1099950K .......... .......... .......... .......... .......... 16% 4.47M 20m37s
#17 403.4 1100000K .......... .......... .......... .......... .......... 16% 1.82M 20m37s
#17 403.5 1100050K .......... .......... .......... .......... .......... 16% 2.55M 20m37s
#17 403.5 1100100K .......... .......... .......... .......... .......... 16% 7.29M 20m37s
#17 403.5 1100150K .......... .......... .......... .......... .......... 16% 29.0M 20m37s
#17 403.5 1100200K .......... .......... .......... .......... .......... 16% 14.8M 20m37s
#17 403.5 1100250K .......... .......... .......... .......... .......... 16% 37.0M 20m37s
#17 403.5 1100300K .......... .......... .......... .......... .......... 16% 2.40M 20m37s
#17 403.5 1100350K .......... .......... .......... .......... .......... 16% 9.16M 20m37s
#17 403.5 1100400K .......... .......... .......... .......... .......... 16% 68.8M 20m37s
#17 403.5 1100450K .......... .......... .......... .......... .......... 16% 16.0M 20m37s
#17 403.5 1100500K .......... .......... .......... .......... .......... 16% 3.69M 20m37s
#17 403.5 1100550K .......... .......... .......... .......... .......... 16% 2.08M 20m37s
#17 403.6 1100600K .......... .......... .......... .......... .......... 16% 1.88M 20m37s
#17 403.6 1100650K .......... .......... .......... .......... .......... 16% 36.0M 20m37s
#17 403.6 1100700K .......... .......... .......... .......... .......... 16% 3.27M 20m37s
#17 403.6 1100750K .......... .......... .......... .......... .......... 16% 4.02M 20m37s
#17 403.6 1100800K .......... .......... .......... .......... .......... 16% 2.24M 20m37s
#17 403.6 1100850K .......... .......... .......... .......... .......... 16% 69.5M 20m37s
#17 403.6 1100900K .......... .......... .......... .......... .......... 16%  895K 20m37s
#17 403.7 1100950K .......... .......... .......... .......... .......... 16% 14.3M 20m37s
#17 403.7 1101000K .......... .......... .......... .......... .......... 16% 6.19M 20m37s
#17 403.7 1101050K .......... .......... .......... .......... .......... 16% 1.77M 20m37s
#17 403.7 1101100K .......... .......... .......... .......... .......... 16% 1.85M 20m37s
#17 403.8 1101150K .......... .......... .......... .......... .......... 16% 18.5M 20m37s
#17 403.8 1101200K .......... .......... .......... .......... .......... 16%  984K 20m37s
#17 403.8 1101250K .......... .......... .......... .......... .......... 16% 27.7M 20m37s
#17 403.8 1101300K .......... .......... .......... .......... .......... 16% 1.56M 20m37s
#17 403.8 1101350K .......... .......... .......... .......... .......... 16% 1.12M 20m38s
#17 403.9 1101400K .......... .......... .......... .......... .......... 16% 2.41M 20m38s
#17 403.9 1101450K .......... .......... .......... .......... .......... 16% 3.23M 20m38s
#17 403.9 1101500K .......... .......... .......... .......... .......... 16% 4.39M 20m38s
#17 403.9 1101550K .......... .......... .......... .......... .......... 16% 2.64M 20m38s
#17 403.9 1101600K .......... .......... .......... .......... .......... 16% 64.1M 20m38s
#17 403.9 1101650K .......... .......... .......... .......... .......... 16% 72.2M 20m38s
#17 403.9 1101700K .......... .......... .......... .......... .......... 16% 2.93M 20m38s
#17 404.0 1101750K .......... .......... .......... .......... .......... 16% 40.6M 20m37s
#17 404.0 1101800K .......... .......... .......... .......... .......... 16% 1.29M 20m38s
#17 404.0 1101850K .......... .......... .......... .......... .......... 16% 1.08M 20m38s
#17 404.0 1101900K .......... .......... .......... .......... .......... 16% 1.68M 20m38s
#17 404.1 1101950K .......... .......... .......... .......... .......... 16%  905K 20m38s
#17 404.1 1102000K .......... .......... .......... .......... .......... 16% 1.41M 20m38s
#17 404.2 1102050K .......... .......... .......... .......... .......... 16% 1.00M 20m38s
#17 404.2 1102100K .......... .......... .......... .......... .......... 16% 23.5M 20m38s
#17 404.2 1102150K .......... .......... .......... .......... .......... 16% 2.23M 20m38s
#17 404.2 1102200K .......... .......... .......... .......... .......... 16% 16.7M 20m38s
#17 404.2 1102250K .......... .......... .......... .......... .......... 16% 2.03M 20m38s
#17 404.3 1102300K .......... .......... .......... .......... .......... 16% 1.35M 20m38s
#17 404.3 1102350K .......... .......... .......... .......... .......... 16% 2.06M 20m39s
#17 404.3 1102400K .......... .......... .......... .......... .......... 16% 1.57M 20m39s
#17 404.4 1102450K .......... .......... .......... .......... .......... 16% 2.13M 20m39s
#17 404.4 1102500K .......... .......... .......... .......... .......... 16% 20.3M 20m39s
#17 404.4 1102550K .......... .......... .......... .......... .......... 16% 4.39M 20m39s
#17 404.4 1102600K .......... .......... .......... .......... .......... 16% 2.31M 20m39s
#17 404.4 1102650K .......... .......... .......... .......... .......... 16% 3.52M 20m39s
#17 404.4 1102700K .......... .......... .......... .......... .......... 16% 9.08M 20m39s
#17 404.4 1102750K .......... .......... .......... .......... .......... 16% 9.50M 20m39s
#17 404.4 1102800K .......... .......... .......... .......... .......... 16% 2.21M 20m39s
#17 404.5 1102850K .......... .......... .......... .......... .......... 16% 22.6M 20m39s
#17 404.5 1102900K .......... .......... .......... .......... .......... 16% 19.6M 20m39s
#17 404.5 1102950K .......... .......... .......... .......... .......... 16% 8.03M 20m38s
#17 404.5 1103000K .......... .......... .......... .......... .......... 16% 1.80M 20m39s
#17 404.5 1103050K .......... .......... .......... .......... .......... 16% 1.73M 20m39s
#17 404.5 1103100K .......... .......... .......... .......... .......... 16% 31.9M 20m39s
#17 404.5 1103150K .......... .......... .......... .......... .......... 16% 1.00M 20m39s
#17 404.6 1103200K .......... .......... .......... .......... .......... 16% 5.20M 20m39s
#17 404.6 1103250K .......... .......... .......... .......... .......... 16% 65.5M 20m39s
#17 404.6 1103300K .......... .......... .......... .......... .......... 16% 14.2M 20m39s
#17 404.6 1103350K .......... .......... .......... .......... .......... 16% 70.2M 20m39s
#17 404.6 1103400K .......... .......... .......... .......... .......... 16% 2.33M 20m39s
#17 404.6 1103450K .......... .......... .......... .......... .......... 16% 12.4M 20m39s
#17 404.6 1103500K .......... .......... .......... .......... .......... 16% 3.78M 20m39s
#17 404.6 1103550K .......... .......... .......... .......... .......... 16% 3.28M 20m39s
#17 404.6 1103600K .......... .......... .......... .......... .......... 16% 3.11M 20m39s
#17 404.7 1103650K .......... .......... .......... .......... .......... 16% 2.51M 20m39s
#17 404.7 1103700K .......... .......... .......... .......... .......... 16% 1.15M 20m39s
#17 404.7 1103750K .......... .......... .......... .......... .......... 16% 1.52M 20m39s
#17 404.8 1103800K .......... .......... .......... .......... .......... 16% 2.80M 20m39s
#17 404.8 1103850K .......... .......... .......... .......... .......... 16% 2.51M 20m39s
#17 404.8 1103900K .......... .......... .......... .......... .......... 16% 38.8M 20m39s
#17 404.8 1103950K .......... .......... .......... .......... .......... 16% 5.79M 20m39s
#17 404.8 1104000K .......... .......... .......... .......... .......... 16% 1.06M 20m39s
#17 404.8 1104050K .......... .......... .......... .......... .......... 16% 38.4M 20m39s
#17 404.8 1104100K .......... .......... .......... .......... .......... 16% 4.62M 20m39s
#17 404.9 1104150K .......... .......... .......... .......... .......... 16% 3.84M 20m39s
#17 404.9 1104200K .......... .......... .......... .......... .......... 16% 2.32M 20m39s
#17 404.9 1104250K .......... .......... .......... .......... .......... 16% 3.04M 20m39s
#17 404.9 1104300K .......... .......... .......... .......... .......... 16% 2.26M 20m39s
#17 404.9 1104350K .......... .......... .......... .......... .......... 16% 3.77M 20m39s
#17 404.9 1104400K .......... .......... .......... .......... .......... 16% 1.45M 20m39s
#17 405.0 1104450K .......... .......... .......... .......... .......... 16% 2.53M 20m39s
#17 405.0 1104500K .......... .......... .......... .......... .......... 16% 5.47M 20m39s
#17 405.0 1104550K .......... .......... .......... .......... .......... 16% 2.35M 20m39s
#17 405.0 1104600K .......... .......... .......... .......... .......... 16% 2.02M 20m39s
#17 405.1 1104650K .......... .......... .......... .......... .......... 16% 1.88M 20m39s
#17 405.1 1104700K .......... .......... .......... .......... .......... 16% 1.89M 20m39s
#17 405.1 1104750K .......... .......... .......... .......... .......... 16% 5.86M 20m39s
#17 405.1 1104800K .......... .......... .......... .......... .......... 16% 1.60M 20m39s
#17 405.1 1104850K .......... .......... .......... .......... .......... 16% 1.68M 20m40s
#17 405.2 1104900K .......... .......... .......... .......... .......... 16% 2.59M 20m40s
#17 405.2 1104950K .......... .......... .......... .......... .......... 16% 2.40M 20m40s
#17 405.2 1105000K .......... .......... .......... .......... .......... 16% 3.60M 20m40s
#17 405.2 1105050K .......... .......... .......... .......... .......... 16% 2.36M 20m40s
#17 405.2 1105100K .......... .......... .......... .......... .......... 16% 1.93M 20m40s
#17 405.3 1105150K .......... .......... .......... .......... .......... 16% 4.68M 20m40s
#17 405.3 1105200K .......... .......... .......... .......... .......... 16% 2.44M 20m40s
#17 405.3 1105250K .......... .......... .......... .......... .......... 16% 2.38M 20m40s
#17 405.3 1105300K .......... .......... .......... .......... .......... 16% 3.04M 20m40s
#17 405.3 1105350K .......... .......... .......... .......... .......... 16% 2.90M 20m40s
#17 405.4 1105400K .......... .......... .......... .......... .......... 16% 2.25M 20m40s
#17 405.4 1105450K .......... .......... .......... .......... .......... 16% 2.54M 20m40s
#17 405.4 1105500K .......... .......... .......... .......... .......... 16% 3.24M 20m40s
#17 405.4 1105550K .......... .......... .......... .......... .......... 16% 2.05M 20m40s
#17 405.4 1105600K .......... .......... .......... .......... .......... 16% 1.74M 20m40s
#17 405.5 1105650K .......... .......... .......... .......... .......... 16% 5.53M 20m40s
#17 405.5 1105700K .......... .......... .......... .......... .......... 16% 1.27M 20m40s
#17 405.5 1105750K .......... .......... .......... .......... .......... 16% 1.17M 20m40s
#17 405.6 1105800K .......... .......... .......... .......... .......... 16% 2.29M 20m40s
#17 405.6 1105850K .......... .......... .......... .......... .......... 16% 3.53M 20m40s
#17 405.6 1105900K .......... .......... .......... .......... .......... 16% 8.02M 20m40s
#17 405.6 1105950K .......... .......... .......... .......... .......... 16% 5.15M 20m40s
#17 405.6 1106000K .......... .......... .......... .......... .......... 16% 4.03M 20m40s
#17 405.6 1106050K .......... .......... .......... .......... .......... 16% 2.77M 20m40s
#17 405.6 1106100K .......... .......... .......... .......... .......... 16% 1.99M 20m40s
#17 405.7 1106150K .......... .......... .......... .......... .......... 16% 2.46M 20m40s
#17 405.7 1106200K .......... .......... .......... .......... .......... 16% 2.36M 20m40s
#17 405.7 1106250K .......... .......... .......... .......... .......... 16% 2.11M 20m40s
#17 405.7 1106300K .......... .......... .......... .......... .......... 16% 3.12M 20m40s
#17 405.7 1106350K .......... .......... .......... .......... .......... 16% 3.31M 20m40s
#17 405.7 1106400K .......... .......... .......... .......... .......... 16% 2.31M 20m41s
#17 405.8 1106450K .......... .......... .......... .......... .......... 16% 2.08M 20m41s
#17 405.8 1106500K .......... .......... .......... .......... .......... 16% 2.11M 20m41s
#17 405.8 1106550K .......... .......... .......... .......... .......... 16% 1.76M 20m41s
#17 405.8 1106600K .......... .......... .......... .......... .......... 16% 2.85M 20m41s
#17 405.9 1106650K .......... .......... .......... .......... .......... 16% 2.56M 20m41s
#17 405.9 1106700K .......... .......... .......... .......... .......... 16% 3.90M 20m41s
#17 405.9 1106750K .......... .......... .......... .......... .......... 16% 3.19M 20m41s
#17 405.9 1106800K .......... .......... .......... .......... .......... 16% 1.45M 20m41s
#17 405.9 1106850K .......... .......... .......... .......... .......... 16% 2.57M 20m41s
#17 406.0 1106900K .......... .......... .......... .......... .......... 16% 1.94M 20m41s
#17 406.0 1106950K .......... .......... .......... .......... .......... 16% 3.82M 20m41s
#17 406.0 1107000K .......... .......... .......... .......... .......... 16% 2.81M 20m41s
#17 406.0 1107050K .......... .......... .......... .......... .......... 16% 3.19M 20m41s
#17 406.0 1107100K .......... .......... .......... .......... .......... 16% 2.95M 20m41s
#17 406.0 1107150K .......... .......... .......... .......... .......... 16% 1.06M 20m41s
#17 406.1 1107200K .......... .......... .......... .......... .......... 16% 1.93M 20m41s
#17 406.1 1107250K .......... .......... .......... .......... .......... 16% 1.41M 20m41s
#17 406.2 1107300K .......... .......... .......... .......... .......... 16% 1.26M 20m41s
#17 406.2 1107350K .......... .......... .......... .......... .......... 16%  686K 20m42s
#17 406.3 1107400K .......... .......... .......... .......... .......... 16% 41.6M 20m42s
#17 406.3 1107450K .......... .......... .......... .......... .......... 16% 48.7M 20m42s
#17 406.3 1107500K .......... .......... .......... .......... .......... 16% 7.49M 20m42s
#17 406.3 1107550K .......... .......... .......... .......... .......... 16% 2.93M 20m42s
#17 406.3 1107600K .......... .......... .......... .......... .......... 16% 8.59M 20m42s
#17 406.3 1107650K .......... .......... .......... .......... .......... 16% 5.92M 20m42s
#17 406.3 1107700K .......... .......... .......... .......... .......... 16% 4.97M 20m42s
#17 406.3 1107750K .......... .......... .......... .......... .......... 16% 14.4M 20m42s
#17 406.3 1107800K .......... .......... .......... .......... .......... 16% 37.7M 20m41s
#17 406.3 1107850K .......... .......... .......... .......... .......... 16% 3.66M 20m41s
#17 406.3 1107900K .......... .......... .......... .......... .......... 16% 56.9M 20m41s
#17 406.3 1107950K .......... .......... .......... .......... .......... 16% 2.63M 20m41s
#17 406.4 1108000K .......... .......... .......... .......... .......... 16% 2.35M 20m41s
#17 406.4 1108050K .......... .......... .......... .......... .......... 16% 2.53M 20m41s
#17 406.4 1108100K .......... .......... .......... .......... .......... 16% 1.45M 20m42s
#17 406.4 1108150K .......... .......... .......... .......... .......... 16% 9.41M 20m42s
#17 406.4 1108200K .......... .......... .......... .......... .......... 16% 3.79M 20m42s
#17 406.4 1108250K .......... .......... .......... .......... .......... 16% 4.20M 20m42s
#17 406.5 1108300K .......... .......... .......... .......... .......... 16% 2.69M 20m42s
#17 406.5 1108350K .......... .......... .......... .......... .......... 16% 1.83M 20m42s
#17 406.5 1108400K .......... .......... .......... .......... .......... 16% 2.30M 20m42s
#17 406.5 1108450K .......... .......... .......... .......... .......... 16% 2.81M 20m42s
#17 406.5 1108500K .......... .......... .......... .......... .......... 16% 3.27M 20m42s
#17 406.6 1108550K .......... .......... .......... .......... .......... 16%  119K 20m44s
#17 407.0 1108600K .......... .......... .......... .......... .......... 16% 1.70M 20m44s
#17 407.0 1108650K .......... .......... .......... .......... .......... 16% 2.34M 20m44s
#17 407.0 1108700K .......... .......... .......... .......... .......... 16% 2.38M 20m44s
#17 407.0 1108750K .......... .......... .......... .......... .......... 16% 2.98M 20m44s
#17 407.1 1108800K .......... .......... .......... .......... .......... 16% 1.03M 20m44s
#17 407.1 1108850K .......... .......... .......... .......... .......... 16% 8.24M 20m44s
#17 407.1 1108900K .......... .......... .......... .......... .......... 16% 1.40M 20m44s
#17 407.2 1108950K .......... .......... .......... .......... .......... 16% 3.50M 20m44s
#17 407.2 1109000K .......... .......... .......... .......... .......... 16% 4.27M 20m44s
#17 407.2 1109050K .......... .......... .......... .......... .......... 16% 5.03M 20m44s
#17 407.2 1109100K .......... .......... .......... .......... .......... 16%  279K 20m45s
#17 407.4 1109150K .......... .......... .......... .......... .......... 16% 2.64M 20m45s
#17 407.4 1109200K .......... .......... .......... .......... .......... 16% 1.91M 20m45s
#17 405.4 1109250K .......... .......... .......... .......... .......... 16% 2.23M 20m45s
#17 405.4 1109300K .......... .......... .......... .......... .......... 16% 1.89M 20m45s
#17 405.5 1109350K .......... .......... .......... .......... .......... 16% 2.83M 20m45s
#17 405.5 1109400K .......... .......... .......... .......... .......... 16% 2.21M 20m45s
#17 405.5 1109450K .......... .......... .......... .......... .......... 16% 2.97M 20m45s
#17 405.5 1109500K .......... .......... .......... .......... .......... 16% 2.53M 20m45s
#17 405.5 1109550K .......... .......... .......... .......... .......... 16% 3.11M 20m45s
#17 405.5 1109600K .......... .......... .......... .......... .......... 16% 1.32M 20m45s
#17 405.6 1109650K .......... .......... .......... .......... .......... 16% 6.88M 20m45s
#17 405.6 1109700K .......... .......... .......... .......... .......... 16% 2.33M 20m45s
#17 405.6 1109750K .......... .......... .......... .......... .......... 16% 3.14M 20m46s
#17 405.6 1109800K .......... .......... .......... .......... .......... 16% 2.24M 20m46s
#17 407.7 1109850K .......... .......... .......... .......... .......... 16% 3.23M 20m46s
#17 407.7 1109900K .......... .......... .......... .......... .......... 16% 2.90M 20m46s
#17 407.7 1109950K .......... .......... .......... .......... .......... 16% 3.04M 20m46s
#17 407.8 1110000K .......... .......... .......... .......... .......... 16% 2.73M 20m46s
#17 407.8 1110050K .......... .......... .......... .......... .......... 16% 2.07M 20m46s
#17 407.8 1110100K .......... .......... .......... .......... .......... 16% 1.21M 20m46s
#17 407.8 1110150K .......... .......... .......... .......... .......... 16% 1.48M 20m46s
#17 407.9 1110200K .......... .......... .......... .......... .......... 16% 8.15M 20m46s
#17 407.9 1110250K .......... .......... .......... .......... .......... 16% 3.51M 20m46s
#17 407.9 1110300K .......... .......... .......... .......... .......... 16% 2.70M 20m46s
#17 407.9 1110350K .......... .......... .......... .......... .......... 16% 2.54M 20m46s
#17 407.9 1110400K .......... .......... .......... .......... .......... 16% 3.95M 20m46s
#17 407.9 1110450K .......... .......... .......... .......... .......... 16% 2.44M 20m46s
#17 408.0 1110500K .......... .......... .......... .......... .......... 16% 1.83M 20m46s
#17 408.0 1110550K .......... .......... .......... .......... .......... 16% 4.07M 20m46s
#17 408.0 1110600K .......... .......... .......... .......... .......... 16% 2.59M 20m46s
#17 408.0 1110650K .......... .......... .......... .......... .......... 16% 2.73M 20m46s
#17 408.0 1110700K .......... .......... .......... .......... .......... 16% 2.31M 20m46s
#17 408.1 1110750K .......... .......... .......... .......... .......... 16% 2.64M 20m46s
#17 408.1 1110800K .......... .......... .......... .......... .......... 16% 3.92M 20m46s
#17 408.1 1110850K .......... .......... .......... .......... .......... 16% 2.45M 20m46s
#17 408.1 1110900K .......... .......... .......... .......... .......... 16% 2.57M 20m46s
#17 408.1 1110950K .......... .......... .......... .......... .......... 16% 2.97M 20m46s
#17 408.1 1111000K .......... .......... .......... .......... .......... 16% 2.34M 20m46s
#17 408.2 1111050K .......... .......... .......... .......... .......... 16% 2.22M 20m46s
#17 408.2 1111100K .......... .......... .......... .......... .......... 16% 2.54M 20m46s
#17 408.2 1111150K .......... .......... .......... .......... .......... 16% 1.66M 20m46s
#17 408.2 1111200K .......... .......... .......... .......... .......... 16% 3.17M 20m46s
#17 408.3 1111250K .......... .......... .......... .......... .......... 16% 2.60M 20m46s
#17 408.3 1111300K .......... .......... .......... .......... .......... 16% 2.04M 20m47s
#17 408.3 1111350K .......... .......... .......... .......... .......... 16% 3.03M 20m47s
#17 408.3 1111400K .......... .......... .......... .......... .......... 16% 4.54M 20m47s
#17 408.3 1111450K .......... .......... .......... .......... .......... 16% 2.56M 20m47s
#17 408.3 1111500K .......... .......... .......... .......... .......... 16% 3.48M 20m47s
#17 408.4 1111550K .......... .......... .......... .......... .......... 16% 4.05M 20m47s
#17 408.4 1111600K .......... .......... .......... .......... .......... 16% 2.40M 20m47s
#17 408.4 1111650K .......... .......... .......... .......... .......... 16% 2.76M 20m47s
#17 408.4 1111700K .......... .......... .......... .......... .......... 16% 2.02M 20m47s
#17 408.4 1111750K .......... .......... .......... .......... .......... 16% 3.75M 20m47s
#17 408.4 1111800K .......... .......... .......... .......... .......... 16% 2.69M 20m47s
#17 408.5 1111850K .......... .......... .......... .......... .......... 16% 2.06M 20m47s
#17 408.5 1111900K .......... .......... .......... .......... .......... 16% 2.90M 20m47s
#17 408.5 1111950K .......... .......... .......... .......... .......... 16% 2.35M 20m47s
#17 408.5 1112000K .......... .......... .......... .......... .......... 16% 1.93M 20m47s
#17 408.5 1112050K .......... .......... .......... .......... .......... 16% 3.57M 20m47s
#17 408.6 1112100K .......... .......... .......... .......... .......... 16% 1.79M 20m47s
#17 408.6 1112150K .......... .......... .......... .......... .......... 16% 3.17M 20m47s
#17 408.6 1112200K .......... .......... .......... .......... .......... 16% 2.47M 20m47s
#17 408.6 1112250K .......... .......... .......... .......... .......... 16% 3.64M 20m47s
#17 408.6 1112300K .......... .......... .......... .......... .......... 16% 1.96M 20m47s
#17 408.7 1112350K .......... .......... .......... .......... .......... 16% 5.63M 20m47s
#17 408.7 1112400K .......... .......... .......... .......... .......... 16% 1.75M 20m47s
#17 408.7 1112450K .......... .......... .......... .......... .......... 16% 4.35M 20m47s
#17 408.7 1112500K .......... .......... .......... .......... .......... 16% 1.66M 20m47s
#17 408.7 1112550K .......... .......... .......... .......... .......... 16% 2.33M 20m47s
#17 408.8 1112600K .......... .......... .......... .......... .......... 16% 2.93M 20m47s
#17 408.8 1112650K .......... .......... .......... .......... .......... 16% 6.56M 20m47s
#17 408.8 1112700K .......... .......... .......... .......... .......... 16% 1.56M 20m47s
#17 408.8 1112750K .......... .......... .......... .......... .......... 16% 2.16M 20m47s
#17 408.8 1112800K .......... .......... .......... .......... .......... 16% 2.72M 20m47s
#17 408.9 1112850K .......... .......... .......... .......... .......... 16% 1.17M 20m48s
#17 408.9 1112900K .......... .......... .......... .......... .......... 16% 1.45M 20m48s
#17 408.9 1112950K .......... .......... .......... .......... .......... 16% 2.19M 20m48s
#17 409.0 1113000K .......... .......... .......... .......... .......... 16% 29.9M 20m48s
#17 409.0 1113050K .......... .......... .......... .......... .......... 16% 2.66M 20m48s
#17 409.0 1113100K .......... .......... .......... .......... .......... 16% 41.3M 20m48s
#17 409.0 1113150K .......... .......... .......... .......... .......... 16% 2.60M 20m48s
#17 409.0 1113200K .......... .......... .......... .......... .......... 16% 5.47M 20m48s
#17 409.0 1113250K .......... .......... .......... .......... .......... 16% 2.00M 20m48s
#17 409.0 1113300K .......... .......... .......... .......... .......... 16% 1.88M 20m48s
#17 409.1 1113350K .......... .......... .......... .......... .......... 16% 6.72M 20m48s
#17 409.1 1113400K .......... .......... .......... .......... .......... 16% 2.40M 20m48s
#17 409.1 1113450K .......... .......... .......... .......... .......... 16% 19.6M 20m48s
#17 409.1 1113500K .......... .......... .......... .......... .......... 16% 2.51M 20m48s
#17 409.1 1113550K .......... .......... .......... .......... .......... 16% 2.04M 20m48s
#17 409.1 1113600K .......... .......... .......... .......... .......... 16% 2.79M 20m48s
#17 409.1 1113650K .......... .......... .......... .......... .......... 16% 4.08M 20m48s
#17 409.2 1113700K .......... .......... .......... .......... .......... 16% 1.91M 20m48s
#17 409.2 1113750K .......... .......... .......... .......... .......... 16% 2.69M 20m48s
#17 409.2 1113800K .......... .......... .......... .......... .......... 16% 3.66M 20m48s
#17 409.2 1113850K .......... .......... .......... .......... .......... 16% 2.99M 20m48s
#17 409.2 1113900K .......... .......... .......... .......... .......... 16% 1.80M 20m48s
#17 409.3 1113950K .......... .......... .......... .......... .......... 16% 2.37M 20m48s
#17 409.3 1114000K .......... .......... .......... .......... .......... 16% 4.09M 20m48s
#17 409.3 1114050K .......... .......... .......... .......... .......... 16% 2.30M 20m48s
#17 409.3 1114100K .......... .......... .......... .......... .......... 16% 2.13M 20m48s
#17 409.3 1114150K .......... .......... .......... .......... .......... 16% 2.38M 20m48s
#17 409.4 1114200K .......... .......... .......... .......... .......... 16% 2.63M 20m48s
#17 409.4 1114250K .......... .......... .......... .......... .......... 16% 4.75M 20m48s
#17 409.4 1114300K .......... .......... .......... .......... .......... 16% 2.67M 20m48s
#17 409.4 1114350K .......... .......... .......... .......... .......... 16% 2.57M 20m48s
#17 409.4 1114400K .......... .......... .......... .......... .......... 16% 1.69M 20m48s
#17 409.4 1114450K .......... .......... .......... .......... .......... 16% 2.06M 20m48s
#17 409.5 1114500K .......... .......... .......... .......... .......... 16% 4.65M 20m48s
#17 409.5 1114550K .......... .......... .......... .......... .......... 16% 2.41M 20m48s
#17 409.5 1114600K .......... .......... .......... .......... .......... 16% 4.27M 20m48s
#17 409.5 1114650K .......... .......... .......... .......... .......... 16% 2.54M 20m48s
#17 409.5 1114700K .......... .......... .......... .......... .......... 16% 1.79M 20m48s
#17 409.6 1114750K .......... .......... .......... .......... .......... 16% 4.78M 20m48s
#17 409.6 1114800K .......... .......... .......... .......... .......... 16% 4.05M 20m48s
#17 409.6 1114850K .......... .......... .......... .......... .......... 16% 2.91M 20m48s
#17 409.6 1114900K .......... .......... .......... .......... .......... 16% 1.66M 20m48s
#17 409.6 1114950K .......... .......... .......... .......... .......... 16% 2.31M 20m49s
#17 409.6 1115000K .......... .......... .......... .......... .......... 16% 3.66M 20m49s
#17 409.7 1115050K .......... .......... .......... .......... .......... 16% 5.42M 20m49s
#17 409.7 1115100K .......... .......... .......... .......... .......... 16% 2.09M 20m49s
#17 409.7 1115150K .......... .......... .......... .......... .......... 16% 1.64M 20m49s
#17 409.7 1115200K .......... .......... .......... .......... .......... 16% 1.52M 20m49s
#17 409.8 1115250K .......... .......... .......... .......... .......... 16% 9.69M 20m49s
#17 409.8 1115300K .......... .......... .......... .......... .......... 16% 1.85M 20m49s
#17 409.8 1115350K .......... .......... .......... .......... .......... 16% 3.24M 20m49s
#17 409.8 1115400K .......... .......... .......... .......... .......... 16% 2.71M 20m49s
#17 409.8 1115450K .......... .......... .......... .......... .......... 16% 2.12M 20m49s
#17 409.8 1115500K .......... .......... .......... .......... .......... 16% 2.04M 20m49s
#17 409.9 1115550K .......... .......... .......... .......... .......... 16% 2.66M 20m49s
#17 409.9 1115600K .......... .......... .......... .......... .......... 16% 3.73M 20m49s
#17 409.9 1115650K .......... .......... .......... .......... .......... 16% 4.62M 20m49s
#17 409.9 1115700K .......... .......... .......... .......... .......... 16% 2.31M 20m49s
#17 409.9 1115750K .......... .......... .......... .......... .......... 16% 2.21M 20m49s
#17 410.0 1115800K .......... .......... .......... .......... .......... 16% 1.73M 20m49s
#17 410.0 1115850K .......... .......... .......... .......... .......... 16% 1.56M 20m49s
#17 410.0 1115900K .......... .......... .......... .......... .......... 16% 7.96M 20m49s
#17 410.0 1115950K .......... .......... .......... .......... .......... 16% 6.07M 20m49s
#17 410.0 1116000K .......... .......... .......... .......... .......... 16% 3.17M 20m49s
#17 410.0 1116050K .......... .......... .......... .......... .......... 16% 2.59M 20m49s
#17 410.1 1116100K .......... .......... .......... .......... .......... 16% 3.45M 20m49s
#17 410.1 1116150K .......... .......... .......... .......... .......... 16% 2.52M 20m49s
#17 410.1 1116200K .......... .......... .......... .......... .......... 16% 1.82M 20m49s
#17 410.1 1116250K .......... .......... .......... .......... .......... 16% 3.71M 20m49s
#17 410.1 1116300K .......... .......... .......... .......... .......... 16% 2.38M 20m49s
#17 410.2 1116350K .......... .......... .......... .......... .......... 16% 3.03M 20m49s
#17 410.2 1116400K .......... .......... .......... .......... .......... 16% 2.50M 20m49s
#17 410.2 1116450K .......... .......... .......... .......... .......... 16% 3.25M 20m49s
#17 410.2 1116500K .......... .......... .......... .......... .......... 16% 2.61M 20m49s
#17 410.2 1116550K .......... .......... .......... .......... .......... 16% 3.80M 20m49s
#17 410.2 1116600K .......... .......... .......... .......... .......... 16% 2.13M 20m49s
#17 410.3 1116650K .......... .......... .......... .......... .......... 16% 3.11M 20m49s
#17 410.3 1116700K .......... .......... .......... .......... .......... 16% 1.95M 20m49s
#17 410.3 1116750K .......... .......... .......... .......... .......... 16% 1.91M 20m50s
#17 410.3 1116800K .......... .......... .......... .......... .......... 16%  463K 20m50s
#17 410.4 1116850K .......... .......... .......... .......... .......... 16% 2.21M 20m50s
#17 410.5 1116900K .......... .......... .......... .......... .......... 16% 2.10M 20m50s
#17 410.5 1116950K .......... .......... .......... .......... .......... 16% 3.00M 20m50s
#17 410.5 1117000K .......... .......... .......... .......... .......... 16% 2.14M 20m50s
#17 410.5 1117050K .......... .......... .......... .......... .......... 16% 5.49M 20m50s
#17 410.5 1117100K .......... .......... .......... .......... .......... 16% 2.73M 20m50s
#17 410.5 1117150K .......... .......... .......... .......... .......... 16% 25.6M 20m50s
#17 410.5 1117200K .......... .......... .......... .......... .......... 16% 3.24M 20m50s
#17 410.6 1117250K .......... .......... .......... .......... .......... 16% 4.26M 20m50s
#17 410.6 1117300K .......... .......... .......... .......... .......... 16% 2.38M 20m50s
#17 410.6 1117350K .......... .......... .......... .......... .......... 16% 5.96M 20m50s
#17 410.6 1117400K .......... .......... .......... .......... .......... 16% 59.4M 20m50s
#17 410.6 1117450K .......... .......... .......... .......... .......... 16% 3.04M 20m50s
#17 410.6 1117500K .......... .......... .......... .......... .......... 16% 40.0M 20m50s
#17 410.6 1117550K .......... .......... .......... .......... .......... 16% 4.50M 20m50s
#17 410.6 1117600K .......... .......... .......... .......... .......... 16% 5.86M 20m50s
#17 410.6 1117650K .......... .......... .......... .......... .......... 16% 3.73M 20m50s
#17 410.7 1117700K .......... .......... .......... .......... .......... 16% 2.18M 20m50s
#17 410.7 1117750K .......... .......... .......... .......... .......... 16% 2.96M 20m50s
#17 410.7 1117800K .......... .......... .......... .......... .......... 16% 2.71M 20m50s
#17 410.7 1117850K .......... .......... .......... .......... .......... 16% 3.05M 20m50s
#17 410.7 1117900K .......... .......... .......... .......... .......... 16% 2.87M 20m50s
#17 410.7 1117950K .......... .......... .......... .......... .......... 16% 2.22M 20m50s
#17 410.8 1118000K .......... .......... .......... .......... .......... 16% 2.37M 20m50s
#17 410.8 1118050K .......... .......... .......... .......... .......... 16% 4.24M 20m50s
#17 410.8 1118100K .......... .......... .......... .......... .......... 16% 2.68M 20m50s
#17 410.8 1118150K .......... .......... .......... .......... .......... 16% 2.09M 20m50s
#17 410.8 1118200K .......... .......... .......... .......... .......... 16% 2.45M 20m50s
#17 410.9 1118250K .......... .......... .......... .......... .......... 16% 2.82M 20m50s
#17 410.9 1118300K .......... .......... .......... .......... .......... 16% 1.76M 20m50s
#17 410.9 1118350K .......... .......... .......... .......... .......... 16% 2.09M 20m50s
#17 410.9 1118400K .......... .......... .......... .......... .......... 16% 2.76M 20m50s
#17 410.9 1118450K .......... .......... .......... .......... .......... 16% 2.98M 20m50s
#17 411.0 1118500K .......... .......... .......... .......... .......... 16% 2.46M 20m51s
#17 411.0 1118550K .......... .......... .......... .......... .......... 16% 3.50M 20m51s
#17 411.0 1118600K .......... .......... .......... .......... .......... 16% 1.75M 20m51s
#17 411.0 1118650K .......... .......... .......... .......... .......... 16% 2.08M 20m51s
#17 411.0 1118700K .......... .......... .......... .......... .......... 16% 1.93M 20m51s
#17 411.1 1118750K .......... .......... .......... .......... .......... 16% 2.87M 20m51s
#17 411.1 1118800K .......... .......... .......... .......... .......... 16% 2.60M 20m51s
#17 411.1 1118850K .......... .......... .......... .......... .......... 16% 2.75M 20m51s
#17 411.1 1118900K .......... .......... .......... .......... .......... 16% 1.98M 20m51s
#17 411.2 1118950K .......... .......... .......... .......... .......... 16% 1.93M 20m51s
#17 411.2 1119000K .......... .......... .......... .......... .......... 16% 2.95M 20m51s
#17 411.2 1119050K .......... .......... .......... .......... .......... 16% 3.36M 20m51s
#17 411.2 1119100K .......... .......... .......... .......... .......... 16% 3.48M 20m51s
#17 411.2 1119150K .......... .......... .......... .......... .......... 16% 3.15M 20m51s
#17 411.2 1119200K .......... .......... .......... .......... .......... 16% 1.39M 20m51s
#17 411.3 1119250K .......... .......... .......... .......... .......... 16% 2.03M 20m51s
#17 411.3 1119300K .......... .......... .......... .......... .......... 16% 3.39M 20m51s
#17 411.3 1119350K .......... .......... .......... .......... .......... 16% 3.49M 20m51s
#17 411.3 1119400K .......... .......... .......... .......... .......... 16% 1.71M 20m51s
#17 411.4 1119450K .......... .......... .......... .......... .......... 16% 2.91M 20m51s
#17 411.4 1119500K .......... .......... .......... .......... .......... 16% 2.69M 20m51s
#17 411.4 1119550K .......... .......... .......... .......... .......... 16% 2.49M 20m51s
#17 411.4 1119600K .......... .......... .......... .......... .......... 16% 2.29M 20m51s
#17 411.4 1119650K .......... .......... .......... .......... .......... 16% 3.06M 20m51s
#17 411.4 1119700K .......... .......... .......... .......... .......... 16% 2.53M 20m51s
#17 411.5 1119750K .......... .......... .......... .......... .......... 16% 1.81M 20m51s
#17 411.5 1119800K .......... .......... .......... .......... .......... 16% 1.71M 20m51s
#17 411.5 1119850K .......... .......... .......... .......... .......... 16% 7.33M 20m51s
#17 411.5 1119900K .......... .......... .......... .......... .......... 16% 2.03M 20m52s
#17 411.5 1119950K .......... .......... .......... .......... .......... 16% 2.20M 20m52s
#17 411.6 1120000K .......... .......... .......... .......... .......... 16% 2.01M 20m52s
#17 411.6 1120050K .......... .......... .......... .......... .......... 16% 1.73M 20m52s
#17 411.6 1120100K .......... .......... .......... .......... .......... 16% 2.26M 20m52s
#17 411.7 1120150K .......... .......... .......... .......... .......... 16% 1.74M 20m52s
#17 411.7 1120200K .......... .......... .......... .......... .......... 16% 1.91M 20m52s
#17 411.7 1120250K .......... .......... .......... .......... .......... 16% 2.66M 20m52s
#17 411.7 1120300K .......... .......... .......... .......... .......... 16% 3.28M 20m52s
#17 411.7 1120350K .......... .......... .......... .......... .......... 16% 2.33M 20m52s
#17 411.8 1120400K .......... .......... .......... .......... .......... 16% 1.52M 20m52s
#17 411.8 1120450K .......... .......... .......... .......... .......... 16% 1.56M 20m52s
#17 411.8 1120500K .......... .......... .......... .......... .......... 16% 64.1M 20m52s
#17 411.8 1120550K .......... .......... .......... .......... .......... 16% 2.96M 20m52s
#17 411.8 1120600K .......... .......... .......... .......... .......... 16% 1.43M 20m52s
#17 411.9 1120650K .......... .......... .......... .......... .......... 16%  956K 20m52s
#17 411.9 1120700K .......... .......... .......... .......... .......... 16% 41.6M 20m52s
#17 411.9 1120750K .......... .......... .......... .......... .......... 16% 2.59M 20m52s
#17 411.9 1120800K .......... .......... .......... .......... .......... 16% 3.28M 20m52s
#17 412.0 1120850K .......... .......... .......... .......... .......... 16% 2.31M 20m52s
#17 412.0 1120900K .......... .......... .......... .......... .......... 16% 4.06M 20m52s
#17 412.0 1120950K .......... .......... .......... .......... .......... 16% 6.62M 20m52s
#17 412.0 1121000K .......... .......... .......... .......... .......... 16% 1.96M 20m52s
#17 412.0 1121050K .......... .......... .......... .......... .......... 16% 2.01M 20m52s
#17 412.0 1121100K .......... .......... .......... .......... .......... 16% 3.63M 20m52s
#17 412.1 1121150K .......... .......... .......... .......... .......... 16% 1.42M 20m53s
#17 412.1 1121200K .......... .......... .......... .......... .......... 16% 2.50M 20m53s
#17 412.1 1121250K .......... .......... .......... .......... .......... 16% 2.57M 20m53s
#17 412.1 1121300K .......... .......... .......... .......... .......... 16% 2.69M 20m53s
#17 412.2 1121350K .......... .......... .......... .......... .......... 16% 1.55M 20m53s
#17 412.2 1121400K .......... .......... .......... .......... .......... 16% 17.8M 20m53s
#17 412.2 1121450K .......... .......... .......... .......... .......... 16% 2.41M 20m53s
#17 412.2 1121500K .......... .......... .......... .......... .......... 16% 2.04M 20m53s
#17 412.2 1121550K .......... .......... .......... .......... .......... 16% 2.55M 20m53s
#17 412.2 1121600K .......... .......... .......... .......... .......... 16% 2.26M 20m53s
#17 412.3 1121650K .......... .......... .......... .......... .......... 16% 3.96M 20m53s
#17 412.3 1121700K .......... .......... .......... .......... .......... 16% 2.28M 20m53s
#17 412.3 1121750K .......... .......... .......... .......... .......... 16% 2.84M 20m53s
#17 412.3 1121800K .......... .......... .......... .......... .......... 16% 2.68M 20m53s
#17 412.3 1121850K .......... .......... .......... .......... .......... 16% 2.86M 20m53s
#17 412.4 1121900K .......... .......... .......... .......... .......... 16% 1.12M 20m53s
#17 412.4 1121950K .......... .......... .......... .......... .......... 16% 1.99M 20m53s
#17 412.4 1122000K .......... .......... .......... .......... .......... 16% 5.41M 20m53s
#17 412.4 1122050K .......... .......... .......... .......... .......... 16% 1.67M 20m53s
#17 412.5 1122100K .......... .......... .......... .......... .......... 16% 3.28M 20m53s
#17 412.5 1122150K .......... .......... .......... .......... .......... 16% 4.47M 20m53s
#17 412.5 1122200K .......... .......... .......... .......... .......... 16% 1.66M 20m53s
#17 412.5 1122250K .......... .......... .......... .......... .......... 16% 2.34M 20m53s
#17 412.5 1122300K .......... .......... .......... .......... .......... 16% 3.20M 20m53s
#17 412.6 1122350K .......... .......... .......... .......... .......... 16%  758K 20m54s
#17 412.6 1122400K .......... .......... .......... .......... .......... 16% 27.9M 20m54s
#17 412.6 1122450K .......... .......... .......... .......... .......... 16% 11.4M 20m54s
#17 412.6 1122500K .......... .......... .......... .......... .......... 16% 36.3M 20m53s
#17 412.6 1122550K .......... .......... .......... .......... .......... 16% 1.28M 20m54s
#17 412.7 1122600K .......... .......... .......... .......... .......... 16% 1.39M 20m54s
#17 412.7 1122650K .......... .......... .......... .......... .......... 16% 8.98M 20m54s
#17 412.7 1122700K .......... .......... .......... .......... .......... 16% 6.10M 20m54s
#17 412.7 1122750K .......... .......... .......... .......... .......... 16% 1.69M 20m54s
#17 412.7 1122800K .......... .......... .......... .......... .......... 16% 44.7M 20m54s
#17 412.7 1122850K .......... .......... .......... .......... .......... 16% 80.3M 20m54s
#17 412.7 1122900K .......... .......... .......... .......... .......... 16% 2.86M 20m54s
#17 412.8 1122950K .......... .......... .......... .......... .......... 16% 1.23M 20m54s
#17 412.8 1123000K .......... .......... .......... .......... .......... 16% 8.51M 20m54s
#17 412.8 1123050K .......... .......... .......... .......... .......... 16% 1.87M 20m54s
#17 412.8 1123100K .......... .......... .......... .......... .......... 16% 2.27M 20m54s
#17 412.9 1123150K .......... .......... .......... .......... .......... 16% 3.66M 20m54s
#17 412.9 1123200K .......... .......... .......... .......... .......... 16%  923K 20m54s
#17 412.9 1123250K .......... .......... .......... .......... .......... 16% 1.57M 20m54s
#17 413.0 1123300K .......... .......... .......... .......... .......... 16% 1.73M 20m54s
#17 413.0 1123350K .......... .......... .......... .......... .......... 16% 41.9M 20m54s
#17 413.0 1123400K .......... .......... .......... .......... .......... 16% 2.33M 20m54s
#17 413.0 1123450K .......... .......... .......... .......... .......... 16% 3.91M 20m54s
#17 413.0 1123500K .......... .......... .......... .......... .......... 16% 2.01M 20m54s
#17 413.0 1123550K .......... .......... .......... .......... .......... 16% 1.68M 20m54s
#17 413.1 1123600K .......... .......... .......... .......... .......... 16% 1.10M 20m54s
#17 413.1 1123650K .......... .......... .......... .......... .......... 16% 5.19M 20m54s
#17 413.1 1123700K .......... .......... .......... .......... .......... 16% 2.68M 20m54s
#17 413.1 1123750K .......... .......... .......... .......... .......... 16% 2.40M 20m54s
#17 413.2 1123800K .......... .......... .......... .......... .......... 16% 2.38M 20m55s
#17 413.2 1123850K .......... .......... .......... .......... .......... 16% 1.17M 20m55s
#17 413.2 1123900K .......... .......... .......... .......... .......... 16% 1.25M 20m55s
#17 413.3 1123950K .......... .......... .......... .......... .......... 16% 6.61M 20m55s
#17 413.3 1124000K .......... .......... .......... .......... .......... 16% 1.73M 20m55s
#17 413.3 1124050K .......... .......... .......... .......... .......... 16% 1.85M 20m55s
#17 413.3 1124100K .......... .......... .......... .......... .......... 16%  691K 20m55s
#17 413.4 1124150K .......... .......... .......... .......... .......... 16% 3.39M 20m55s
#17 413.4 1124200K .......... .......... .......... .......... .......... 16% 3.52M 20m55s
#17 413.4 1124250K .......... .......... .......... .......... .......... 16% 24.4M 20m55s
#17 413.4 1124300K .......... .......... .......... .......... .......... 16% 2.41M 20m55s
#17 413.4 1124350K .......... .......... .......... .......... .......... 16% 3.20M 20m55s
#17 413.5 1124400K .......... .......... .......... .......... .......... 16% 2.58M 20m55s
#17 413.5 1124450K .......... .......... .......... .......... .......... 16% 7.15M 20m55s
#17 413.5 1124500K .......... .......... .......... .......... .......... 16% 38.4M 20m55s
#17 413.5 1124550K .......... .......... .......... .......... .......... 16% 2.42M 20m55s
#17 413.5 1124600K .......... .......... .......... .......... .......... 16% 40.7M 20m55s
#17 413.5 1124650K .......... .......... .......... .......... .......... 16% 11.2M 20m55s
#17 413.5 1124700K .......... .......... .......... .......... .......... 16% 6.30M 20m55s
#17 413.5 1124750K .......... .......... .......... .......... .......... 16% 3.63M 20m55s
#17 413.5 1124800K .......... .......... .......... .......... .......... 16% 6.28M 20m55s
#17 413.5 1124850K .......... .......... .......... .......... .......... 16% 3.80M 20m55s
#17 413.6 1124900K .......... .......... .......... .......... .......... 16% 2.75M 20m55s
#17 413.6 1124950K .......... .......... .......... .......... .......... 16% 59.0M 20m55s
#17 413.6 1125000K .......... .......... .......... .......... .......... 16% 7.52M 20m55s
#17 413.6 1125050K .......... .......... .......... .......... .......... 16% 2.34M 20m55s
#17 413.6 1125100K .......... .......... .......... .......... .......... 16% 1.76M 20m55s
#17 413.6 1125150K .......... .......... .......... .......... .......... 16% 3.63M 20m55s
#17 413.6 1125200K .......... .......... .......... .......... .......... 16% 1.97M 20m55s
#17 413.7 1125250K .......... .......... .......... .......... .......... 16% 4.69M 20m55s
#17 413.7 1125300K .......... .......... .......... .......... .......... 16% 2.70M 20m55s
#17 413.7 1125350K .......... .......... .......... .......... .......... 16% 1.62M 20m55s
#17 413.7 1125400K .......... .......... .......... .......... .......... 16% 14.9M 20m55s
#17 413.7 1125450K .......... .......... .......... .......... .......... 16% 3.48M 20m55s
#17 413.8 1125500K .......... .......... .......... .......... .......... 16% 3.33M 20m55s
#17 413.8 1125550K .......... .......... .......... .......... .......... 16% 8.11M 20m55s
#17 413.8 1125600K .......... .......... .......... .......... .......... 16% 1.10M 20m55s
#17 413.8 1125650K .......... .......... .......... .......... .......... 16% 53.7M 20m55s
#17 413.8 1125700K .......... .......... .......... .......... .......... 16%  107M 20m55s
#17 413.8 1125750K .......... .......... .......... .......... .......... 16% 4.77M 20m55s
#17 413.8 1125800K .......... .......... .......... .......... .......... 16% 1.35M 20m55s
#17 413.9 1125850K .......... .......... .......... .......... .......... 16% 9.36M 20m55s
#17 413.9 1125900K .......... .......... .......... .......... .......... 16% 13.2M 20m55s
#17 413.9 1125950K .......... .......... .......... .......... .......... 16% 1.06M 20m55s
#17 413.9 1126000K .......... .......... .......... .......... .......... 16% 37.9M 20m55s
#17 413.9 1126050K .......... .......... .......... .......... .......... 16% 1.78M 20m55s
#17 413.9 1126100K .......... .......... .......... .......... .......... 16% 1.35M 20m55s
#17 414.0 1126150K .......... .......... .......... .......... .......... 16% 1.58M 20m56s
#17 414.0 1126200K .......... .......... .......... .......... .......... 16% 1.53M 20m56s
#17 414.0 1126250K .......... .......... .......... .......... .......... 16% 2.61M 20m56s
#17 414.1 1126300K .......... .......... .......... .......... .......... 16% 4.33M 20m56s
#17 414.1 1126350K .......... .......... .......... .......... .......... 16% 10.8M 20m56s
#17 414.1 1126400K .......... .......... .......... .......... .......... 16% 1.64M 20m56s
#17 414.1 1126450K .......... .......... .......... .......... .......... 16% 3.78M 20m56s
#17 414.1 1126500K .......... .......... .......... .......... .......... 16% 6.59M 20m56s
#17 414.1 1126550K .......... .......... .......... .......... .......... 16% 6.51M 20m56s
#17 414.1 1126600K .......... .......... .......... .......... .......... 16% 2.73M 20m56s
#17 414.2 1126650K .......... .......... .......... .......... .......... 16% 25.3M 20m56s
#17 414.2 1126700K .......... .......... .......... .......... .......... 16% 7.52M 20m56s
#17 414.2 1126750K .......... .......... .......... .......... .......... 16% 2.98M 20m56s
#17 414.2 1126800K .......... .......... .......... .......... .......... 16% 3.62M 20m56s
#17 414.2 1126850K .......... .......... .......... .......... .......... 16% 2.79M 20m56s
#17 414.2 1126900K .......... .......... .......... .......... .......... 16% 3.60M 20m56s
#17 414.2 1126950K .......... .......... .......... .......... .......... 16%  570K 20m56s
#17 414.3 1127000K .......... .......... .......... .......... .......... 16% 65.9M 20m56s
#17 414.3 1127050K .......... .......... .......... .......... .......... 16% 5.24M 20m56s
#17 414.3 1127100K .......... .......... .......... .......... .......... 16% 1.81M 20m56s
#17 414.4 1127150K .......... .......... .......... .......... .......... 16% 1.09M 20m56s
#17 414.4 1127200K .......... .......... .......... .......... .......... 16% 3.37M 20m56s
#17 414.4 1127250K .......... .......... .......... .......... .......... 16% 6.11M 20m56s
#17 414.4 1127300K .......... .......... .......... .......... .......... 16% 3.22M 20m56s
#17 414.4 1127350K .......... .......... .......... .......... .......... 16% 1.85M 20m56s
#17 414.5 1127400K .......... .......... .......... .......... .......... 16% 1.40M 20m56s
#17 414.5 1127450K .......... .......... .......... .......... .......... 16% 7.19M 20m56s
#17 414.5 1127500K .......... .......... .......... .......... .......... 16% 4.15M 20m56s
#17 414.5 1127550K .......... .......... .......... .......... .......... 16% 3.60M 20m56s
#17 414.5 1127600K .......... .......... .......... .......... .......... 16% 3.40M 20m56s
#17 414.5 1127650K .......... .......... .......... .......... .......... 16% 6.79M 20m56s
#17 414.5 1127700K .......... .......... .......... .......... .......... 16% 4.58M 20m56s
#17 414.6 1127750K .......... .......... .......... .......... .......... 16% 5.23M 20m56s
#17 414.6 1127800K .......... .......... .......... .......... .......... 16% 3.87M 20m56s
#17 414.6 1127850K .......... .......... .......... .......... .......... 16% 2.41M 20m56s
#17 414.6 1127900K .......... .......... .......... .......... .......... 16% 3.68M 20m56s
#17 414.6 1127950K .......... .......... .......... .......... .......... 16% 3.21M 20m56s
#17 414.6 1128000K .......... .......... .......... .......... .......... 16% 1.55M 20m56s
#17 414.7 1128050K .......... .......... .......... .......... .......... 16% 3.12M 20m56s
#17 414.7 1128100K .......... .......... .......... .......... .......... 16% 2.41M 20m56s
#17 414.7 1128150K .......... .......... .......... .......... .......... 16% 3.24M 20m56s
#17 414.7 1128200K .......... .......... .......... .......... .......... 16% 2.56M 20m56s
#17 414.7 1128250K .......... .......... .......... .......... .......... 16% 2.78M 20m56s
#17 414.7 1128300K .......... .......... .......... .......... .......... 16% 1.38M 20m57s
#17 414.8 1128350K .......... .......... .......... .......... .......... 16% 1.57M 20m57s
#17 414.8 1128400K .......... .......... .......... .......... .......... 16% 3.46M 20m57s
#17 414.8 1128450K .......... .......... .......... .......... .......... 16% 2.16M 20m57s
#17 414.8 1128500K .......... .......... .......... .......... .......... 16% 2.38M 20m57s
#17 414.9 1128550K .......... .......... .......... .......... .......... 16% 1.45M 20m57s
#17 414.9 1128600K .......... .......... .......... .......... .......... 16% 3.37M 20m57s
#17 414.9 1128650K .......... .......... .......... .......... .......... 16% 2.45M 20m57s
#17 414.9 1128700K .......... .......... .......... .......... .......... 16% 2.18M 20m57s
#17 415.0 1128750K .......... .......... .......... .......... .......... 16% 2.13M 20m57s
#17 415.0 1128800K .......... .......... .......... .......... .......... 16% 2.25M 20m57s
#17 415.0 1128850K .......... .......... .......... .......... .......... 16% 2.36M 20m57s
#17 415.0 1128900K .......... .......... .......... .......... .......... 16% 2.76M 20m57s
#17 415.0 1128950K .......... .......... .......... .......... .......... 16% 2.46M 20m57s
#17 415.1 1129000K .......... .......... .......... .......... .......... 16% 2.49M 20m57s
#17 415.1 1129050K .......... .......... .......... .......... .......... 16% 1.80M 20m57s
#17 415.1 1129100K .......... .......... .......... .......... .......... 16% 2.62M 20m57s
#17 415.1 1129150K .......... .......... .......... .......... .......... 16% 1.58M 20m57s
#17 415.2 1129200K .......... .......... .......... .......... .......... 16% 2.35M 20m57s
#17 415.2 1129250K .......... .......... .......... .......... .......... 16% 1.76M 20m57s
#17 415.2 1129300K .......... .......... .......... .......... .......... 16% 2.57M 20m57s
#17 415.2 1129350K .......... .......... .......... .......... .......... 16% 2.62M 20m57s
#17 415.2 1129400K .......... .......... .......... .......... .......... 16% 2.53M 20m57s
#17 415.3 1129450K .......... .......... .......... .......... .......... 16% 3.95M 20m57s
#17 415.3 1129500K .......... .......... .......... .......... .......... 16% 2.55M 20m57s
#17 415.3 1129550K .......... .......... .......... .......... .......... 16% 1.90M 20m58s
#17 415.3 1129600K .......... .......... .......... .......... .......... 16% 2.55M 20m58s
#17 415.3 1129650K .......... .......... .......... .......... .......... 16% 1.85M 20m58s
#17 415.4 1129700K .......... .......... .......... .......... .......... 16% 2.78M 20m58s
#17 415.4 1129750K .......... .......... .......... .......... .......... 16% 2.13M 20m58s
#17 415.4 1129800K .......... .......... .......... .......... .......... 16% 4.38M 20m58s
#17 415.4 1129850K .......... .......... .......... .......... .......... 16% 2.78M 20m58s
#17 415.4 1129900K .......... .......... .......... .......... .......... 16% 4.01M 20m58s
#17 415.5 1129950K .......... .......... .......... .......... .......... 16% 1.79M 20m58s
#17 415.5 1130000K .......... .......... .......... .......... .......... 16% 2.36M 20m58s
#17 415.5 1130050K .......... .......... .......... .......... .......... 16% 2.29M 20m58s
#17 415.5 1130100K .......... .......... .......... .......... .......... 16% 8.68M 20m58s
#17 415.5 1130150K .......... .......... .......... .......... .......... 16% 3.06M 20m58s
#17 415.5 1130200K .......... .......... .......... .......... .......... 16% 2.74M 20m58s
#17 415.6 1130250K .......... .......... .......... .......... .......... 16% 2.30M 20m58s
#17 415.6 1130300K .......... .......... .......... .......... .......... 16% 2.49M 20m58s
#17 415.6 1130350K .......... .......... .......... .......... .......... 16% 1.97M 20m58s
#17 415.6 1130400K .......... .......... .......... .......... .......... 16% 3.55M 20m58s
#17 415.6 1130450K .......... .......... .......... .......... .......... 16% 1.30M 20m58s
#17 415.7 1130500K .......... .......... .......... .......... .......... 16% 2.12M 20m58s
#17 415.7 1130550K .......... .......... .......... .......... .......... 16% 4.92M 20m58s
#17 415.7 1130600K .......... .......... .......... .......... .......... 16% 9.75M 20m58s
#17 415.7 1130650K .......... .......... .......... .......... .......... 16% 1.64M 20m58s
#17 415.7 1130700K .......... .......... .......... .......... .......... 16% 2.41M 20m58s
#17 415.8 1130750K .......... .......... .......... .......... .......... 16% 3.70M 20m58s
#17 415.8 1130800K .......... .......... .......... .......... .......... 16% 3.33M 20m58s
#17 415.8 1130850K .......... .......... .......... .......... .......... 16% 2.82M 20m58s
#17 415.8 1130900K .......... .......... .......... .......... .......... 16% 3.58M 20m58s
#17 415.8 1130950K .......... .......... .......... .......... .......... 16% 2.16M 20m58s
#17 415.8 1131000K .......... .......... .......... .......... .......... 16% 2.75M 20m58s
#17 415.9 1131050K .......... .......... .......... .......... .......... 16% 2.23M 20m58s
#17 415.9 1131100K .......... .......... .......... .......... .......... 16% 2.40M 20m58s
#17 415.9 1131150K .......... .......... .......... .......... .......... 16% 2.33M 20m58s
#17 415.9 1131200K .......... .......... .......... .......... .......... 16% 2.69M 20m58s
#17 415.9 1131250K .......... .......... .......... .......... .......... 16% 2.57M 20m58s
#17 416.0 1131300K .......... .......... .......... .......... .......... 16% 2.55M 20m58s
#17 416.0 1131350K .......... .......... .......... .......... .......... 16% 2.16M 20m59s
#17 416.0 1131400K .......... .......... .......... .......... .......... 16% 2.76M 20m59s
#17 416.0 1131450K .......... .......... .......... .......... .......... 16% 3.34M 20m59s
#17 416.0 1131500K .......... .......... .......... .......... .......... 16% 2.48M 20m59s
#17 416.1 1131550K .......... .......... .......... .......... .......... 16% 1.82M 20m59s
#17 416.1 1131600K .......... .......... .......... .......... .......... 16% 2.82M 20m59s
#17 416.1 1131650K .......... .......... .......... .......... .......... 16% 2.91M 20m59s
#17 416.1 1131700K .......... .......... .......... .......... .......... 16% 3.23M 20m59s
#17 416.1 1131750K .......... .......... .......... .......... .......... 16% 2.59M 20m59s
#17 416.1 1131800K .......... .......... .......... .......... .......... 16% 3.63M 20m59s
#17 416.2 1131850K .......... .......... .......... .......... .......... 16% 2.34M 20m59s
#17 416.2 1131900K .......... .......... .......... .......... .......... 16% 2.89M 20m59s
#17 416.2 1131950K .......... .......... .......... .......... .......... 16% 1003K 20m59s
#17 416.2 1132000K .......... .......... .......... .......... .......... 16% 4.07M 20m59s
#17 416.3 1132050K .......... .......... .......... .......... .......... 16% 2.25M 20m59s
#17 416.3 1132100K .......... .......... .......... .......... .......... 16% 1.72M 20m59s
#17 416.3 1132150K .......... .......... .......... .......... .......... 16% 3.49M 20m59s
#17 416.3 1132200K .......... .......... .......... .......... .......... 16% 2.66M 20m59s
#17 416.3 1132250K .......... .......... .......... .......... .......... 16% 2.66M 20m59s
#17 416.4 1132300K .......... .......... .......... .......... .......... 16% 3.13M 20m59s
#17 416.4 1132350K .......... .......... .......... .......... .......... 16% 2.26M 20m59s
#17 416.4 1132400K .......... .......... .......... .......... .......... 16% 3.27M 20m59s
#17 416.4 1132450K .......... .......... .......... .......... .......... 16% 2.73M 20m59s
#17 416.4 1132500K .......... .......... .......... .......... .......... 16% 3.97M 20m59s
#17 416.4 1132550K .......... .......... .......... .......... .......... 16% 2.20M 20m59s
#17 416.5 1132600K .......... .......... .......... .......... .......... 16% 4.27M 20m59s
#17 416.5 1132650K .......... .......... .......... .......... .......... 16% 2.67M 20m59s
#17 416.5 1132700K .......... .......... .......... .......... .......... 16% 2.07M 20m59s
#17 416.5 1132750K .......... .......... .......... .......... .......... 16% 1.94M 20m59s
#17 416.5 1132800K .......... .......... .......... .......... .......... 16% 2.15M 20m59s
#17 416.6 1132850K .......... .......... .......... .......... .......... 16% 2.45M 20m59s
#17 416.6 1132900K .......... .......... .......... .......... .......... 16%  220K 21m1s
#17 416.8 1132950K .......... .......... .......... .......... .......... 16% 70.1M 21m0s
#17 416.8 1133000K .......... .......... .......... .......... .......... 16%  120M 21m0s
#17 416.8 1133050K .......... .......... .......... .......... .......... 16%  221K 21m1s
#17 417.0 1133100K .......... .......... .......... .......... .......... 16% 41.5M 21m1s
#17 417.0 1133150K .......... .......... .......... .......... .......... 16% 87.9M 21m1s
#17 417.0 1133200K .......... .......... .......... .......... .......... 16%  201K 21m3s
#17 417.3 1133250K .......... .......... .......... .......... .......... 16% 77.5M 21m2s
#17 417.3 1133300K .......... .......... .......... .......... .......... 16%  124M 21m2s
#17 417.3 1133350K .......... .......... .......... .......... .......... 16% 2.37M 21m2s
#17 417.3 1133400K .......... .......... .......... .......... .......... 16% 45.4M 21m2s
#17 417.3 1133450K .......... .......... .......... .......... .......... 16% 47.0M 21m2s
#17 417.3 1133500K .......... .......... .......... .......... .......... 16% 36.1M 21m2s
#17 417.3 1133550K .......... .......... .......... .......... .......... 16% 6.45M 21m2s
#17 417.3 1133600K .......... .......... .......... .......... .......... 16% 24.3M 21m2s
#17 417.3 1133650K .......... .......... .......... .......... .......... 16% 48.7M 21m2s
#17 417.3 1133700K .......... .......... .......... .......... .......... 16% 37.6M 21m2s
#17 417.3 1133750K .......... .......... .......... .......... .......... 16% 10.4M 21m2s
#17 417.3 1133800K .......... .......... .......... .......... .......... 16%  255K 21m3s
#17 417.5 1133850K .......... .......... .......... .......... .......... 16%  164K 21m4s
#17 417.8 1133900K .......... .......... .......... .......... .......... 16% 13.1M 21m4s
#17 417.8 1133950K .......... .......... .......... .......... .......... 16% 3.24M 21m4s
#17 417.9 1134000K .......... .......... .......... .......... .......... 16% 5.50M 21m4s
#17 417.9 1134050K .......... .......... .......... .......... .......... 16% 6.74M 21m4s
#17 417.9 1134100K .......... .......... .......... .......... .......... 16% 12.1M 21m4s
#17 417.9 1134150K .......... .......... .......... .......... .......... 16% 16.4M 21m4s
#17 417.9 1134200K .......... .......... .......... .......... .......... 16% 11.8M 21m4s
#17 417.9 1134250K .......... .......... .......... .......... .......... 16% 4.64M 21m4s
#17 417.9 1134300K .......... .......... .......... .......... .......... 16% 6.61M 21m4s
#17 417.9 1134350K .......... .......... .......... .......... .......... 16% 7.87M 21m4s
#17 417.9 1134400K .......... .......... .......... .......... .......... 16% 12.5M 21m4s
#17 417.9 1134450K .......... .......... .......... .......... .......... 16% 15.1M 21m4s
#17 417.9 1134500K .......... .......... .......... .......... .......... 16% 9.46M 21m4s
#17 417.9 1134550K .......... .......... .......... .......... .......... 16%  106K 21m6s
#17 418.4 1134600K .......... .......... .......... .......... .......... 16% 52.3M 21m6s
#17 418.4 1134650K .......... .......... .......... .......... .......... 16% 3.28M 21m6s
#17 418.4 1134700K .......... .......... .......... .......... .......... 16% 4.65M 21m6s
#17 418.4 1134750K .......... .......... .......... .......... .......... 16% 25.0M 21m6s
#17 418.4 1134800K .......... .......... .......... .......... .......... 16% 8.76M 21m6s
#17 418.6 1134850K .......... .......... .......... .......... .......... 16%  249K 21m7s
#17 418.6 1134900K .......... .......... .......... .......... .......... 16% 42.8M 21m7s
#17 418.6 1134950K .......... .......... .......... .......... .......... 16% 5.36M 21m7s
#17 418.6 1135000K .......... .......... .......... .......... .......... 16% 10.5M 21m7s
#17 418.6 1135050K .......... .......... .......... .......... .......... 16% 3.06M 21m7s
#17 418.7 1135100K .......... .......... .......... .......... .......... 16% 8.69M 21m7s
#17 418.7 1135150K .......... .......... .......... .......... .......... 16% 12.6M 21m7s
#17 418.7 1135200K .......... .......... .......... .......... .......... 16% 8.53M 21m7s
#17 418.7 1135250K .......... .......... .......... .......... .......... 16% 11.5M 21m7s
#17 418.7 1135300K .......... .......... .......... .......... .......... 16% 8.63M 21m7s
#17 418.7 1135350K .......... .......... .......... .......... .......... 16% 6.88M 21m7s
#17 418.7 1135400K .......... .......... .......... .......... .......... 16% 18.6M 21m7s
#17 418.7 1135450K .......... .......... .......... .......... .......... 16% 6.34M 21m6s
#17 418.7 1135500K .......... .......... .......... .......... .......... 16%  183K 21m8s
#17 419.0 1135550K .......... .......... .......... .......... .......... 16%  201K 21m9s
#17 419.2 1135600K .......... .......... .......... .......... .......... 16%  259K 21m10s
#17 419.4 1135650K .......... .......... .......... .......... .......... 16% 14.6M 21m10s
#17 419.4 1135700K .......... .......... .......... .......... .......... 16% 6.33M 21m10s
#17 419.4 1135750K .......... .......... .......... .......... .......... 16% 7.59M 21m10s
#17 419.4 1135800K .......... .......... .......... .......... .......... 16% 5.52M 21m10s
#17 419.4 1135850K .......... .......... .......... .......... .......... 16% 4.76M 21m10s
#17 419.4 1135900K .......... .......... .......... .......... .......... 16% 5.29M 21m10s
#17 419.5 1135950K .......... .......... .......... .......... .......... 16% 14.5M 21m10s
#17 419.5 1136000K .......... .......... .......... .......... .......... 16% 8.27M 21m10s
#17 419.5 1136050K .......... .......... .......... .......... .......... 16% 5.27M 21m10s
#17 419.5 1136100K .......... .......... .......... .......... .......... 16% 12.0M 21m10s
#17 419.5 1136150K .......... .......... .......... .......... .......... 16% 5.61M 21m9s
#17 419.5 1136200K .......... .......... .......... .......... .......... 16% 16.6M 21m9s
#17 419.5 1136250K .......... .......... .......... .......... .......... 16% 16.5M 21m9s
#17 419.5 1136300K .......... .......... .......... .......... .......... 16% 6.98M 21m9s
#17 419.5 1136350K .......... .......... .......... .......... .......... 16% 13.5M 21m9s
#17 419.5 1136400K .......... .......... .......... .......... .......... 16% 53.1M 21m9s
#17 419.5 1136450K .......... .......... .......... .......... .......... 16% 5.43M 21m9s
#17 419.5 1136500K .......... .......... .......... .......... .......... 16% 9.43M 21m9s
#17 419.5 1136550K .......... .......... .......... .......... .......... 16% 7.27M 21m9s
#17 419.5 1136600K .......... .......... .......... .......... .......... 16% 13.9M 21m9s
#17 419.5 1136650K .......... .......... .......... .......... .......... 16% 6.63M 21m9s
#17 419.5 1136700K .......... .......... .......... .......... .......... 16%  120M 21m9s
#17 419.5 1136750K .......... .......... .......... .......... .......... 16% 9.76M 21m9s
#17 419.5 1136800K .......... .......... .......... .......... .......... 16% 8.85M 21m9s
#17 419.6 1136850K .......... .......... .......... .......... .......... 16% 4.31M 21m9s
#17 419.6 1136900K .......... .......... .......... .......... .......... 16% 8.40M 21m9s
#17 419.6 1136950K .......... .......... .......... .......... .......... 16% 18.4M 21m9s
#17 419.6 1137000K .......... .......... .......... .......... .......... 16% 28.7M 21m9s
#17 419.6 1137050K .......... .......... .......... .......... .......... 16% 4.58M 21m9s
#17 419.6 1137100K .......... .......... .......... .......... .......... 16% 24.6M 21m9s
#17 419.6 1137150K .......... .......... .......... .......... .......... 16% 26.6M 21m9s
#17 419.6 1137200K .......... .......... .......... .......... .......... 16% 4.04M 21m9s
#17 419.6 1137250K .......... .......... .......... .......... .......... 16% 19.4M 21m9s
#17 419.6 1137300K .......... .......... .......... .......... .......... 16% 80.4M 21m8s
#17 419.6 1137350K .......... .......... .......... .......... .......... 16% 8.37M 21m8s
#17 419.6 1137400K .......... .......... .......... .......... .......... 16% 4.14M 21m8s
#17 419.6 1137450K .......... .......... .......... .......... .......... 16% 51.6M 21m8s
#17 419.6 1137500K .......... .......... .......... .......... .......... 16% 8.49M 21m8s
#17 419.6 1137550K .......... .......... .......... .......... .......... 16% 6.25M 21m8s
#17 419.6 1137600K .......... .......... .......... .......... .......... 16% 58.0M 21m8s
#17 419.6 1137650K .......... .......... .......... .......... .......... 16% 8.29M 21m8s
#17 419.6 1137700K .......... .......... .......... .......... .......... 16% 14.4M 21m8s
#17 419.6 1137750K .......... .......... .......... .......... .......... 16% 27.8M 21m8s
#17 419.6 1137800K .......... .......... .......... .......... .......... 16% 9.03M 21m8s
#17 419.7 1137850K .......... .......... .......... .......... .......... 16% 6.70M 21m8s
#17 419.7 1137900K .......... .......... .......... .......... .......... 16%  483K 21m8s
#17 420.0 1137950K .......... .......... .......... .......... .......... 16% 51.6M 21m8s
#17 420.0 1138000K .......... .......... .......... .......... .......... 16% 51.9M 21m8s
#17 420.0 1138050K .......... .......... .......... .......... .......... 16% 43.3M 21m8s
#17 420.0 1138100K .......... .......... .......... .......... .......... 16% 56.6M 21m8s
#17 420.0 1138150K .......... .......... .......... .......... .......... 16% 19.7M 21m8s
#17 420.0 1138200K .......... .......... .......... .......... .......... 16% 6.48M 21m8s
#17 420.0 1138250K .......... .......... .......... .......... .......... 16%  220K 21m9s
#17 420.0 1138300K .......... .......... .......... .......... .......... 16%  208K 21m10s
#17 420.2 1138350K .......... .......... .......... .......... .......... 16% 9.55M 21m10s
#17 420.2 1138400K .......... .......... .......... .......... .......... 16%  248K 21m11s
#17 420.4 1138450K .......... .......... .......... .......... .......... 16% 7.54M 21m11s
#17 420.5 1138500K .......... .......... .......... .......... .......... 16%  303K 21m12s
#17 420.6 1138550K .......... .......... .......... .......... .......... 16% 45.1M 21m12s
#17 420.6 1138600K .......... .......... .......... .......... .......... 16% 23.7M 21m12s
#17 420.6 1138650K .......... .......... .......... .......... .......... 16% 35.0M 21m12s
#17 420.6 1138700K .......... .......... .......... .......... .......... 16% 29.1M 21m12s
#17 420.6 1138750K .......... .......... .......... .......... .......... 16% 38.8M 21m12s
#17 420.6 1138800K .......... .......... .......... .......... .......... 16% 59.8M 21m12s
#17 420.6 1138850K .......... .......... .......... .......... .......... 16% 52.6M 21m12s
#17 420.6 1138900K .......... .......... .......... .......... .......... 16%  114K 21m14s
#17 421.1 1138950K .......... .......... .......... .......... .......... 16% 25.8M 21m14s
#17 421.1 1139000K .......... .......... .......... .......... .......... 16% 16.6M 21m14s
#17 421.1 1139050K .......... .......... .......... .......... .......... 16% 6.37M 21m13s
#17 421.1 1139100K .......... .......... .......... .......... .......... 16% 7.83M 21m13s
#17 421.1 1139150K .......... .......... .......... .......... .......... 16% 9.01M 21m13s
#17 421.1 1139200K .......... .......... .......... .......... .......... 16% 11.4M 21m13s
#17 421.1 1139250K .......... .......... .......... .......... .......... 16% 3.74M 21m13s
#17 421.1 1139300K .......... .......... .......... .......... .......... 16% 80.0M 21m13s
#17 421.1 1139350K .......... .......... .......... .......... .......... 16% 45.1M 21m13s
#17 421.1 1139400K .......... .......... .......... .......... .......... 16% 20.9M 21m13s
#17 421.1 1139450K .......... .......... .......... .......... .......... 16% 8.72M 21m13s
#17 421.1 1139500K .......... .......... .......... .......... .......... 16% 72.3M 21m13s
#17 421.1 1139550K .......... .......... .......... .......... .......... 16% 13.6M 21m13s
#17 421.1 1139600K .......... .......... .......... .......... .......... 16% 3.54M 21m13s
#17 421.1 1139650K .......... .......... .......... .......... .......... 16%  325K 21m14s
#17 421.3 1139700K .......... .......... .......... .......... .......... 16% 11.4M 21m14s
#17 421.3 1139750K .......... .......... .......... .......... .......... 16% 61.3M 21m14s
#17 421.3 1139800K .......... .......... .......... .......... .......... 16% 5.02M 21m14s
#17 421.3 1139850K .......... .......... .......... .......... .......... 16% 15.9M 21m14s
#17 421.3 1139900K .......... .......... .......... .......... .......... 16% 40.2M 21m13s
#17 421.3 1139950K .......... .......... .......... .......... .......... 16% 16.9M 21m13s
#17 421.3 1140000K .......... .......... .......... .......... .......... 16% 9.26M 21m13s
#17 421.3 1140050K .......... .......... .......... .......... .......... 16% 90.6K 21m16s
#17 421.9 1140100K .......... .......... .......... .......... .......... 16%  169K 21m17s
#17 422.2 1140150K .......... .......... .......... .......... .......... 16% 2.77M 21m17s
#17 422.2 1140200K .......... .......... .......... .......... .......... 16% 54.1M 21m17s
#17 422.2 1140250K .......... .......... .......... .......... .......... 16% 2.59M 21m17s
#17 422.2 1140300K .......... .......... .......... .......... .......... 16%  800K 21m18s
#17 422.3 1140350K .......... .......... .......... .......... .......... 16% 1.74M 21m18s
#17 422.3 1140400K .......... .......... .......... .......... .......... 16% 2.51M 21m18s
#17 422.3 1140450K .......... .......... .......... .......... .......... 16% 4.66M 21m18s
#17 422.3 1140500K .......... .......... .......... .......... .......... 16% 3.49M 21m18s
#17 422.3 1140550K .......... .......... .......... .......... .......... 16% 2.79M 21m18s
#17 422.4 1140600K .......... .......... .......... .......... .......... 16%  126M 21m18s
#17 422.4 1140650K .......... .......... .......... .......... .......... 16% 2.18M 21m18s
#17 422.4 1140700K .......... .......... .......... .......... .......... 16% 3.40M 21m18s
#17 422.4 1140750K .......... .......... .......... .......... .......... 16% 46.8M 21m18s
#17 422.4 1140800K .......... .......... .......... .......... .......... 16% 4.03M 21m18s
#17 422.4 1140850K .......... .......... .......... .......... .......... 16% 8.76M 21m18s
#17 422.4 1140900K .......... .......... .......... .......... .......... 16% 3.88M 21m18s
#17 422.4 1140950K .......... .......... .......... .......... .......... 16% 40.1M 21m18s
#17 422.4 1141000K .......... .......... .......... .......... .......... 16% 57.5M 21m18s
#17 422.4 1141050K .......... .......... .......... .......... .......... 16% 2.46M 21m18s
#17 422.4 1141100K .......... .......... .......... .......... .......... 16% 15.1M 21m17s
#17 422.5 1141150K .......... .......... .......... .......... .......... 16% 7.46M 21m17s
#17 422.5 1141200K .......... .......... .......... .......... .......... 16% 4.32M 21m17s
#17 422.5 1141250K .......... .......... .......... .......... .......... 16% 33.9M 21m17s
#17 422.5 1141300K .......... .......... .......... .......... .......... 16% 63.2M 21m17s
#17 422.5 1141350K .......... .......... .......... .......... .......... 16% 5.63M 21m17s
#17 422.5 1141400K .......... .......... .......... .......... .......... 16% 8.71M 21m17s
#17 422.5 1141450K .......... .......... .......... .......... .......... 16% 28.9M 21m17s
#17 422.5 1141500K .......... .......... .......... .......... .......... 16% 2.40M 21m17s
#17 422.5 1141550K .......... .......... .......... .......... .......... 16% 16.8M 21m17s
#17 422.5 1141600K .......... .......... .......... .......... .......... 16% 97.0M 21m17s
#17 422.5 1141650K .......... .......... .......... .......... .......... 16% 8.88M 21m17s
#17 422.5 1141700K .......... .......... .......... .......... .......... 16% 4.59M 21m17s
#17 422.5 1141750K .......... .......... .......... .......... .......... 16% 70.1M 21m17s
#17 422.5 1141800K .......... .......... .......... .......... .......... 16% 97.2M 21m17s
#17 422.5 1141850K .......... .......... .......... .......... .......... 16% 13.6M 21m17s
#17 422.5 1141900K .......... .......... .......... .......... .......... 16% 5.91M 21m17s
#17 422.5 1141950K .......... .......... .......... .......... .......... 16% 5.69M 21m17s
#17 422.6 1142000K .......... .......... .......... .......... .......... 16% 4.08M 21m17s
#17 422.6 1142050K .......... .......... .......... .......... .......... 16% 12.4M 21m17s
#17 422.6 1142100K .......... .......... .......... .......... .......... 16% 16.7M 21m17s
#17 422.6 1142150K .......... .......... .......... .......... .......... 16% 4.52M 21m17s
#17 422.6 1142200K .......... .......... .......... .......... .......... 16% 4.32M 21m17s
#17 422.6 1142250K .......... .......... .......... .......... .......... 16% 4.54M 21m17s
#17 422.6 1142300K .......... .......... .......... .......... .......... 16% 11.2M 21m17s
#17 422.6 1142350K .......... .......... .......... .......... .......... 16% 19.6M 21m17s
#17 422.6 1142400K .......... .......... .......... .......... .......... 16% 5.47M 21m17s
#17 422.6 1142450K .......... .......... .......... .......... .......... 16% 6.20M 21m17s
#17 422.6 1142500K .......... .......... .......... .......... .......... 16% 66.0M 21m16s
#17 422.6 1142550K .......... .......... .......... .......... .......... 16% 5.60M 21m16s
#17 422.6 1142600K .......... .......... .......... .......... .......... 16% 13.3M 21m16s
#17 422.6 1142650K .......... .......... .......... .......... .......... 16% 4.23M 21m16s
#17 422.6 1142700K .......... .......... .......... .......... .......... 16% 11.7M 21m16s
#17 422.7 1142750K .......... .......... .......... .......... .......... 16% 4.54M 21m16s
#17 422.7 1142800K .......... .......... .......... .......... .......... 16% 31.0M 21m16s
#17 422.7 1142850K .......... .......... .......... .......... .......... 16% 16.7M 21m16s
#17 422.7 1142900K .......... .......... .......... .......... .......... 16% 3.78M 21m16s
#17 422.7 1142950K .......... .......... .......... .......... .......... 16% 28.6M 21m16s
#17 422.7 1143000K .......... .......... .......... .......... .......... 16% 43.4M 21m16s
#17 422.7 1143050K .......... .......... .......... .......... .......... 16% 16.7M 21m16s
#17 422.7 1143100K .......... .......... .......... .......... .......... 16% 59.7M 21m16s
#17 422.7 1143150K .......... .......... .......... .......... .......... 16% 9.16M 21m16s
#17 422.7 1143200K .......... .......... .......... .......... .......... 16% 4.65M 21m16s
#17 422.7 1143250K .......... .......... .......... .......... .......... 16% 22.2M 21m16s
#17 422.7 1143300K .......... .......... .......... .......... .......... 16% 5.55M 21m16s
#17 422.7 1143350K .......... .......... .......... .......... .......... 16% 30.4M 21m16s
#17 422.7 1143400K .......... .......... .......... .......... .......... 16% 17.9M 21m16s
#17 422.7 1143450K .......... .......... .......... .......... .......... 16% 13.6M 21m16s
#17 422.7 1143500K .......... .......... .......... .......... .......... 16% 14.1M 21m16s
#17 422.7 1143550K .......... .......... .......... .......... .......... 16% 4.90M 21m16s
#17 422.7 1143600K .......... .......... .......... .......... .......... 16% 4.75M 21m16s
#17 422.8 1143650K .......... .......... .......... .......... .......... 16% 9.67M 21m16s
#17 422.8 1143700K .......... .......... .......... .......... .......... 16% 18.4M 21m15s
#17 422.8 1143750K .......... .......... .......... .......... .......... 16% 14.5M 21m15s
#17 422.8 1143800K .......... .......... .......... .......... .......... 16% 6.50M 21m15s
#17 422.8 1143850K .......... .......... .......... .......... .......... 16% 7.59M 21m15s
#17 422.8 1143900K .......... .......... .......... .......... .......... 16% 3.42M 21m15s
#17 422.8 1143950K .......... .......... .......... .......... .......... 16% 11.3M 21m15s
#17 422.8 1144000K .......... .......... .......... .......... .......... 16% 70.5M 21m15s
#17 422.8 1144050K .......... .......... .......... .......... .......... 16% 26.8M 21m15s
#17 422.8 1144100K .......... .......... .......... .......... .......... 16% 2.95M 21m15s
#17 422.8 1144150K .......... .......... .......... .......... .......... 16% 44.3M 21m15s
#17 422.8 1144200K .......... .......... .......... .......... .......... 16% 1.69M 21m15s
#17 422.8 1144250K .......... .......... .......... .......... .......... 16% 60.8M 21m15s
#17 422.8 1144300K .......... .......... .......... .......... .......... 16% 8.67M 21m15s
#17 422.8 1144350K .......... .......... .......... .......... .......... 16% 25.7M 21m15s
#17 422.8 1144400K .......... .......... .......... .......... .......... 16% 3.88M 21m15s
#17 422.9 1144450K .......... .......... .......... .......... .......... 16% 53.0M 21m15s
#17 422.9 1144500K .......... .......... .......... .......... .......... 16% 9.42M 21m15s
#17 422.9 1144550K .......... .......... .......... .......... .......... 16% 3.28M 21m15s
#17 422.9 1144600K .......... .......... .......... .......... .......... 16% 3.75M 21m15s
#17 422.9 1144650K .......... .......... .......... .......... .......... 16% 2.91M 21m15s
#17 422.9 1144700K .......... .......... .......... .......... .......... 16% 11.5M 21m15s
#17 422.9 1144750K .......... .......... .......... .......... .......... 16% 10.8M 21m15s
#17 422.9 1144800K .......... .......... .......... .......... .......... 16% 2.32M 21m15s
#17 422.9 1144850K .......... .......... .......... .......... .......... 16% 6.66M 21m15s
#17 422.9 1144900K .......... .......... .......... .......... .......... 16% 2.03M 21m15s
#17 423.0 1144950K .......... .......... .......... .......... .......... 16% 2.94M 21m15s
#17 423.0 1145000K .......... .......... .......... .......... .......... 16% 10.8M 21m15s
#17 423.0 1145050K .......... .......... .......... .......... .......... 16% 3.99M 21m15s
#17 423.0 1145100K .......... .......... .......... .......... .......... 16% 4.75M 21m15s
#17 423.0 1145150K .......... .......... .......... .......... .......... 16% 3.95M 21m15s
#17 423.0 1145200K .......... .......... .......... .......... .......... 16% 16.0M 21m15s
#17 423.0 1145250K .......... .......... .......... .......... .......... 16% 4.69M 21m15s
#17 423.0 1145300K .......... .......... .......... .......... .......... 16% 2.76M 21m15s
#17 423.1 1145350K .......... .......... .......... .......... .......... 16% 38.8M 21m15s
#17 423.1 1145400K .......... .......... .......... .......... .......... 16% 3.88M 21m15s
#17 423.1 1145450K .......... .......... .......... .......... .......... 16% 2.64M 21m15s
#17 423.1 1145500K .......... .......... .......... .......... .......... 16% 1.90M 21m15s
#17 423.1 1145550K .......... .......... .......... .......... .......... 16% 3.57M 21m15s
#17 423.1 1145600K .......... .......... .......... .......... .......... 16% 3.94M 21m15s
#17 423.1 1145650K .......... .......... .......... .......... .......... 16% 3.00M 21m15s
#17 423.2 1145700K .......... .......... .......... .......... .......... 16% 3.83M 21m15s
#17 423.2 1145750K .......... .......... .......... .......... .......... 16% 2.78M 21m15s
#17 423.2 1145800K .......... .......... .......... .......... .......... 16% 2.47M 21m15s
#17 423.2 1145850K .......... .......... .......... .......... .......... 16% 2.07M 21m15s
#17 423.2 1145900K .......... .......... .......... .......... .......... 16% 3.26M 21m15s
#17 423.2 1145950K .......... .......... .......... .......... .......... 16% 2.81M 21m15s
#17 423.3 1146000K .......... .......... .......... .......... .......... 16% 3.70M 21m15s
#17 423.3 1146050K .......... .......... .......... .......... .......... 16% 2.16M 21m15s
#17 423.3 1146100K .......... .......... .......... .......... .......... 16% 2.33M 21m15s
#17 423.3 1146150K .......... .......... .......... .......... .......... 16% 3.42M 21m15s
#17 423.3 1146200K .......... .......... .......... .......... .......... 16% 2.13M 21m15s
#17 423.4 1146250K .......... .......... .......... .......... .......... 16% 3.71M 21m15s
#17 423.4 1146300K .......... .......... .......... .......... .......... 16% 2.43M 21m15s
#17 423.4 1146350K .......... .......... .......... .......... .......... 16% 2.47M 21m15s
#17 423.4 1146400K .......... .......... .......... .......... .......... 16% 2.55M 21m15s
#17 423.4 1146450K .......... .......... .......... .......... .......... 16% 2.97M 21m15s
#17 423.4 1146500K .......... .......... .......... .......... .......... 16% 3.02M 21m15s
#17 423.5 1146550K .......... .......... .......... .......... .......... 16% 3.89M 21m15s
#17 423.5 1146600K .......... .......... .......... .......... .......... 16% 2.26M 21m15s
#17 423.5 1146650K .......... .......... .......... .......... .......... 16% 2.71M 21m15s
#17 423.5 1146700K .......... .......... .......... .......... .......... 16% 2.42M 21m15s
#17 423.5 1146750K .......... .......... .......... .......... .......... 16% 3.48M 21m15s
#17 423.5 1146800K .......... .......... .......... .......... .......... 16% 3.11M 21m15s
#17 423.6 1146850K .......... .......... .......... .......... .......... 16% 1.71M 21m15s
#17 423.6 1146900K .......... .......... .......... .......... .......... 16% 3.35M 21m15s
#17 423.6 1146950K .......... .......... .......... .......... .......... 16% 3.59M 21m15s
#17 423.6 1147000K .......... .......... .......... .......... .......... 16% 3.21M 21m15s
#17 423.6 1147050K .......... .......... .......... .......... .......... 16% 3.47M 21m15s
#17 423.7 1147100K .......... .......... .......... .......... .......... 16% 2.62M 21m15s
#17 423.7 1147150K .......... .......... .......... .......... .......... 16% 3.30M 21m15s
#17 423.7 1147200K .......... .......... .......... .......... .......... 16% 2.57M 21m15s
#17 423.7 1147250K .......... .......... .......... .......... .......... 16% 2.65M 21m15s
#17 423.7 1147300K .......... .......... .......... .......... .......... 16% 3.64M 21m15s
#17 423.7 1147350K .......... .......... .......... .......... .......... 16% 2.72M 21m16s
#17 423.8 1147400K .......... .......... .......... .......... .......... 16% 2.32M 21m16s
#17 423.8 1147450K .......... .......... .......... .......... .......... 16% 3.04M 21m16s
#17 423.8 1147500K .......... .......... .......... .......... .......... 16% 2.31M 21m16s
#17 423.8 1147550K .......... .......... .......... .......... .......... 16% 3.15M 21m16s
#17 423.8 1147600K .......... .......... .......... .......... .......... 16% 1.82M 21m16s
#17 423.9 1147650K .......... .......... .......... .......... .......... 16% 3.50M 21m16s
#17 423.9 1147700K .......... .......... .......... .......... .......... 16% 2.16M 21m16s
#17 423.9 1147750K .......... .......... .......... .......... .......... 16% 4.50M 21m16s
#17 423.9 1147800K .......... .......... .......... .......... .......... 16% 2.66M 21m16s
#17 423.9 1147850K .......... .......... .......... .......... .......... 16% 2.50M 21m16s
#17 423.9 1147900K .......... .......... .......... .......... .......... 16% 3.37M 21m16s
#17 424.0 1147950K .......... .......... .......... .......... .......... 16% 2.19M 21m16s
#17 424.0 1148000K .......... .......... .......... .......... .......... 16% 3.15M 21m16s
#17 424.0 1148050K .......... .......... .......... .......... .......... 16% 1.64M 21m16s
#17 424.0 1148100K .......... .......... .......... .......... .......... 16% 3.28M 21m16s
#17 424.0 1148150K .......... .......... .......... .......... .......... 16% 3.23M 21m16s
#17 424.1 1148200K .......... .......... .......... .......... .......... 16% 2.90M 21m16s
#17 424.1 1148250K .......... .......... .......... .......... .......... 16% 1.95M 21m16s
#17 424.1 1148300K .......... .......... .......... .......... .......... 16% 3.13M 21m16s
#17 424.1 1148350K .......... .......... .......... .......... .......... 16% 3.40M 21m16s
#17 424.1 1148400K .......... .......... .......... .......... .......... 16% 2.32M 21m16s
#17 424.1 1148450K .......... .......... .......... .......... .......... 16% 3.36M 21m16s
#17 424.2 1148500K .......... .......... .......... .......... .......... 16% 3.03M 21m16s
#17 424.2 1148550K .......... .......... .......... .......... .......... 16% 2.88M 21m16s
#17 424.2 1148600K .......... .......... .......... .......... .......... 16% 3.05M 21m16s
#17 424.2 1148650K .......... .......... .......... .......... .......... 16% 3.35M 21m16s
#17 424.2 1148700K .......... .......... .......... .......... .......... 16% 2.09M 21m16s
#17 424.2 1148750K .......... .......... .......... .......... .......... 16% 2.09M 21m16s
#17 424.3 1148800K .......... .......... .......... .......... .......... 16% 1.93M 21m16s
#17 424.3 1148850K .......... .......... .......... .......... .......... 16% 1.72M 21m16s
#17 424.3 1148900K .......... .......... .......... .......... .......... 16% 3.53M 21m16s
#17 424.3 1148950K .......... .......... .......... .......... .......... 16% 3.59M 21m16s
#17 424.4 1149000K .......... .......... .......... .......... .......... 16% 2.77M 21m16s
#17 424.4 1149050K .......... .......... .......... .......... .......... 16% 2.54M 21m16s
#17 424.4 1149100K .......... .......... .......... .......... .......... 16% 3.16M 21m16s
#17 424.4 1149150K .......... .......... .......... .......... .......... 16% 2.67M 21m16s
#17 424.4 1149200K .......... .......... .......... .......... .......... 16% 1.97M 21m16s
#17 424.4 1149250K .......... .......... .......... .......... .......... 16% 2.50M 21m16s
#17 424.5 1149300K .......... .......... .......... .......... .......... 16% 2.83M 21m16s
#17 424.5 1149350K .......... .......... .......... .......... .......... 16% 2.70M 21m16s
#17 424.5 1149400K .......... .......... .......... .......... .......... 16% 2.87M 21m17s
#17 424.5 1149450K .......... .......... .......... .......... .......... 16% 1.61M 21m17s
#17 424.5 1149500K .......... .......... .......... .......... .......... 16% 3.28M 21m17s
#17 424.6 1149550K .......... .......... .......... .......... .......... 16% 3.06M 21m17s
#17 424.6 1149600K .......... .......... .......... .......... .......... 16% 2.42M 21m17s
#17 424.6 1149650K .......... .......... .......... .......... .......... 16% 2.93M 21m17s
#17 424.6 1149700K .......... .......... .......... .......... .......... 16% 2.16M 21m17s
#17 424.6 1149750K .......... .......... .......... .......... .......... 16% 1.89M 21m17s
#17 424.7 1149800K .......... .......... .......... .......... .......... 16% 3.33M 21m17s
#17 424.7 1149850K .......... .......... .......... .......... .......... 16% 3.09M 21m17s
#17 424.7 1149900K .......... .......... .......... .......... .......... 16% 2.73M 21m17s
#17 424.7 1149950K .......... .......... .......... .......... .......... 16% 2.29M 21m17s
#17 424.7 1150000K .......... .......... .......... .......... .......... 16% 2.09M 21m17s
#17 424.8 1150050K .......... .......... .......... .......... .......... 16% 3.12M 21m17s
#17 424.8 1150100K .......... .......... .......... .......... .......... 16% 2.19M 21m17s
#17 424.8 1150150K .......... .......... .......... .......... .......... 16% 3.27M 21m17s
#17 424.8 1150200K .......... .......... .......... .......... .......... 16% 2.67M 21m17s
#17 424.8 1150250K .......... .......... .......... .......... .......... 16% 2.17M 21m17s
#17 424.9 1150300K .......... .......... .......... .......... .......... 16% 2.00M 21m17s
#17 424.9 1150350K .......... .......... .......... .......... .......... 16% 3.25M 21m17s
#17 424.9 1150400K .......... .......... .......... .......... .......... 16% 2.92M 21m17s
#17 424.9 1150450K .......... .......... .......... .......... .......... 16% 2.89M 21m17s
#17 424.9 1150500K .......... .......... .......... .......... .......... 16% 2.62M 21m17s
#17 424.9 1150550K .......... .......... .......... .......... .......... 16% 3.61M 21m17s
#17 425.0 1150600K .......... .......... .......... .......... .......... 16% 2.41M 21m17s
#17 425.0 1150650K .......... .......... .......... .......... .......... 16% 2.59M 21m17s
#17 425.0 1150700K .......... .......... .......... .......... .......... 16% 1.92M 21m17s
#17 425.0 1150750K .......... .......... .......... .......... .......... 16% 2.33M 21m17s
#17 425.0 1150800K .......... .......... .......... .......... .......... 16% 2.95M 21m17s
#17 425.1 1150850K .......... .......... .......... .......... .......... 16% 1.85M 21m17s
#17 425.1 1150900K .......... .......... .......... .......... .......... 16% 3.58M 21m17s
#17 425.1 1150950K .......... .......... .......... .......... .......... 16% 2.46M 21m17s
#17 425.1 1151000K .......... .......... .......... .......... .......... 16% 3.13M 21m17s
#17 425.1 1151050K .......... .......... .......... .......... .......... 16% 3.21M 21m17s
#17 425.1 1151100K .......... .......... .......... .......... .......... 16% 3.07M 21m17s
#17 425.2 1151150K .......... .......... .......... .......... .......... 16% 3.06M 21m17s
#17 425.2 1151200K .......... .......... .......... .......... .......... 16% 2.17M 21m17s
#17 425.2 1151250K .......... .......... .......... .......... .......... 16% 2.19M 21m17s
#17 425.2 1151300K .......... .......... .......... .......... .......... 16% 3.08M 21m18s
#17 425.2 1151350K .......... .......... .......... .......... .......... 16% 2.84M 21m18s
#17 425.3 1151400K .......... .......... .......... .......... .......... 16% 3.05M 21m18s
#17 425.3 1151450K .......... .......... .......... .......... .......... 16% 2.30M 21m18s
#17 425.3 1151500K .......... .......... .......... .......... .......... 16% 2.91M 21m18s
#17 425.3 1151550K .......... .......... .......... .......... .......... 16% 3.97M 21m18s
#17 425.3 1151600K .......... .......... .......... .......... .......... 16% 2.25M 21m18s
#17 425.3 1151650K .......... .......... .......... .......... .......... 16% 2.66M 21m18s
#17 425.4 1151700K .......... .......... .......... .......... .......... 16% 2.96M 21m18s
#17 425.4 1151750K .......... .......... .......... .......... .......... 16% 3.00M 21m18s
#17 425.4 1151800K .......... .......... .......... .......... .......... 17% 2.72M 21m18s
#17 425.4 1151850K .......... .......... .......... .......... .......... 17% 4.10M 21m18s
#17 425.4 1151900K .......... .......... .......... .......... .......... 17% 2.75M 21m18s
#17 425.4 1151950K .......... .......... .......... .......... .......... 17% 3.51M 21m18s
#17 425.5 1152000K .......... .......... .......... .......... .......... 17% 2.21M 21m18s
#17 425.5 1152050K .......... .......... .......... .......... .......... 17% 2.99M 21m18s
#17 425.5 1152100K .......... .......... .......... .......... .......... 17% 3.34M 21m18s
#17 425.5 1152150K .......... .......... .......... .......... .......... 17% 3.62M 21m18s
#17 425.5 1152200K .......... .......... .......... .......... .......... 17% 2.13M 21m18s
#17 425.5 1152250K .......... .......... .......... .......... .......... 17% 2.70M 21m18s
#17 425.6 1152300K .......... .......... .......... .......... .......... 17% 2.57M 21m18s
#17 425.6 1152350K .......... .......... .......... .......... .......... 17% 2.83M 21m18s
#17 425.6 1152400K .......... .......... .......... .......... .......... 17% 2.28M 21m18s
#17 425.6 1152450K .......... .......... .......... .......... .......... 17% 3.76M 21m18s
#17 425.6 1152500K .......... .......... .......... .......... .......... 17% 2.20M 21m18s
#17 425.7 1152550K .......... .......... .......... .......... .......... 17% 2.83M 21m18s
#17 425.7 1152600K .......... .......... .......... .......... .......... 17% 2.35M 21m18s
#17 425.7 1152650K .......... .......... .......... .......... .......... 17% 2.79M 21m18s
#17 425.7 1152700K .......... .......... .......... .......... .......... 17% 3.11M 21m18s
#17 425.7 1152750K .......... .......... .......... .......... .......... 17% 2.93M 21m18s
#17 425.7 1152800K .......... .......... .......... .......... .......... 17% 2.16M 21m18s
#17 425.8 1152850K .......... .......... .......... .......... .......... 17% 2.95M 21m18s
#17 425.8 1152900K .......... .......... .......... .......... .......... 17% 3.25M 21m18s
#17 425.8 1152950K .......... .......... .......... .......... .......... 17% 2.36M 21m18s
#17 425.8 1153000K .......... .......... .......... .......... .......... 17% 4.24M 21m18s
#17 425.8 1153050K .......... .......... .......... .......... .......... 17% 3.22M 21m18s
#17 425.8 1153100K .......... .......... .......... .......... .......... 17% 2.27M 21m18s
#17 425.9 1153150K .......... .......... .......... .......... .......... 17% 1.71M 21m18s
#17 425.9 1153200K .......... .......... .......... .......... .......... 17% 2.48M 21m18s
#17 425.9 1153250K .......... .......... .......... .......... .......... 17% 2.56M 21m18s
#17 425.9 1153300K .......... .......... .......... .......... .......... 17% 3.16M 21m18s
#17 426.0 1153350K .......... .......... .......... .......... .......... 17% 3.88M 21m18s
#17 426.0 1153400K .......... .......... .......... .......... .......... 17% 2.95M 21m18s
#17 426.0 1153450K .......... .......... .......... .......... .......... 17% 2.67M 21m18s
#17 426.0 1153500K .......... .......... .......... .......... .......... 17% 3.71M 21m18s
#17 426.0 1153550K .......... .......... .......... .......... .......... 17% 3.31M 21m18s
#17 426.0 1153600K .......... .......... .......... .......... .......... 17% 2.15M 21m18s
#17 426.1 1153650K .......... .......... .......... .......... .......... 17% 2.88M 21m18s
#17 426.1 1153700K .......... .......... .......... .......... .......... 17% 3.03M 21m18s
#17 426.1 1153750K .......... .......... .......... .......... .......... 17% 4.14M 21m18s
#17 426.1 1153800K .......... .......... .......... .......... .......... 17% 2.93M 21m18s
#17 426.1 1153850K .......... .......... .......... .......... .......... 17% 2.03M 21m18s
#17 426.1 1153900K .......... .......... .......... .......... .......... 17% 3.28M 21m18s
#17 426.2 1153950K .......... .......... .......... .......... .......... 17% 2.23M 21m19s
#17 426.2 1154000K .......... .......... .......... .......... .......... 17% 1.68M 21m19s
#17 426.2 1154050K .......... .......... .......... .......... .......... 17% 3.24M 21m19s
#17 426.2 1154100K .......... .......... .......... .......... .......... 17% 1.64M 21m19s
#17 426.2 1154150K .......... .......... .......... .......... .......... 17% 2.75M 21m19s
#17 426.3 1154200K .......... .......... .......... .......... .......... 17% 3.02M 21m19s
#17 426.3 1154250K .......... .......... .......... .......... .......... 17% 3.91M 21m19s
#17 426.3 1154300K .......... .......... .......... .......... .......... 17% 2.21M 21m19s
#17 426.3 1154350K .......... .......... .......... .......... .......... 17% 2.68M 21m19s
#17 426.3 1154400K .......... .......... .......... .......... .......... 17% 3.26M 21m19s
#17 426.3 1154450K .......... .......... .......... .......... .......... 17% 2.82M 21m19s
#17 426.4 1154500K .......... .......... .......... .......... .......... 17% 2.35M 21m19s
#17 426.4 1154550K .......... .......... .......... .......... .......... 17% 2.00M 21m19s
#17 426.4 1154600K .......... .......... .......... .......... .......... 17% 1.90M 21m19s
#17 426.4 1154650K .......... .......... .......... .......... .......... 17% 2.07M 21m19s
#17 426.5 1154700K .......... .......... .......... .......... .......... 17% 3.18M 21m19s
#17 426.5 1154750K .......... .......... .......... .......... .......... 17% 2.09M 21m19s
#17 426.5 1154800K .......... .......... .......... .......... .......... 17%  261K 21m20s
#17 426.7 1154850K .......... .......... .......... .......... .......... 17%  457K 21m20s
#17 426.8 1154900K .......... .......... .......... .......... .......... 17% 4.45M 21m20s
#17 426.8 1154950K .......... .......... .......... .......... .......... 17% 2.37M 21m20s
#17 426.8 1155000K .......... .......... .......... .......... .......... 17% 4.70M 21m20s
#17 426.8 1155050K .......... .......... .......... .......... .......... 17% 11.2M 21m20s
#17 426.8 1155100K .......... .......... .......... .......... .......... 17% 3.46M 21m20s
#17 426.9 1155150K .......... .......... .......... .......... .......... 17% 2.75M 21m20s
#17 426.9 1155200K .......... .......... .......... .......... .......... 17% 1.10M 21m20s
#17 426.9 1155250K .......... .......... .......... .......... .......... 17% 2.19M 21m21s
#17 426.9 1155300K .......... .......... .......... .......... .......... 17%  966K 21m21s
#17 427.0 1155350K .......... .......... .......... .......... .......... 17% 4.72M 21m21s
#17 427.0 1155400K .......... .......... .......... .......... .......... 17% 2.44M 21m21s
#17 427.0 1155450K .......... .......... .......... .......... .......... 17% 3.59M 21m21s
#17 427.0 1155500K .......... .......... .......... .......... .......... 17% 3.38M 21m21s
#17 427.1 1155550K .......... .......... .......... .......... .......... 17% 2.69M 21m21s
#17 427.1 1155600K .......... .......... .......... .......... .......... 17% 3.13M 21m21s
#17 427.1 1155650K .......... .......... .......... .......... .......... 17% 3.00M 21m21s
#17 427.1 1155700K .......... .......... .......... .......... .......... 17% 4.11M 21m21s
#17 427.1 1155750K .......... .......... .......... .......... .......... 17% 3.05M 21m21s
#17 427.1 1155800K .......... .......... .......... .......... .......... 17% 2.36M 21m21s
#17 427.2 1155850K .......... .......... .......... .......... .......... 17% 2.61M 21m21s
#17 427.2 1155900K .......... .......... .......... .......... .......... 17% 2.98M 21m21s
#17 427.2 1155950K .......... .......... .......... .......... .......... 17% 3.01M 21m21s
#17 427.2 1156000K .......... .......... .......... .......... .......... 17% 3.68M 21m21s
#17 427.2 1156050K .......... .......... .......... .......... .......... 17% 2.32M 21m21s
#17 427.2 1156100K .......... .......... .......... .......... .......... 17% 2.27M 21m21s
#17 427.3 1156150K .......... .......... .......... .......... .......... 17% 2.19M 21m21s
#17 427.3 1156200K .......... .......... .......... .......... .......... 17% 2.46M 21m21s
#17 427.3 1156250K .......... .......... .......... .......... .......... 17% 2.54M 21m21s
#17 427.3 1156300K .......... .......... .......... .......... .......... 17% 2.50M 21m21s
#17 427.3 1156350K .......... .......... .......... .......... .......... 17% 3.26M 21m21s
#17 427.4 1156400K .......... .......... .......... .......... .......... 17% 3.35M 21m21s
#17 427.4 1156450K .......... .......... .......... .......... .......... 17% 2.50M 21m21s
#17 427.4 1156500K .......... .......... .......... .......... .......... 17% 4.58M 21m21s
#17 427.4 1156550K .......... .......... .......... .......... .......... 17% 3.08M 21m21s
#17 427.4 1156600K .......... .......... .......... .......... .......... 17% 2.22M 21m21s
#17 427.4 1156650K .......... .......... .......... .......... .......... 17% 2.73M 21m21s
#17 427.5 1156700K .......... .......... .......... .......... .......... 17% 3.17M 21m21s
#17 427.5 1156750K .......... .......... .......... .......... .......... 17% 3.59M 21m21s
#17 427.5 1156800K .......... .......... .......... .......... .......... 17% 1.87M 21m21s
#17 427.5 1156850K .......... .......... .......... .......... .......... 17% 1.63M 21m21s
#17 427.5 1156900K .......... .......... .......... .......... .......... 17% 5.71M 21m21s
#17 427.6 1156950K .......... .......... .......... .......... .......... 17% 62.4M 21m21s
#17 427.6 1157000K .......... .......... .......... .......... .......... 17% 2.38M 21m21s
#17 427.6 1157050K .......... .......... .......... .......... .......... 17% 2.75M 21m21s
#17 427.6 1157100K .......... .......... .......... .......... .......... 17% 2.47M 21m21s
#17 427.6 1157150K .......... .......... .......... .......... .......... 17% 2.38M 21m21s
#17 427.6 1157200K .......... .......... .......... .......... .......... 17% 1.88M 21m21s
#17 427.7 1157250K .......... .......... .......... .......... .......... 17% 3.09M 21m21s
#17 427.7 1157300K .......... .......... .......... .......... .......... 17% 5.13M 21m21s
#17 427.7 1157350K .......... .......... .......... .......... .......... 17% 2.22M 21m21s
#17 427.7 1157400K .......... .......... .......... .......... .......... 17% 2.62M 21m21s
#17 427.7 1157450K .......... .......... .......... .......... .......... 17% 2.98M 21m21s
#17 427.7 1157500K .......... .......... .......... .......... .......... 17% 3.12M 21m21s
#17 427.8 1157550K .......... .......... .......... .......... .......... 17% 2.88M 21m21s
#17 427.8 1157600K .......... .......... .......... .......... .......... 17% 2.92M 21m21s
#17 427.8 1157650K .......... .......... .......... .......... .......... 17% 2.21M 21m22s
#17 427.8 1157700K .......... .......... .......... .......... .......... 17% 2.49M 21m22s
#17 427.8 1157750K .......... .......... .......... .......... .......... 17% 3.87M 21m22s
#17 427.8 1157800K .......... .......... .......... .......... .......... 17% 2.09M 21m22s
#17 427.9 1157850K .......... .......... .......... .......... .......... 17% 3.79M 21m22s
#17 427.9 1157900K .......... .......... .......... .......... .......... 17% 2.73M 21m22s
#17 427.9 1157950K .......... .......... .......... .......... .......... 17% 3.47M 21m22s
#17 427.9 1158000K .......... .......... .......... .......... .......... 17% 3.12M 21m22s
#17 427.9 1158050K .......... .......... .......... .......... .......... 17% 2.74M 21m22s
#17 427.9 1158100K .......... .......... .......... .......... .......... 17% 3.23M 21m22s
#17 428.0 1158150K .......... .......... .......... .......... .......... 17% 2.99M 21m22s
#17 428.0 1158200K .......... .......... .......... .......... .......... 17% 2.66M 21m22s
#17 428.0 1158250K .......... .......... .......... .......... .......... 17% 2.82M 21m22s
#17 428.0 1158300K .......... .......... .......... .......... .......... 17% 2.78M 21m22s
#17 428.0 1158350K .......... .......... .......... .......... .......... 17% 3.32M 21m22s
#17 428.0 1158400K .......... .......... .......... .......... .......... 17% 2.39M 21m22s
#17 428.1 1158450K .......... .......... .......... .......... .......... 17% 4.80M 21m22s
#17 428.1 1158500K .......... .......... .......... .......... .......... 17% 2.88M 21m22s
#17 428.1 1158550K .......... .......... .......... .......... .......... 17% 2.50M 21m22s
#17 428.1 1158600K .......... .......... .......... .......... .......... 17% 2.41M 21m22s
#17 428.1 1158650K .......... .......... .......... .......... .......... 17% 2.90M 21m22s
#17 428.1 1158700K .......... .......... .......... .......... .......... 17% 4.22M 21m22s
#17 428.2 1158750K .......... .......... .......... .......... .......... 17% 2.84M 21m22s
#17 428.2 1158800K .......... .......... .......... .......... .......... 17% 3.41M 21m22s
#17 428.2 1158850K .......... .......... .......... .......... .......... 17% 3.16M 21m22s
#17 428.2 1158900K .......... .......... .......... .......... .......... 17% 3.10M 21m22s
#17 428.2 1158950K .......... .......... .......... .......... .......... 17% 3.44M 21m22s
#17 428.2 1159000K .......... .......... .......... .......... .......... 17% 2.54M 21m22s
#17 428.3 1159050K .......... .......... .......... .......... .......... 17% 3.02M 21m22s
#17 428.3 1159100K .......... .......... .......... .......... .......... 17% 3.61M 21m22s
#17 428.3 1159150K .......... .......... .......... .......... .......... 17% 3.04M 21m22s
#17 428.3 1159200K .......... .......... .......... .......... .......... 17% 2.90M 21m22s
#17 428.3 1159250K .......... .......... .......... .......... .......... 17% 3.20M 21m22s
#17 428.3 1159300K .......... .......... .......... .......... .......... 17% 3.26M 21m22s
#17 428.3 1159350K .......... .......... .......... .......... .......... 17% 2.93M 21m22s
#17 428.4 1159400K .......... .......... .......... .......... .......... 17% 2.20M 21m22s
#17 428.4 1159450K .......... .......... .......... .......... .......... 17% 3.24M 21m22s
#17 428.4 1159500K .......... .......... .......... .......... .......... 17% 2.83M 21m22s
#17 428.4 1159550K .......... .......... .......... .......... .......... 17% 3.53M 21m22s
#17 428.4 1159600K .......... .......... .......... .......... .......... 17% 2.63M 21m22s
#17 428.5 1159650K .......... .......... .......... .......... .......... 17% 2.43M 21m22s
#17 428.5 1159700K .......... .......... .......... .......... .......... 17% 3.00M 21m22s
#17 428.5 1159750K .......... .......... .......... .......... .......... 17% 2.63M 21m22s
#17 428.5 1159800K .......... .......... .......... .......... .......... 17% 2.20M 21m22s
#17 428.5 1159850K .......... .......... .......... .......... .......... 17% 3.51M 21m22s
#17 428.5 1159900K .......... .......... .......... .......... .......... 17% 2.53M 21m22s
#17 428.6 1159950K .......... .......... .......... .......... .......... 17% 3.89M 21m22s
#17 428.6 1160000K .......... .......... .......... .......... .......... 17% 2.62M 21m22s
#17 428.6 1160050K .......... .......... .......... .......... .......... 17% 3.65M 21m22s
#17 428.6 1160100K .......... .......... .......... .......... .......... 17% 2.15M 21m22s
#17 428.6 1160150K .......... .......... .......... .......... .......... 17% 2.84M 21m22s
#17 428.6 1160200K .......... .......... .......... .......... .......... 17% 3.44M 21m22s
#17 428.7 1160250K .......... .......... .......... .......... .......... 17% 2.64M 21m22s
#17 428.7 1160300K .......... .......... .......... .......... .......... 17% 2.78M 21m22s
#17 428.7 1160350K .......... .......... .......... .......... .......... 17% 4.45M 21m22s
#17 428.7 1160400K .......... .......... .......... .......... .......... 17% 3.16M 21m22s
#17 428.7 1160450K .......... .......... .......... .......... .......... 17% 2.90M 21m22s
#17 428.7 1160500K .......... .......... .......... .......... .......... 17% 3.84M 21m22s
#17 428.8 1160550K .......... .......... .......... .......... .......... 17% 2.89M 21m22s
#17 428.8 1160600K .......... .......... .......... .......... .......... 17% 2.42M 21m22s
#17 428.8 1160650K .......... .......... .......... .......... .......... 17% 3.35M 21m22s
#17 428.8 1160700K .......... .......... .......... .......... .......... 17% 2.99M 21m22s
#17 428.8 1160750K .......... .......... .......... .......... .......... 17% 3.28M 21m22s
#17 428.8 1160800K .......... .......... .......... .......... .......... 17% 3.07M 21m22s
#17 428.9 1160850K .......... .......... .......... .......... .......... 17% 2.93M 21m22s
#17 428.9 1160900K .......... .......... .......... .......... .......... 17% 3.40M 21m22s
#17 428.9 1160950K .......... .......... .......... .......... .......... 17% 2.76M 21m22s
#17 428.9 1161000K .......... .......... .......... .......... .......... 17% 1.97M 21m22s
#17 428.9 1161050K .......... .......... .......... .......... .......... 17% 2.95M 21m22s
#17 428.9 1161100K .......... .......... .......... .......... .......... 17% 3.10M 21m22s
#17 429.0 1161150K .......... .......... .......... .......... .......... 17% 3.21M 21m22s
#17 429.0 1161200K .......... .......... .......... .......... .......... 17% 2.82M 21m23s
#17 429.0 1161250K .......... .......... .......... .......... .......... 17% 3.22M 21m23s
#17 429.0 1161300K .......... .......... .......... .......... .......... 17% 3.52M 21m23s
#17 429.0 1161350K .......... .......... .......... .......... .......... 17% 2.04M 21m23s
#17 429.0 1161400K .......... .......... .......... .......... .......... 17% 1.84M 21m23s
#17 429.1 1161450K .......... .......... .......... .......... .......... 17% 2.76M 21m23s
#17 429.1 1161500K .......... .......... .......... .......... .......... 17% 2.07M 21m23s
#17 429.1 1161550K .......... .......... .......... .......... .......... 17% 1.93M 21m23s
#17 429.1 1161600K .......... .......... .......... .......... .......... 17% 3.02M 21m23s
#17 429.2 1161650K .......... .......... .......... .......... .......... 17% 3.25M 21m23s
#17 429.2 1161700K .......... .......... .......... .......... .......... 17% 3.42M 21m23s
#17 429.2 1161750K .......... .......... .......... .......... .......... 17% 2.97M 21m23s
#17 429.2 1161800K .......... .......... .......... .......... .......... 17% 2.00M 21m23s
#17 429.2 1161850K .......... .......... .......... .......... .......... 17% 2.31M 21m23s
#17 429.2 1161900K .......... .......... .......... .......... .......... 17% 3.64M 21m23s
#17 429.3 1161950K .......... .......... .......... .......... .......... 17% 3.05M 21m23s
#17 429.3 1162000K .......... .......... .......... .......... .......... 17% 3.23M 21m23s
#17 429.3 1162050K .......... .......... .......... .......... .......... 17% 3.32M 21m23s
#17 429.3 1162100K .......... .......... .......... .......... .......... 17% 3.16M 21m23s
#17 429.3 1162150K .......... .......... .......... .......... .......... 17% 1.92M 21m23s
#17 429.3 1162200K .......... .......... .......... .......... .......... 17% 1.95M 21m23s
#17 429.4 1162250K .......... .......... .......... .......... .......... 17% 2.19M 21m23s
#17 429.4 1162300K .......... .......... .......... .......... .......... 17% 3.24M 21m23s
#17 429.4 1162350K .......... .......... .......... .......... .......... 17% 2.04M 21m23s
#17 429.4 1162400K .......... .......... .......... .......... .......... 17% 1.94M 21m23s
#17 429.5 1162450K .......... .......... .......... .......... .......... 17% 4.45M 21m23s
#17 429.5 1162500K .......... .......... .......... .......... .......... 17% 3.47M 21m23s
#17 429.5 1162550K .......... .......... .......... .......... .......... 17% 2.80M 21m23s
#17 429.5 1162600K .......... .......... .......... .......... .......... 17% 1.60M 21m23s
#17 429.5 1162650K .......... .......... .......... .......... .......... 17% 3.58M 21m23s
#17 429.5 1162700K .......... .......... .......... .......... .......... 17% 2.94M 21m23s
#17 429.6 1162750K .......... .......... .......... .......... .......... 17% 2.94M 21m23s
#17 429.6 1162800K .......... .......... .......... .......... .......... 17% 3.01M 21m23s
#17 429.6 1162850K .......... .......... .......... .......... .......... 17% 2.18M 21m23s
#17 429.6 1162900K .......... .......... .......... .......... .......... 17% 3.23M 21m23s
#17 429.6 1162950K .......... .......... .......... .......... .......... 17% 3.32M 21m23s
#17 429.6 1163000K .......... .......... .......... .......... .......... 17% 2.29M 21m23s
#17 429.7 1163050K .......... .......... .......... .......... .......... 17% 2.06M 21m23s
#17 429.7 1163100K .......... .......... .......... .......... .......... 17% 2.53M 21m23s
#17 429.7 1163150K .......... .......... .......... .......... .......... 17% 3.22M 21m23s
#17 429.7 1163200K .......... .......... .......... .......... .......... 17% 2.81M 21m23s
#17 429.7 1163250K .......... .......... .......... .......... .......... 17% 2.34M 21m24s
#17 429.8 1163300K .......... .......... .......... .......... .......... 17% 3.36M 21m24s
#17 429.8 1163350K .......... .......... .......... .......... .......... 17% 3.73M 21m24s
#17 429.8 1163400K .......... .......
#17 CANCELED
ERROR: failed to solve: Canceled: context canceled
